[INFO] [1786989764.626547956] [fsm_executor]: Loading mission: /home/bishal/ros2_ws/install/mission_formalism_evaluation/share/mission_formalism_evaluation/missions/mission_2.yaml
[INFO] [1786989764.633336478] [fsm_executor]: Mission ID: M2
[INFO] [1786989764.633855201] [fsm_executor]: Mission Name: Branch and Return
[INFO] [1786989764.634549821] [fsm_executor]: Mission Items: 13
[INFO] [1786989764.635053115] [fsm_executor]: FSM States: 22
[INFO] [1786989764.635555240] [fsm_executor]: FSM Transitions: 86
[INFO] [1786989764.636025810] [fsm_executor]: TRANSITION: IDLE --[START]--> TAKEOFF_0
[INFO] [1786989764.636469211] [fsm_executor]: STATE: TAKEOFF_0 | ACTION: TAKEOFF
[INFO] [1786989765.639819909] [fsm_executor]: EVENT: TASK_COMPLETED in TAKEOFF_0
[INFO] [1786989765.641266013] [fsm_executor]: TRANSITION: TAKEOFF_0 --[TASK_COMPLETED]--> NAV_1_WP1
[INFO] [1786989765.642776947] [fsm_executor]: STATE: NAV_1_WP1 | ACTION: NAVIGATE -> WP1
[INFO] [1786989766.638853902] [fsm_executor]: EVENT: TASK_COMPLETED in NAV_1_WP1
[INFO] [1786989766.643823099] [fsm_executor]: TRANSITION: NAV_1_WP1 --[TASK_COMPLETED]--> NAV_2_WP2
[INFO] [1786989766.646454335] [fsm_executor]: STATE: NAV_2_WP2 | ACTION: NAVIGATE -> WP2
[INFO] [1786989767.636939462] [fsm_executor]: EVENT: TASK_COMPLETED in NAV_2_WP2
[INFO] [1786989767.637424043] [fsm_executor]: TRANSITION: NAV_2_WP2 --[TASK_COMPLETED]--> NAV_3_WP1
[INFO] [1786989767.638110112] [fsm_executor]: STATE: NAV_3_WP1 | ACTION: NAVIGATE -> WP1
[INFO] [1786989768.640256856] [fsm_executor]: EVENT: TASK_COMPLETED in NAV_3_WP1
[INFO] [1786989768.642518704] [fsm_executor]: TRANSITION: NAV_3_WP1 --[TASK_COMPLETED]--> NAV_4_WP3
[INFO] [1786989768.643947989] [fsm_executor]: STATE: NAV_4_WP3 | ACTION: NAVIGATE -> WP3
[INFO] [1786989769.637701525] [fsm_executor]: EVENT: TASK_COMPLETED in NAV_4_WP3
[INFO] [1786989769.639310173] [fsm_executor]: TRANSITION: NAV_4_WP3 --[TASK_COMPLETED]--> NAV_5_WP1
[INFO] [1786989769.643103912] [fsm_executor]: STATE: NAV_5_WP1 | ACTION: NAVIGATE -> WP1
[INFO] [1786989770.641252061] [fsm_executor]: EVENT: TASK_COMPLETED in NAV_5_WP1
[INFO] [1786989770.645740576] [fsm_executor]: TRANSITION: NAV_5_WP1 --[TASK_COMPLETED]--> NAV_6_WP4
[INFO] [1786989770.650262724] [fsm_executor]: STATE: NAV_6_WP4 | ACTION: NAVIGATE -> WP4
[WARN] [1786989770.664676708] [fsm_executor]: RUNTIME EVENT RECEIVED: WIND_UNSAFE
[INFO] [1786989770.670429083] [fsm_executor]: TRANSITION: NAV_6_WP4 --[WIND_UNSAFE]--> WIND_ABORT
[INFO] [1786989770.673559881] [fsm_executor]: STATE: WIND_ABORT | ACTION: ABORT_MISSION
[INFO] [1786989771.637861713] [fsm_executor]: EVENT: WIND_ABORT_COMPLETED in WIND_ABORT
[INFO] [1786989771.639858188] [fsm_executor]: TRANSITION: WIND_ABORT --[WIND_ABORT_COMPLETED]--> LAND
[INFO] [1786989771.641693547] [fsm_executor]: STATE: LAND | ACTION: LAND
[INFO] [1786989772.637265041] [fsm_executor]: EVENT: LAND_COMPLETED in LAND
[INFO] [1786989772.638208966] [fsm_executor]: TRANSITION: LAND --[LAND_COMPLETED]--> SAFE_TERMINATED
[INFO] [1786989772.638774500] [fsm_executor]: STATE: SAFE_TERMINATED
[WARN] [1786989772.639880065] [fsm_executor]: FSM mission terminated safely.
[WARN] [1786989772.641136836] [fsm_executor]: Reason: WIND_UNSAFE
