[INFO] [1788011550.842065936] [htn_executor]: Loading mission: /home/bishal/ros2_ws/install/mission_formalism_evaluation/share/mission_formalism_evaluation/missions/mission_4.yaml
[INFO] [1788011551.392269058] [htn_executor]: ================================
[INFO] [1788011551.393151051] [htn_executor]: HTN Mission Executor
[INFO] [1788011551.394124271] [htn_executor]: Mode: FINAL_SCENARIO_CAPABLE
[INFO] [1788011551.394722372] [htn_executor]: Model: Totally Ordered State-Based HTN
[INFO] [1788011551.395409743] [htn_executor]: Mission ID: M4
[INFO] [1788011551.396367917] [htn_executor]: Mission Name: Zigzag and Return
[INFO] [1788011551.397504697] [htn_executor]: Mission Items: 201
[INFO] [1788011551.398371129] [htn_executor]: HTN Primitive Operators: 12
[INFO] [1788011551.399130790] [htn_executor]: HTN Compound Tasks: 4
[INFO] [1788011551.400090407] [htn_executor]: HTN Methods: 16
[INFO] [1788011551.401521970] [htn_executor]: Mission Method Applications: 203
[INFO] [1788011551.402596979] [htn_executor]: Generated Primitive Plan: 201
[INFO] [1788011551.403388847] [htn_executor]: ================================
[INFO] [1788011551.424407550] [htn_executor]: HTN PRIMITIVE RUNNING: takeoff
[INFO] [1788011551.627759213] [htn_executor]: HTN PRIMITIVE SUCCESS: takeoff
[INFO] [1788011551.645582669] [htn_executor]: HTN PRIMITIVE RUNNING: navigate [WP1]
[INFO] [1788011551.846520813] [htn_executor]: HTN PRIMITIVE SUCCESS: navigate [WP1]
[INFO] [1788011551.865901173] [htn_executor]: HTN PRIMITIVE RUNNING: navigate [WP2]
[INFO] [1788011552.066580407] [htn_executor]: HTN PRIMITIVE SUCCESS: navigate [WP2]
[INFO] [1788011552.086189822] [htn_executor]: HTN PRIMITIVE RUNNING: navigate [WP3]
[INFO] [1788011552.287224722] [htn_executor]: HTN PRIMITIVE SUCCESS: navigate [WP3]
[INFO] [1788011552.305885454] [htn_executor]: HTN PRIMITIVE RUNNING: navigate [WP4]
[INFO] [1788011552.507615560] [htn_executor]: HTN PRIMITIVE SUCCESS: navigate [WP4]
[INFO] [1788011552.524773360] [htn_executor]: HTN PRIMITIVE RUNNING: navigate [WP5]
[INFO] [1788011552.725637084] [htn_executor]: HTN PRIMITIVE SUCCESS: navigate [WP5]
[INFO] [1788011552.744599644] [htn_executor]: HTN PRIMITIVE RUNNING: navigate [WP6]
[INFO] [1788011552.945613043] [htn_executor]: HTN PRIMITIVE SUCCESS: navigate [WP6]
[INFO] [1788011552.965202486] [htn_executor]: HTN PRIMITIVE RUNNING: navigate [WP7]
[INFO] [1788011553.164832264] [htn_executor]: HTN PRIMITIVE SUCCESS: navigate [WP7]
[INFO] [1788011553.184382117] [htn_executor]: HTN PRIMITIVE RUNNING: navigate [WP8]
[INFO] [1788011553.388297013] [htn_executor]: HTN PRIMITIVE SUCCESS: navigate [WP8]
[INFO] [1788011553.407081952] [htn_executor]: HTN PRIMITIVE RUNNING: navigate [WP9]
[INFO] [1788011553.605872957] [htn_executor]: HTN PRIMITIVE SUCCESS: navigate [WP9]
[INFO] [1788011553.625665947] [htn_executor]: HTN PRIMITIVE RUNNING: navigate [WP10]
[INFO] [1788011553.828140310] [htn_executor]: HTN PRIMITIVE SUCCESS: navigate [WP10]
[INFO] [1788011553.845837654] [htn_executor]: HTN PRIMITIVE RUNNING: navigate [WP11]
[INFO] [1788011554.048279987] [htn_executor]: HTN PRIMITIVE SUCCESS: navigate [WP11]
[INFO] [1788011554.065918284] [htn_executor]: HTN PRIMITIVE RUNNING: navigate [WP12]
[INFO] [1788011554.269720451] [htn_executor]: HTN PRIMITIVE SUCCESS: navigate [WP12]
[INFO] [1788011554.286674115] [htn_executor]: HTN PRIMITIVE RUNNING: navigate [WP13]
[INFO] [1788011554.484858139] [htn_executor]: HTN PRIMITIVE SUCCESS: navigate [WP13]
[INFO] [1788011554.504955592] [htn_executor]: HTN PRIMITIVE RUNNING: navigate [WP14]
[INFO] [1788011554.705290017] [htn_executor]: HTN PRIMITIVE SUCCESS: navigate [WP14]
[INFO] [1788011554.726303966] [htn_executor]: HTN PRIMITIVE RUNNING: navigate [WP15]
[INFO] [1788011554.930140702] [htn_executor]: HTN PRIMITIVE SUCCESS: navigate [WP15]
[INFO] [1788011554.945317506] [htn_executor]: HTN PRIMITIVE RUNNING: navigate [WP16]
[INFO] [1788011555.145154435] [htn_executor]: HTN PRIMITIVE SUCCESS: navigate [WP16]
[INFO] [1788011555.164415467] [htn_executor]: HTN PRIMITIVE RUNNING: navigate [WP17]
[INFO] [1788011555.365239392] [htn_executor]: HTN PRIMITIVE SUCCESS: navigate [WP17]
[INFO] [1788011555.385102957] [htn_executor]: HTN PRIMITIVE RUNNING: navigate [WP18]
[INFO] [1788011555.589392791] [htn_executor]: HTN PRIMITIVE SUCCESS: navigate [WP18]
[INFO] [1788011555.604624153] [htn_executor]: HTN PRIMITIVE RUNNING: navigate [WP19]
[INFO] [1788011555.804532280] [htn_executor]: HTN PRIMITIVE SUCCESS: navigate [WP19]
[INFO] [1788011555.824807177] [htn_executor]: HTN PRIMITIVE RUNNING: navigate [WP20]
[INFO] [1788011556.028467408] [htn_executor]: HTN PRIMITIVE SUCCESS: navigate [WP20]
[INFO] [1788011556.045195343] [htn_executor]: HTN PRIMITIVE RUNNING: navigate [WP21]
[INFO] [1788011556.251674355] [htn_executor]: HTN PRIMITIVE SUCCESS: navigate [WP21]
[INFO] [1788011556.267431861] [htn_executor]: HTN PRIMITIVE RUNNING: navigate [WP22]
[INFO] [1788011556.464789270] [htn_executor]: HTN PRIMITIVE SUCCESS: navigate [WP22]
[INFO] [1788011556.485288011] [htn_executor]: HTN PRIMITIVE RUNNING: navigate [WP23]
[INFO] [1788011556.685482865] [htn_executor]: HTN PRIMITIVE SUCCESS: navigate [WP23]
[INFO] [1788011556.704634567] [htn_executor]: HTN PRIMITIVE RUNNING: navigate [WP24]
[INFO] [1788011556.906437763] [htn_executor]: HTN PRIMITIVE SUCCESS: navigate [WP24]
[INFO] [1788011556.926455389] [htn_executor]: HTN PRIMITIVE RUNNING: navigate [WP25]
[INFO] [1788011557.128261049] [htn_executor]: HTN PRIMITIVE SUCCESS: navigate [WP25]
[INFO] [1788011557.145818531] [htn_executor]: HTN PRIMITIVE RUNNING: navigate [WP26]
[INFO] [1788011557.346494563] [htn_executor]: HTN PRIMITIVE SUCCESS: navigate [WP26]
[INFO] [1788011557.365872696] [htn_executor]: HTN PRIMITIVE RUNNING: navigate [WP27]
[INFO] [1788011557.564854731] [htn_executor]: HTN PRIMITIVE SUCCESS: navigate [WP27]
[INFO] [1788011557.584765002] [htn_executor]: HTN PRIMITIVE RUNNING: navigate [WP28]
[INFO] [1788011557.787052911] [htn_executor]: HTN PRIMITIVE SUCCESS: navigate [WP28]
[INFO] [1788011557.806991157] [htn_executor]: HTN PRIMITIVE RUNNING: navigate [WP29]
[INFO] [1788011558.008997180] [htn_executor]: HTN PRIMITIVE SUCCESS: navigate [WP29]
[INFO] [1788011558.027322606] [htn_executor]: HTN PRIMITIVE RUNNING: navigate [WP30]
[INFO] [1788011558.225103926] [htn_executor]: HTN PRIMITIVE SUCCESS: navigate [WP30]
[INFO] [1788011558.244956524] [htn_executor]: HTN PRIMITIVE RUNNING: navigate [WP31]
[INFO] [1788011558.444777788] [htn_executor]: HTN PRIMITIVE SUCCESS: navigate [WP31]
[INFO] [1788011558.464321536] [htn_executor]: HTN PRIMITIVE RUNNING: navigate [WP32]
[INFO] [1788011558.664492087] [htn_executor]: HTN PRIMITIVE SUCCESS: navigate [WP32]
[INFO] [1788011558.684553705] [htn_executor]: HTN PRIMITIVE RUNNING: navigate [WP33]
[INFO] [1788011558.884450656] [htn_executor]: HTN PRIMITIVE SUCCESS: navigate [WP33]
[INFO] [1788011558.904559482] [htn_executor]: HTN PRIMITIVE RUNNING: navigate [WP34]
[INFO] [1788011559.104925203] [htn_executor]: HTN PRIMITIVE SUCCESS: navigate [WP34]
[INFO] [1788011559.124404774] [htn_executor]: HTN PRIMITIVE RUNNING: navigate [WP35]
[INFO] [1788011559.330455562] [htn_executor]: HTN PRIMITIVE SUCCESS: navigate [WP35]
[INFO] [1788011559.344890437] [htn_executor]: HTN PRIMITIVE RUNNING: navigate [WP36]
[INFO] [1788011559.544991727] [htn_executor]: HTN PRIMITIVE SUCCESS: navigate [WP36]
[INFO] [1788011559.564541559] [htn_executor]: HTN PRIMITIVE RUNNING: navigate [WP37]
[INFO] [1788011559.766790656] [htn_executor]: HTN PRIMITIVE SUCCESS: navigate [WP37]
[INFO] [1788011559.786739621] [htn_executor]: HTN PRIMITIVE RUNNING: navigate [WP38]
[INFO] [1788011559.989344084] [htn_executor]: HTN PRIMITIVE SUCCESS: navigate [WP38]
[INFO] [1788011560.007774433] [htn_executor]: HTN PRIMITIVE RUNNING: navigate [WP39]
[INFO] [1788011560.206568959] [htn_executor]: HTN PRIMITIVE SUCCESS: navigate [WP39]
[INFO] [1788011560.228102522] [htn_executor]: HTN PRIMITIVE RUNNING: navigate [WP40]
[INFO] [1788011560.428832538] [htn_executor]: HTN PRIMITIVE SUCCESS: navigate [WP40]
[INFO] [1788011560.446111043] [htn_executor]: HTN PRIMITIVE RUNNING: navigate [WP41]
[INFO] [1788011560.646522440] [htn_executor]: HTN PRIMITIVE SUCCESS: navigate [WP41]
[INFO] [1788011560.665993901] [htn_executor]: HTN PRIMITIVE RUNNING: navigate [WP42]
[INFO] [1788011560.866574107] [htn_executor]: HTN PRIMITIVE SUCCESS: navigate [WP42]
[INFO] [1788011560.885948813] [htn_executor]: HTN PRIMITIVE RUNNING: navigate [WP43]
[INFO] [1788011561.088165280] [htn_executor]: HTN PRIMITIVE SUCCESS: navigate [WP43]
[INFO] [1788011561.106035738] [htn_executor]: HTN PRIMITIVE RUNNING: navigate [WP44]
[INFO] [1788011561.306573368] [htn_executor]: HTN PRIMITIVE SUCCESS: navigate [WP44]
[INFO] [1788011561.327699506] [htn_executor]: HTN PRIMITIVE RUNNING: navigate [WP45]
[INFO] [1788011561.527232611] [htn_executor]: HTN PRIMITIVE SUCCESS: navigate [WP45]
[INFO] [1788011561.545840439] [htn_executor]: HTN PRIMITIVE RUNNING: navigate [WP46]
[INFO] [1788011561.748113940] [htn_executor]: HTN PRIMITIVE SUCCESS: navigate [WP46]
[INFO] [1788011561.765180243] [htn_executor]: HTN PRIMITIVE RUNNING: navigate [WP47]
[INFO] [1788011561.966637060] [htn_executor]: HTN PRIMITIVE SUCCESS: navigate [WP47]
[INFO] [1788011561.986861574] [htn_executor]: HTN PRIMITIVE RUNNING: navigate [WP48]
[INFO] [1788011562.188113987] [htn_executor]: HTN PRIMITIVE SUCCESS: navigate [WP48]
[INFO] [1788011562.205340565] [htn_executor]: HTN PRIMITIVE RUNNING: navigate [WP49]
[INFO] [1788011562.406547079] [htn_executor]: HTN PRIMITIVE SUCCESS: navigate [WP49]
[INFO] [1788011562.425845264] [htn_executor]: HTN PRIMITIVE RUNNING: navigate [WP50]
[INFO] [1788011562.624349032] [htn_executor]: HTN PRIMITIVE SUCCESS: navigate [WP50]
[INFO] [1788011562.644538816] [htn_executor]: HTN PRIMITIVE RUNNING: navigate [WP51]
[INFO] [1788011562.847334664] [htn_executor]: HTN PRIMITIVE SUCCESS: navigate [WP51]
[INFO] [1788011562.866931248] [htn_executor]: HTN PRIMITIVE RUNNING: navigate [WP52]
[INFO] [1788011563.068174483] [htn_executor]: HTN PRIMITIVE SUCCESS: navigate [WP52]
[INFO] [1788011563.086238071] [htn_executor]: HTN PRIMITIVE RUNNING: navigate [WP53]
[INFO] [1788011563.287043289] [htn_executor]: HTN PRIMITIVE SUCCESS: navigate [WP53]
[INFO] [1788011563.305528864] [htn_executor]: HTN PRIMITIVE RUNNING: navigate [WP54]
[INFO] [1788011563.508243730] [htn_executor]: HTN PRIMITIVE SUCCESS: navigate [WP54]
[INFO] [1788011563.524653007] [htn_executor]: HTN PRIMITIVE RUNNING: navigate [WP55]
[INFO] [1788011563.728236564] [htn_executor]: HTN PRIMITIVE SUCCESS: navigate [WP55]
[INFO] [1788011563.747381891] [htn_executor]: HTN PRIMITIVE RUNNING: navigate [WP56]
[INFO] [1788011563.953746432] [htn_executor]: HTN PRIMITIVE SUCCESS: navigate [WP56]
[INFO] [1788011563.970451125] [htn_executor]: HTN PRIMITIVE RUNNING: navigate [WP57]
[INFO] [1788011564.165381395] [htn_executor]: HTN PRIMITIVE SUCCESS: navigate [WP57]
[INFO] [1788011564.187196266] [htn_executor]: HTN PRIMITIVE RUNNING: navigate [WP58]
[INFO] [1788011564.385330950] [htn_executor]: HTN PRIMITIVE SUCCESS: navigate [WP58]
[INFO] [1788011564.404444549] [htn_executor]: HTN PRIMITIVE RUNNING: navigate [WP59]
[INFO] [1788011564.605841933] [htn_executor]: HTN PRIMITIVE SUCCESS: navigate [WP59]
[INFO] [1788011564.624254568] [htn_executor]: HTN PRIMITIVE RUNNING: navigate [WP60]
[INFO] [1788011564.830260525] [htn_executor]: HTN PRIMITIVE SUCCESS: navigate [WP60]
[INFO] [1788011564.848289323] [htn_executor]: HTN PRIMITIVE RUNNING: navigate [WP61]
[INFO] [1788011565.051293798] [htn_executor]: HTN PRIMITIVE SUCCESS: navigate [WP61]
[INFO] [1788011565.066693564] [htn_executor]: HTN PRIMITIVE RUNNING: navigate [WP62]
[INFO] [1788011565.268592437] [htn_executor]: HTN PRIMITIVE SUCCESS: navigate [WP62]
[INFO] [1788011565.288917916] [htn_executor]: HTN PRIMITIVE RUNNING: navigate [WP63]
[INFO] [1788011565.485394412] [htn_executor]: HTN PRIMITIVE SUCCESS: navigate [WP63]
[INFO] [1788011565.504690247] [htn_executor]: HTN PRIMITIVE RUNNING: navigate [WP64]
[INFO] [1788011565.705558995] [htn_executor]: HTN PRIMITIVE SUCCESS: navigate [WP64]
[INFO] [1788011565.726624472] [htn_executor]: HTN PRIMITIVE RUNNING: navigate [WP65]
[INFO] [1788011565.928871674] [htn_executor]: HTN PRIMITIVE SUCCESS: navigate [WP65]
[INFO] [1788011565.946380162] [htn_executor]: HTN PRIMITIVE RUNNING: navigate [WP66]
[INFO] [1788011566.152086959] [htn_executor]: HTN PRIMITIVE SUCCESS: navigate [WP66]
[INFO] [1788011566.165238178] [htn_executor]: HTN PRIMITIVE RUNNING: navigate [WP67]
[INFO] [1788011566.368757478] [htn_executor]: HTN PRIMITIVE SUCCESS: navigate [WP67]
[INFO] [1788011566.385351759] [htn_executor]: HTN PRIMITIVE RUNNING: navigate [WP68]
[INFO] [1788011566.586355064] [htn_executor]: HTN PRIMITIVE SUCCESS: navigate [WP68]
[INFO] [1788011566.605910095] [htn_executor]: HTN PRIMITIVE RUNNING: navigate [WP69]
[INFO] [1788011566.806863053] [htn_executor]: HTN PRIMITIVE SUCCESS: navigate [WP69]
[INFO] [1788011566.827757436] [htn_executor]: HTN PRIMITIVE RUNNING: navigate [WP70]
[INFO] [1788011567.024690087] [htn_executor]: HTN PRIMITIVE SUCCESS: navigate [WP70]
[INFO] [1788011567.044233595] [htn_executor]: HTN PRIMITIVE RUNNING: navigate [WP71]
[INFO] [1788011567.250137229] [htn_executor]: HTN PRIMITIVE SUCCESS: navigate [WP71]
[INFO] [1788011567.267805516] [htn_executor]: HTN PRIMITIVE RUNNING: navigate [WP72]
[INFO] [1788011567.466893048] [htn_executor]: HTN PRIMITIVE SUCCESS: navigate [WP72]
[INFO] [1788011567.485135701] [htn_executor]: HTN PRIMITIVE RUNNING: navigate [WP73]
[INFO] [1788011567.687945568] [htn_executor]: HTN PRIMITIVE SUCCESS: navigate [WP73]
[INFO] [1788011567.705849185] [htn_executor]: HTN PRIMITIVE RUNNING: navigate [WP74]
[INFO] [1788011567.907297973] [htn_executor]: HTN PRIMITIVE SUCCESS: navigate [WP74]
[INFO] [1788011567.926337510] [htn_executor]: HTN PRIMITIVE RUNNING: navigate [WP75]
[INFO] [1788011568.128441613] [htn_executor]: HTN PRIMITIVE SUCCESS: navigate [WP75]
[INFO] [1788011568.148227425] [htn_executor]: HTN PRIMITIVE RUNNING: navigate [WP76]
[INFO] [1788011568.349363677] [htn_executor]: HTN PRIMITIVE SUCCESS: navigate [WP76]
[INFO] [1788011568.366987874] [htn_executor]: HTN PRIMITIVE RUNNING: navigate [WP77]
[INFO] [1788011568.566888960] [htn_executor]: HTN PRIMITIVE SUCCESS: navigate [WP77]
[INFO] [1788011568.588475357] [htn_executor]: HTN PRIMITIVE RUNNING: navigate [WP78]
[INFO] [1788011568.787922426] [htn_executor]: HTN PRIMITIVE SUCCESS: navigate [WP78]
[INFO] [1788011568.806683145] [htn_executor]: HTN PRIMITIVE RUNNING: navigate [WP79]
[INFO] [1788011569.004556717] [htn_executor]: HTN PRIMITIVE SUCCESS: navigate [WP79]
[INFO] [1788011569.024393742] [htn_executor]: HTN PRIMITIVE RUNNING: navigate [WP80]
[INFO] [1788011569.225276806] [htn_executor]: HTN PRIMITIVE SUCCESS: navigate [WP80]
[INFO] [1788011569.245354973] [htn_executor]: HTN PRIMITIVE RUNNING: navigate [WP81]
[INFO] [1788011569.449752302] [htn_executor]: HTN PRIMITIVE SUCCESS: navigate [WP81]
[INFO] [1788011569.468634786] [htn_executor]: HTN PRIMITIVE RUNNING: navigate [WP82]
[INFO] [1788011569.667987501] [htn_executor]: HTN PRIMITIVE SUCCESS: navigate [WP82]
[INFO] [1788011569.685942044] [htn_executor]: HTN PRIMITIVE RUNNING: navigate [WP83]
[INFO] [1788011569.887921719] [htn_executor]: HTN PRIMITIVE SUCCESS: navigate [WP83]
[INFO] [1788011569.905984960] [htn_executor]: HTN PRIMITIVE RUNNING: navigate [WP84]
[INFO] [1788011570.108444155] [htn_executor]: HTN PRIMITIVE SUCCESS: navigate [WP84]
[INFO] [1788011570.125718355] [htn_executor]: HTN PRIMITIVE RUNNING: navigate [WP85]
[INFO] [1788011570.328421919] [htn_executor]: HTN PRIMITIVE SUCCESS: navigate [WP85]
[INFO] [1788011570.347638124] [htn_executor]: HTN PRIMITIVE RUNNING: navigate [WP86]
[INFO] [1788011570.545175782] [htn_executor]: HTN PRIMITIVE SUCCESS: navigate [WP86]
[INFO] [1788011570.564637828] [htn_executor]: HTN PRIMITIVE RUNNING: navigate [WP87]
[INFO] [1788011570.767889506] [htn_executor]: HTN PRIMITIVE SUCCESS: navigate [WP87]
[INFO] [1788011570.787341792] [htn_executor]: HTN PRIMITIVE RUNNING: navigate [WP88]
[INFO] [1788011570.989940118] [htn_executor]: HTN PRIMITIVE SUCCESS: navigate [WP88]
[INFO] [1788011571.006903616] [htn_executor]: HTN PRIMITIVE RUNNING: navigate [WP89]
[INFO] [1788011571.208094297] [htn_executor]: HTN PRIMITIVE SUCCESS: navigate [WP89]
[INFO] [1788011571.227707440] [htn_executor]: HTN PRIMITIVE RUNNING: navigate [WP90]
[INFO] [1788011571.428145752] [htn_executor]: HTN PRIMITIVE SUCCESS: navigate [WP90]
[INFO] [1788011571.446526504] [htn_executor]: HTN PRIMITIVE RUNNING: navigate [WP91]
[INFO] [1788011571.646880594] [htn_executor]: HTN PRIMITIVE SUCCESS: navigate [WP91]
[INFO] [1788011571.665212969] [htn_executor]: HTN PRIMITIVE RUNNING: navigate [WP92]
[INFO] [1788011571.864495950] [htn_executor]: HTN PRIMITIVE SUCCESS: navigate [WP92]
[INFO] [1788011571.884753853] [htn_executor]: HTN PRIMITIVE RUNNING: navigate [WP93]
[INFO] [1788011572.086681421] [htn_executor]: HTN PRIMITIVE SUCCESS: navigate [WP93]
[INFO] [1788011572.105174696] [htn_executor]: HTN PRIMITIVE RUNNING: navigate [WP94]
[INFO] [1788011572.305472696] [htn_executor]: HTN PRIMITIVE SUCCESS: navigate [WP94]
[INFO] [1788011572.326432070] [htn_executor]: HTN PRIMITIVE RUNNING: navigate [WP95]
[INFO] [1788011572.526683669] [htn_executor]: HTN PRIMITIVE SUCCESS: navigate [WP95]
[INFO] [1788011572.545659951] [htn_executor]: HTN PRIMITIVE RUNNING: navigate [WP96]
[INFO] [1788011572.746471275] [htn_executor]: HTN PRIMITIVE SUCCESS: navigate [WP96]
[INFO] [1788011572.765887289] [htn_executor]: HTN PRIMITIVE RUNNING: navigate [WP97]
[INFO] [1788011572.967976983] [htn_executor]: HTN PRIMITIVE SUCCESS: navigate [WP97]
[INFO] [1788011572.986054127] [htn_executor]: HTN PRIMITIVE RUNNING: navigate [WP98]
[INFO] [1788011573.187194281] [htn_executor]: HTN PRIMITIVE SUCCESS: navigate [WP98]
[INFO] [1788011573.205917593] [htn_executor]: HTN PRIMITIVE RUNNING: navigate [WP99]
[INFO] [1788011573.409315866] [htn_executor]: HTN PRIMITIVE SUCCESS: navigate [WP99]
[INFO] [1788011573.426268422] [htn_executor]: HTN PRIMITIVE RUNNING: navigate [WP100]
[INFO] [1788011573.625387462] [htn_executor]: HTN PRIMITIVE SUCCESS: navigate [WP100]
[INFO] [1788011573.644389063] [htn_executor]: HTN PRIMITIVE RUNNING: navigate [WP99]
[INFO] [1788011573.846620122] [htn_executor]: HTN PRIMITIVE SUCCESS: navigate [WP99]
[INFO] [1788011573.866005310] [htn_executor]: HTN PRIMITIVE RUNNING: navigate [WP98]
[INFO] [1788011574.065302394] [htn_executor]: HTN PRIMITIVE SUCCESS: navigate [WP98]
[INFO] [1788011574.084998194] [htn_executor]: HTN PRIMITIVE RUNNING: navigate [WP97]
[INFO] [1788011574.286419316] [htn_executor]: HTN PRIMITIVE SUCCESS: navigate [WP97]
[INFO] [1788011574.305051758] [htn_executor]: HTN PRIMITIVE RUNNING: navigate [WP96]
[INFO] [1788011574.507162156] [htn_executor]: HTN PRIMITIVE SUCCESS: navigate [WP96]
[INFO] [1788011574.526329931] [htn_executor]: HTN PRIMITIVE RUNNING: navigate [WP95]
[INFO] [1788011574.728675441] [htn_executor]: HTN PRIMITIVE SUCCESS: navigate [WP95]
[INFO] [1788011574.746075834] [htn_executor]: HTN PRIMITIVE RUNNING: navigate [WP94]
[INFO] [1788011574.947992429] [htn_executor]: HTN PRIMITIVE SUCCESS: navigate [WP94]
[INFO] [1788011574.965858295] [htn_executor]: HTN PRIMITIVE RUNNING: navigate [WP93]
[INFO] [1788011575.166646199] [htn_executor]: HTN PRIMITIVE SUCCESS: navigate [WP93]
[INFO] [1788011575.186803971] [htn_executor]: HTN PRIMITIVE RUNNING: navigate [WP92]
[INFO] [1788011575.387959245] [htn_executor]: HTN PRIMITIVE SUCCESS: navigate [WP92]
[INFO] [1788011575.405833350] [htn_executor]: HTN PRIMITIVE RUNNING: navigate [WP91]
[INFO] [1788011575.606632756] [htn_executor]: HTN PRIMITIVE SUCCESS: navigate [WP91]
[INFO] [1788011575.629727419] [htn_executor]: HTN PRIMITIVE RUNNING: navigate [WP90]
[INFO] [1788011575.828389681] [htn_executor]: HTN PRIMITIVE SUCCESS: navigate [WP90]
[INFO] [1788011575.847621895] [htn_executor]: HTN PRIMITIVE RUNNING: navigate [WP89]
[INFO] [1788011576.047265865] [htn_executor]: HTN PRIMITIVE SUCCESS: navigate [WP89]
[INFO] [1788011576.066743266] [htn_executor]: HTN PRIMITIVE RUNNING: navigate [WP88]
[INFO] [1788011576.267982984] [htn_executor]: HTN PRIMITIVE SUCCESS: navigate [WP88]
[INFO] [1788011576.286170490] [htn_executor]: HTN PRIMITIVE RUNNING: navigate [WP87]
[INFO] [1788011576.487605877] [htn_executor]: HTN PRIMITIVE SUCCESS: navigate [WP87]
[INFO] [1788011576.507565851] [htn_executor]: HTN PRIMITIVE RUNNING: navigate [WP86]
[INFO] [1788011576.707362889] [htn_executor]: HTN PRIMITIVE SUCCESS: navigate [WP86]
[INFO] [1788011576.727077159] [htn_executor]: HTN PRIMITIVE RUNNING: navigate [WP85]
[INFO] [1788011576.927061491] [htn_executor]: HTN PRIMITIVE SUCCESS: navigate [WP85]
[INFO] [1788011576.945873866] [htn_executor]: HTN PRIMITIVE RUNNING: navigate [WP84]
[INFO] [1788011577.146804762] [htn_executor]: HTN PRIMITIVE SUCCESS: navigate [WP84]
[INFO] [1788011577.165860019] [htn_executor]: HTN PRIMITIVE RUNNING: navigate [WP83]
[INFO] [1788011577.366606471] [htn_executor]: HTN PRIMITIVE SUCCESS: navigate [WP83]
[INFO] [1788011577.386240291] [htn_executor]: HTN PRIMITIVE RUNNING: navigate [WP82]
[INFO] [1788011577.586596082] [htn_executor]: HTN PRIMITIVE SUCCESS: navigate [WP82]
[INFO] [1788011577.605828870] [htn_executor]: HTN PRIMITIVE RUNNING: navigate [WP81]
[INFO] [1788011577.805481397] [htn_executor]: HTN PRIMITIVE SUCCESS: navigate [WP81]
[INFO] [1788011577.826172402] [htn_executor]: HTN PRIMITIVE RUNNING: navigate [WP80]
[INFO] [1788011578.024885180] [htn_executor]: HTN PRIMITIVE SUCCESS: navigate [WP80]
[INFO] [1788011578.044308080] [htn_executor]: HTN PRIMITIVE RUNNING: navigate [WP79]
[INFO] [1788011578.246593724] [htn_executor]: HTN PRIMITIVE SUCCESS: navigate [WP79]
[INFO] [1788011578.267768261] [htn_executor]: HTN PRIMITIVE RUNNING: navigate [WP78]
[INFO] [1788011578.466773284] [htn_executor]: HTN PRIMITIVE SUCCESS: navigate [WP78]
[INFO] [1788011578.486689775] [htn_executor]: HTN PRIMITIVE RUNNING: navigate [WP77]
[INFO] [1788011578.688080289] [htn_executor]: HTN PRIMITIVE SUCCESS: navigate [WP77]
[INFO] [1788011578.705853868] [htn_executor]: HTN PRIMITIVE RUNNING: navigate [WP76]
[INFO] [1788011578.908101613] [htn_executor]: HTN PRIMITIVE SUCCESS: navigate [WP76]
[INFO] [1788011578.927155324] [htn_executor]: HTN PRIMITIVE RUNNING: navigate [WP75]
[INFO] [1788011579.127827689] [htn_executor]: HTN PRIMITIVE SUCCESS: navigate [WP75]
[INFO] [1788011579.145876216] [htn_executor]: HTN PRIMITIVE RUNNING: navigate [WP74]
[INFO] [1788011579.347932791] [htn_executor]: HTN PRIMITIVE SUCCESS: navigate [WP74]
[INFO] [1788011579.365325610] [htn_executor]: HTN PRIMITIVE RUNNING: navigate [WP73]
[INFO] [1788011579.567909195] [htn_executor]: HTN PRIMITIVE SUCCESS: navigate [WP73]
[INFO] [1788011579.585918536] [htn_executor]: HTN PRIMITIVE RUNNING: navigate [WP72]
[INFO] [1788011579.787271456] [htn_executor]: HTN PRIMITIVE SUCCESS: navigate [WP72]
[INFO] [1788011579.805892483] [htn_executor]: HTN PRIMITIVE RUNNING: navigate [WP71]
[INFO] [1788011580.007867670] [htn_executor]: HTN PRIMITIVE SUCCESS: navigate [WP71]
[INFO] [1788011580.025363085] [htn_executor]: HTN PRIMITIVE RUNNING: navigate [WP70]
[INFO] [1788011580.227001062] [htn_executor]: HTN PRIMITIVE SUCCESS: navigate [WP70]
[INFO] [1788011580.245815283] [htn_executor]: HTN PRIMITIVE RUNNING: navigate [WP69]
[INFO] [1788011580.447707078] [htn_executor]: HTN PRIMITIVE SUCCESS: navigate [WP69]
[INFO] [1788011580.465987834] [htn_executor]: HTN PRIMITIVE RUNNING: navigate [WP68]
[INFO] [1788011580.665096736] [htn_executor]: HTN PRIMITIVE SUCCESS: navigate [WP68]
[INFO] [1788011580.684421666] [htn_executor]: HTN PRIMITIVE RUNNING: navigate [WP67]
[INFO] [1788011580.886634900] [htn_executor]: HTN PRIMITIVE SUCCESS: navigate [WP67]
[INFO] [1788011580.905882853] [htn_executor]: HTN PRIMITIVE RUNNING: navigate [WP66]
[INFO] [1788011581.106683245] [htn_executor]: HTN PRIMITIVE SUCCESS: navigate [WP66]
[INFO] [1788011581.127235578] [htn_executor]: HTN PRIMITIVE RUNNING: navigate [WP65]
[INFO] [1788011581.328207699] [htn_executor]: HTN PRIMITIVE SUCCESS: navigate [WP65]
[INFO] [1788011581.345828365] [htn_executor]: HTN PRIMITIVE RUNNING: navigate [WP64]
[INFO] [1788011581.546550491] [htn_executor]: HTN PRIMITIVE SUCCESS: navigate [WP64]
[INFO] [1788011581.565488549] [htn_executor]: HTN PRIMITIVE RUNNING: navigate [WP63]
[INFO] [1788011581.766551006] [htn_executor]: HTN PRIMITIVE SUCCESS: navigate [WP63]
[INFO] [1788011581.785392725] [htn_executor]: HTN PRIMITIVE RUNNING: navigate [WP62]
[INFO] [1788011581.986882044] [htn_executor]: HTN PRIMITIVE SUCCESS: navigate [WP62]
[INFO] [1788011582.005796886] [htn_executor]: HTN PRIMITIVE RUNNING: navigate [WP61]
[INFO] [1788011582.206660302] [htn_executor]: HTN PRIMITIVE SUCCESS: navigate [WP61]
[INFO] [1788011582.227303039] [htn_executor]: HTN PRIMITIVE RUNNING: navigate [WP60]
[INFO] [1788011582.426687783] [htn_executor]: HTN PRIMITIVE SUCCESS: navigate [WP60]
[INFO] [1788011582.445602670] [htn_executor]: HTN PRIMITIVE RUNNING: navigate [WP59]
[INFO] [1788011582.646619978] [htn_executor]: HTN PRIMITIVE SUCCESS: navigate [WP59]
[INFO] [1788011582.665829182] [htn_executor]: HTN PRIMITIVE RUNNING: navigate [WP58]
[INFO] [1788011582.866885761] [htn_executor]: HTN PRIMITIVE SUCCESS: navigate [WP58]
[INFO] [1788011582.886417345] [htn_executor]: HTN PRIMITIVE RUNNING: navigate [WP57]
[INFO] [1788011583.087263549] [htn_executor]: HTN PRIMITIVE SUCCESS: navigate [WP57]
[INFO] [1788011583.106485029] [htn_executor]: HTN PRIMITIVE RUNNING: navigate [WP56]
[INFO] [1788011583.307347638] [htn_executor]: HTN PRIMITIVE SUCCESS: navigate [WP56]
[INFO] [1788011583.325647700] [htn_executor]: HTN PRIMITIVE RUNNING: navigate [WP55]
[INFO] [1788011583.526315266] [htn_executor]: HTN PRIMITIVE SUCCESS: navigate [WP55]
[INFO] [1788011583.545177001] [htn_executor]: HTN PRIMITIVE RUNNING: navigate [WP54]
[INFO] [1788011583.745754142] [htn_executor]: HTN PRIMITIVE SUCCESS: navigate [WP54]
[INFO] [1788011583.765189503] [htn_executor]: HTN PRIMITIVE RUNNING: navigate [WP53]
[INFO] [1788011583.965262465] [htn_executor]: HTN PRIMITIVE SUCCESS: navigate [WP53]
[INFO] [1788011583.985551599] [htn_executor]: HTN PRIMITIVE RUNNING: navigate [WP52]
[INFO] [1788011584.187214135] [htn_executor]: HTN PRIMITIVE SUCCESS: navigate [WP52]
[INFO] [1788011584.205855234] [htn_executor]: HTN PRIMITIVE RUNNING: navigate [WP51]
[INFO] [1788011584.406650462] [htn_executor]: HTN PRIMITIVE SUCCESS: navigate [WP51]
[INFO] [1788011584.426196496] [htn_executor]: HTN PRIMITIVE RUNNING: navigate [WP50]
[WARN] [1788011584.430467478] [htn_executor]: RUNTIME EVENT RECEIVED: ABORT_REQUESTED
[WARN] [1788011584.433566083] [htn_executor]: HTN PAUSED: navigate [WP50]
[WARN] [1788011584.437999540] [htn_executor]: HTN REPLANNING
[WARN] [1788011584.441394150] [htn_executor]: Selected method: m_abort_requested
[WARN] [1788011584.444703642] [htn_executor]: Recovery plan: abort_mission -> return_to_home -> safe_terminate
[INFO] [1788011584.449395716] [htn_executor]: HTN RECOVERY RUNNING: abort_mission
[INFO] [1788011584.646701533] [htn_executor]: HTN PRIMITIVE SUCCESS: abort_mission
[INFO] [1788011584.665854667] [htn_executor]: HTN RECOVERY RUNNING: return_to_home
[INFO] [1788011584.865452771] [htn_executor]: HTN PRIMITIVE SUCCESS: return_to_home
[INFO] [1788011584.884438507] [htn_executor]: HTN RECOVERY RUNNING: safe_terminate
[INFO] [1788011585.086879946] [htn_executor]: HTN PRIMITIVE SUCCESS: safe_terminate
[WARN] [1788011585.090109798] [htn_executor]: ================================
[WARN] [1788011585.093370956] [htn_executor]: MISSION SAFE TERMINATED
[WARN] [1788011585.096444011] [htn_executor]: Reason: ABORT_REQUESTED
[WARN] [1788011585.099116898] [htn_executor]: ================================
