[INFO] [1788007395.310633175] [htn_executor]: Loading mission: /home/bishal/ros2_ws/install/mission_formalism_evaluation/share/mission_formalism_evaluation/missions/mission_3.yaml
[INFO] [1788007395.475080958] [htn_executor]: ================================
[INFO] [1788007395.475653373] [htn_executor]: HTN Mission Executor
[INFO] [1788007395.476307142] [htn_executor]: Mode: FINAL_SCENARIO_CAPABLE
[INFO] [1788007395.476885032] [htn_executor]: Model: Totally Ordered State-Based HTN
[INFO] [1788007395.477481810] [htn_executor]: Mission ID: M3
[INFO] [1788007395.478265240] [htn_executor]: Mission Name: Zigzag Navigation
[INFO] [1788007395.479359171] [htn_executor]: Mission Items: 102
[INFO] [1788007395.480354924] [htn_executor]: HTN Primitive Operators: 12
[INFO] [1788007395.481109102] [htn_executor]: HTN Compound Tasks: 4
[INFO] [1788007395.481846224] [htn_executor]: HTN Methods: 16
[INFO] [1788007395.482827619] [htn_executor]: Mission Method Applications: 104
[INFO] [1788007395.483635153] [htn_executor]: Generated Primitive Plan: 102
[INFO] [1788007395.484374304] [htn_executor]: ================================
[INFO] [1788007395.505343751] [htn_executor]: HTN PRIMITIVE RUNNING: takeoff
[INFO] [1788007395.707380932] [htn_executor]: HTN PRIMITIVE SUCCESS: takeoff
[INFO] [1788007395.725697034] [htn_executor]: HTN PRIMITIVE RUNNING: navigate [WP1]
[INFO] [1788007395.927561945] [htn_executor]: HTN PRIMITIVE SUCCESS: navigate [WP1]
[INFO] [1788007395.946633639] [htn_executor]: HTN PRIMITIVE RUNNING: navigate [WP2]
[INFO] [1788007396.149126559] [htn_executor]: HTN PRIMITIVE SUCCESS: navigate [WP2]
[INFO] [1788007396.167355718] [htn_executor]: HTN PRIMITIVE RUNNING: navigate [WP3]
[INFO] [1788007396.368968021] [htn_executor]: HTN PRIMITIVE SUCCESS: navigate [WP3]
[INFO] [1788007396.387241023] [htn_executor]: HTN PRIMITIVE RUNNING: navigate [WP4]
[INFO] [1788007396.588941490] [htn_executor]: HTN PRIMITIVE SUCCESS: navigate [WP4]
[INFO] [1788007396.608149717] [htn_executor]: HTN PRIMITIVE RUNNING: navigate [WP5]
[INFO] [1788007396.808106429] [htn_executor]: HTN PRIMITIVE SUCCESS: navigate [WP5]
[INFO] [1788007396.827157798] [htn_executor]: HTN PRIMITIVE RUNNING: navigate [WP6]
[INFO] [1788007397.029700515] [htn_executor]: HTN PRIMITIVE SUCCESS: navigate [WP6]
[INFO] [1788007397.046988630] [htn_executor]: HTN PRIMITIVE RUNNING: navigate [WP7]
[INFO] [1788007397.247545864] [htn_executor]: HTN PRIMITIVE SUCCESS: navigate [WP7]
[INFO] [1788007397.267077656] [htn_executor]: HTN PRIMITIVE RUNNING: navigate [WP8]
[INFO] [1788007397.467510403] [htn_executor]: HTN PRIMITIVE SUCCESS: navigate [WP8]
[INFO] [1788007397.488356589] [htn_executor]: HTN PRIMITIVE RUNNING: navigate [WP9]
[INFO] [1788007397.689430805] [htn_executor]: HTN PRIMITIVE SUCCESS: navigate [WP9]
[INFO] [1788007397.708831987] [htn_executor]: HTN PRIMITIVE RUNNING: navigate [WP10]
[INFO] [1788007397.910950039] [htn_executor]: HTN PRIMITIVE SUCCESS: navigate [WP10]
[INFO] [1788007397.927890628] [htn_executor]: HTN PRIMITIVE RUNNING: navigate [WP11]
[INFO] [1788007398.129959239] [htn_executor]: HTN PRIMITIVE SUCCESS: navigate [WP11]
[INFO] [1788007398.149169629] [htn_executor]: HTN PRIMITIVE RUNNING: navigate [WP12]
[INFO] [1788007398.348967450] [htn_executor]: HTN PRIMITIVE SUCCESS: navigate [WP12]
[INFO] [1788007398.366940358] [htn_executor]: HTN PRIMITIVE RUNNING: navigate [WP13]
[INFO] [1788007398.568505180] [htn_executor]: HTN PRIMITIVE SUCCESS: navigate [WP13]
[INFO] [1788007398.587345279] [htn_executor]: HTN PRIMITIVE RUNNING: navigate [WP14]
[INFO] [1788007398.785786384] [htn_executor]: HTN PRIMITIVE SUCCESS: navigate [WP14]
[INFO] [1788007398.805196234] [htn_executor]: HTN PRIMITIVE RUNNING: navigate [WP15]
[INFO] [1788007399.010330190] [htn_executor]: HTN PRIMITIVE SUCCESS: navigate [WP15]
[INFO] [1788007399.030559736] [htn_executor]: HTN PRIMITIVE RUNNING: navigate [WP16]
[INFO] [1788007399.229600745] [htn_executor]: HTN PRIMITIVE SUCCESS: navigate [WP16]
[INFO] [1788007399.247294039] [htn_executor]: HTN PRIMITIVE RUNNING: navigate [WP17]
[INFO] [1788007399.449903879] [htn_executor]: HTN PRIMITIVE SUCCESS: navigate [WP17]
[INFO] [1788007399.476481939] [htn_executor]: HTN PRIMITIVE RUNNING: navigate [WP18]
[INFO] [1788007399.667730533] [htn_executor]: HTN PRIMITIVE SUCCESS: navigate [WP18]
[INFO] [1788007399.688626503] [htn_executor]: HTN PRIMITIVE RUNNING: navigate [WP19]
[INFO] [1788007399.888878529] [htn_executor]: HTN PRIMITIVE SUCCESS: navigate [WP19]
[INFO] [1788007399.906122382] [htn_executor]: HTN PRIMITIVE RUNNING: navigate [WP20]
[INFO] [1788007400.109765815] [htn_executor]: HTN PRIMITIVE SUCCESS: navigate [WP20]
[INFO] [1788007400.128505517] [htn_executor]: HTN PRIMITIVE RUNNING: navigate [WP21]
[INFO] [1788007400.325855536] [htn_executor]: HTN PRIMITIVE SUCCESS: navigate [WP21]
[INFO] [1788007400.345392193] [htn_executor]: HTN PRIMITIVE RUNNING: navigate [WP22]
[INFO] [1788007400.545740455] [htn_executor]: HTN PRIMITIVE SUCCESS: navigate [WP22]
[INFO] [1788007400.565439441] [htn_executor]: HTN PRIMITIVE RUNNING: navigate [WP23]
[INFO] [1788007400.765831010] [htn_executor]: HTN PRIMITIVE SUCCESS: navigate [WP23]
[INFO] [1788007400.786129510] [htn_executor]: HTN PRIMITIVE RUNNING: navigate [WP24]
[INFO] [1788007400.985787700] [htn_executor]: HTN PRIMITIVE SUCCESS: navigate [WP24]
[INFO] [1788007401.005603934] [htn_executor]: HTN PRIMITIVE RUNNING: navigate [WP25]
[INFO] [1788007401.205867726] [htn_executor]: HTN PRIMITIVE SUCCESS: navigate [WP25]
[INFO] [1788007401.225513709] [htn_executor]: HTN PRIMITIVE RUNNING: navigate [WP26]
[INFO] [1788007401.426061219] [htn_executor]: HTN PRIMITIVE SUCCESS: navigate [WP26]
[INFO] [1788007401.445351977] [htn_executor]: HTN PRIMITIVE RUNNING: navigate [WP27]
[INFO] [1788007401.645784819] [htn_executor]: HTN PRIMITIVE SUCCESS: navigate [WP27]
[INFO] [1788007401.665449074] [htn_executor]: HTN PRIMITIVE RUNNING: navigate [WP28]
[INFO] [1788007401.865904037] [htn_executor]: HTN PRIMITIVE SUCCESS: navigate [WP28]
[INFO] [1788007401.885380631] [htn_executor]: HTN PRIMITIVE RUNNING: navigate [WP29]
[INFO] [1788007402.085809532] [htn_executor]: HTN PRIMITIVE SUCCESS: navigate [WP29]
[INFO] [1788007402.105731628] [htn_executor]: HTN PRIMITIVE RUNNING: navigate [WP30]
[INFO] [1788007402.306720585] [htn_executor]: HTN PRIMITIVE SUCCESS: navigate [WP30]
[INFO] [1788007402.325804084] [htn_executor]: HTN PRIMITIVE RUNNING: navigate [WP31]
[INFO] [1788007402.527308149] [htn_executor]: HTN PRIMITIVE SUCCESS: navigate [WP31]
[INFO] [1788007402.546839155] [htn_executor]: HTN PRIMITIVE RUNNING: navigate [WP32]
[INFO] [1788007402.752998215] [htn_executor]: HTN PRIMITIVE SUCCESS: navigate [WP32]
[INFO] [1788007402.773563691] [htn_executor]: HTN PRIMITIVE RUNNING: navigate [WP33]
[INFO] [1788007402.967713224] [htn_executor]: HTN PRIMITIVE SUCCESS: navigate [WP33]
[INFO] [1788007402.987761686] [htn_executor]: HTN PRIMITIVE RUNNING: navigate [WP34]
[INFO] [1788007403.187661709] [htn_executor]: HTN PRIMITIVE SUCCESS: navigate [WP34]
[INFO] [1788007403.208334039] [htn_executor]: HTN PRIMITIVE RUNNING: navigate [WP35]
[INFO] [1788007403.406988496] [htn_executor]: HTN PRIMITIVE SUCCESS: navigate [WP35]
[INFO] [1788007403.426460857] [htn_executor]: HTN PRIMITIVE RUNNING: navigate [WP36]
[INFO] [1788007403.629060759] [htn_executor]: HTN PRIMITIVE SUCCESS: navigate [WP36]
[INFO] [1788007403.647627929] [htn_executor]: HTN PRIMITIVE RUNNING: navigate [WP37]
[INFO] [1788007403.846414099] [htn_executor]: HTN PRIMITIVE SUCCESS: navigate [WP37]
[INFO] [1788007403.865581814] [htn_executor]: HTN PRIMITIVE RUNNING: navigate [WP38]
[INFO] [1788007404.066779650] [htn_executor]: HTN PRIMITIVE SUCCESS: navigate [WP38]
[INFO] [1788007404.086853505] [htn_executor]: HTN PRIMITIVE RUNNING: navigate [WP39]
[INFO] [1788007404.289284266] [htn_executor]: HTN PRIMITIVE SUCCESS: navigate [WP39]
[INFO] [1788007404.305988054] [htn_executor]: HTN PRIMITIVE RUNNING: navigate [WP40]
[INFO] [1788007404.506151520] [htn_executor]: HTN PRIMITIVE SUCCESS: navigate [WP40]
[INFO] [1788007404.525590441] [htn_executor]: HTN PRIMITIVE RUNNING: navigate [WP41]
[INFO] [1788007404.727916083] [htn_executor]: HTN PRIMITIVE SUCCESS: navigate [WP41]
[INFO] [1788007404.747212909] [htn_executor]: HTN PRIMITIVE RUNNING: navigate [WP42]
[INFO] [1788007404.947799073] [htn_executor]: HTN PRIMITIVE SUCCESS: navigate [WP42]
[INFO] [1788007404.967001903] [htn_executor]: HTN PRIMITIVE RUNNING: navigate [WP43]
[INFO] [1788007405.169553162] [htn_executor]: HTN PRIMITIVE SUCCESS: navigate [WP43]
[INFO] [1788007405.187000508] [htn_executor]: HTN PRIMITIVE RUNNING: navigate [WP44]
[INFO] [1788007405.388861780] [htn_executor]: HTN PRIMITIVE SUCCESS: navigate [WP44]
[INFO] [1788007405.407968129] [htn_executor]: HTN PRIMITIVE RUNNING: navigate [WP45]
[INFO] [1788007405.609206791] [htn_executor]: HTN PRIMITIVE SUCCESS: navigate [WP45]
[INFO] [1788007405.627405620] [htn_executor]: HTN PRIMITIVE RUNNING: navigate [WP46]
[INFO] [1788007405.828082146] [htn_executor]: HTN PRIMITIVE SUCCESS: navigate [WP46]
[INFO] [1788007405.845846366] [htn_executor]: HTN PRIMITIVE RUNNING: navigate [WP47]
[INFO] [1788007406.049784852] [htn_executor]: HTN PRIMITIVE SUCCESS: navigate [WP47]
[INFO] [1788007406.068313585] [htn_executor]: HTN PRIMITIVE RUNNING: navigate [WP48]
[INFO] [1788007406.266566341] [htn_executor]: HTN PRIMITIVE SUCCESS: navigate [WP48]
[INFO] [1788007406.285802089] [htn_executor]: HTN PRIMITIVE RUNNING: navigate [WP49]
[INFO] [1788007406.487439658] [htn_executor]: HTN PRIMITIVE SUCCESS: navigate [WP49]
[INFO] [1788007406.507090941] [htn_executor]: HTN PRIMITIVE RUNNING: navigate [WP50]
[WARN] [1788007406.514479785] [htn_executor]: RUNTIME EVENT RECEIVED: GPS_LOST
[WARN] [1788007406.517126346] [htn_executor]: HTN PAUSED: navigate [WP50]
[WARN] [1788007406.521179174] [htn_executor]: HTN REPLANNING
[WARN] [1788007406.523712531] [htn_executor]: Selected method: m_gps_lost
[WARN] [1788007406.526905977] [htn_executor]: Recovery plan: wait_for_gps
[INFO] [1788007406.531183430] [htn_executor]: HTN RECOVERY RUNNING: wait_for_gps
[WARN] [1788007449.859088037] [htn_executor]: RUNTIME EVENT RECEIVED: GPS_AVAILABLE
[WARN] [1788007449.861547168] [htn_executor]: HTN REPLANNING
[WARN] [1788007449.862978639] [htn_executor]: Selected method: m_gps_restored
[WARN] [1788007449.865365903] [htn_executor]: Recovery plan: resume_mission
[INFO] [1788007449.867906138] [htn_executor]: HTN RECOVERY RUNNING: resume_mission
[INFO] [1788007450.066147563] [htn_executor]: HTN PRIMITIVE SUCCESS: resume_mission
[INFO] [1788007450.085404627] [htn_executor]: HTN RESUMED: navigate [WP50]
[INFO] [1788007450.288679215] [htn_executor]: HTN PRIMITIVE SUCCESS: navigate [WP50]
[INFO] [1788007450.307349450] [htn_executor]: HTN PRIMITIVE RUNNING: navigate [WP51]
[INFO] [1788007450.508743482] [htn_executor]: HTN PRIMITIVE SUCCESS: navigate [WP51]
[INFO] [1788007450.526537761] [htn_executor]: HTN PRIMITIVE RUNNING: navigate [WP52]
[INFO] [1788007450.727829436] [htn_executor]: HTN PRIMITIVE SUCCESS: navigate [WP52]
[INFO] [1788007450.746095425] [htn_executor]: HTN PRIMITIVE RUNNING: navigate [WP53]
[INFO] [1788007450.949735104] [htn_executor]: HTN PRIMITIVE SUCCESS: navigate [WP53]
[INFO] [1788007450.967239738] [htn_executor]: HTN PRIMITIVE RUNNING: navigate [WP54]
[INFO] [1788007451.169729490] [htn_executor]: HTN PRIMITIVE SUCCESS: navigate [WP54]
[INFO] [1788007451.188211514] [htn_executor]: HTN PRIMITIVE RUNNING: navigate [WP55]
[INFO] [1788007451.387766513] [htn_executor]: HTN PRIMITIVE SUCCESS: navigate [WP55]
[INFO] [1788007451.408181987] [htn_executor]: HTN PRIMITIVE RUNNING: navigate [WP56]
[INFO] [1788007451.609687407] [htn_executor]: HTN PRIMITIVE SUCCESS: navigate [WP56]
[INFO] [1788007451.629086544] [htn_executor]: HTN PRIMITIVE RUNNING: navigate [WP57]
[INFO] [1788007451.825767914] [htn_executor]: HTN PRIMITIVE SUCCESS: navigate [WP57]
[INFO] [1788007451.845235723] [htn_executor]: HTN PRIMITIVE RUNNING: navigate [WP58]
[INFO] [1788007452.047480414] [htn_executor]: HTN PRIMITIVE SUCCESS: navigate [WP58]
[INFO] [1788007452.066755096] [htn_executor]: HTN PRIMITIVE RUNNING: navigate [WP59]
[INFO] [1788007452.267786565] [htn_executor]: HTN PRIMITIVE SUCCESS: navigate [WP59]
[INFO] [1788007452.285821340] [htn_executor]: HTN PRIMITIVE RUNNING: navigate [WP60]
[INFO] [1788007452.489153625] [htn_executor]: HTN PRIMITIVE SUCCESS: navigate [WP60]
[INFO] [1788007452.508583958] [htn_executor]: HTN PRIMITIVE RUNNING: navigate [WP61]
[INFO] [1788007452.709393357] [htn_executor]: HTN PRIMITIVE SUCCESS: navigate [WP61]
[INFO] [1788007452.727717282] [htn_executor]: HTN PRIMITIVE RUNNING: navigate [WP62]
[INFO] [1788007452.925501777] [htn_executor]: HTN PRIMITIVE SUCCESS: navigate [WP62]
[INFO] [1788007452.945609635] [htn_executor]: HTN PRIMITIVE RUNNING: navigate [WP63]
[INFO] [1788007453.149247634] [htn_executor]: HTN PRIMITIVE SUCCESS: navigate [WP63]
[INFO] [1788007453.168194221] [htn_executor]: HTN PRIMITIVE RUNNING: navigate [WP64]
[INFO] [1788007453.370142285] [htn_executor]: HTN PRIMITIVE SUCCESS: navigate [WP64]
[INFO] [1788007453.386102601] [htn_executor]: HTN PRIMITIVE RUNNING: navigate [WP65]
[INFO] [1788007453.586714582] [htn_executor]: HTN PRIMITIVE SUCCESS: navigate [WP65]
[INFO] [1788007453.605944276] [htn_executor]: HTN PRIMITIVE RUNNING: navigate [WP66]
[INFO] [1788007453.809439644] [htn_executor]: HTN PRIMITIVE SUCCESS: navigate [WP66]
[INFO] [1788007453.826115977] [htn_executor]: HTN PRIMITIVE RUNNING: navigate [WP67]
[INFO] [1788007454.030560368] [htn_executor]: HTN PRIMITIVE SUCCESS: navigate [WP67]
[INFO] [1788007454.049589836] [htn_executor]: HTN PRIMITIVE RUNNING: navigate [WP68]
[INFO] [1788007454.251378127] [htn_executor]: HTN PRIMITIVE SUCCESS: navigate [WP68]
[INFO] [1788007454.268903096] [htn_executor]: HTN PRIMITIVE RUNNING: navigate [WP69]
[INFO] [1788007454.468453906] [htn_executor]: HTN PRIMITIVE SUCCESS: navigate [WP69]
[INFO] [1788007454.486869712] [htn_executor]: HTN PRIMITIVE RUNNING: navigate [WP70]
[INFO] [1788007454.689110796] [htn_executor]: HTN PRIMITIVE SUCCESS: navigate [WP70]
[INFO] [1788007454.708070282] [htn_executor]: HTN PRIMITIVE RUNNING: navigate [WP71]
[INFO] [1788007454.908405510] [htn_executor]: HTN PRIMITIVE SUCCESS: navigate [WP71]
[INFO] [1788007454.926891105] [htn_executor]: HTN PRIMITIVE RUNNING: navigate [WP72]
[INFO] [1788007455.127515243] [htn_executor]: HTN PRIMITIVE SUCCESS: navigate [WP72]
[INFO] [1788007455.146152521] [htn_executor]: HTN PRIMITIVE RUNNING: navigate [WP73]
[INFO] [1788007455.349867182] [htn_executor]: HTN PRIMITIVE SUCCESS: navigate [WP73]
[INFO] [1788007455.369449007] [htn_executor]: HTN PRIMITIVE RUNNING: navigate [WP74]
[INFO] [1788007455.568361925] [htn_executor]: HTN PRIMITIVE SUCCESS: navigate [WP74]
[INFO] [1788007455.586757951] [htn_executor]: HTN PRIMITIVE RUNNING: navigate [WP75]
[INFO] [1788007455.789140699] [htn_executor]: HTN PRIMITIVE SUCCESS: navigate [WP75]
[INFO] [1788007455.807412321] [htn_executor]: HTN PRIMITIVE RUNNING: navigate [WP76]
[INFO] [1788007456.009568848] [htn_executor]: HTN PRIMITIVE SUCCESS: navigate [WP76]
[INFO] [1788007456.026879507] [htn_executor]: HTN PRIMITIVE RUNNING: navigate [WP77]
[INFO] [1788007456.228541477] [htn_executor]: HTN PRIMITIVE SUCCESS: navigate [WP77]
[INFO] [1788007456.247580001] [htn_executor]: HTN PRIMITIVE RUNNING: navigate [WP78]
[INFO] [1788007456.449358017] [htn_executor]: HTN PRIMITIVE SUCCESS: navigate [WP78]
[INFO] [1788007456.466971608] [htn_executor]: HTN PRIMITIVE RUNNING: navigate [WP79]
[INFO] [1788007456.669144100] [htn_executor]: HTN PRIMITIVE SUCCESS: navigate [WP79]
[INFO] [1788007456.687656624] [htn_executor]: HTN PRIMITIVE RUNNING: navigate [WP80]
[INFO] [1788007456.889314277] [htn_executor]: HTN PRIMITIVE SUCCESS: navigate [WP80]
[INFO] [1788007456.909600924] [htn_executor]: HTN PRIMITIVE RUNNING: navigate [WP81]
[INFO] [1788007457.109116138] [htn_executor]: HTN PRIMITIVE SUCCESS: navigate [WP81]
[INFO] [1788007457.126840279] [htn_executor]: HTN PRIMITIVE RUNNING: navigate [WP82]
[INFO] [1788007457.328922220] [htn_executor]: HTN PRIMITIVE SUCCESS: navigate [WP82]
[INFO] [1788007457.346849620] [htn_executor]: HTN PRIMITIVE RUNNING: navigate [WP83]
[INFO] [1788007457.547847935] [htn_executor]: HTN PRIMITIVE SUCCESS: navigate [WP83]
[INFO] [1788007457.567650895] [htn_executor]: HTN PRIMITIVE RUNNING: navigate [WP84]
[INFO] [1788007457.767642034] [htn_executor]: HTN PRIMITIVE SUCCESS: navigate [WP84]
[INFO] [1788007457.786768864] [htn_executor]: HTN PRIMITIVE RUNNING: navigate [WP85]
[INFO] [1788007457.989145223] [htn_executor]: HTN PRIMITIVE SUCCESS: navigate [WP85]
[INFO] [1788007458.008375318] [htn_executor]: HTN PRIMITIVE RUNNING: navigate [WP86]
[INFO] [1788007458.209211717] [htn_executor]: HTN PRIMITIVE SUCCESS: navigate [WP86]
[INFO] [1788007458.226865419] [htn_executor]: HTN PRIMITIVE RUNNING: navigate [WP87]
[INFO] [1788007458.428042854] [htn_executor]: HTN PRIMITIVE SUCCESS: navigate [WP87]
[INFO] [1788007458.446972080] [htn_executor]: HTN PRIMITIVE RUNNING: navigate [WP88]
[INFO] [1788007458.650303586] [htn_executor]: HTN PRIMITIVE SUCCESS: navigate [WP88]
[INFO] [1788007458.668506332] [htn_executor]: HTN PRIMITIVE RUNNING: navigate [WP89]
[INFO] [1788007458.874543970] [htn_executor]: HTN PRIMITIVE SUCCESS: navigate [WP89]
[INFO] [1788007458.888436376] [htn_executor]: HTN PRIMITIVE RUNNING: navigate [WP90]
[INFO] [1788007459.088929379] [htn_executor]: HTN PRIMITIVE SUCCESS: navigate [WP90]
[INFO] [1788007459.107541068] [htn_executor]: HTN PRIMITIVE RUNNING: navigate [WP91]
[INFO] [1788007459.308671035] [htn_executor]: HTN PRIMITIVE SUCCESS: navigate [WP91]
[INFO] [1788007459.327712085] [htn_executor]: HTN PRIMITIVE RUNNING: navigate [WP92]
[INFO] [1788007459.528921434] [htn_executor]: HTN PRIMITIVE SUCCESS: navigate [WP92]
[INFO] [1788007459.546822698] [htn_executor]: HTN PRIMITIVE RUNNING: navigate [WP93]
[INFO] [1788007459.752039341] [htn_executor]: HTN PRIMITIVE SUCCESS: navigate [WP93]
[INFO] [1788007459.769182677] [htn_executor]: HTN PRIMITIVE RUNNING: navigate [WP94]
[INFO] [1788007459.967502259] [htn_executor]: HTN PRIMITIVE SUCCESS: navigate [WP94]
[INFO] [1788007459.986886021] [htn_executor]: HTN PRIMITIVE RUNNING: navigate [WP95]
[INFO] [1788007460.187879478] [htn_executor]: HTN PRIMITIVE SUCCESS: navigate [WP95]
[INFO] [1788007460.207860709] [htn_executor]: HTN PRIMITIVE RUNNING: navigate [WP96]
[INFO] [1788007460.409618174] [htn_executor]: HTN PRIMITIVE SUCCESS: navigate [WP96]
[INFO] [1788007460.429337057] [htn_executor]: HTN PRIMITIVE RUNNING: navigate [WP97]
[INFO] [1788007460.625755885] [htn_executor]: HTN PRIMITIVE SUCCESS: navigate [WP97]
[INFO] [1788007460.645203336] [htn_executor]: HTN PRIMITIVE RUNNING: navigate [WP98]
[INFO] [1788007460.845755886] [htn_executor]: HTN PRIMITIVE SUCCESS: navigate [WP98]
[INFO] [1788007460.865205358] [htn_executor]: HTN PRIMITIVE RUNNING: navigate [WP99]
[INFO] [1788007461.065746905] [htn_executor]: HTN PRIMITIVE SUCCESS: navigate [WP99]
[INFO] [1788007461.085201769] [htn_executor]: HTN PRIMITIVE RUNNING: navigate [WP100]
[INFO] [1788007461.286272684] [htn_executor]: HTN PRIMITIVE SUCCESS: navigate [WP100]
[INFO] [1788007461.305655061] [htn_executor]: HTN PRIMITIVE RUNNING: land
[INFO] [1788007461.509202744] [htn_executor]: HTN PRIMITIVE SUCCESS: land
[INFO] [1788007461.529126010] [htn_executor]: ================================
[INFO] [1788007461.531205973] [htn_executor]: MISSION COMPLETED
[INFO] [1788007461.532350111] [htn_executor]: Completed tasks: 102
[INFO] [1788007461.533920490] [htn_executor]: Completed navigation tasks: 100
[INFO] [1788007461.535729718] [htn_executor]: ================================
