[INFO] [1788007853.384221638] [htn_executor]: Loading mission: /home/bishal/ros2_ws/install/mission_formalism_evaluation/share/mission_formalism_evaluation/missions/mission_3.yaml
[INFO] [1788007853.562360099] [htn_executor]: ================================
[INFO] [1788007853.562913716] [htn_executor]: HTN Mission Executor
[INFO] [1788007853.563530357] [htn_executor]: Mode: FINAL_SCENARIO_CAPABLE
[INFO] [1788007853.564110601] [htn_executor]: Model: Totally Ordered State-Based HTN
[INFO] [1788007853.564727443] [htn_executor]: Mission ID: M3
[INFO] [1788007853.565336100] [htn_executor]: Mission Name: Zigzag Navigation
[INFO] [1788007853.567412170] [htn_executor]: Mission Items: 102
[INFO] [1788007853.568615512] [htn_executor]: HTN Primitive Operators: 12
[INFO] [1788007853.569906261] [htn_executor]: HTN Compound Tasks: 4
[INFO] [1788007853.570903710] [htn_executor]: HTN Methods: 16
[INFO] [1788007853.572005786] [htn_executor]: Mission Method Applications: 104
[INFO] [1788007853.572795120] [htn_executor]: Generated Primitive Plan: 102
[INFO] [1788007853.573592433] [htn_executor]: ================================
[INFO] [1788007853.594419175] [htn_executor]: HTN PRIMITIVE RUNNING: takeoff
[INFO] [1788007853.796448368] [htn_executor]: HTN PRIMITIVE SUCCESS: takeoff
[INFO] [1788007853.816207199] [htn_executor]: HTN PRIMITIVE RUNNING: navigate [WP1]
[INFO] [1788007854.015679389] [htn_executor]: HTN PRIMITIVE SUCCESS: navigate [WP1]
[INFO] [1788007854.034817818] [htn_executor]: HTN PRIMITIVE RUNNING: navigate [WP2]
[INFO] [1788007854.237331442] [htn_executor]: HTN PRIMITIVE SUCCESS: navigate [WP2]
[INFO] [1788007854.256464796] [htn_executor]: HTN PRIMITIVE RUNNING: navigate [WP3]
[INFO] [1788007854.458163743] [htn_executor]: HTN PRIMITIVE SUCCESS: navigate [WP3]
[INFO] [1788007854.476759574] [htn_executor]: HTN PRIMITIVE RUNNING: navigate [WP4]
[INFO] [1788007854.677923720] [htn_executor]: HTN PRIMITIVE SUCCESS: navigate [WP4]
[INFO] [1788007854.697891179] [htn_executor]: HTN PRIMITIVE RUNNING: navigate [WP5]
[INFO] [1788007854.895499137] [htn_executor]: HTN PRIMITIVE SUCCESS: navigate [WP5]
[INFO] [1788007854.914618335] [htn_executor]: HTN PRIMITIVE RUNNING: navigate [WP6]
[INFO] [1788007855.117765644] [htn_executor]: HTN PRIMITIVE SUCCESS: navigate [WP6]
[INFO] [1788007855.135291270] [htn_executor]: HTN PRIMITIVE RUNNING: navigate [WP7]
[INFO] [1788007855.337425099] [htn_executor]: HTN PRIMITIVE SUCCESS: navigate [WP7]
[INFO] [1788007855.356441239] [htn_executor]: HTN PRIMITIVE RUNNING: navigate [WP8]
[INFO] [1788007855.560148977] [htn_executor]: HTN PRIMITIVE SUCCESS: navigate [WP8]
[INFO] [1788007855.577151448] [htn_executor]: HTN PRIMITIVE RUNNING: navigate [WP9]
[INFO] [1788007855.778413337] [htn_executor]: HTN PRIMITIVE SUCCESS: navigate [WP9]
[INFO] [1788007855.796203226] [htn_executor]: HTN PRIMITIVE RUNNING: navigate [WP10]
[INFO] [1788007855.997508843] [htn_executor]: HTN PRIMITIVE SUCCESS: navigate [WP10]
[INFO] [1788007856.018412297] [htn_executor]: HTN PRIMITIVE RUNNING: navigate [WP11]
[INFO] [1788007856.218407376] [htn_executor]: HTN PRIMITIVE SUCCESS: navigate [WP11]
[INFO] [1788007856.238963685] [htn_executor]: HTN PRIMITIVE RUNNING: navigate [WP12]
[INFO] [1788007856.439166752] [htn_executor]: HTN PRIMITIVE SUCCESS: navigate [WP12]
[INFO] [1788007856.457784348] [htn_executor]: HTN PRIMITIVE RUNNING: navigate [WP13]
[INFO] [1788007856.656889047] [htn_executor]: HTN PRIMITIVE SUCCESS: navigate [WP13]
[INFO] [1788007856.676554526] [htn_executor]: HTN PRIMITIVE RUNNING: navigate [WP14]
[INFO] [1788007856.878339328] [htn_executor]: HTN PRIMITIVE SUCCESS: navigate [WP14]
[INFO] [1788007856.897370599] [htn_executor]: HTN PRIMITIVE RUNNING: navigate [WP15]
[INFO] [1788007857.099920757] [htn_executor]: HTN PRIMITIVE SUCCESS: navigate [WP15]
[INFO] [1788007857.118201430] [htn_executor]: HTN PRIMITIVE RUNNING: navigate [WP16]
[INFO] [1788007857.316989681] [htn_executor]: HTN PRIMITIVE SUCCESS: navigate [WP16]
[INFO] [1788007857.336485387] [htn_executor]: HTN PRIMITIVE RUNNING: navigate [WP17]
[INFO] [1788007857.539650620] [htn_executor]: HTN PRIMITIVE SUCCESS: navigate [WP17]
[INFO] [1788007857.557754848] [htn_executor]: HTN PRIMITIVE RUNNING: navigate [WP18]
[INFO] [1788007857.759300367] [htn_executor]: HTN PRIMITIVE SUCCESS: navigate [WP18]
[INFO] [1788007857.776492333] [htn_executor]: HTN PRIMITIVE RUNNING: navigate [WP19]
[INFO] [1788007857.976745276] [htn_executor]: HTN PRIMITIVE SUCCESS: navigate [WP19]
[INFO] [1788007857.996372760] [htn_executor]: HTN PRIMITIVE RUNNING: navigate [WP20]
[INFO] [1788007858.198186870] [htn_executor]: HTN PRIMITIVE SUCCESS: navigate [WP20]
[INFO] [1788007858.216423917] [htn_executor]: HTN PRIMITIVE RUNNING: navigate [WP21]
[INFO] [1788007858.418501972] [htn_executor]: HTN PRIMITIVE SUCCESS: navigate [WP21]
[INFO] [1788007858.435610123] [htn_executor]: HTN PRIMITIVE RUNNING: navigate [WP22]
[INFO] [1788007858.635133594] [htn_executor]: HTN PRIMITIVE SUCCESS: navigate [WP22]
[INFO] [1788007858.656243356] [htn_executor]: HTN PRIMITIVE RUNNING: navigate [WP23]
[INFO] [1788007858.856691488] [htn_executor]: HTN PRIMITIVE SUCCESS: navigate [WP23]
[INFO] [1788007858.875370502] [htn_executor]: HTN PRIMITIVE RUNNING: navigate [WP24]
[INFO] [1788007859.075349666] [htn_executor]: HTN PRIMITIVE SUCCESS: navigate [WP24]
[INFO] [1788007859.094520437] [htn_executor]: HTN PRIMITIVE RUNNING: navigate [WP25]
[INFO] [1788007859.298169693] [htn_executor]: HTN PRIMITIVE SUCCESS: navigate [WP25]
[INFO] [1788007859.316228155] [htn_executor]: HTN PRIMITIVE RUNNING: navigate [WP26]
[INFO] [1788007859.518391027] [htn_executor]: HTN PRIMITIVE SUCCESS: navigate [WP26]
[INFO] [1788007859.537736136] [htn_executor]: HTN PRIMITIVE RUNNING: navigate [WP27]
[INFO] [1788007859.738813969] [htn_executor]: HTN PRIMITIVE SUCCESS: navigate [WP27]
[INFO] [1788007859.756799899] [htn_executor]: HTN PRIMITIVE RUNNING: navigate [WP28]
[INFO] [1788007859.957533521] [htn_executor]: HTN PRIMITIVE SUCCESS: navigate [WP28]
[INFO] [1788007859.976844202] [htn_executor]: HTN PRIMITIVE RUNNING: navigate [WP29]
[INFO] [1788007860.178410962] [htn_executor]: HTN PRIMITIVE SUCCESS: navigate [WP29]
[INFO] [1788007860.197298127] [htn_executor]: HTN PRIMITIVE RUNNING: navigate [WP30]
[INFO] [1788007860.398323806] [htn_executor]: HTN PRIMITIVE SUCCESS: navigate [WP30]
[INFO] [1788007860.416135066] [htn_executor]: HTN PRIMITIVE RUNNING: navigate [WP31]
[INFO] [1788007860.616803556] [htn_executor]: HTN PRIMITIVE SUCCESS: navigate [WP31]
[INFO] [1788007860.637527501] [htn_executor]: HTN PRIMITIVE RUNNING: navigate [WP32]
[INFO] [1788007860.838257096] [htn_executor]: HTN PRIMITIVE SUCCESS: navigate [WP32]
[INFO] [1788007860.856534750] [htn_executor]: HTN PRIMITIVE RUNNING: navigate [WP33]
[INFO] [1788007861.058157212] [htn_executor]: HTN PRIMITIVE SUCCESS: navigate [WP33]
[INFO] [1788007861.077987340] [htn_executor]: HTN PRIMITIVE RUNNING: navigate [WP34]
[INFO] [1788007861.275508954] [htn_executor]: HTN PRIMITIVE SUCCESS: navigate [WP34]
[INFO] [1788007861.294881374] [htn_executor]: HTN PRIMITIVE RUNNING: navigate [WP35]
[INFO] [1788007861.497645447] [htn_executor]: HTN PRIMITIVE SUCCESS: navigate [WP35]
[INFO] [1788007861.515689940] [htn_executor]: HTN PRIMITIVE RUNNING: navigate [WP36]
[INFO] [1788007861.719060915] [htn_executor]: HTN PRIMITIVE SUCCESS: navigate [WP36]
[INFO] [1788007861.737207715] [htn_executor]: HTN PRIMITIVE RUNNING: navigate [WP37]
[INFO] [1788007861.936749074] [htn_executor]: HTN PRIMITIVE SUCCESS: navigate [WP37]
[INFO] [1788007861.955898886] [htn_executor]: HTN PRIMITIVE RUNNING: navigate [WP38]
[INFO] [1788007862.164949756] [htn_executor]: HTN PRIMITIVE SUCCESS: navigate [WP38]
[INFO] [1788007862.185713972] [htn_executor]: HTN PRIMITIVE RUNNING: navigate [WP39]
[INFO] [1788007862.375120841] [htn_executor]: HTN PRIMITIVE SUCCESS: navigate [WP39]
[INFO] [1788007862.394855135] [htn_executor]: HTN PRIMITIVE RUNNING: navigate [WP40]
[INFO] [1788007862.595536868] [htn_executor]: HTN PRIMITIVE SUCCESS: navigate [WP40]
[INFO] [1788007862.614979544] [htn_executor]: HTN PRIMITIVE RUNNING: navigate [WP41]
[INFO] [1788007862.815179151] [htn_executor]: HTN PRIMITIVE SUCCESS: navigate [WP41]
[INFO] [1788007862.835224767] [htn_executor]: HTN PRIMITIVE RUNNING: navigate [WP42]
[INFO] [1788007863.037006383] [htn_executor]: HTN PRIMITIVE SUCCESS: navigate [WP42]
[INFO] [1788007863.056350202] [htn_executor]: HTN PRIMITIVE RUNNING: navigate [WP43]
[INFO] [1788007863.258516164] [htn_executor]: HTN PRIMITIVE SUCCESS: navigate [WP43]
[INFO] [1788007863.276870703] [htn_executor]: HTN PRIMITIVE RUNNING: navigate [WP44]
[INFO] [1788007863.479677788] [htn_executor]: HTN PRIMITIVE SUCCESS: navigate [WP44]
[INFO] [1788007863.497342456] [htn_executor]: HTN PRIMITIVE RUNNING: navigate [WP45]
[INFO] [1788007863.697378213] [htn_executor]: HTN PRIMITIVE SUCCESS: navigate [WP45]
[INFO] [1788007863.716529468] [htn_executor]: HTN PRIMITIVE RUNNING: navigate [WP46]
[INFO] [1788007863.918784836] [htn_executor]: HTN PRIMITIVE SUCCESS: navigate [WP46]
[INFO] [1788007863.936135805] [htn_executor]: HTN PRIMITIVE RUNNING: navigate [WP47]
[INFO] [1788007864.138137155] [htn_executor]: HTN PRIMITIVE SUCCESS: navigate [WP47]
[INFO] [1788007864.159129019] [htn_executor]: HTN PRIMITIVE RUNNING: navigate [WP48]
[INFO] [1788007864.358472124] [htn_executor]: HTN PRIMITIVE SUCCESS: navigate [WP48]
[INFO] [1788007864.377954542] [htn_executor]: HTN PRIMITIVE RUNNING: navigate [WP49]
[INFO] [1788007864.578476039] [htn_executor]: HTN PRIMITIVE SUCCESS: navigate [WP49]
[INFO] [1788007864.596639953] [htn_executor]: HTN PRIMITIVE RUNNING: navigate [WP50]
[WARN] [1788007864.603797468] [htn_executor]: RUNTIME EVENT RECEIVED: GPS_LOST
[WARN] [1788007864.607526942] [htn_executor]: HTN PAUSED: navigate [WP50]
[WARN] [1788007864.610508851] [htn_executor]: HTN REPLANNING
[WARN] [1788007864.612727155] [htn_executor]: Selected method: m_gps_lost
[WARN] [1788007864.616584561] [htn_executor]: Recovery plan: wait_for_gps
[INFO] [1788007864.622621474] [htn_executor]: HTN RECOVERY RUNNING: wait_for_gps
[WARN] [1788007955.753212615] [htn_executor]: RUNTIME EVENT RECEIVED: GPS_RECOVERY_FAILED
[WARN] [1788007955.756866503] [htn_executor]: HTN REPLANNING
[WARN] [1788007955.758802402] [htn_executor]: Selected method: m_gps_recovery_failed
[WARN] [1788007955.761250490] [htn_executor]: Recovery plan: emergency_land -> safe_terminate
[INFO] [1788007955.764579321] [htn_executor]: HTN RECOVERY RUNNING: emergency_land
[INFO] [1788007955.954979090] [htn_executor]: HTN PRIMITIVE SUCCESS: emergency_land
[INFO] [1788007955.974430710] [htn_executor]: HTN RECOVERY RUNNING: safe_terminate
[INFO] [1788007956.178138079] [htn_executor]: HTN PRIMITIVE SUCCESS: safe_terminate
[WARN] [1788007956.180400374] [htn_executor]: ================================
[WARN] [1788007956.182740112] [htn_executor]: MISSION SAFE TERMINATED
[WARN] [1788007956.184584696] [htn_executor]: Reason: GPS_RECOVERY_FAILED
[WARN] [1788007956.186396688] [htn_executor]: ================================
