[INFO] [1787159250.693120930] [fsm_executor]: Loading mission: /home/bishal/ros2_ws/install/mission_formalism_evaluation/share/mission_formalism_evaluation/missions/mission_4.yaml
[INFO] [1787159250.740731406] [fsm_executor]: Mission ID: M4
[INFO] [1787159250.741358789] [fsm_executor]: Mission Name: Zigzag and Return
[INFO] [1787159250.742010754] [fsm_executor]: Mission Items: 201
[INFO] [1787159250.742630163] [fsm_executor]: FSM States: 210
[INFO] [1787159250.743631611] [fsm_executor]: FSM Transitions: 1402
[INFO] [1787159250.744593998] [fsm_executor]: TRANSITION: IDLE --[START]--> TAKEOFF_0
[INFO] [1787159250.745732513] [fsm_executor]: STATE: TAKEOFF_0 | ACTION: TAKEOFF
[INFO] [1787159250.845593190] [fsm_executor]: EVENT: TASK_COMPLETED in TAKEOFF_0
[INFO] [1787159250.846576823] [fsm_executor]: TRANSITION: TAKEOFF_0 --[TASK_COMPLETED]--> NAV_1_WP1
[INFO] [1787159250.847780447] [fsm_executor]: STATE: NAV_1_WP1 | ACTION: NAVIGATE -> WP1
[INFO] [1787159250.946904804] [fsm_executor]: EVENT: TASK_COMPLETED in NAV_1_WP1
[INFO] [1787159250.948463167] [fsm_executor]: TRANSITION: NAV_1_WP1 --[TASK_COMPLETED]--> NAV_2_WP2
[INFO] [1787159250.950088963] [fsm_executor]: STATE: NAV_2_WP2 | ACTION: NAVIGATE -> WP2
[INFO] [1787159251.047154003] [fsm_executor]: EVENT: TASK_COMPLETED in NAV_2_WP2
[INFO] [1787159251.048728610] [fsm_executor]: TRANSITION: NAV_2_WP2 --[TASK_COMPLETED]--> NAV_3_WP3
[INFO] [1787159251.050416364] [fsm_executor]: STATE: NAV_3_WP3 | ACTION: NAVIGATE -> WP3
[INFO] [1787159251.147233050] [fsm_executor]: EVENT: TASK_COMPLETED in NAV_3_WP3
[INFO] [1787159251.148777983] [fsm_executor]: TRANSITION: NAV_3_WP3 --[TASK_COMPLETED]--> NAV_4_WP4
[INFO] [1787159251.150433382] [fsm_executor]: STATE: NAV_4_WP4 | ACTION: NAVIGATE -> WP4
[INFO] [1787159251.526752317] [fsm_executor]: EVENT: TASK_COMPLETED in NAV_4_WP4
[INFO] [1787159251.528562322] [fsm_executor]: TRANSITION: NAV_4_WP4 --[TASK_COMPLETED]--> NAV_5_WP5
[INFO] [1787159251.530871500] [fsm_executor]: STATE: NAV_5_WP5 | ACTION: NAVIGATE -> WP5
[INFO] [1787159251.539738094] [fsm_executor]: EVENT: TASK_COMPLETED in NAV_5_WP5
[INFO] [1787159251.541817984] [fsm_executor]: TRANSITION: NAV_5_WP5 --[TASK_COMPLETED]--> NAV_6_WP6
[INFO] [1787159251.545206424] [fsm_executor]: STATE: NAV_6_WP6 | ACTION: NAVIGATE -> WP6
[INFO] [1787159251.556756264] [fsm_executor]: EVENT: TASK_COMPLETED in NAV_6_WP6
[INFO] [1787159251.559732384] [fsm_executor]: TRANSITION: NAV_6_WP6 --[TASK_COMPLETED]--> NAV_7_WP7
[INFO] [1787159251.562326341] [fsm_executor]: STATE: NAV_7_WP7 | ACTION: NAVIGATE -> WP7
[INFO] [1787159251.648150867] [fsm_executor]: EVENT: TASK_COMPLETED in NAV_7_WP7
[INFO] [1787159251.650392356] [fsm_executor]: TRANSITION: NAV_7_WP7 --[TASK_COMPLETED]--> NAV_8_WP8
[INFO] [1787159251.653699043] [fsm_executor]: STATE: NAV_8_WP8 | ACTION: NAVIGATE -> WP8
[INFO] [1787159251.752319689] [fsm_executor]: EVENT: TASK_COMPLETED in NAV_8_WP8
[INFO] [1787159251.759957983] [fsm_executor]: TRANSITION: NAV_8_WP8 --[TASK_COMPLETED]--> NAV_9_WP9
[INFO] [1787159251.763076199] [fsm_executor]: STATE: NAV_9_WP9 | ACTION: NAVIGATE -> WP9
[INFO] [1787159251.845728325] [fsm_executor]: EVENT: TASK_COMPLETED in NAV_9_WP9
[INFO] [1787159251.849107682] [fsm_executor]: TRANSITION: NAV_9_WP9 --[TASK_COMPLETED]--> NAV_10_WP10
[INFO] [1787159251.850453359] [fsm_executor]: STATE: NAV_10_WP10 | ACTION: NAVIGATE -> WP10
[INFO] [1787159251.945590681] [fsm_executor]: EVENT: TASK_COMPLETED in NAV_10_WP10
[INFO] [1787159251.946696033] [fsm_executor]: TRANSITION: NAV_10_WP10 --[TASK_COMPLETED]--> NAV_11_WP11
[INFO] [1787159251.947767392] [fsm_executor]: STATE: NAV_11_WP11 | ACTION: NAVIGATE -> WP11
[INFO] [1787159252.045517596] [fsm_executor]: EVENT: TASK_COMPLETED in NAV_11_WP11
[INFO] [1787159252.046405633] [fsm_executor]: TRANSITION: NAV_11_WP11 --[TASK_COMPLETED]--> NAV_12_WP12
[INFO] [1787159252.047050112] [fsm_executor]: STATE: NAV_12_WP12 | ACTION: NAVIGATE -> WP12
[INFO] [1787159252.145453556] [fsm_executor]: EVENT: TASK_COMPLETED in NAV_12_WP12
[INFO] [1787159252.146166000] [fsm_executor]: TRANSITION: NAV_12_WP12 --[TASK_COMPLETED]--> NAV_13_WP13
[INFO] [1787159252.147021299] [fsm_executor]: STATE: NAV_13_WP13 | ACTION: NAVIGATE -> WP13
[INFO] [1787159252.245756082] [fsm_executor]: EVENT: TASK_COMPLETED in NAV_13_WP13
[INFO] [1787159252.249650962] [fsm_executor]: TRANSITION: NAV_13_WP13 --[TASK_COMPLETED]--> NAV_14_WP14
[INFO] [1787159252.251016778] [fsm_executor]: STATE: NAV_14_WP14 | ACTION: NAVIGATE -> WP14
[INFO] [1787159252.347318802] [fsm_executor]: EVENT: TASK_COMPLETED in NAV_14_WP14
[INFO] [1787159252.352364781] [fsm_executor]: TRANSITION: NAV_14_WP14 --[TASK_COMPLETED]--> NAV_15_WP15
[INFO] [1787159252.355634766] [fsm_executor]: STATE: NAV_15_WP15 | ACTION: NAVIGATE -> WP15
[INFO] [1787159252.448551700] [fsm_executor]: EVENT: TASK_COMPLETED in NAV_15_WP15
[INFO] [1787159252.451164535] [fsm_executor]: TRANSITION: NAV_15_WP15 --[TASK_COMPLETED]--> NAV_16_WP16
[INFO] [1787159252.454380490] [fsm_executor]: STATE: NAV_16_WP16 | ACTION: NAVIGATE -> WP16
[INFO] [1787159252.549354245] [fsm_executor]: EVENT: TASK_COMPLETED in NAV_16_WP16
[INFO] [1787159252.552363265] [fsm_executor]: TRANSITION: NAV_16_WP16 --[TASK_COMPLETED]--> NAV_17_WP17
[INFO] [1787159252.556033567] [fsm_executor]: STATE: NAV_17_WP17 | ACTION: NAVIGATE -> WP17
[INFO] [1787159252.649918588] [fsm_executor]: EVENT: TASK_COMPLETED in NAV_17_WP17
[INFO] [1787159252.652755447] [fsm_executor]: TRANSITION: NAV_17_WP17 --[TASK_COMPLETED]--> NAV_18_WP18
[INFO] [1787159252.655011651] [fsm_executor]: STATE: NAV_18_WP18 | ACTION: NAVIGATE -> WP18
[INFO] [1787159252.746653289] [fsm_executor]: EVENT: TASK_COMPLETED in NAV_18_WP18
[INFO] [1787159252.750746030] [fsm_executor]: TRANSITION: NAV_18_WP18 --[TASK_COMPLETED]--> NAV_19_WP19
[INFO] [1787159252.752060446] [fsm_executor]: STATE: NAV_19_WP19 | ACTION: NAVIGATE -> WP19
[INFO] [1787159252.846958999] [fsm_executor]: EVENT: TASK_COMPLETED in NAV_19_WP19
[INFO] [1787159252.848349584] [fsm_executor]: TRANSITION: NAV_19_WP19 --[TASK_COMPLETED]--> NAV_20_WP20
[INFO] [1787159252.849921649] [fsm_executor]: STATE: NAV_20_WP20 | ACTION: NAVIGATE -> WP20
[INFO] [1787159252.946614810] [fsm_executor]: EVENT: TASK_COMPLETED in NAV_20_WP20
[INFO] [1787159252.948443503] [fsm_executor]: TRANSITION: NAV_20_WP20 --[TASK_COMPLETED]--> NAV_21_WP21
[INFO] [1787159252.950181372] [fsm_executor]: STATE: NAV_21_WP21 | ACTION: NAVIGATE -> WP21
[INFO] [1787159253.049079733] [fsm_executor]: EVENT: TASK_COMPLETED in NAV_21_WP21
[INFO] [1787159253.052007151] [fsm_executor]: TRANSITION: NAV_21_WP21 --[TASK_COMPLETED]--> NAV_22_WP22
[INFO] [1787159253.055082433] [fsm_executor]: STATE: NAV_22_WP22 | ACTION: NAVIGATE -> WP22
[INFO] [1787159253.147628798] [fsm_executor]: EVENT: TASK_COMPLETED in NAV_22_WP22
[INFO] [1787159253.150278675] [fsm_executor]: TRANSITION: NAV_22_WP22 --[TASK_COMPLETED]--> NAV_23_WP23
[INFO] [1787159253.153790969] [fsm_executor]: STATE: NAV_23_WP23 | ACTION: NAVIGATE -> WP23
[INFO] [1787159253.249888983] [fsm_executor]: EVENT: TASK_COMPLETED in NAV_23_WP23
[INFO] [1787159253.254568470] [fsm_executor]: TRANSITION: NAV_23_WP23 --[TASK_COMPLETED]--> NAV_24_WP24
[INFO] [1787159253.258019940] [fsm_executor]: STATE: NAV_24_WP24 | ACTION: NAVIGATE -> WP24
[INFO] [1787159253.347755511] [fsm_executor]: EVENT: TASK_COMPLETED in NAV_24_WP24
[INFO] [1787159253.351805665] [fsm_executor]: TRANSITION: NAV_24_WP24 --[TASK_COMPLETED]--> NAV_25_WP25
[INFO] [1787159253.354845049] [fsm_executor]: STATE: NAV_25_WP25 | ACTION: NAVIGATE -> WP25
[INFO] [1787159253.458513601] [fsm_executor]: EVENT: TASK_COMPLETED in NAV_25_WP25
[INFO] [1787159253.463751251] [fsm_executor]: TRANSITION: NAV_25_WP25 --[TASK_COMPLETED]--> NAV_26_WP26
[INFO] [1787159253.467736552] [fsm_executor]: STATE: NAV_26_WP26 | ACTION: NAVIGATE -> WP26
[INFO] [1787159253.554991950] [fsm_executor]: EVENT: TASK_COMPLETED in NAV_26_WP26
[INFO] [1787159253.564757583] [fsm_executor]: TRANSITION: NAV_26_WP26 --[TASK_COMPLETED]--> NAV_27_WP27
[INFO] [1787159253.570986920] [fsm_executor]: STATE: NAV_27_WP27 | ACTION: NAVIGATE -> WP27
[INFO] [1787159253.645676872] [fsm_executor]: EVENT: TASK_COMPLETED in NAV_27_WP27
[INFO] [1787159253.646968780] [fsm_executor]: TRANSITION: NAV_27_WP27 --[TASK_COMPLETED]--> NAV_28_WP28
[INFO] [1787159253.648361095] [fsm_executor]: STATE: NAV_28_WP28 | ACTION: NAVIGATE -> WP28
[INFO] [1787159253.746038720] [fsm_executor]: EVENT: TASK_COMPLETED in NAV_28_WP28
[INFO] [1787159253.747347431] [fsm_executor]: TRANSITION: NAV_28_WP28 --[TASK_COMPLETED]--> NAV_29_WP29
[INFO] [1787159253.748736710] [fsm_executor]: STATE: NAV_29_WP29 | ACTION: NAVIGATE -> WP29
[INFO] [1787159253.845683942] [fsm_executor]: EVENT: TASK_COMPLETED in NAV_29_WP29
[INFO] [1787159253.847352076] [fsm_executor]: TRANSITION: NAV_29_WP29 --[TASK_COMPLETED]--> NAV_30_WP30
[INFO] [1787159253.848810961] [fsm_executor]: STATE: NAV_30_WP30 | ACTION: NAVIGATE -> WP30
[INFO] [1787159253.945491002] [fsm_executor]: EVENT: TASK_COMPLETED in NAV_30_WP30
[INFO] [1787159253.946588540] [fsm_executor]: TRANSITION: NAV_30_WP30 --[TASK_COMPLETED]--> NAV_31_WP31
[INFO] [1787159253.948618685] [fsm_executor]: STATE: NAV_31_WP31 | ACTION: NAVIGATE -> WP31
[INFO] [1787159254.045920268] [fsm_executor]: EVENT: TASK_COMPLETED in NAV_31_WP31
[INFO] [1787159254.047433266] [fsm_executor]: TRANSITION: NAV_31_WP31 --[TASK_COMPLETED]--> NAV_32_WP32
[INFO] [1787159254.049015667] [fsm_executor]: STATE: NAV_32_WP32 | ACTION: NAVIGATE -> WP32
[INFO] [1787159254.147626322] [fsm_executor]: EVENT: TASK_COMPLETED in NAV_32_WP32
[INFO] [1787159254.150872397] [fsm_executor]: TRANSITION: NAV_32_WP32 --[TASK_COMPLETED]--> NAV_33_WP33
[INFO] [1787159254.153144296] [fsm_executor]: STATE: NAV_33_WP33 | ACTION: NAVIGATE -> WP33
[INFO] [1787159254.249812644] [fsm_executor]: EVENT: TASK_COMPLETED in NAV_33_WP33
[INFO] [1787159254.256249431] [fsm_executor]: TRANSITION: NAV_33_WP33 --[TASK_COMPLETED]--> NAV_34_WP34
[INFO] [1787159254.258969980] [fsm_executor]: STATE: NAV_34_WP34 | ACTION: NAVIGATE -> WP34
[INFO] [1787159254.348181024] [fsm_executor]: EVENT: TASK_COMPLETED in NAV_34_WP34
[INFO] [1787159254.352253897] [fsm_executor]: TRANSITION: NAV_34_WP34 --[TASK_COMPLETED]--> NAV_35_WP35
[INFO] [1787159254.355940363] [fsm_executor]: STATE: NAV_35_WP35 | ACTION: NAVIGATE -> WP35
[INFO] [1787159254.447894890] [fsm_executor]: EVENT: TASK_COMPLETED in NAV_35_WP35
[INFO] [1787159254.450642161] [fsm_executor]: TRANSITION: NAV_35_WP35 --[TASK_COMPLETED]--> NAV_36_WP36
[INFO] [1787159254.453739318] [fsm_executor]: STATE: NAV_36_WP36 | ACTION: NAVIGATE -> WP36
[INFO] [1787159254.547837915] [fsm_executor]: EVENT: TASK_COMPLETED in NAV_36_WP36
[INFO] [1787159254.549440082] [fsm_executor]: TRANSITION: NAV_36_WP36 --[TASK_COMPLETED]--> NAV_37_WP37
[INFO] [1787159254.551135337] [fsm_executor]: STATE: NAV_37_WP37 | ACTION: NAVIGATE -> WP37
[INFO] [1787159254.648421982] [fsm_executor]: EVENT: TASK_COMPLETED in NAV_37_WP37
[INFO] [1787159254.651093556] [fsm_executor]: TRANSITION: NAV_37_WP37 --[TASK_COMPLETED]--> NAV_38_WP38
[INFO] [1787159254.654404132] [fsm_executor]: STATE: NAV_38_WP38 | ACTION: NAVIGATE -> WP38
[INFO] [1787159254.747754918] [fsm_executor]: EVENT: TASK_COMPLETED in NAV_38_WP38
[INFO] [1787159254.749352205] [fsm_executor]: TRANSITION: NAV_38_WP38 --[TASK_COMPLETED]--> NAV_39_WP39
[INFO] [1787159254.751419382] [fsm_executor]: STATE: NAV_39_WP39 | ACTION: NAVIGATE -> WP39
[INFO] [1787159254.851623040] [fsm_executor]: EVENT: TASK_COMPLETED in NAV_39_WP39
[INFO] [1787159254.854876411] [fsm_executor]: TRANSITION: NAV_39_WP39 --[TASK_COMPLETED]--> NAV_40_WP40
[INFO] [1787159254.859321112] [fsm_executor]: STATE: NAV_40_WP40 | ACTION: NAVIGATE -> WP40
[INFO] [1787159254.948741784] [fsm_executor]: EVENT: TASK_COMPLETED in NAV_40_WP40
[INFO] [1787159254.950283837] [fsm_executor]: TRANSITION: NAV_40_WP40 --[TASK_COMPLETED]--> NAV_41_WP41
[INFO] [1787159254.951988754] [fsm_executor]: STATE: NAV_41_WP41 | ACTION: NAVIGATE -> WP41
[INFO] [1787159255.050183838] [fsm_executor]: EVENT: TASK_COMPLETED in NAV_41_WP41
[INFO] [1787159255.053123295] [fsm_executor]: TRANSITION: NAV_41_WP41 --[TASK_COMPLETED]--> NAV_42_WP42
[INFO] [1787159255.056601224] [fsm_executor]: STATE: NAV_42_WP42 | ACTION: NAVIGATE -> WP42
[INFO] [1787159255.147937680] [fsm_executor]: EVENT: TASK_COMPLETED in NAV_42_WP42
[INFO] [1787159255.150731245] [fsm_executor]: TRANSITION: NAV_42_WP42 --[TASK_COMPLETED]--> NAV_43_WP43
[INFO] [1787159255.153535219] [fsm_executor]: STATE: NAV_43_WP43 | ACTION: NAVIGATE -> WP43
[INFO] [1787159255.249058382] [fsm_executor]: EVENT: TASK_COMPLETED in NAV_43_WP43
[INFO] [1787159255.250662692] [fsm_executor]: TRANSITION: NAV_43_WP43 --[TASK_COMPLETED]--> NAV_44_WP44
[INFO] [1787159255.253954117] [fsm_executor]: STATE: NAV_44_WP44 | ACTION: NAVIGATE -> WP44
[INFO] [1787159255.348776106] [fsm_executor]: EVENT: TASK_COMPLETED in NAV_44_WP44
[INFO] [1787159255.352104191] [fsm_executor]: TRANSITION: NAV_44_WP44 --[TASK_COMPLETED]--> NAV_45_WP45
[INFO] [1787159255.354926897] [fsm_executor]: STATE: NAV_45_WP45 | ACTION: NAVIGATE -> WP45
[INFO] [1787159255.449169298] [fsm_executor]: EVENT: TASK_COMPLETED in NAV_45_WP45
[INFO] [1787159255.450941696] [fsm_executor]: TRANSITION: NAV_45_WP45 --[TASK_COMPLETED]--> NAV_46_WP46
[INFO] [1787159255.452891223] [fsm_executor]: STATE: NAV_46_WP46 | ACTION: NAVIGATE -> WP46
[INFO] [1787159255.552619867] [fsm_executor]: EVENT: TASK_COMPLETED in NAV_46_WP46
[INFO] [1787159255.555707894] [fsm_executor]: TRANSITION: NAV_46_WP46 --[TASK_COMPLETED]--> NAV_47_WP47
[INFO] [1787159255.559242901] [fsm_executor]: STATE: NAV_47_WP47 | ACTION: NAVIGATE -> WP47
[INFO] [1787159255.648205065] [fsm_executor]: EVENT: TASK_COMPLETED in NAV_47_WP47
[INFO] [1787159255.651429993] [fsm_executor]: TRANSITION: NAV_47_WP47 --[TASK_COMPLETED]--> NAV_48_WP48
[INFO] [1787159255.654912624] [fsm_executor]: STATE: NAV_48_WP48 | ACTION: NAVIGATE -> WP48
[INFO] [1787159255.749034435] [fsm_executor]: EVENT: TASK_COMPLETED in NAV_48_WP48
[INFO] [1787159255.751967365] [fsm_executor]: TRANSITION: NAV_48_WP48 --[TASK_COMPLETED]--> NAV_49_WP49
[INFO] [1787159255.755448519] [fsm_executor]: STATE: NAV_49_WP49 | ACTION: NAVIGATE -> WP49
[INFO] [1787159255.855156713] [fsm_executor]: EVENT: TASK_COMPLETED in NAV_49_WP49
[INFO] [1787159255.858482059] [fsm_executor]: TRANSITION: NAV_49_WP49 --[TASK_COMPLETED]--> NAV_50_WP50
[INFO] [1787159255.862235796] [fsm_executor]: STATE: NAV_50_WP50 | ACTION: NAVIGATE -> WP50
[INFO] [1787159255.945700449] [fsm_executor]: EVENT: TASK_COMPLETED in NAV_50_WP50
[INFO] [1787159255.946744630] [fsm_executor]: TRANSITION: NAV_50_WP50 --[TASK_COMPLETED]--> NAV_51_WP51
[INFO] [1787159255.947899004] [fsm_executor]: STATE: NAV_51_WP51 | ACTION: NAVIGATE -> WP51
[INFO] [1787159256.045578127] [fsm_executor]: EVENT: TASK_COMPLETED in NAV_51_WP51
[INFO] [1787159256.046829684] [fsm_executor]: TRANSITION: NAV_51_WP51 --[TASK_COMPLETED]--> NAV_52_WP52
[INFO] [1787159256.047954983] [fsm_executor]: STATE: NAV_52_WP52 | ACTION: NAVIGATE -> WP52
[INFO] [1787159256.148008508] [fsm_executor]: EVENT: TASK_COMPLETED in NAV_52_WP52
[INFO] [1787159256.151058127] [fsm_executor]: TRANSITION: NAV_52_WP52 --[TASK_COMPLETED]--> NAV_53_WP53
[INFO] [1787159256.154534229] [fsm_executor]: STATE: NAV_53_WP53 | ACTION: NAVIGATE -> WP53
[INFO] [1787159256.248549465] [fsm_executor]: EVENT: TASK_COMPLETED in NAV_53_WP53
[INFO] [1787159256.251590212] [fsm_executor]: TRANSITION: NAV_53_WP53 --[TASK_COMPLETED]--> NAV_54_WP54
[INFO] [1787159256.255156875] [fsm_executor]: STATE: NAV_54_WP54 | ACTION: NAVIGATE -> WP54
[INFO] [1787159256.351382911] [fsm_executor]: EVENT: TASK_COMPLETED in NAV_54_WP54
[INFO] [1787159256.354666028] [fsm_executor]: TRANSITION: NAV_54_WP54 --[TASK_COMPLETED]--> NAV_55_WP55
[INFO] [1787159256.359222194] [fsm_executor]: STATE: NAV_55_WP55 | ACTION: NAVIGATE -> WP55
[INFO] [1787159256.448962726] [fsm_executor]: EVENT: TASK_COMPLETED in NAV_55_WP55
[INFO] [1787159256.452400944] [fsm_executor]: TRANSITION: NAV_55_WP55 --[TASK_COMPLETED]--> NAV_56_WP56
[INFO] [1787159256.456323893] [fsm_executor]: STATE: NAV_56_WP56 | ACTION: NAVIGATE -> WP56
[INFO] [1787159256.549857374] [fsm_executor]: EVENT: TASK_COMPLETED in NAV_56_WP56
[INFO] [1787159256.552901023] [fsm_executor]: TRANSITION: NAV_56_WP56 --[TASK_COMPLETED]--> NAV_57_WP57
[INFO] [1787159256.556567015] [fsm_executor]: STATE: NAV_57_WP57 | ACTION: NAVIGATE -> WP57
[INFO] [1787159256.654000523] [fsm_executor]: EVENT: TASK_COMPLETED in NAV_57_WP57
[INFO] [1787159256.657658567] [fsm_executor]: TRANSITION: NAV_57_WP57 --[TASK_COMPLETED]--> NAV_58_WP58
[INFO] [1787159256.661653990] [fsm_executor]: STATE: NAV_58_WP58 | ACTION: NAVIGATE -> WP58
[INFO] [1787159256.752718883] [fsm_executor]: EVENT: TASK_COMPLETED in NAV_58_WP58
[INFO] [1787159256.759169754] [fsm_executor]: TRANSITION: NAV_58_WP58 --[TASK_COMPLETED]--> NAV_59_WP59
[INFO] [1787159256.763059599] [fsm_executor]: STATE: NAV_59_WP59 | ACTION: NAVIGATE -> WP59
[INFO] [1787159256.848480983] [fsm_executor]: EVENT: TASK_COMPLETED in NAV_59_WP59
[INFO] [1787159256.850244289] [fsm_executor]: TRANSITION: NAV_59_WP59 --[TASK_COMPLETED]--> NAV_60_WP60
[INFO] [1787159256.853193481] [fsm_executor]: STATE: NAV_60_WP60 | ACTION: NAVIGATE -> WP60
[INFO] [1787159256.948151172] [fsm_executor]: EVENT: TASK_COMPLETED in NAV_60_WP60
[INFO] [1787159256.950011844] [fsm_executor]: TRANSITION: NAV_60_WP60 --[TASK_COMPLETED]--> NAV_61_WP61
[INFO] [1787159256.955701729] [fsm_executor]: STATE: NAV_61_WP61 | ACTION: NAVIGATE -> WP61
[INFO] [1787159257.048377054] [fsm_executor]: EVENT: TASK_COMPLETED in NAV_61_WP61
[INFO] [1787159257.051531536] [fsm_executor]: TRANSITION: NAV_61_WP61 --[TASK_COMPLETED]--> NAV_62_WP62
[INFO] [1787159257.054482333] [fsm_executor]: STATE: NAV_62_WP62 | ACTION: NAVIGATE -> WP62
[INFO] [1787159257.148477080] [fsm_executor]: EVENT: TASK_COMPLETED in NAV_62_WP62
[INFO] [1787159257.151520041] [fsm_executor]: TRANSITION: NAV_62_WP62 --[TASK_COMPLETED]--> NAV_63_WP63
[INFO] [1787159257.154465001] [fsm_executor]: STATE: NAV_63_WP63 | ACTION: NAVIGATE -> WP63
[INFO] [1787159257.248355658] [fsm_executor]: EVENT: TASK_COMPLETED in NAV_63_WP63
[INFO] [1787159257.251728246] [fsm_executor]: TRANSITION: NAV_63_WP63 --[TASK_COMPLETED]--> NAV_64_WP64
[INFO] [1787159257.255023701] [fsm_executor]: STATE: NAV_64_WP64 | ACTION: NAVIGATE -> WP64
[INFO] [1787159257.348950645] [fsm_executor]: EVENT: TASK_COMPLETED in NAV_64_WP64
[INFO] [1787159257.354749273] [fsm_executor]: TRANSITION: NAV_64_WP64 --[TASK_COMPLETED]--> NAV_65_WP65
[INFO] [1787159257.357966156] [fsm_executor]: STATE: NAV_65_WP65 | ACTION: NAVIGATE -> WP65
[INFO] [1787159257.450649626] [fsm_executor]: EVENT: TASK_COMPLETED in NAV_65_WP65
[INFO] [1787159257.453758405] [fsm_executor]: TRANSITION: NAV_65_WP65 --[TASK_COMPLETED]--> NAV_66_WP66
[INFO] [1787159257.455999200] [fsm_executor]: STATE: NAV_66_WP66 | ACTION: NAVIGATE -> WP66
[INFO] [1787159257.549236466] [fsm_executor]: EVENT: TASK_COMPLETED in NAV_66_WP66
[INFO] [1787159257.553219953] [fsm_executor]: TRANSITION: NAV_66_WP66 --[TASK_COMPLETED]--> NAV_67_WP67
[INFO] [1787159257.556569128] [fsm_executor]: STATE: NAV_67_WP67 | ACTION: NAVIGATE -> WP67
[INFO] [1787159257.648514855] [fsm_executor]: EVENT: TASK_COMPLETED in NAV_67_WP67
[INFO] [1787159257.650319177] [fsm_executor]: TRANSITION: NAV_67_WP67 --[TASK_COMPLETED]--> NAV_68_WP68
[INFO] [1787159257.653471818] [fsm_executor]: STATE: NAV_68_WP68 | ACTION: NAVIGATE -> WP68
[INFO] [1787159257.747893068] [fsm_executor]: EVENT: TASK_COMPLETED in NAV_68_WP68
[INFO] [1787159257.751117995] [fsm_executor]: TRANSITION: NAV_68_WP68 --[TASK_COMPLETED]--> NAV_69_WP69
[INFO] [1787159257.754495024] [fsm_executor]: STATE: NAV_69_WP69 | ACTION: NAVIGATE -> WP69
[INFO] [1787159257.848718883] [fsm_executor]: EVENT: TASK_COMPLETED in NAV_69_WP69
[INFO] [1787159257.852001307] [fsm_executor]: TRANSITION: NAV_69_WP69 --[TASK_COMPLETED]--> NAV_70_WP70
[INFO] [1787159257.856787975] [fsm_executor]: STATE: NAV_70_WP70 | ACTION: NAVIGATE -> WP70
[INFO] [1787159257.945963414] [fsm_executor]: EVENT: TASK_COMPLETED in NAV_70_WP70
[INFO] [1787159257.947946836] [fsm_executor]: TRANSITION: NAV_70_WP70 --[TASK_COMPLETED]--> NAV_71_WP71
[INFO] [1787159257.951285286] [fsm_executor]: STATE: NAV_71_WP71 | ACTION: NAVIGATE -> WP71
[INFO] [1787159258.048159329] [fsm_executor]: EVENT: TASK_COMPLETED in NAV_71_WP71
[INFO] [1787159258.049987759] [fsm_executor]: TRANSITION: NAV_71_WP71 --[TASK_COMPLETED]--> NAV_72_WP72
[INFO] [1787159258.053345719] [fsm_executor]: STATE: NAV_72_WP72 | ACTION: NAVIGATE -> WP72
[INFO] [1787159258.149415368] [fsm_executor]: EVENT: TASK_COMPLETED in NAV_72_WP72
[INFO] [1787159258.152660309] [fsm_executor]: TRANSITION: NAV_72_WP72 --[TASK_COMPLETED]--> NAV_73_WP73
[INFO] [1787159258.156868869] [fsm_executor]: STATE: NAV_73_WP73 | ACTION: NAVIGATE -> WP73
[INFO] [1787159258.248406086] [fsm_executor]: EVENT: TASK_COMPLETED in NAV_73_WP73
[INFO] [1787159258.250315455] [fsm_executor]: TRANSITION: NAV_73_WP73 --[TASK_COMPLETED]--> NAV_74_WP74
[INFO] [1787159258.254738047] [fsm_executor]: STATE: NAV_74_WP74 | ACTION: NAVIGATE -> WP74
[INFO] [1787159258.348346748] [fsm_executor]: EVENT: TASK_COMPLETED in NAV_74_WP74
[INFO] [1787159258.351679945] [fsm_executor]: TRANSITION: NAV_74_WP74 --[TASK_COMPLETED]--> NAV_75_WP75
[INFO] [1787159258.355763136] [fsm_executor]: STATE: NAV_75_WP75 | ACTION: NAVIGATE -> WP75
[INFO] [1787159258.448419355] [fsm_executor]: EVENT: TASK_COMPLETED in NAV_75_WP75
[INFO] [1787159258.450262029] [fsm_executor]: TRANSITION: NAV_75_WP75 --[TASK_COMPLETED]--> NAV_76_WP76
[INFO] [1787159258.453077797] [fsm_executor]: STATE: NAV_76_WP76 | ACTION: NAVIGATE -> WP76
[INFO] [1787159258.548462374] [fsm_executor]: EVENT: TASK_COMPLETED in NAV_76_WP76
[INFO] [1787159258.551055546] [fsm_executor]: TRANSITION: NAV_76_WP76 --[TASK_COMPLETED]--> NAV_77_WP77
[INFO] [1787159258.554505790] [fsm_executor]: STATE: NAV_77_WP77 | ACTION: NAVIGATE -> WP77
[INFO] [1787159258.648218800] [fsm_executor]: EVENT: TASK_COMPLETED in NAV_77_WP77
[INFO] [1787159258.651106460] [fsm_executor]: TRANSITION: NAV_77_WP77 --[TASK_COMPLETED]--> NAV_78_WP78
[INFO] [1787159258.654482329] [fsm_executor]: STATE: NAV_78_WP78 | ACTION: NAVIGATE -> WP78
[INFO] [1787159258.745621107] [fsm_executor]: EVENT: TASK_COMPLETED in NAV_78_WP78
[INFO] [1787159258.747966998] [fsm_executor]: TRANSITION: NAV_78_WP78 --[TASK_COMPLETED]--> NAV_79_WP79
[INFO] [1787159258.748932624] [fsm_executor]: STATE: NAV_79_WP79 | ACTION: NAVIGATE -> WP79
[INFO] [1787159258.848197202] [fsm_executor]: EVENT: TASK_COMPLETED in NAV_79_WP79
[INFO] [1787159258.851143110] [fsm_executor]: TRANSITION: NAV_79_WP79 --[TASK_COMPLETED]--> NAV_80_WP80
[INFO] [1787159258.854850278] [fsm_executor]: STATE: NAV_80_WP80 | ACTION: NAVIGATE -> WP80
[INFO] [1787159258.948202637] [fsm_executor]: EVENT: TASK_COMPLETED in NAV_80_WP80
[INFO] [1787159258.951148401] [fsm_executor]: TRANSITION: NAV_80_WP80 --[TASK_COMPLETED]--> NAV_81_WP81
[INFO] [1787159258.954681638] [fsm_executor]: STATE: NAV_81_WP81 | ACTION: NAVIGATE -> WP81
[INFO] [1787159259.048354564] [fsm_executor]: EVENT: TASK_COMPLETED in NAV_81_WP81
[INFO] [1787159259.051329860] [fsm_executor]: TRANSITION: NAV_81_WP81 --[TASK_COMPLETED]--> NAV_82_WP82
[INFO] [1787159259.054739586] [fsm_executor]: STATE: NAV_82_WP82 | ACTION: NAVIGATE -> WP82
[INFO] [1787159259.148539350] [fsm_executor]: EVENT: TASK_COMPLETED in NAV_82_WP82
[INFO] [1787159259.151521723] [fsm_executor]: TRANSITION: NAV_82_WP82 --[TASK_COMPLETED]--> NAV_83_WP83
[INFO] [1787159259.155012943] [fsm_executor]: STATE: NAV_83_WP83 | ACTION: NAVIGATE -> WP83
[INFO] [1787159259.249195243] [fsm_executor]: EVENT: TASK_COMPLETED in NAV_83_WP83
[INFO] [1787159259.252496704] [fsm_executor]: TRANSITION: NAV_83_WP83 --[TASK_COMPLETED]--> NAV_84_WP84
[INFO] [1787159259.256012085] [fsm_executor]: STATE: NAV_84_WP84 | ACTION: NAVIGATE -> WP84
[INFO] [1787159259.351061307] [fsm_executor]: EVENT: TASK_COMPLETED in NAV_84_WP84
[INFO] [1787159259.360769084] [fsm_executor]: TRANSITION: NAV_84_WP84 --[TASK_COMPLETED]--> NAV_85_WP85
[INFO] [1787159259.366815639] [fsm_executor]: STATE: NAV_85_WP85 | ACTION: NAVIGATE -> WP85
[INFO] [1787159259.448669970] [fsm_executor]: EVENT: TASK_COMPLETED in NAV_85_WP85
[INFO] [1787159259.451590126] [fsm_executor]: TRANSITION: NAV_85_WP85 --[TASK_COMPLETED]--> NAV_86_WP86
[INFO] [1787159259.455332794] [fsm_executor]: STATE: NAV_86_WP86 | ACTION: NAVIGATE -> WP86
[INFO] [1787159259.553441708] [fsm_executor]: EVENT: TASK_COMPLETED in NAV_86_WP86
[INFO] [1787159259.559885058] [fsm_executor]: TRANSITION: NAV_86_WP86 --[TASK_COMPLETED]--> NAV_87_WP87
[INFO] [1787159259.570478643] [fsm_executor]: STATE: NAV_87_WP87 | ACTION: NAVIGATE -> WP87
[INFO] [1787159259.645986171] [fsm_executor]: EVENT: TASK_COMPLETED in NAV_87_WP87
[INFO] [1787159259.649552739] [fsm_executor]: TRANSITION: NAV_87_WP87 --[TASK_COMPLETED]--> NAV_88_WP88
[INFO] [1787159259.651803680] [fsm_executor]: STATE: NAV_88_WP88 | ACTION: NAVIGATE -> WP88
[INFO] [1787159259.745559003] [fsm_executor]: EVENT: TASK_COMPLETED in NAV_88_WP88
[INFO] [1787159259.746826021] [fsm_executor]: TRANSITION: NAV_88_WP88 --[TASK_COMPLETED]--> NAV_89_WP89
[INFO] [1787159259.748274911] [fsm_executor]: STATE: NAV_89_WP89 | ACTION: NAVIGATE -> WP89
[INFO] [1787159259.848499568] [fsm_executor]: EVENT: TASK_COMPLETED in NAV_89_WP89
[INFO] [1787159259.850436375] [fsm_executor]: TRANSITION: NAV_89_WP89 --[TASK_COMPLETED]--> NAV_90_WP90
[INFO] [1787159259.853156793] [fsm_executor]: STATE: NAV_90_WP90 | ACTION: NAVIGATE -> WP90
[INFO] [1787159259.949958481] [fsm_executor]: EVENT: TASK_COMPLETED in NAV_90_WP90
[INFO] [1787159259.952509771] [fsm_executor]: TRANSITION: NAV_90_WP90 --[TASK_COMPLETED]--> NAV_91_WP91
[INFO] [1787159259.955888511] [fsm_executor]: STATE: NAV_91_WP91 | ACTION: NAVIGATE -> WP91
[INFO] [1787159260.051831099] [fsm_executor]: EVENT: TASK_COMPLETED in NAV_91_WP91
[INFO] [1787159260.055272126] [fsm_executor]: TRANSITION: NAV_91_WP91 --[TASK_COMPLETED]--> NAV_92_WP92
[INFO] [1787159260.059734817] [fsm_executor]: STATE: NAV_92_WP92 | ACTION: NAVIGATE -> WP92
[INFO] [1787159260.161327650] [fsm_executor]: EVENT: TASK_COMPLETED in NAV_92_WP92
[INFO] [1787159260.168221435] [fsm_executor]: TRANSITION: NAV_92_WP92 --[TASK_COMPLETED]--> NAV_93_WP93
[INFO] [1787159260.174993215] [fsm_executor]: STATE: NAV_93_WP93 | ACTION: NAVIGATE -> WP93
[INFO] [1787159260.249039192] [fsm_executor]: EVENT: TASK_COMPLETED in NAV_93_WP93
[INFO] [1787159260.250695242] [fsm_executor]: TRANSITION: NAV_93_WP93 --[TASK_COMPLETED]--> NAV_94_WP94
[INFO] [1787159260.256661785] [fsm_executor]: STATE: NAV_94_WP94 | ACTION: NAVIGATE -> WP94
[INFO] [1787159260.351157715] [fsm_executor]: EVENT: TASK_COMPLETED in NAV_94_WP94
[INFO] [1787159260.357790086] [fsm_executor]: TRANSITION: NAV_94_WP94 --[TASK_COMPLETED]--> NAV_95_WP95
[INFO] [1787159260.365100887] [fsm_executor]: STATE: NAV_95_WP95 | ACTION: NAVIGATE -> WP95
[INFO] [1787159260.448317586] [fsm_executor]: EVENT: TASK_COMPLETED in NAV_95_WP95
[INFO] [1787159260.451113424] [fsm_executor]: TRANSITION: NAV_95_WP95 --[TASK_COMPLETED]--> NAV_96_WP96
[INFO] [1787159260.452394468] [fsm_executor]: STATE: NAV_96_WP96 | ACTION: NAVIGATE -> WP96
[INFO] [1787159260.545555563] [fsm_executor]: EVENT: TASK_COMPLETED in NAV_96_WP96
[INFO] [1787159260.550649480] [fsm_executor]: TRANSITION: NAV_96_WP96 --[TASK_COMPLETED]--> NAV_97_WP97
[INFO] [1787159260.553144468] [fsm_executor]: STATE: NAV_97_WP97 | ACTION: NAVIGATE -> WP97
[INFO] [1787159260.645539906] [fsm_executor]: EVENT: TASK_COMPLETED in NAV_97_WP97
[INFO] [1787159260.649450930] [fsm_executor]: TRANSITION: NAV_97_WP97 --[TASK_COMPLETED]--> NAV_98_WP98
[INFO] [1787159260.651229313] [fsm_executor]: STATE: NAV_98_WP98 | ACTION: NAVIGATE -> WP98
[INFO] [1787159260.745569489] [fsm_executor]: EVENT: TASK_COMPLETED in NAV_98_WP98
[INFO] [1787159260.749150063] [fsm_executor]: TRANSITION: NAV_98_WP98 --[TASK_COMPLETED]--> NAV_99_WP99
[INFO] [1787159260.750240186] [fsm_executor]: STATE: NAV_99_WP99 | ACTION: NAVIGATE -> WP99
[INFO] [1787159260.845558851] [fsm_executor]: EVENT: TASK_COMPLETED in NAV_99_WP99
[INFO] [1787159260.846647355] [fsm_executor]: TRANSITION: NAV_99_WP99 --[TASK_COMPLETED]--> NAV_100_WP100
[INFO] [1787159260.847712819] [fsm_executor]: STATE: NAV_100_WP100 | ACTION: NAVIGATE -> WP100
[INFO] [1787159260.945476931] [fsm_executor]: EVENT: TASK_COMPLETED in NAV_100_WP100
[INFO] [1787159260.947168453] [fsm_executor]: TRANSITION: NAV_100_WP100 --[TASK_COMPLETED]--> NAV_101_WP99
[INFO] [1787159260.948360178] [fsm_executor]: STATE: NAV_101_WP99 | ACTION: NAVIGATE -> WP99
[INFO] [1787159261.045528037] [fsm_executor]: EVENT: TASK_COMPLETED in NAV_101_WP99
[INFO] [1787159261.049361284] [fsm_executor]: TRANSITION: NAV_101_WP99 --[TASK_COMPLETED]--> NAV_102_WP98
[INFO] [1787159261.050450842] [fsm_executor]: STATE: NAV_102_WP98 | ACTION: NAVIGATE -> WP98
[INFO] [1787159261.145522774] [fsm_executor]: EVENT: TASK_COMPLETED in NAV_102_WP98
[INFO] [1787159261.146593800] [fsm_executor]: TRANSITION: NAV_102_WP98 --[TASK_COMPLETED]--> NAV_103_WP97
[INFO] [1787159261.147730083] [fsm_executor]: STATE: NAV_103_WP97 | ACTION: NAVIGATE -> WP97
[INFO] [1787159261.247747680] [fsm_executor]: EVENT: TASK_COMPLETED in NAV_103_WP97
[INFO] [1787159261.252082196] [fsm_executor]: TRANSITION: NAV_103_WP97 --[TASK_COMPLETED]--> NAV_104_WP96
[INFO] [1787159261.255187719] [fsm_executor]: STATE: NAV_104_WP96 | ACTION: NAVIGATE -> WP96
[INFO] [1787159261.351218623] [fsm_executor]: EVENT: TASK_COMPLETED in NAV_104_WP96
[INFO] [1787159261.354897698] [fsm_executor]: TRANSITION: NAV_104_WP96 --[TASK_COMPLETED]--> NAV_105_WP95
[INFO] [1787159261.358656715] [fsm_executor]: STATE: NAV_105_WP95 | ACTION: NAVIGATE -> WP95
[INFO] [1787159261.449179988] [fsm_executor]: EVENT: TASK_COMPLETED in NAV_105_WP95
[INFO] [1787159261.452016433] [fsm_executor]: TRANSITION: NAV_105_WP95 --[TASK_COMPLETED]--> NAV_106_WP94
[INFO] [1787159261.456044472] [fsm_executor]: STATE: NAV_106_WP94 | ACTION: NAVIGATE -> WP94
[INFO] [1787159261.545447185] [fsm_executor]: EVENT: TASK_COMPLETED in NAV_106_WP94
[INFO] [1787159261.546703648] [fsm_executor]: TRANSITION: NAV_106_WP94 --[TASK_COMPLETED]--> NAV_107_WP93
[INFO] [1787159261.547910822] [fsm_executor]: STATE: NAV_107_WP93 | ACTION: NAVIGATE -> WP93
[INFO] [1787159261.645589783] [fsm_executor]: EVENT: TASK_COMPLETED in NAV_107_WP93
[INFO] [1787159261.646245654] [fsm_executor]: TRANSITION: NAV_107_WP93 --[TASK_COMPLETED]--> NAV_108_WP92
[INFO] [1787159261.646994340] [fsm_executor]: STATE: NAV_108_WP92 | ACTION: NAVIGATE -> WP92
[INFO] [1787159261.749562850] [fsm_executor]: EVENT: TASK_COMPLETED in NAV_108_WP92
[INFO] [1787159261.755063565] [fsm_executor]: TRANSITION: NAV_108_WP92 --[TASK_COMPLETED]--> NAV_109_WP91
[INFO] [1787159261.758776640] [fsm_executor]: STATE: NAV_109_WP91 | ACTION: NAVIGATE -> WP91
[INFO] [1787159261.848913771] [fsm_executor]: EVENT: TASK_COMPLETED in NAV_109_WP91
[INFO] [1787159261.851803668] [fsm_executor]: TRANSITION: NAV_109_WP91 --[TASK_COMPLETED]--> NAV_110_WP90
[INFO] [1787159261.854970551] [fsm_executor]: STATE: NAV_110_WP90 | ACTION: NAVIGATE -> WP90
[INFO] [1787159261.950798403] [fsm_executor]: EVENT: TASK_COMPLETED in NAV_110_WP90
[INFO] [1787159261.953599700] [fsm_executor]: TRANSITION: NAV_110_WP90 --[TASK_COMPLETED]--> NAV_111_WP89
[INFO] [1787159261.959188058] [fsm_executor]: STATE: NAV_111_WP89 | ACTION: NAVIGATE -> WP89
[INFO] [1787159262.048049058] [fsm_executor]: EVENT: TASK_COMPLETED in NAV_111_WP89
[INFO] [1787159262.054949609] [fsm_executor]: TRANSITION: NAV_111_WP89 --[TASK_COMPLETED]--> NAV_112_WP88
[INFO] [1787159262.057446465] [fsm_executor]: STATE: NAV_112_WP88 | ACTION: NAVIGATE -> WP88
[INFO] [1787159262.148196848] [fsm_executor]: EVENT: TASK_COMPLETED in NAV_112_WP88
[INFO] [1787159262.150209991] [fsm_executor]: TRANSITION: NAV_112_WP88 --[TASK_COMPLETED]--> NAV_113_WP87
[INFO] [1787159262.154216180] [fsm_executor]: STATE: NAV_113_WP87 | ACTION: NAVIGATE -> WP87
[INFO] [1787159262.249274326] [fsm_executor]: EVENT: TASK_COMPLETED in NAV_113_WP87
[INFO] [1787159262.253052317] [fsm_executor]: TRANSITION: NAV_113_WP87 --[TASK_COMPLETED]--> NAV_114_WP86
[INFO] [1787159262.257019748] [fsm_executor]: STATE: NAV_114_WP86 | ACTION: NAVIGATE -> WP86
[INFO] [1787159262.348223015] [fsm_executor]: EVENT: TASK_COMPLETED in NAV_114_WP86
[INFO] [1787159262.350928815] [fsm_executor]: TRANSITION: NAV_114_WP86 --[TASK_COMPLETED]--> NAV_115_WP85
[INFO] [1787159262.354643251] [fsm_executor]: STATE: NAV_115_WP85 | ACTION: NAVIGATE -> WP85
[INFO] [1787159262.449084081] [fsm_executor]: EVENT: TASK_COMPLETED in NAV_115_WP85
[INFO] [1787159262.452157163] [fsm_executor]: TRANSITION: NAV_115_WP85 --[TASK_COMPLETED]--> NAV_116_WP84
[INFO] [1787159262.456534045] [fsm_executor]: STATE: NAV_116_WP84 | ACTION: NAVIGATE -> WP84
[INFO] [1787159262.549917898] [fsm_executor]: EVENT: TASK_COMPLETED in NAV_116_WP84
[INFO] [1787159262.552447834] [fsm_executor]: TRANSITION: NAV_116_WP84 --[TASK_COMPLETED]--> NAV_117_WP83
[INFO] [1787159262.556781263] [fsm_executor]: STATE: NAV_117_WP83 | ACTION: NAVIGATE -> WP83
[INFO] [1787159262.649257575] [fsm_executor]: EVENT: TASK_COMPLETED in NAV_117_WP83
[INFO] [1787159262.652518459] [fsm_executor]: TRANSITION: NAV_117_WP83 --[TASK_COMPLETED]--> NAV_118_WP82
[INFO] [1787159262.656570175] [fsm_executor]: STATE: NAV_118_WP82 | ACTION: NAVIGATE -> WP82
[INFO] [1787159262.749529464] [fsm_executor]: EVENT: TASK_COMPLETED in NAV_118_WP82
[INFO] [1787159262.757730753] [fsm_executor]: TRANSITION: NAV_118_WP82 --[TASK_COMPLETED]--> NAV_119_WP81
[INFO] [1787159262.762166791] [fsm_executor]: STATE: NAV_119_WP81 | ACTION: NAVIGATE -> WP81
[INFO] [1787159262.853173317] [fsm_executor]: EVENT: TASK_COMPLETED in NAV_119_WP81
[INFO] [1787159262.855524521] [fsm_executor]: TRANSITION: NAV_119_WP81 --[TASK_COMPLETED]--> NAV_120_WP80
[INFO] [1787159262.857925178] [fsm_executor]: STATE: NAV_120_WP80 | ACTION: NAVIGATE -> WP80
[INFO] [1787159262.951086861] [fsm_executor]: EVENT: TASK_COMPLETED in NAV_120_WP80
[INFO] [1787159262.957541034] [fsm_executor]: TRANSITION: NAV_120_WP80 --[TASK_COMPLETED]--> NAV_121_WP79
[INFO] [1787159262.972371446] [fsm_executor]: STATE: NAV_121_WP79 | ACTION: NAVIGATE -> WP79
[INFO] [1787159263.045880575] [fsm_executor]: EVENT: TASK_COMPLETED in NAV_121_WP79
[INFO] [1787159263.047013295] [fsm_executor]: TRANSITION: NAV_121_WP79 --[TASK_COMPLETED]--> NAV_122_WP78
[INFO] [1787159263.048240123] [fsm_executor]: STATE: NAV_122_WP78 | ACTION: NAVIGATE -> WP78
[INFO] [1787159263.146072514] [fsm_executor]: EVENT: TASK_COMPLETED in NAV_122_WP78
[INFO] [1787159263.150618417] [fsm_executor]: TRANSITION: NAV_122_WP78 --[TASK_COMPLETED]--> NAV_123_WP77
[INFO] [1787159263.152166182] [fsm_executor]: STATE: NAV_123_WP77 | ACTION: NAVIGATE -> WP77
[INFO] [1787159263.248944898] [fsm_executor]: EVENT: TASK_COMPLETED in NAV_123_WP77
[INFO] [1787159263.252342945] [fsm_executor]: TRANSITION: NAV_123_WP77 --[TASK_COMPLETED]--> NAV_124_WP76
[INFO] [1787159263.256391847] [fsm_executor]: STATE: NAV_124_WP76 | ACTION: NAVIGATE -> WP76
[INFO] [1787159263.350127233] [fsm_executor]: EVENT: TASK_COMPLETED in NAV_124_WP76
[INFO] [1787159263.354096286] [fsm_executor]: TRANSITION: NAV_124_WP76 --[TASK_COMPLETED]--> NAV_125_WP75
[INFO] [1787159263.357643083] [fsm_executor]: STATE: NAV_125_WP75 | ACTION: NAVIGATE -> WP75
[INFO] [1787159263.449650719] [fsm_executor]: EVENT: TASK_COMPLETED in NAV_125_WP75
[INFO] [1787159263.454119492] [fsm_executor]: TRANSITION: NAV_125_WP75 --[TASK_COMPLETED]--> NAV_126_WP74
[INFO] [1787159263.457012522] [fsm_executor]: STATE: NAV_126_WP74 | ACTION: NAVIGATE -> WP74
[INFO] [1787159263.549103140] [fsm_executor]: EVENT: TASK_COMPLETED in NAV_126_WP74
[INFO] [1787159263.552168757] [fsm_executor]: TRANSITION: NAV_126_WP74 --[TASK_COMPLETED]--> NAV_127_WP73
[INFO] [1787159263.555652458] [fsm_executor]: STATE: NAV_127_WP73 | ACTION: NAVIGATE -> WP73
[INFO] [1787159263.648231355] [fsm_executor]: EVENT: TASK_COMPLETED in NAV_127_WP73
[INFO] [1787159263.651991916] [fsm_executor]: TRANSITION: NAV_127_WP73 --[TASK_COMPLETED]--> NAV_128_WP72
[INFO] [1787159263.655767558] [fsm_executor]: STATE: NAV_128_WP72 | ACTION: NAVIGATE -> WP72
[INFO] [1787159263.748190017] [fsm_executor]: EVENT: TASK_COMPLETED in NAV_128_WP72
[INFO] [1787159263.750070741] [fsm_executor]: TRANSITION: NAV_128_WP72 --[TASK_COMPLETED]--> NAV_129_WP71
[INFO] [1787159263.752105774] [fsm_executor]: STATE: NAV_129_WP71 | ACTION: NAVIGATE -> WP71
[INFO] [1787159263.849511961] [fsm_executor]: EVENT: TASK_COMPLETED in NAV_129_WP71
[INFO] [1787159263.852523553] [fsm_executor]: TRANSITION: NAV_129_WP71 --[TASK_COMPLETED]--> NAV_130_WP70
[INFO] [1787159263.856618668] [fsm_executor]: STATE: NAV_130_WP70 | ACTION: NAVIGATE -> WP70
[INFO] [1787159263.954077576] [fsm_executor]: EVENT: TASK_COMPLETED in NAV_130_WP70
[INFO] [1787159263.957557397] [fsm_executor]: TRANSITION: NAV_130_WP70 --[TASK_COMPLETED]--> NAV_131_WP69
[INFO] [1787159263.961565796] [fsm_executor]: STATE: NAV_131_WP69 | ACTION: NAVIGATE -> WP69
[INFO] [1787159264.049799967] [fsm_executor]: EVENT: TASK_COMPLETED in NAV_131_WP69
[INFO] [1787159264.053715463] [fsm_executor]: TRANSITION: NAV_131_WP69 --[TASK_COMPLETED]--> NAV_132_WP68
[INFO] [1787159264.057217005] [fsm_executor]: STATE: NAV_132_WP68 | ACTION: NAVIGATE -> WP68
[INFO] [1787159264.151944081] [fsm_executor]: EVENT: TASK_COMPLETED in NAV_132_WP68
[INFO] [1787159264.155682380] [fsm_executor]: TRANSITION: NAV_132_WP68 --[TASK_COMPLETED]--> NAV_133_WP67
[INFO] [1787159264.158723042] [fsm_executor]: STATE: NAV_133_WP67 | ACTION: NAVIGATE -> WP67
[INFO] [1787159264.246705907] [fsm_executor]: EVENT: TASK_COMPLETED in NAV_133_WP67
[INFO] [1787159264.248275076] [fsm_executor]: TRANSITION: NAV_133_WP67 --[TASK_COMPLETED]--> NAV_134_WP66
[INFO] [1787159264.251166634] [fsm_executor]: STATE: NAV_134_WP66 | ACTION: NAVIGATE -> WP66
[INFO] [1787159264.348587896] [fsm_executor]: EVENT: TASK_COMPLETED in NAV_134_WP66
[INFO] [1787159264.351281238] [fsm_executor]: TRANSITION: NAV_134_WP66 --[TASK_COMPLETED]--> NAV_135_WP65
[INFO] [1787159264.354338070] [fsm_executor]: STATE: NAV_135_WP65 | ACTION: NAVIGATE -> WP65
[INFO] [1787159264.450640866] [fsm_executor]: EVENT: TASK_COMPLETED in NAV_135_WP65
[INFO] [1787159264.458671897] [fsm_executor]: TRANSITION: NAV_135_WP65 --[TASK_COMPLETED]--> NAV_136_WP64
[INFO] [1787159264.465734437] [fsm_executor]: STATE: NAV_136_WP64 | ACTION: NAVIGATE -> WP64
[INFO] [1787159264.549994538] [fsm_executor]: EVENT: TASK_COMPLETED in NAV_136_WP64
[INFO] [1787159264.556356445] [fsm_executor]: TRANSITION: NAV_136_WP64 --[TASK_COMPLETED]--> NAV_137_WP63
[INFO] [1787159264.561064010] [fsm_executor]: STATE: NAV_137_WP63 | ACTION: NAVIGATE -> WP63
[INFO] [1787159264.647913796] [fsm_executor]: EVENT: TASK_COMPLETED in NAV_137_WP63
[INFO] [1787159264.651202656] [fsm_executor]: TRANSITION: NAV_137_WP63 --[TASK_COMPLETED]--> NAV_138_WP62
[INFO] [1787159264.655342793] [fsm_executor]: STATE: NAV_138_WP62 | ACTION: NAVIGATE -> WP62
[INFO] [1787159264.750202472] [fsm_executor]: EVENT: TASK_COMPLETED in NAV_138_WP62
[INFO] [1787159264.754478031] [fsm_executor]: TRANSITION: NAV_138_WP62 --[TASK_COMPLETED]--> NAV_139_WP61
[INFO] [1787159264.759010270] [fsm_executor]: STATE: NAV_139_WP61 | ACTION: NAVIGATE -> WP61
[INFO] [1787159264.849149035] [fsm_executor]: EVENT: TASK_COMPLETED in NAV_139_WP61
[INFO] [1787159264.853741416] [fsm_executor]: TRANSITION: NAV_139_WP61 --[TASK_COMPLETED]--> NAV_140_WP60
[INFO] [1787159264.856594940] [fsm_executor]: STATE: NAV_140_WP60 | ACTION: NAVIGATE -> WP60
[INFO] [1787159264.948951122] [fsm_executor]: EVENT: TASK_COMPLETED in NAV_140_WP60
[INFO] [1787159264.952018630] [fsm_executor]: TRANSITION: NAV_140_WP60 --[TASK_COMPLETED]--> NAV_141_WP59
[INFO] [1787159264.955579070] [fsm_executor]: STATE: NAV_141_WP59 | ACTION: NAVIGATE -> WP59
[INFO] [1787159265.050965591] [fsm_executor]: EVENT: TASK_COMPLETED in NAV_141_WP59
[INFO] [1787159265.054258197] [fsm_executor]: TRANSITION: NAV_141_WP59 --[TASK_COMPLETED]--> NAV_142_WP58
[INFO] [1787159265.058211336] [fsm_executor]: STATE: NAV_142_WP58 | ACTION: NAVIGATE -> WP58
[INFO] [1787159265.148868986] [fsm_executor]: EVENT: TASK_COMPLETED in NAV_142_WP58
[INFO] [1787159265.151963665] [fsm_executor]: TRANSITION: NAV_142_WP58 --[TASK_COMPLETED]--> NAV_143_WP57
[INFO] [1787159265.155725397] [fsm_executor]: STATE: NAV_143_WP57 | ACTION: NAVIGATE -> WP57
[INFO] [1787159265.248955787] [fsm_executor]: EVENT: TASK_COMPLETED in NAV_143_WP57
[INFO] [1787159265.252017507] [fsm_executor]: TRANSITION: NAV_143_WP57 --[TASK_COMPLETED]--> NAV_144_WP56
[INFO] [1787159265.255862525] [fsm_executor]: STATE: NAV_144_WP56 | ACTION: NAVIGATE -> WP56
[INFO] [1787159265.348494042] [fsm_executor]: EVENT: TASK_COMPLETED in NAV_144_WP56
[INFO] [1787159265.351619015] [fsm_executor]: TRANSITION: NAV_144_WP56 --[TASK_COMPLETED]--> NAV_145_WP55
[INFO] [1787159265.355237141] [fsm_executor]: STATE: NAV_145_WP55 | ACTION: NAVIGATE -> WP55
[INFO] [1787159265.449164548] [fsm_executor]: EVENT: TASK_COMPLETED in NAV_145_WP55
[INFO] [1787159265.452145905] [fsm_executor]: TRANSITION: NAV_145_WP55 --[TASK_COMPLETED]--> NAV_146_WP54
[INFO] [1787159265.455729003] [fsm_executor]: STATE: NAV_146_WP54 | ACTION: NAVIGATE -> WP54
[INFO] [1787159265.549377922] [fsm_executor]: EVENT: TASK_COMPLETED in NAV_146_WP54
[INFO] [1787159265.552642822] [fsm_executor]: TRANSITION: NAV_146_WP54 --[TASK_COMPLETED]--> NAV_147_WP53
[INFO] [1787159265.556679777] [fsm_executor]: STATE: NAV_147_WP53 | ACTION: NAVIGATE -> WP53
[INFO] [1787159265.648929507] [fsm_executor]: EVENT: TASK_COMPLETED in NAV_147_WP53
[INFO] [1787159265.651082132] [fsm_executor]: TRANSITION: NAV_147_WP53 --[TASK_COMPLETED]--> NAV_148_WP52
[INFO] [1787159265.653813433] [fsm_executor]: STATE: NAV_148_WP52 | ACTION: NAVIGATE -> WP52
[INFO] [1787159265.748281238] [fsm_executor]: EVENT: TASK_COMPLETED in NAV_148_WP52
[INFO] [1787159265.751390434] [fsm_executor]: TRANSITION: NAV_148_WP52 --[TASK_COMPLETED]--> NAV_149_WP51
[INFO] [1787159265.755057092] [fsm_executor]: STATE: NAV_149_WP51 | ACTION: NAVIGATE -> WP51
[INFO] [1787159265.849005669] [fsm_executor]: EVENT: TASK_COMPLETED in NAV_149_WP51
[INFO] [1787159265.851320729] [fsm_executor]: TRANSITION: NAV_149_WP51 --[TASK_COMPLETED]--> NAV_150_WP50
[INFO] [1787159265.854583950] [fsm_executor]: STATE: NAV_150_WP50 | ACTION: NAVIGATE -> WP50
[WARN] [1787159265.860491545] [fsm_executor]: RUNTIME EVENT RECEIVED: BATTERY_CRITICAL
[INFO] [1787159265.863133969] [fsm_executor]: TRANSITION: NAV_150_WP50 --[BATTERY_CRITICAL]--> LAND
[INFO] [1787159265.866874543] [fsm_executor]: STATE: LAND | ACTION: LAND
[INFO] [1787159265.954067911] [fsm_executor]: EVENT: LAND_COMPLETED in LAND
[INFO] [1787159265.958647331] [fsm_executor]: TRANSITION: LAND --[LAND_COMPLETED]--> SAFE_TERMINATED
[INFO] [1787159265.961434151] [fsm_executor]: STATE: SAFE_TERMINATED
[WARN] [1787159265.964760160] [fsm_executor]: FSM mission terminated safely.
[WARN] [1787159265.967894520] [fsm_executor]: Reason: BATTERY_CRITICAL
