[INFO] [1788194734.249060650] [waypoint_executor]: Loading mission: /home/bishal/ros2_ws/install/mission_formalism_evaluation/share/mission_formalism_evaluation/missions/mission_3.yaml
[INFO] [1788194734.266102817] [waypoint_executor]: Mission ID: M3
[INFO] [1788194734.266542782] [waypoint_executor]: Mission Name: Zigzag Navigation
[INFO] [1788194734.266933368] [waypoint_executor]: Mission Items: 102
[INFO] [1788194734.267337845] [waypoint_executor]: [1/102] TAKEOFF
[INFO] [1788194734.267770988] [waypoint_executor]: [2/102] NAVIGATE -> WP1
[INFO] [1788194734.268189377] [waypoint_executor]: [3/102] NAVIGATE -> WP2
[INFO] [1788194734.268708592] [waypoint_executor]: [4/102] NAVIGATE -> WP3
[INFO] [1788194734.269135960] [waypoint_executor]: [5/102] NAVIGATE -> WP4
[INFO] [1788194734.269663935] [waypoint_executor]: [6/102] NAVIGATE -> WP5
[INFO] [1788194734.270214694] [waypoint_executor]: [7/102] NAVIGATE -> WP6
[INFO] [1788194734.270732111] [waypoint_executor]: [8/102] NAVIGATE -> WP7
[INFO] [1788194734.271150442] [waypoint_executor]: [9/102] NAVIGATE -> WP8
[INFO] [1788194734.271660170] [waypoint_executor]: [10/102] NAVIGATE -> WP9
[INFO] [1788194734.272073992] [waypoint_executor]: [11/102] NAVIGATE -> WP10
[INFO] [1788194734.272574681] [waypoint_executor]: [12/102] NAVIGATE -> WP11
[INFO] [1788194734.272999966] [waypoint_executor]: [13/102] NAVIGATE -> WP12
[INFO] [1788194734.273461351] [waypoint_executor]: [14/102] NAVIGATE -> WP13
[INFO] [1788194734.274012889] [waypoint_executor]: [15/102] NAVIGATE -> WP14
[INFO] [1788194734.274705968] [waypoint_executor]: [16/102] NAVIGATE -> WP15
[INFO] [1788194734.275522377] [waypoint_executor]: [17/102] NAVIGATE -> WP16
[INFO] [1788194734.276484194] [waypoint_executor]: [18/102] NAVIGATE -> WP17
[INFO] [1788194734.277387366] [waypoint_executor]: [19/102] NAVIGATE -> WP18
[INFO] [1788194734.278260456] [waypoint_executor]: [20/102] NAVIGATE -> WP19
[INFO] [1788194734.278959710] [waypoint_executor]: [21/102] NAVIGATE -> WP20
[INFO] [1788194734.279462542] [waypoint_executor]: [22/102] NAVIGATE -> WP21
[INFO] [1788194734.279914368] [waypoint_executor]: [23/102] NAVIGATE -> WP22
[INFO] [1788194734.280357622] [waypoint_executor]: [24/102] NAVIGATE -> WP23
[INFO] [1788194734.280812874] [waypoint_executor]: [25/102] NAVIGATE -> WP24
[INFO] [1788194734.281237882] [waypoint_executor]: [26/102] NAVIGATE -> WP25
[INFO] [1788194734.281740546] [waypoint_executor]: [27/102] NAVIGATE -> WP26
[INFO] [1788194734.282453803] [waypoint_executor]: [28/102] NAVIGATE -> WP27
[INFO] [1788194734.282932285] [waypoint_executor]: [29/102] NAVIGATE -> WP28
[INFO] [1788194734.283374971] [waypoint_executor]: [30/102] NAVIGATE -> WP29
[INFO] [1788194734.283821974] [waypoint_executor]: [31/102] NAVIGATE -> WP30
[INFO] [1788194734.284255818] [waypoint_executor]: [32/102] NAVIGATE -> WP31
[INFO] [1788194734.284717056] [waypoint_executor]: [33/102] NAVIGATE -> WP32
[INFO] [1788194734.285150891] [waypoint_executor]: [34/102] NAVIGATE -> WP33
[INFO] [1788194734.285683604] [waypoint_executor]: [35/102] NAVIGATE -> WP34
[INFO] [1788194734.286135238] [waypoint_executor]: [36/102] NAVIGATE -> WP35
[INFO] [1788194734.286656537] [waypoint_executor]: [37/102] NAVIGATE -> WP36
[INFO] [1788194734.287094307] [waypoint_executor]: [38/102] NAVIGATE -> WP37
[INFO] [1788194734.287541175] [waypoint_executor]: [39/102] NAVIGATE -> WP38
[INFO] [1788194734.287977379] [waypoint_executor]: [40/102] NAVIGATE -> WP39
[INFO] [1788194734.288424602] [waypoint_executor]: [41/102] NAVIGATE -> WP40
[INFO] [1788194734.288856004] [waypoint_executor]: [42/102] NAVIGATE -> WP41
[INFO] [1788194734.289503941] [waypoint_executor]: [43/102] NAVIGATE -> WP42
[INFO] [1788194734.289963853] [waypoint_executor]: [44/102] NAVIGATE -> WP43
[INFO] [1788194734.290447218] [waypoint_executor]: [45/102] NAVIGATE -> WP44
[INFO] [1788194734.291310256] [waypoint_executor]: [46/102] NAVIGATE -> WP45
[INFO] [1788194734.292229229] [waypoint_executor]: [47/102] NAVIGATE -> WP46
[INFO] [1788194734.293298798] [waypoint_executor]: [48/102] NAVIGATE -> WP47
[INFO] [1788194734.294128435] [waypoint_executor]: [49/102] NAVIGATE -> WP48
[INFO] [1788194734.294924044] [waypoint_executor]: [50/102] NAVIGATE -> WP49
[INFO] [1788194734.295786978] [waypoint_executor]: [51/102] NAVIGATE -> WP50
[INFO] [1788194734.296552669] [waypoint_executor]: [52/102] NAVIGATE -> WP51
[INFO] [1788194734.297046691] [waypoint_executor]: [53/102] NAVIGATE -> WP52
[INFO] [1788194734.297632712] [waypoint_executor]: [54/102] NAVIGATE -> WP53
[INFO] [1788194734.298376057] [waypoint_executor]: [55/102] NAVIGATE -> WP54
[INFO] [1788194734.298831067] [waypoint_executor]: [56/102] NAVIGATE -> WP55
[INFO] [1788194734.299518371] [waypoint_executor]: [57/102] NAVIGATE -> WP56
[INFO] [1788194734.299966780] [waypoint_executor]: [58/102] NAVIGATE -> WP57
[INFO] [1788194734.300584671] [waypoint_executor]: [59/102] NAVIGATE -> WP58
[INFO] [1788194734.301335917] [waypoint_executor]: [60/102] NAVIGATE -> WP59
[INFO] [1788194734.302093327] [waypoint_executor]: [61/102] NAVIGATE -> WP60
[INFO] [1788194734.302667248] [waypoint_executor]: [62/102] NAVIGATE -> WP61
[INFO] [1788194734.303407671] [waypoint_executor]: [63/102] NAVIGATE -> WP62
[INFO] [1788194734.304139411] [waypoint_executor]: [64/102] NAVIGATE -> WP63
[INFO] [1788194734.304671737] [waypoint_executor]: [65/102] NAVIGATE -> WP64
[INFO] [1788194734.305391770] [waypoint_executor]: [66/102] NAVIGATE -> WP65
[INFO] [1788194734.306123158] [waypoint_executor]: [67/102] NAVIGATE -> WP66
[INFO] [1788194734.306833592] [waypoint_executor]: [68/102] NAVIGATE -> WP67
[INFO] [1788194734.307803996] [waypoint_executor]: [69/102] NAVIGATE -> WP68
[INFO] [1788194734.308709149] [waypoint_executor]: [70/102] NAVIGATE -> WP69
[INFO] [1788194734.309601563] [waypoint_executor]: [71/102] NAVIGATE -> WP70
[INFO] [1788194734.310494675] [waypoint_executor]: [72/102] NAVIGATE -> WP71
[INFO] [1788194734.310977689] [waypoint_executor]: [73/102] NAVIGATE -> WP72
[INFO] [1788194734.311578794] [waypoint_executor]: [74/102] NAVIGATE -> WP73
[INFO] [1788194734.312415536] [waypoint_executor]: [75/102] NAVIGATE -> WP74
[INFO] [1788194734.312897621] [waypoint_executor]: [76/102] NAVIGATE -> WP75
[INFO] [1788194734.313344743] [waypoint_executor]: [77/102] NAVIGATE -> WP76
[INFO] [1788194734.313792287] [waypoint_executor]: [78/102] NAVIGATE -> WP77
[INFO] [1788194734.314232705] [waypoint_executor]: [79/102] NAVIGATE -> WP78
[INFO] [1788194734.314711856] [waypoint_executor]: [80/102] NAVIGATE -> WP79
[INFO] [1788194734.315141842] [waypoint_executor]: [81/102] NAVIGATE -> WP80
[INFO] [1788194734.315661456] [waypoint_executor]: [82/102] NAVIGATE -> WP81
[INFO] [1788194734.316098718] [waypoint_executor]: [83/102] NAVIGATE -> WP82
[INFO] [1788194734.316637295] [waypoint_executor]: [84/102] NAVIGATE -> WP83
[INFO] [1788194734.317073158] [waypoint_executor]: [85/102] NAVIGATE -> WP84
[INFO] [1788194734.317523321] [waypoint_executor]: [86/102] NAVIGATE -> WP85
[INFO] [1788194734.317961440] [waypoint_executor]: [87/102] NAVIGATE -> WP86
[INFO] [1788194734.318393779] [waypoint_executor]: [88/102] NAVIGATE -> WP87
[INFO] [1788194734.318980184] [waypoint_executor]: [89/102] NAVIGATE -> WP88
[INFO] [1788194734.319448308] [waypoint_executor]: [90/102] NAVIGATE -> WP89
[INFO] [1788194734.319888447] [waypoint_executor]: [91/102] NAVIGATE -> WP90
[INFO] [1788194734.320323778] [waypoint_executor]: [92/102] NAVIGATE -> WP91
[INFO] [1788194734.320766799] [waypoint_executor]: [93/102] NAVIGATE -> WP92
[INFO] [1788194734.321202277] [waypoint_executor]: [94/102] NAVIGATE -> WP93
[INFO] [1788194734.321693625] [waypoint_executor]: [95/102] NAVIGATE -> WP94
[INFO] [1788194734.322421727] [waypoint_executor]: [96/102] NAVIGATE -> WP95
[INFO] [1788194734.323133297] [waypoint_executor]: [97/102] NAVIGATE -> WP96
[INFO] [1788194734.323955332] [waypoint_executor]: [98/102] NAVIGATE -> WP97
[INFO] [1788194734.325110679] [waypoint_executor]: [99/102] NAVIGATE -> WP98
[INFO] [1788194734.325968091] [waypoint_executor]: [100/102] NAVIGATE -> WP99
[INFO] [1788194734.326868521] [waypoint_executor]: [101/102] NAVIGATE -> WP100
[INFO] [1788194734.327816667] [waypoint_executor]: [102/102] LAND
[INFO] [1788194734.328813417] [waypoint_executor]: Mission completed.
