[INFO] [1786285371.415446090] [fsm_executor]: Loading mission: /home/bishal/ros2_ws/install/mission_formalism_evaluation/share/mission_formalism_evaluation/missions/mission_2.yaml
[INFO] [1786285371.419945399] [fsm_executor]: Mission ID: M2
[INFO] [1786285371.420479048] [fsm_executor]: Mission Name: Branch and Return
[INFO] [1786285371.421290267] [fsm_executor]: Mission Items: 13
[INFO] [1786285371.421804576] [fsm_executor]: FSM States: 20
[INFO] [1786285371.422341782] [fsm_executor]: FSM Transitions: 51
[INFO] [1786285371.423003273] [fsm_executor]: TRANSITION: IDLE --[START]--> TAKEOFF_0
[INFO] [1786285371.423459232] [fsm_executor]: STATE: TAKEOFF_0 | ACTION: TAKEOFF
[INFO] [1786285373.424643071] [fsm_executor]: EVENT: TASK_COMPLETED in TAKEOFF_0
[INFO] [1786285373.426602586] [fsm_executor]: TRANSITION: TAKEOFF_0 --[TASK_COMPLETED]--> NAV_1_WP1
[INFO] [1786285373.428728702] [fsm_executor]: STATE: NAV_1_WP1 | ACTION: NAVIGATE -> WP1
[INFO] [1786285375.425405747] [fsm_executor]: EVENT: TASK_COMPLETED in NAV_1_WP1
[INFO] [1786285375.428368515] [fsm_executor]: TRANSITION: NAV_1_WP1 --[TASK_COMPLETED]--> NAV_2_WP2
[INFO] [1786285375.430385656] [fsm_executor]: STATE: NAV_2_WP2 | ACTION: NAVIGATE -> WP2
[INFO] [1786285377.426769942] [fsm_executor]: EVENT: TASK_COMPLETED in NAV_2_WP2
[INFO] [1786285377.429623723] [fsm_executor]: TRANSITION: NAV_2_WP2 --[TASK_COMPLETED]--> NAV_3_WP1
[INFO] [1786285377.432895079] [fsm_executor]: STATE: NAV_3_WP1 | ACTION: NAVIGATE -> WP1
[INFO] [1786285379.423601748] [fsm_executor]: EVENT: TASK_COMPLETED in NAV_3_WP1
[INFO] [1786285379.424297479] [fsm_executor]: TRANSITION: NAV_3_WP1 --[TASK_COMPLETED]--> NAV_4_WP3
[INFO] [1786285379.425097489] [fsm_executor]: STATE: NAV_4_WP3 | ACTION: NAVIGATE -> WP3
[INFO] [1786285381.424173099] [fsm_executor]: EVENT: TASK_COMPLETED in NAV_4_WP3
[INFO] [1786285381.425024754] [fsm_executor]: TRANSITION: NAV_4_WP3 --[TASK_COMPLETED]--> NAV_5_WP1
[INFO] [1786285381.425953916] [fsm_executor]: STATE: NAV_5_WP1 | ACTION: NAVIGATE -> WP1
[INFO] [1786285383.426831792] [fsm_executor]: EVENT: TASK_COMPLETED in NAV_5_WP1
[INFO] [1786285383.429675199] [fsm_executor]: TRANSITION: NAV_5_WP1 --[TASK_COMPLETED]--> NAV_6_WP4
[INFO] [1786285383.432955282] [fsm_executor]: STATE: NAV_6_WP4 | ACTION: NAVIGATE -> WP4
[WARN] [1786285383.436609322] [fsm_executor]: RUNTIME EVENT RECEIVED: COMMUNICATION_LOST
[INFO] [1786285383.438380703] [fsm_executor]: TRANSITION: NAV_6_WP4 --[COMMUNICATION_LOST]--> COMM_RECOVERY
[INFO] [1786285383.440632732] [fsm_executor]: STATE: COMM_RECOVERY | ACTION: WAIT_FOR_COMMUNICATION
[WARN] [1786285409.128522415] [fsm_executor]: RUNTIME EVENT RECEIVED: COMMUNICATION_RECOVERY_FAILED
[INFO] [1786285409.129385106] [fsm_executor]: TRANSITION: COMM_RECOVERY --[COMMUNICATION_RECOVERY_FAILED]--> RTL
[INFO] [1786285409.130303905] [fsm_executor]: STATE: RTL | ACTION: RETURN_TO_HOME
[INFO] [1786285409.427641419] [fsm_executor]: EVENT: RTL_COMPLETED in RTL
[INFO] [1786285409.434718239] [fsm_executor]: TRANSITION: RTL --[RTL_COMPLETED]--> LAND
[INFO] [1786285409.438495679] [fsm_executor]: STATE: LAND | ACTION: LAND
[INFO] [1786285411.426373374] [fsm_executor]: EVENT: LAND_COMPLETED in LAND
[INFO] [1786285411.430391804] [fsm_executor]: TRANSITION: LAND --[LAND_COMPLETED]--> SAFE_TERMINATED
[INFO] [1786285411.432255012] [fsm_executor]: STATE: SAFE_TERMINATED
[WARN] [1786285411.433910643] [fsm_executor]: FSM mission terminated safely.
[WARN] [1786285411.437484874] [fsm_executor]: Reason: COMMUNICATION_RECOVERY_FAILED
