[INFO] [1786285736.606962250] [fsm_executor]: Loading mission: /home/bishal/ros2_ws/install/mission_formalism_evaluation/share/mission_formalism_evaluation/missions/mission_2.yaml
[INFO] [1786285736.612341654] [fsm_executor]: Mission ID: M2
[INFO] [1786285736.612898319] [fsm_executor]: Mission Name: Branch and Return
[INFO] [1786285736.613440930] [fsm_executor]: Mission Items: 13
[INFO] [1786285736.614938720] [fsm_executor]: FSM States: 20
[INFO] [1786285736.615656596] [fsm_executor]: FSM Transitions: 51
[INFO] [1786285736.616318551] [fsm_executor]: TRANSITION: IDLE --[START]--> TAKEOFF_0
[INFO] [1786285736.617109664] [fsm_executor]: STATE: TAKEOFF_0 | ACTION: TAKEOFF
[INFO] [1786285738.616750475] [fsm_executor]: EVENT: TASK_COMPLETED in TAKEOFF_0
[INFO] [1786285738.617562145] [fsm_executor]: TRANSITION: TAKEOFF_0 --[TASK_COMPLETED]--> NAV_1_WP1
[INFO] [1786285738.618639604] [fsm_executor]: STATE: NAV_1_WP1 | ACTION: NAVIGATE -> WP1
[INFO] [1786285740.617618975] [fsm_executor]: EVENT: TASK_COMPLETED in NAV_1_WP1
[INFO] [1786285740.619405960] [fsm_executor]: TRANSITION: NAV_1_WP1 --[TASK_COMPLETED]--> NAV_2_WP2
[INFO] [1786285740.621218308] [fsm_executor]: STATE: NAV_2_WP2 | ACTION: NAVIGATE -> WP2
[INFO] [1786285742.620447170] [fsm_executor]: EVENT: TASK_COMPLETED in NAV_2_WP2
[INFO] [1786285742.624061895] [fsm_executor]: TRANSITION: NAV_2_WP2 --[TASK_COMPLETED]--> NAV_3_WP1
[INFO] [1786285742.626795360] [fsm_executor]: STATE: NAV_3_WP1 | ACTION: NAVIGATE -> WP1
[INFO] [1786285744.617180005] [fsm_executor]: EVENT: TASK_COMPLETED in NAV_3_WP1
[INFO] [1786285744.617742124] [fsm_executor]: TRANSITION: NAV_3_WP1 --[TASK_COMPLETED]--> NAV_4_WP3
[INFO] [1786285744.618758904] [fsm_executor]: STATE: NAV_4_WP3 | ACTION: NAVIGATE -> WP3
[INFO] [1786285746.622286053] [fsm_executor]: EVENT: TASK_COMPLETED in NAV_4_WP3
[INFO] [1786285746.624726705] [fsm_executor]: TRANSITION: NAV_4_WP3 --[TASK_COMPLETED]--> NAV_5_WP1
[INFO] [1786285746.627101285] [fsm_executor]: STATE: NAV_5_WP1 | ACTION: NAVIGATE -> WP1
[INFO] [1786285748.620953183] [fsm_executor]: EVENT: TASK_COMPLETED in NAV_5_WP1
[INFO] [1786285748.622969047] [fsm_executor]: TRANSITION: NAV_5_WP1 --[TASK_COMPLETED]--> NAV_6_WP4
[INFO] [1786285748.625273415] [fsm_executor]: STATE: NAV_6_WP4 | ACTION: NAVIGATE -> WP4
[WARN] [1786285748.628168943] [fsm_executor]: RUNTIME EVENT RECEIVED: COMMUNICATION_LOST
[INFO] [1786285748.629199974] [fsm_executor]: TRANSITION: NAV_6_WP4 --[COMMUNICATION_LOST]--> COMM_RECOVERY
[INFO] [1786285748.630229447] [fsm_executor]: STATE: COMM_RECOVERY | ACTION: WAIT_FOR_COMMUNICATION
[WARN] [1786285764.456440146] [fsm_executor]: RUNTIME EVENT RECEIVED: COMMUNICATION_RESTORED
[INFO] [1786285764.457228519] [fsm_executor]: TRANSITION: COMM_RECOVERY --[COMMUNICATION_RESTORED]--> NAV_6_WP4
[INFO] [1786285764.458319323] [fsm_executor]: Communication restored. Resuming interrupted mission task.
[INFO] [1786285764.459153109] [fsm_executor]: STATE: NAV_6_WP4 | ACTION: NAVIGATE -> WP4
[INFO] [1786285764.617323003] [fsm_executor]: EVENT: TASK_COMPLETED in NAV_6_WP4
[INFO] [1786285764.618247941] [fsm_executor]: TRANSITION: NAV_6_WP4 --[TASK_COMPLETED]--> NAV_7_WP5
[INFO] [1786285764.618922313] [fsm_executor]: STATE: NAV_7_WP5 | ACTION: NAVIGATE -> WP5
[INFO] [1786285766.621985908] [fsm_executor]: EVENT: TASK_COMPLETED in NAV_7_WP5
[INFO] [1786285766.626819817] [fsm_executor]: TRANSITION: NAV_7_WP5 --[TASK_COMPLETED]--> NAV_8_WP4
[INFO] [1786285766.629630106] [fsm_executor]: STATE: NAV_8_WP4 | ACTION: NAVIGATE -> WP4
[INFO] [1786285768.618158995] [fsm_executor]: EVENT: TASK_COMPLETED in NAV_8_WP4
[INFO] [1786285768.619879211] [fsm_executor]: TRANSITION: NAV_8_WP4 --[TASK_COMPLETED]--> NAV_9_WP6
[INFO] [1786285768.621105433] [fsm_executor]: STATE: NAV_9_WP6 | ACTION: NAVIGATE -> WP6
[INFO] [1786285770.619905085] [fsm_executor]: EVENT: TASK_COMPLETED in NAV_9_WP6
[INFO] [1786285770.622499502] [fsm_executor]: TRANSITION: NAV_9_WP6 --[TASK_COMPLETED]--> NAV_10_WP4
[INFO] [1786285770.624510453] [fsm_executor]: STATE: NAV_10_WP4 | ACTION: NAVIGATE -> WP4
[INFO] [1786285772.620290079] [fsm_executor]: EVENT: TASK_COMPLETED in NAV_10_WP4
[INFO] [1786285772.623748562] [fsm_executor]: TRANSITION: NAV_10_WP4 --[TASK_COMPLETED]--> NAV_11_WP1
[INFO] [1786285772.626788497] [fsm_executor]: STATE: NAV_11_WP1 | ACTION: NAVIGATE -> WP1
[INFO] [1786285774.617240113] [fsm_executor]: EVENT: TASK_COMPLETED in NAV_11_WP1
[INFO] [1786285774.618340374] [fsm_executor]: TRANSITION: NAV_11_WP1 --[TASK_COMPLETED]--> LAND_12
[INFO] [1786285774.619622079] [fsm_executor]: STATE: LAND_12 | ACTION: LAND
[INFO] [1786285776.620576702] [fsm_executor]: EVENT: TASK_COMPLETED in LAND_12
[INFO] [1786285776.623243119] [fsm_executor]: TRANSITION: LAND_12 --[TASK_COMPLETED]--> COMPLETED
[INFO] [1786285776.625130478] [fsm_executor]: STATE: COMPLETED
[INFO] [1786285776.627944729] [fsm_executor]: FSM mission completed successfully.
