[INFO] [1788008949.886028590] [htn_executor]: Loading mission: /home/bishal/ros2_ws/install/mission_formalism_evaluation/share/mission_formalism_evaluation/missions/mission_3.yaml
[INFO] [1788008950.054646057] [htn_executor]: ================================
[INFO] [1788008950.055223225] [htn_executor]: HTN Mission Executor
[INFO] [1788008950.055816032] [htn_executor]: Mode: FINAL_SCENARIO_CAPABLE
[INFO] [1788008950.056463786] [htn_executor]: Model: Totally Ordered State-Based HTN
[INFO] [1788008950.057149994] [htn_executor]: Mission ID: M3
[INFO] [1788008950.057890037] [htn_executor]: Mission Name: Zigzag Navigation
[INFO] [1788008950.059373916] [htn_executor]: Mission Items: 102
[INFO] [1788008950.060420912] [htn_executor]: HTN Primitive Operators: 12
[INFO] [1788008950.061217453] [htn_executor]: HTN Compound Tasks: 4
[INFO] [1788008950.062065701] [htn_executor]: HTN Methods: 16
[INFO] [1788008950.063521416] [htn_executor]: Mission Method Applications: 104
[INFO] [1788008950.064808611] [htn_executor]: Generated Primitive Plan: 102
[INFO] [1788008950.065663552] [htn_executor]: ================================
[INFO] [1788008950.086603668] [htn_executor]: HTN PRIMITIVE RUNNING: takeoff
[INFO] [1788008950.287514393] [htn_executor]: HTN PRIMITIVE SUCCESS: takeoff
[INFO] [1788008950.307354465] [htn_executor]: HTN PRIMITIVE RUNNING: navigate [WP1]
[INFO] [1788008950.510347119] [htn_executor]: HTN PRIMITIVE SUCCESS: navigate [WP1]
[INFO] [1788008950.528478937] [htn_executor]: HTN PRIMITIVE RUNNING: navigate [WP2]
[INFO] [1788008950.728531618] [htn_executor]: HTN PRIMITIVE SUCCESS: navigate [WP2]
[INFO] [1788008950.748410860] [htn_executor]: HTN PRIMITIVE RUNNING: navigate [WP3]
[INFO] [1788008950.948661195] [htn_executor]: HTN PRIMITIVE SUCCESS: navigate [WP3]
[INFO] [1788008950.968117333] [htn_executor]: HTN PRIMITIVE RUNNING: navigate [WP4]
[INFO] [1788008951.168594247] [htn_executor]: HTN PRIMITIVE SUCCESS: navigate [WP4]
[INFO] [1788008951.188223625] [htn_executor]: HTN PRIMITIVE RUNNING: navigate [WP5]
[INFO] [1788008951.387153110] [htn_executor]: HTN PRIMITIVE SUCCESS: navigate [WP5]
[INFO] [1788008951.407140363] [htn_executor]: HTN PRIMITIVE RUNNING: navigate [WP6]
[INFO] [1788008951.886949034] [htn_executor]: HTN PRIMITIVE SUCCESS: navigate [WP6]
[INFO] [1788008951.906940241] [htn_executor]: HTN PRIMITIVE RUNNING: navigate [WP7]
[INFO] [1788008952.107441256] [htn_executor]: HTN PRIMITIVE SUCCESS: navigate [WP7]
[INFO] [1788008952.126932746] [htn_executor]: HTN PRIMITIVE RUNNING: navigate [WP8]
[INFO] [1788008952.328822531] [htn_executor]: HTN PRIMITIVE SUCCESS: navigate [WP8]
[INFO] [1788008952.348192237] [htn_executor]: HTN PRIMITIVE RUNNING: navigate [WP9]
[INFO] [1788008952.548985135] [htn_executor]: HTN PRIMITIVE SUCCESS: navigate [WP9]
[INFO] [1788008952.567713252] [htn_executor]: HTN PRIMITIVE RUNNING: navigate [WP10]
[INFO] [1788008952.769952853] [htn_executor]: HTN PRIMITIVE SUCCESS: navigate [WP10]
[INFO] [1788008952.788085182] [htn_executor]: HTN PRIMITIVE RUNNING: navigate [WP11]
[INFO] [1788008952.988968411] [htn_executor]: HTN PRIMITIVE SUCCESS: navigate [WP11]
[INFO] [1788008953.009001647] [htn_executor]: HTN PRIMITIVE RUNNING: navigate [WP12]
[INFO] [1788008953.210784494] [htn_executor]: HTN PRIMITIVE SUCCESS: navigate [WP12]
[INFO] [1788008953.229524367] [htn_executor]: HTN PRIMITIVE RUNNING: navigate [WP13]
[INFO] [1788008953.431096660] [htn_executor]: HTN PRIMITIVE SUCCESS: navigate [WP13]
[INFO] [1788008953.448991090] [htn_executor]: HTN PRIMITIVE RUNNING: navigate [WP14]
[INFO] [1788008953.650168617] [htn_executor]: HTN PRIMITIVE SUCCESS: navigate [WP14]
[INFO] [1788008953.667120066] [htn_executor]: HTN PRIMITIVE RUNNING: navigate [WP15]
[INFO] [1788008953.869511187] [htn_executor]: HTN PRIMITIVE SUCCESS: navigate [WP15]
[INFO] [1788008953.889644080] [htn_executor]: HTN PRIMITIVE RUNNING: navigate [WP16]
[INFO] [1788008954.089281869] [htn_executor]: HTN PRIMITIVE SUCCESS: navigate [WP16]
[INFO] [1788008954.107498834] [htn_executor]: HTN PRIMITIVE RUNNING: navigate [WP17]
[INFO] [1788008954.307589374] [htn_executor]: HTN PRIMITIVE SUCCESS: navigate [WP17]
[INFO] [1788008954.327243786] [htn_executor]: HTN PRIMITIVE RUNNING: navigate [WP18]
[INFO] [1788008954.527342180] [htn_executor]: HTN PRIMITIVE SUCCESS: navigate [WP18]
[INFO] [1788008954.548165211] [htn_executor]: HTN PRIMITIVE RUNNING: navigate [WP19]
[INFO] [1788008954.748900243] [htn_executor]: HTN PRIMITIVE SUCCESS: navigate [WP19]
[INFO] [1788008954.768461889] [htn_executor]: HTN PRIMITIVE RUNNING: navigate [WP20]
[INFO] [1788008954.968273172] [htn_executor]: HTN PRIMITIVE SUCCESS: navigate [WP20]
[INFO] [1788008954.987804777] [htn_executor]: HTN PRIMITIVE RUNNING: navigate [WP21]
[INFO] [1788008955.190708291] [htn_executor]: HTN PRIMITIVE SUCCESS: navigate [WP21]
[INFO] [1788008955.208903819] [htn_executor]: HTN PRIMITIVE RUNNING: navigate [WP22]
[INFO] [1788008955.408244250] [htn_executor]: HTN PRIMITIVE SUCCESS: navigate [WP22]
[INFO] [1788008955.427324452] [htn_executor]: HTN PRIMITIVE RUNNING: navigate [WP23]
[INFO] [1788008955.627411750] [htn_executor]: HTN PRIMITIVE SUCCESS: navigate [WP23]
[INFO] [1788008955.646828566] [htn_executor]: HTN PRIMITIVE RUNNING: navigate [WP24]
[INFO] [1788008955.851599074] [htn_executor]: HTN PRIMITIVE SUCCESS: navigate [WP24]
[INFO] [1788008955.872445899] [htn_executor]: HTN PRIMITIVE RUNNING: navigate [WP25]
[INFO] [1788008956.067615392] [htn_executor]: HTN PRIMITIVE SUCCESS: navigate [WP25]
[INFO] [1788008956.087448004] [htn_executor]: HTN PRIMITIVE RUNNING: navigate [WP26]
[INFO] [1788008956.297917978] [htn_executor]: HTN PRIMITIVE SUCCESS: navigate [WP26]
[INFO] [1788008956.318500573] [htn_executor]: HTN PRIMITIVE RUNNING: navigate [WP27]
[INFO] [1788008956.508805636] [htn_executor]: HTN PRIMITIVE SUCCESS: navigate [WP27]
[INFO] [1788008956.530344069] [htn_executor]: HTN PRIMITIVE RUNNING: navigate [WP28]
[INFO] [1788008956.737577002] [htn_executor]: HTN PRIMITIVE SUCCESS: navigate [WP28]
[INFO] [1788008956.748716161] [htn_executor]: HTN PRIMITIVE RUNNING: navigate [WP29]
[INFO] [1788008956.948749828] [htn_executor]: HTN PRIMITIVE SUCCESS: navigate [WP29]
[INFO] [1788008956.968070899] [htn_executor]: HTN PRIMITIVE RUNNING: navigate [WP30]
[INFO] [1788008957.170591269] [htn_executor]: HTN PRIMITIVE SUCCESS: navigate [WP30]
[INFO] [1788008957.188898000] [htn_executor]: HTN PRIMITIVE RUNNING: navigate [WP31]
[INFO] [1788008957.390860968] [htn_executor]: HTN PRIMITIVE SUCCESS: navigate [WP31]
[INFO] [1788008957.408353422] [htn_executor]: HTN PRIMITIVE RUNNING: navigate [WP32]
[INFO] [1788008957.610404645] [htn_executor]: HTN PRIMITIVE SUCCESS: navigate [WP32]
[INFO] [1788008957.630560086] [htn_executor]: HTN PRIMITIVE RUNNING: navigate [WP33]
[INFO] [1788008957.827239896] [htn_executor]: HTN PRIMITIVE SUCCESS: navigate [WP33]
[INFO] [1788008957.846674095] [htn_executor]: HTN PRIMITIVE RUNNING: navigate [WP34]
[INFO] [1788008958.047121277] [htn_executor]: HTN PRIMITIVE SUCCESS: navigate [WP34]
[INFO] [1788008958.067040442] [htn_executor]: HTN PRIMITIVE RUNNING: navigate [WP35]
[INFO] [1788008958.267707591] [htn_executor]: HTN PRIMITIVE SUCCESS: navigate [WP35]
[INFO] [1788008958.287701184] [htn_executor]: HTN PRIMITIVE RUNNING: navigate [WP36]
[INFO] [1788008958.487254403] [htn_executor]: HTN PRIMITIVE SUCCESS: navigate [WP36]
[INFO] [1788008958.506526417] [htn_executor]: HTN PRIMITIVE RUNNING: navigate [WP37]
[INFO] [1788008958.708875800] [htn_executor]: HTN PRIMITIVE SUCCESS: navigate [WP37]
[INFO] [1788008958.729327527] [htn_executor]: HTN PRIMITIVE RUNNING: navigate [WP38]
[INFO] [1788008958.930169722] [htn_executor]: HTN PRIMITIVE SUCCESS: navigate [WP38]
[INFO] [1788008958.948108248] [htn_executor]: HTN PRIMITIVE RUNNING: navigate [WP39]
[INFO] [1788008959.148919270] [htn_executor]: HTN PRIMITIVE SUCCESS: navigate [WP39]
[INFO] [1788008959.168135237] [htn_executor]: HTN PRIMITIVE RUNNING: navigate [WP40]
[INFO] [1788008959.368871426] [htn_executor]: HTN PRIMITIVE SUCCESS: navigate [WP40]
[INFO] [1788008959.388671045] [htn_executor]: HTN PRIMITIVE RUNNING: navigate [WP41]
[INFO] [1788008959.590227711] [htn_executor]: HTN PRIMITIVE SUCCESS: navigate [WP41]
[INFO] [1788008959.607608705] [htn_executor]: HTN PRIMITIVE RUNNING: navigate [WP42]
[INFO] [1788008959.808007961] [htn_executor]: HTN PRIMITIVE SUCCESS: navigate [WP42]
[INFO] [1788008959.827116536] [htn_executor]: HTN PRIMITIVE RUNNING: navigate [WP43]
[INFO] [1788008960.027693904] [htn_executor]: HTN PRIMITIVE SUCCESS: navigate [WP43]
[INFO] [1788008960.047342197] [htn_executor]: HTN PRIMITIVE RUNNING: navigate [WP44]
[INFO] [1788008960.248762426] [htn_executor]: HTN PRIMITIVE SUCCESS: navigate [WP44]
[INFO] [1788008960.267410380] [htn_executor]: HTN PRIMITIVE RUNNING: navigate [WP45]
[INFO] [1788008960.468852405] [htn_executor]: HTN PRIMITIVE SUCCESS: navigate [WP45]
[INFO] [1788008960.489061136] [htn_executor]: HTN PRIMITIVE RUNNING: navigate [WP46]
[INFO] [1788008960.689754989] [htn_executor]: HTN PRIMITIVE SUCCESS: navigate [WP46]
[INFO] [1788008960.710043807] [htn_executor]: HTN PRIMITIVE RUNNING: navigate [WP47]
[INFO] [1788008960.909155449] [htn_executor]: HTN PRIMITIVE SUCCESS: navigate [WP47]
[INFO] [1788008960.928153543] [htn_executor]: HTN PRIMITIVE RUNNING: navigate [WP48]
[INFO] [1788008961.130248421] [htn_executor]: HTN PRIMITIVE SUCCESS: navigate [WP48]
[INFO] [1788008961.148152481] [htn_executor]: HTN PRIMITIVE RUNNING: navigate [WP49]
[INFO] [1788008961.346713301] [htn_executor]: HTN PRIMITIVE SUCCESS: navigate [WP49]
[INFO] [1788008961.366504482] [htn_executor]: HTN PRIMITIVE RUNNING: navigate [WP50]
[WARN] [1788008961.367781303] [htn_executor]: RUNTIME EVENT RECEIVED: BATTERY_CRITICAL
[WARN] [1788008961.368513037] [htn_executor]: HTN PAUSED: navigate [WP50]
[WARN] [1788008961.369715456] [htn_executor]: HTN REPLANNING
[WARN] [1788008961.370511727] [htn_executor]: Selected method: m_battery_critical
[WARN] [1788008961.371297319] [htn_executor]: Recovery plan: emergency_land -> safe_terminate
[INFO] [1788008961.386520615] [htn_executor]: HTN RECOVERY RUNNING: emergency_land
[INFO] [1788008961.587352530] [htn_executor]: HTN PRIMITIVE SUCCESS: emergency_land
[INFO] [1788008961.609309050] [htn_executor]: HTN RECOVERY RUNNING: safe_terminate
[INFO] [1788008961.807250703] [htn_executor]: HTN PRIMITIVE SUCCESS: safe_terminate
[WARN] [1788008961.807979816] [htn_executor]: ================================
[WARN] [1788008961.809429247] [htn_executor]: MISSION SAFE TERMINATED
[WARN] [1788008961.809950590] [htn_executor]: Reason: BATTERY_CRITICAL
[WARN] [1788008961.810442768] [htn_executor]: ================================
