[INFO] [1786394501.123358174] [fsm_executor]: Loading mission: /home/bishal/ros2_ws/install/mission_formalism_evaluation/share/mission_formalism_evaluation/missions/mission_2.yaml
[INFO] [1786394501.130370803] [fsm_executor]: Mission ID: M2
[INFO] [1786394501.131233678] [fsm_executor]: Mission Name: Branch and Return
[INFO] [1786394501.132079217] [fsm_executor]: Mission Items: 13
[INFO] [1786394501.132589996] [fsm_executor]: FSM States: 21
[INFO] [1786394501.133268851] [fsm_executor]: FSM Transitions: 85
[INFO] [1786394501.134013796] [fsm_executor]: TRANSITION: IDLE --[START]--> TAKEOFF_0
[INFO] [1786394501.136308319] [fsm_executor]: STATE: TAKEOFF_0 | ACTION: TAKEOFF
[INFO] [1786394503.137328110] [fsm_executor]: EVENT: TASK_COMPLETED in TAKEOFF_0
[INFO] [1786394503.140173002] [fsm_executor]: TRANSITION: TAKEOFF_0 --[TASK_COMPLETED]--> NAV_1_WP1
[INFO] [1786394503.143488513] [fsm_executor]: STATE: NAV_1_WP1 | ACTION: NAVIGATE -> WP1
[INFO] [1786394505.138268295] [fsm_executor]: EVENT: TASK_COMPLETED in NAV_1_WP1
[INFO] [1786394505.140987087] [fsm_executor]: TRANSITION: NAV_1_WP1 --[TASK_COMPLETED]--> NAV_2_WP2
[INFO] [1786394505.144223312] [fsm_executor]: STATE: NAV_2_WP2 | ACTION: NAVIGATE -> WP2
[INFO] [1786394507.139391013] [fsm_executor]: EVENT: TASK_COMPLETED in NAV_2_WP2
[INFO] [1786394507.142602419] [fsm_executor]: TRANSITION: NAV_2_WP2 --[TASK_COMPLETED]--> NAV_3_WP1
[INFO] [1786394507.146350625] [fsm_executor]: STATE: NAV_3_WP1 | ACTION: NAVIGATE -> WP1
[INFO] [1786394509.138227579] [fsm_executor]: EVENT: TASK_COMPLETED in NAV_3_WP1
[INFO] [1786394509.141063125] [fsm_executor]: TRANSITION: NAV_3_WP1 --[TASK_COMPLETED]--> NAV_4_WP3
[INFO] [1786394509.144305377] [fsm_executor]: STATE: NAV_4_WP3 | ACTION: NAVIGATE -> WP3
[INFO] [1786394511.138253762] [fsm_executor]: EVENT: TASK_COMPLETED in NAV_4_WP3
[INFO] [1786394511.140170851] [fsm_executor]: TRANSITION: NAV_4_WP3 --[TASK_COMPLETED]--> NAV_5_WP1
[INFO] [1786394511.141979343] [fsm_executor]: STATE: NAV_5_WP1 | ACTION: NAVIGATE -> WP1
[INFO] [1786394513.137370717] [fsm_executor]: EVENT: TASK_COMPLETED in NAV_5_WP1
[INFO] [1786394513.139194618] [fsm_executor]: TRANSITION: NAV_5_WP1 --[TASK_COMPLETED]--> NAV_6_WP4
[INFO] [1786394513.141121844] [fsm_executor]: STATE: NAV_6_WP4 | ACTION: NAVIGATE -> WP4
[WARN] [1786394513.146670617] [fsm_executor]: RUNTIME EVENT RECEIVED: ABORT_REQUESTED
[INFO] [1786394513.149859588] [fsm_executor]: TRANSITION: NAV_6_WP4 --[ABORT_REQUESTED]--> ABORT_MISSION
[INFO] [1786394513.153150830] [fsm_executor]: STATE: ABORT_MISSION | ACTION: ABORT_MISSION
[INFO] [1786394515.137829537] [fsm_executor]: EVENT: ABORT_COMPLETED in ABORT_MISSION
[INFO] [1786394515.139824078] [fsm_executor]: TRANSITION: ABORT_MISSION --[ABORT_COMPLETED]--> RTL
[INFO] [1786394515.141759738] [fsm_executor]: STATE: RTL | ACTION: RETURN_TO_HOME
[INFO] [1786394517.137920506] [fsm_executor]: EVENT: RTL_COMPLETED in RTL
[INFO] [1786394517.141622890] [fsm_executor]: TRANSITION: RTL --[RTL_COMPLETED]--> SAFE_TERMINATED
[INFO] [1786394517.144315659] [fsm_executor]: STATE: SAFE_TERMINATED
[WARN] [1786394517.146936035] [fsm_executor]: FSM mission terminated safely.
[WARN] [1786394517.149677918] [fsm_executor]: Reason: ABORT_REQUESTED
