[INFO] [1786998451.697368933] [fsm_executor]: Loading mission: /home/bishal/ros2_ws/install/mission_formalism_evaluation/share/mission_formalism_evaluation/missions/mission_3.yaml
[INFO] [1786998451.719924833] [fsm_executor]: Mission ID: M3
[INFO] [1786998451.720764647] [fsm_executor]: Mission Name: Zigzag Navigation
[INFO] [1786998451.721706840] [fsm_executor]: Mission Items: 102
[INFO] [1786998451.722370721] [fsm_executor]: FSM States: 111
[INFO] [1786998451.723002893] [fsm_executor]: FSM Transitions: 709
[INFO] [1786998451.723508962] [fsm_executor]: TRANSITION: IDLE --[START]--> TAKEOFF_0
[INFO] [1786998451.724007920] [fsm_executor]: STATE: TAKEOFF_0 | ACTION: TAKEOFF
[INFO] [1786998452.726528857] [fsm_executor]: EVENT: TASK_COMPLETED in TAKEOFF_0
[INFO] [1786998452.729608197] [fsm_executor]: TRANSITION: TAKEOFF_0 --[TASK_COMPLETED]--> NAV_1_WP1
[INFO] [1786998452.732042780] [fsm_executor]: STATE: NAV_1_WP1 | ACTION: NAVIGATE -> WP1
[INFO] [1786998453.724873923] [fsm_executor]: EVENT: TASK_COMPLETED in NAV_1_WP1
[INFO] [1786998453.726641545] [fsm_executor]: TRANSITION: NAV_1_WP1 --[TASK_COMPLETED]--> NAV_2_WP2
[INFO] [1786998453.727940731] [fsm_executor]: STATE: NAV_2_WP2 | ACTION: NAVIGATE -> WP2
[INFO] [1786998454.725761548] [fsm_executor]: EVENT: TASK_COMPLETED in NAV_2_WP2
[INFO] [1786998454.728099748] [fsm_executor]: TRANSITION: NAV_2_WP2 --[TASK_COMPLETED]--> NAV_3_WP3
[INFO] [1786998454.730506581] [fsm_executor]: STATE: NAV_3_WP3 | ACTION: NAVIGATE -> WP3
[INFO] [1786998455.726434916] [fsm_executor]: EVENT: TASK_COMPLETED in NAV_3_WP3
[INFO] [1786998455.729820401] [fsm_executor]: TRANSITION: NAV_3_WP3 --[TASK_COMPLETED]--> NAV_4_WP4
[INFO] [1786998455.736521018] [fsm_executor]: STATE: NAV_4_WP4 | ACTION: NAVIGATE -> WP4
[INFO] [1786998456.725317887] [fsm_executor]: EVENT: TASK_COMPLETED in NAV_4_WP4
[INFO] [1786998456.726384635] [fsm_executor]: TRANSITION: NAV_4_WP4 --[TASK_COMPLETED]--> NAV_5_WP5
[INFO] [1786998456.727573487] [fsm_executor]: STATE: NAV_5_WP5 | ACTION: NAVIGATE -> WP5
[INFO] [1786998457.725318385] [fsm_executor]: EVENT: TASK_COMPLETED in NAV_5_WP5
[INFO] [1786998457.726769140] [fsm_executor]: TRANSITION: NAV_5_WP5 --[TASK_COMPLETED]--> NAV_6_WP6
[INFO] [1786998457.727778680] [fsm_executor]: STATE: NAV_6_WP6 | ACTION: NAVIGATE -> WP6
[INFO] [1786998458.728376051] [fsm_executor]: EVENT: TASK_COMPLETED in NAV_6_WP6
[INFO] [1786998458.732937320] [fsm_executor]: TRANSITION: NAV_6_WP6 --[TASK_COMPLETED]--> NAV_7_WP7
[INFO] [1786998458.735501469] [fsm_executor]: STATE: NAV_7_WP7 | ACTION: NAVIGATE -> WP7
[INFO] [1786998459.726727666] [fsm_executor]: EVENT: TASK_COMPLETED in NAV_7_WP7
[INFO] [1786998459.728375299] [fsm_executor]: TRANSITION: NAV_7_WP7 --[TASK_COMPLETED]--> NAV_8_WP8
[INFO] [1786998459.730056842] [fsm_executor]: STATE: NAV_8_WP8 | ACTION: NAVIGATE -> WP8
[INFO] [1786998460.725895370] [fsm_executor]: EVENT: TASK_COMPLETED in NAV_8_WP8
[INFO] [1786998460.728019529] [fsm_executor]: TRANSITION: NAV_8_WP8 --[TASK_COMPLETED]--> NAV_9_WP9
[INFO] [1786998460.730307526] [fsm_executor]: STATE: NAV_9_WP9 | ACTION: NAVIGATE -> WP9
[INFO] [1786998461.728414152] [fsm_executor]: EVENT: TASK_COMPLETED in NAV_9_WP9
[INFO] [1786998461.730827604] [fsm_executor]: TRANSITION: NAV_9_WP9 --[TASK_COMPLETED]--> NAV_10_WP10
[INFO] [1786998461.732250727] [fsm_executor]: STATE: NAV_10_WP10 | ACTION: NAVIGATE -> WP10
[INFO] [1786998462.726708508] [fsm_executor]: EVENT: TASK_COMPLETED in NAV_10_WP10
[INFO] [1786998462.727923462] [fsm_executor]: TRANSITION: NAV_10_WP10 --[TASK_COMPLETED]--> NAV_11_WP11
[INFO] [1786998462.729296583] [fsm_executor]: STATE: NAV_11_WP11 | ACTION: NAVIGATE -> WP11
[INFO] [1786998463.728870596] [fsm_executor]: EVENT: TASK_COMPLETED in NAV_11_WP11
[INFO] [1786998463.730451429] [fsm_executor]: TRANSITION: NAV_11_WP11 --[TASK_COMPLETED]--> NAV_12_WP12
[INFO] [1786998463.731725132] [fsm_executor]: STATE: NAV_12_WP12 | ACTION: NAVIGATE -> WP12
[INFO] [1786998464.725332856] [fsm_executor]: EVENT: TASK_COMPLETED in NAV_12_WP12
[INFO] [1786998464.726187095] [fsm_executor]: TRANSITION: NAV_12_WP12 --[TASK_COMPLETED]--> NAV_13_WP13
[INFO] [1786998464.726974658] [fsm_executor]: STATE: NAV_13_WP13 | ACTION: NAVIGATE -> WP13
[INFO] [1786998465.728788424] [fsm_executor]: EVENT: TASK_COMPLETED in NAV_13_WP13
[INFO] [1786998465.731103254] [fsm_executor]: TRANSITION: NAV_13_WP13 --[TASK_COMPLETED]--> NAV_14_WP14
[INFO] [1786998465.734713467] [fsm_executor]: STATE: NAV_14_WP14 | ACTION: NAVIGATE -> WP14
[INFO] [1786998466.724533783] [fsm_executor]: EVENT: TASK_COMPLETED in NAV_14_WP14
[INFO] [1786998466.725304740] [fsm_executor]: TRANSITION: NAV_14_WP14 --[TASK_COMPLETED]--> NAV_15_WP15
[INFO] [1786998466.727233011] [fsm_executor]: STATE: NAV_15_WP15 | ACTION: NAVIGATE -> WP15
[INFO] [1786998467.724811610] [fsm_executor]: EVENT: TASK_COMPLETED in NAV_15_WP15
[INFO] [1786998467.725662166] [fsm_executor]: TRANSITION: NAV_15_WP15 --[TASK_COMPLETED]--> NAV_16_WP16
[INFO] [1786998467.729073269] [fsm_executor]: STATE: NAV_16_WP16 | ACTION: NAVIGATE -> WP16
[INFO] [1786998468.728742736] [fsm_executor]: EVENT: TASK_COMPLETED in NAV_16_WP16
[INFO] [1786998468.732288593] [fsm_executor]: TRANSITION: NAV_16_WP16 --[TASK_COMPLETED]--> NAV_17_WP17
[INFO] [1786998468.733624950] [fsm_executor]: STATE: NAV_17_WP17 | ACTION: NAVIGATE -> WP17
[INFO] [1786998469.724622707] [fsm_executor]: EVENT: TASK_COMPLETED in NAV_17_WP17
[INFO] [1786998469.725417265] [fsm_executor]: TRANSITION: NAV_17_WP17 --[TASK_COMPLETED]--> NAV_18_WP18
[INFO] [1786998469.727890010] [fsm_executor]: STATE: NAV_18_WP18 | ACTION: NAVIGATE -> WP18
[INFO] [1786998470.728863919] [fsm_executor]: EVENT: TASK_COMPLETED in NAV_18_WP18
[INFO] [1786998470.731486810] [fsm_executor]: TRANSITION: NAV_18_WP18 --[TASK_COMPLETED]--> NAV_19_WP19
[INFO] [1786998470.735057380] [fsm_executor]: STATE: NAV_19_WP19 | ACTION: NAVIGATE -> WP19
[INFO] [1786998471.731230085] [fsm_executor]: EVENT: TASK_COMPLETED in NAV_19_WP19
[INFO] [1786998471.734600106] [fsm_executor]: TRANSITION: NAV_19_WP19 --[TASK_COMPLETED]--> NAV_20_WP20
[INFO] [1786998471.737265914] [fsm_executor]: STATE: NAV_20_WP20 | ACTION: NAVIGATE -> WP20
[INFO] [1786998472.728773818] [fsm_executor]: EVENT: TASK_COMPLETED in NAV_20_WP20
[INFO] [1786998472.732173027] [fsm_executor]: TRANSITION: NAV_20_WP20 --[TASK_COMPLETED]--> NAV_21_WP21
[INFO] [1786998472.734516035] [fsm_executor]: STATE: NAV_21_WP21 | ACTION: NAVIGATE -> WP21
[INFO] [1786998473.726426324] [fsm_executor]: EVENT: TASK_COMPLETED in NAV_21_WP21
[INFO] [1786998473.727475851] [fsm_executor]: TRANSITION: NAV_21_WP21 --[TASK_COMPLETED]--> NAV_22_WP22
[INFO] [1786998473.728419067] [fsm_executor]: STATE: NAV_22_WP22 | ACTION: NAVIGATE -> WP22
[INFO] [1786998474.728884092] [fsm_executor]: EVENT: TASK_COMPLETED in NAV_22_WP22
[INFO] [1786998474.731580721] [fsm_executor]: TRANSITION: NAV_22_WP22 --[TASK_COMPLETED]--> NAV_23_WP23
[INFO] [1786998474.733866394] [fsm_executor]: STATE: NAV_23_WP23 | ACTION: NAVIGATE -> WP23
[INFO] [1786998475.724434051] [fsm_executor]: EVENT: TASK_COMPLETED in NAV_23_WP23
[INFO] [1786998475.725110093] [fsm_executor]: TRANSITION: NAV_23_WP23 --[TASK_COMPLETED]--> NAV_24_WP24
[INFO] [1786998475.725796817] [fsm_executor]: STATE: NAV_24_WP24 | ACTION: NAVIGATE -> WP24
[INFO] [1786998476.724306165] [fsm_executor]: EVENT: TASK_COMPLETED in NAV_24_WP24
[INFO] [1786998476.725020579] [fsm_executor]: TRANSITION: NAV_24_WP24 --[TASK_COMPLETED]--> NAV_25_WP25
[INFO] [1786998476.725890912] [fsm_executor]: STATE: NAV_25_WP25 | ACTION: NAVIGATE -> WP25
[INFO] [1786998477.724784606] [fsm_executor]: EVENT: TASK_COMPLETED in NAV_25_WP25
[INFO] [1786998477.725483732] [fsm_executor]: TRANSITION: NAV_25_WP25 --[TASK_COMPLETED]--> NAV_26_WP26
[INFO] [1786998477.727858210] [fsm_executor]: STATE: NAV_26_WP26 | ACTION: NAVIGATE -> WP26
[INFO] [1786998478.725423416] [fsm_executor]: EVENT: TASK_COMPLETED in NAV_26_WP26
[INFO] [1786998478.726290829] [fsm_executor]: TRANSITION: NAV_26_WP26 --[TASK_COMPLETED]--> NAV_27_WP27
[INFO] [1786998478.727246340] [fsm_executor]: STATE: NAV_27_WP27 | ACTION: NAVIGATE -> WP27
[INFO] [1786998479.724858645] [fsm_executor]: EVENT: TASK_COMPLETED in NAV_27_WP27
[INFO] [1786998479.725575536] [fsm_executor]: TRANSITION: NAV_27_WP27 --[TASK_COMPLETED]--> NAV_28_WP28
[INFO] [1786998479.726355003] [fsm_executor]: STATE: NAV_28_WP28 | ACTION: NAVIGATE -> WP28
[INFO] [1786998480.726481886] [fsm_executor]: EVENT: TASK_COMPLETED in NAV_28_WP28
[INFO] [1786998480.727782242] [fsm_executor]: TRANSITION: NAV_28_WP28 --[TASK_COMPLETED]--> NAV_29_WP29
[INFO] [1786998480.729199675] [fsm_executor]: STATE: NAV_29_WP29 | ACTION: NAVIGATE -> WP29
[INFO] [1786998481.725301614] [fsm_executor]: EVENT: TASK_COMPLETED in NAV_29_WP29
[INFO] [1786998481.726030532] [fsm_executor]: TRANSITION: NAV_29_WP29 --[TASK_COMPLETED]--> NAV_30_WP30
[INFO] [1786998481.726769802] [fsm_executor]: STATE: NAV_30_WP30 | ACTION: NAVIGATE -> WP30
[INFO] [1786998482.725561836] [fsm_executor]: EVENT: TASK_COMPLETED in NAV_30_WP30
[INFO] [1786998482.726739621] [fsm_executor]: TRANSITION: NAV_30_WP30 --[TASK_COMPLETED]--> NAV_31_WP31
[INFO] [1786998482.728057630] [fsm_executor]: STATE: NAV_31_WP31 | ACTION: NAVIGATE -> WP31
[INFO] [1786998483.725753761] [fsm_executor]: EVENT: TASK_COMPLETED in NAV_31_WP31
[INFO] [1786998483.727235229] [fsm_executor]: TRANSITION: NAV_31_WP31 --[TASK_COMPLETED]--> NAV_32_WP32
[INFO] [1786998483.729792661] [fsm_executor]: STATE: NAV_32_WP32 | ACTION: NAVIGATE -> WP32
[INFO] [1786998484.727134558] [fsm_executor]: EVENT: TASK_COMPLETED in NAV_32_WP32
[INFO] [1786998484.728563886] [fsm_executor]: TRANSITION: NAV_32_WP32 --[TASK_COMPLETED]--> NAV_33_WP33
[INFO] [1786998484.730945627] [fsm_executor]: STATE: NAV_33_WP33 | ACTION: NAVIGATE -> WP33
[INFO] [1786998485.727759928] [fsm_executor]: EVENT: TASK_COMPLETED in NAV_33_WP33
[INFO] [1786998485.730233735] [fsm_executor]: TRANSITION: NAV_33_WP33 --[TASK_COMPLETED]--> NAV_34_WP34
[INFO] [1786998485.733242780] [fsm_executor]: STATE: NAV_34_WP34 | ACTION: NAVIGATE -> WP34
[INFO] [1786998486.725875775] [fsm_executor]: EVENT: TASK_COMPLETED in NAV_34_WP34
[INFO] [1786998486.728568703] [fsm_executor]: TRANSITION: NAV_34_WP34 --[TASK_COMPLETED]--> NAV_35_WP35
[INFO] [1786998486.730894107] [fsm_executor]: STATE: NAV_35_WP35 | ACTION: NAVIGATE -> WP35
[INFO] [1786998487.727100241] [fsm_executor]: EVENT: TASK_COMPLETED in NAV_35_WP35
[INFO] [1786998487.730876850] [fsm_executor]: TRANSITION: NAV_35_WP35 --[TASK_COMPLETED]--> NAV_36_WP36
[INFO] [1786998487.733331945] [fsm_executor]: STATE: NAV_36_WP36 | ACTION: NAVIGATE -> WP36
[INFO] [1786998488.725959212] [fsm_executor]: EVENT: TASK_COMPLETED in NAV_36_WP36
[INFO] [1786998488.727771699] [fsm_executor]: TRANSITION: NAV_36_WP36 --[TASK_COMPLETED]--> NAV_37_WP37
[INFO] [1786998488.730052526] [fsm_executor]: STATE: NAV_37_WP37 | ACTION: NAVIGATE -> WP37
[INFO] [1786998489.724865983] [fsm_executor]: EVENT: TASK_COMPLETED in NAV_37_WP37
[INFO] [1786998489.725573914] [fsm_executor]: TRANSITION: NAV_37_WP37 --[TASK_COMPLETED]--> NAV_38_WP38
[INFO] [1786998489.726596639] [fsm_executor]: STATE: NAV_38_WP38 | ACTION: NAVIGATE -> WP38
[INFO] [1786998490.728305125] [fsm_executor]: EVENT: TASK_COMPLETED in NAV_38_WP38
[INFO] [1786998490.730292358] [fsm_executor]: TRANSITION: NAV_38_WP38 --[TASK_COMPLETED]--> NAV_39_WP39
[INFO] [1786998490.731813464] [fsm_executor]: STATE: NAV_39_WP39 | ACTION: NAVIGATE -> WP39
[INFO] [1786998491.727618881] [fsm_executor]: EVENT: TASK_COMPLETED in NAV_39_WP39
[INFO] [1786998491.732902289] [fsm_executor]: TRANSITION: NAV_39_WP39 --[TASK_COMPLETED]--> NAV_40_WP40
[INFO] [1786998491.735598765] [fsm_executor]: STATE: NAV_40_WP40 | ACTION: NAVIGATE -> WP40
[INFO] [1786998492.725953372] [fsm_executor]: EVENT: TASK_COMPLETED in NAV_40_WP40
[INFO] [1786998492.727517569] [fsm_executor]: TRANSITION: NAV_40_WP40 --[TASK_COMPLETED]--> NAV_41_WP41
[INFO] [1786998492.728928565] [fsm_executor]: STATE: NAV_41_WP41 | ACTION: NAVIGATE -> WP41
[INFO] [1786998493.726400765] [fsm_executor]: EVENT: TASK_COMPLETED in NAV_41_WP41
[INFO] [1786998493.728520067] [fsm_executor]: TRANSITION: NAV_41_WP41 --[TASK_COMPLETED]--> NAV_42_WP42
[INFO] [1786998493.729921286] [fsm_executor]: STATE: NAV_42_WP42 | ACTION: NAVIGATE -> WP42
[INFO] [1786998494.728412592] [fsm_executor]: EVENT: TASK_COMPLETED in NAV_42_WP42
[INFO] [1786998494.732778781] [fsm_executor]: TRANSITION: NAV_42_WP42 --[TASK_COMPLETED]--> NAV_43_WP43
[INFO] [1786998494.735915664] [fsm_executor]: STATE: NAV_43_WP43 | ACTION: NAVIGATE -> WP43
[INFO] [1786998495.725647037] [fsm_executor]: EVENT: TASK_COMPLETED in NAV_43_WP43
[INFO] [1786998495.726868388] [fsm_executor]: TRANSITION: NAV_43_WP43 --[TASK_COMPLETED]--> NAV_44_WP44
[INFO] [1786998495.727858977] [fsm_executor]: STATE: NAV_44_WP44 | ACTION: NAVIGATE -> WP44
[INFO] [1786998496.727531095] [fsm_executor]: EVENT: TASK_COMPLETED in NAV_44_WP44
[INFO] [1786998496.729033707] [fsm_executor]: TRANSITION: NAV_44_WP44 --[TASK_COMPLETED]--> NAV_45_WP45
[INFO] [1786998496.730380999] [fsm_executor]: STATE: NAV_45_WP45 | ACTION: NAVIGATE -> WP45
[INFO] [1786998497.725384423] [fsm_executor]: EVENT: TASK_COMPLETED in NAV_45_WP45
[INFO] [1786998497.726479688] [fsm_executor]: TRANSITION: NAV_45_WP45 --[TASK_COMPLETED]--> NAV_46_WP46
[INFO] [1786998497.727641237] [fsm_executor]: STATE: NAV_46_WP46 | ACTION: NAVIGATE -> WP46
[INFO] [1786998498.730447910] [fsm_executor]: EVENT: TASK_COMPLETED in NAV_46_WP46
[INFO] [1786998498.732301125] [fsm_executor]: TRANSITION: NAV_46_WP46 --[TASK_COMPLETED]--> NAV_47_WP47
[INFO] [1786998498.734163793] [fsm_executor]: STATE: NAV_47_WP47 | ACTION: NAVIGATE -> WP47
[INFO] [1786998499.729379774] [fsm_executor]: EVENT: TASK_COMPLETED in NAV_47_WP47
[INFO] [1786998499.732371060] [fsm_executor]: TRANSITION: NAV_47_WP47 --[TASK_COMPLETED]--> NAV_48_WP48
[INFO] [1786998499.735613697] [fsm_executor]: STATE: NAV_48_WP48 | ACTION: NAVIGATE -> WP48
[INFO] [1786998500.724430427] [fsm_executor]: EVENT: TASK_COMPLETED in NAV_48_WP48
[INFO] [1786998500.725259307] [fsm_executor]: TRANSITION: NAV_48_WP48 --[TASK_COMPLETED]--> NAV_49_WP49
[INFO] [1786998500.725878016] [fsm_executor]: STATE: NAV_49_WP49 | ACTION: NAVIGATE -> WP49
[INFO] [1786998501.725891130] [fsm_executor]: EVENT: TASK_COMPLETED in NAV_49_WP49
[INFO] [1786998501.727184580] [fsm_executor]: TRANSITION: NAV_49_WP49 --[TASK_COMPLETED]--> NAV_50_WP50
[INFO] [1786998501.728118896] [fsm_executor]: STATE: NAV_50_WP50 | ACTION: NAVIGATE -> WP50
[WARN] [1786998501.730957280] [fsm_executor]: RUNTIME EVENT RECEIVED: BATTERY_CRITICAL
[INFO] [1786998501.732305209] [fsm_executor]: TRANSITION: NAV_50_WP50 --[BATTERY_CRITICAL]--> LAND
[INFO] [1786998501.733230008] [fsm_executor]: STATE: LAND | ACTION: LAND
[INFO] [1786998502.724905838] [fsm_executor]: EVENT: LAND_COMPLETED in LAND
[INFO] [1786998502.726400379] [fsm_executor]: TRANSITION: LAND --[LAND_COMPLETED]--> SAFE_TERMINATED
[INFO] [1786998502.727546708] [fsm_executor]: STATE: SAFE_TERMINATED
[WARN] [1786998502.730334928] [fsm_executor]: FSM mission terminated safely.
[WARN] [1786998502.731749227] [fsm_executor]: Reason: BATTERY_CRITICAL
