[INFO] [1786477296.245125304] [fsm_executor]: Loading mission: /home/bishal/ros2_ws/install/mission_formalism_evaluation/share/mission_formalism_evaluation/missions/mission_3.yaml
[INFO] [1786477296.263825803] [fsm_executor]: Mission ID: M3
[INFO] [1786477296.264328982] [fsm_executor]: Mission Name: Zigzag Navigation
[INFO] [1786477296.265108422] [fsm_executor]: Mission Items: 102
[INFO] [1786477296.266020163] [fsm_executor]: FSM States: 110
[INFO] [1786477296.266929946] [fsm_executor]: FSM Transitions: 708
[INFO] [1786477296.267691362] [fsm_executor]: TRANSITION: IDLE --[START]--> TAKEOFF_0
[INFO] [1786477296.268154686] [fsm_executor]: STATE: TAKEOFF_0 | ACTION: TAKEOFF
[INFO] [1786477296.372322567] [fsm_executor]: EVENT: TASK_COMPLETED in TAKEOFF_0
[INFO] [1786477296.375339055] [fsm_executor]: TRANSITION: TAKEOFF_0 --[TASK_COMPLETED]--> NAV_1_WP1
[INFO] [1786477296.378612743] [fsm_executor]: STATE: NAV_1_WP1 | ACTION: NAVIGATE -> WP1
[INFO] [1786477296.472151494] [fsm_executor]: EVENT: TASK_COMPLETED in NAV_1_WP1
[INFO] [1786477296.475006559] [fsm_executor]: TRANSITION: NAV_1_WP1 --[TASK_COMPLETED]--> NAV_2_WP2
[INFO] [1786477296.478243454] [fsm_executor]: STATE: NAV_2_WP2 | ACTION: NAVIGATE -> WP2
[INFO] [1786477296.569191545] [fsm_executor]: EVENT: TASK_COMPLETED in NAV_2_WP2
[INFO] [1786477296.570452570] [fsm_executor]: TRANSITION: NAV_2_WP2 --[TASK_COMPLETED]--> NAV_3_WP3
[INFO] [1786477296.572202802] [fsm_executor]: STATE: NAV_3_WP3 | ACTION: NAVIGATE -> WP3
[INFO] [1786477296.671955748] [fsm_executor]: EVENT: TASK_COMPLETED in NAV_3_WP3
[INFO] [1786477296.674877760] [fsm_executor]: TRANSITION: NAV_3_WP3 --[TASK_COMPLETED]--> NAV_4_WP4
[INFO] [1786477296.678045388] [fsm_executor]: STATE: NAV_4_WP4 | ACTION: NAVIGATE -> WP4
[INFO] [1786477296.768884667] [fsm_executor]: EVENT: TASK_COMPLETED in NAV_4_WP4
[INFO] [1786477296.769986568] [fsm_executor]: TRANSITION: NAV_4_WP4 --[TASK_COMPLETED]--> NAV_5_WP5
[INFO] [1786477296.771241979] [fsm_executor]: STATE: NAV_5_WP5 | ACTION: NAVIGATE -> WP5
[INFO] [1786477296.871100711] [fsm_executor]: EVENT: TASK_COMPLETED in NAV_5_WP5
[INFO] [1786477296.872583431] [fsm_executor]: TRANSITION: NAV_5_WP5 --[TASK_COMPLETED]--> NAV_6_WP6
[INFO] [1786477296.874065827] [fsm_executor]: STATE: NAV_6_WP6 | ACTION: NAVIGATE -> WP6
[INFO] [1786477296.971516301] [fsm_executor]: EVENT: TASK_COMPLETED in NAV_6_WP6
[INFO] [1786477296.973630222] [fsm_executor]: TRANSITION: NAV_6_WP6 --[TASK_COMPLETED]--> NAV_7_WP7
[INFO] [1786477296.975722666] [fsm_executor]: STATE: NAV_7_WP7 | ACTION: NAVIGATE -> WP7
[INFO] [1786477297.072180192] [fsm_executor]: EVENT: TASK_COMPLETED in NAV_7_WP7
[INFO] [1786477297.073981285] [fsm_executor]: TRANSITION: NAV_7_WP7 --[TASK_COMPLETED]--> NAV_8_WP8
[INFO] [1786477297.076198274] [fsm_executor]: STATE: NAV_8_WP8 | ACTION: NAVIGATE -> WP8
[INFO] [1786477297.171666518] [fsm_executor]: EVENT: TASK_COMPLETED in NAV_8_WP8
[INFO] [1786477297.172755200] [fsm_executor]: TRANSITION: NAV_8_WP8 --[TASK_COMPLETED]--> NAV_9_WP9
[INFO] [1786477297.173764371] [fsm_executor]: STATE: NAV_9_WP9 | ACTION: NAVIGATE -> WP9
[INFO] [1786477297.271386904] [fsm_executor]: EVENT: TASK_COMPLETED in NAV_9_WP9
[INFO] [1786477297.274198202] [fsm_executor]: TRANSITION: NAV_9_WP9 --[TASK_COMPLETED]--> NAV_10_WP10
[INFO] [1786477297.277549405] [fsm_executor]: STATE: NAV_10_WP10 | ACTION: NAVIGATE -> WP10
[INFO] [1786477297.370377766] [fsm_executor]: EVENT: TASK_COMPLETED in NAV_10_WP10
[INFO] [1786477297.372970169] [fsm_executor]: TRANSITION: NAV_10_WP10 --[TASK_COMPLETED]--> NAV_11_WP11
[INFO] [1786477297.376184967] [fsm_executor]: STATE: NAV_11_WP11 | ACTION: NAVIGATE -> WP11
[INFO] [1786477297.471367353] [fsm_executor]: EVENT: TASK_COMPLETED in NAV_11_WP11
[INFO] [1786477297.473128481] [fsm_executor]: TRANSITION: NAV_11_WP11 --[TASK_COMPLETED]--> NAV_12_WP12
[INFO] [1786477297.475045759] [fsm_executor]: STATE: NAV_12_WP12 | ACTION: NAVIGATE -> WP12
[INFO] [1786477297.574806983] [fsm_executor]: EVENT: TASK_COMPLETED in NAV_12_WP12
[INFO] [1786477297.578055986] [fsm_executor]: TRANSITION: NAV_12_WP12 --[TASK_COMPLETED]--> NAV_13_WP13
[INFO] [1786477297.581504089] [fsm_executor]: STATE: NAV_13_WP13 | ACTION: NAVIGATE -> WP13
[INFO] [1786477297.670824821] [fsm_executor]: EVENT: TASK_COMPLETED in NAV_13_WP13
[INFO] [1786477297.673688708] [fsm_executor]: TRANSITION: NAV_13_WP13 --[TASK_COMPLETED]--> NAV_14_WP14
[INFO] [1786477297.677000108] [fsm_executor]: STATE: NAV_14_WP14 | ACTION: NAVIGATE -> WP14
[INFO] [1786477297.771540577] [fsm_executor]: EVENT: TASK_COMPLETED in NAV_14_WP14
[INFO] [1786477297.774364963] [fsm_executor]: TRANSITION: NAV_14_WP14 --[TASK_COMPLETED]--> NAV_15_WP15
[INFO] [1786477297.778049855] [fsm_executor]: STATE: NAV_15_WP15 | ACTION: NAVIGATE -> WP15
[INFO] [1786477297.870658981] [fsm_executor]: EVENT: TASK_COMPLETED in NAV_15_WP15
[INFO] [1786477297.872177763] [fsm_executor]: TRANSITION: NAV_15_WP15 --[TASK_COMPLETED]--> NAV_16_WP16
[INFO] [1786477297.873911505] [fsm_executor]: STATE: NAV_16_WP16 | ACTION: NAVIGATE -> WP16
[INFO] [1786477297.971264906] [fsm_executor]: EVENT: TASK_COMPLETED in NAV_16_WP16
[INFO] [1786477297.974043245] [fsm_executor]: TRANSITION: NAV_16_WP16 --[TASK_COMPLETED]--> NAV_17_WP17
[INFO] [1786477297.977373876] [fsm_executor]: STATE: NAV_17_WP17 | ACTION: NAVIGATE -> WP17
[INFO] [1786477298.068971393] [fsm_executor]: EVENT: TASK_COMPLETED in NAV_17_WP17
[INFO] [1786477298.069949324] [fsm_executor]: TRANSITION: NAV_17_WP17 --[TASK_COMPLETED]--> NAV_18_WP18
[INFO] [1786477298.071040590] [fsm_executor]: STATE: NAV_18_WP18 | ACTION: NAVIGATE -> WP18
[INFO] [1786477298.172204133] [fsm_executor]: EVENT: TASK_COMPLETED in NAV_18_WP18
[INFO] [1786477298.174974494] [fsm_executor]: TRANSITION: NAV_18_WP18 --[TASK_COMPLETED]--> NAV_19_WP19
[INFO] [1786477298.177234621] [fsm_executor]: STATE: NAV_19_WP19 | ACTION: NAVIGATE -> WP19
[INFO] [1786477298.269820517] [fsm_executor]: EVENT: TASK_COMPLETED in NAV_19_WP19
[INFO] [1786477298.271669390] [fsm_executor]: TRANSITION: NAV_19_WP19 --[TASK_COMPLETED]--> NAV_20_WP20
[INFO] [1786477298.273811874] [fsm_executor]: STATE: NAV_20_WP20 | ACTION: NAVIGATE -> WP20
[INFO] [1786477298.371952945] [fsm_executor]: EVENT: TASK_COMPLETED in NAV_20_WP20
[INFO] [1786477298.374743250] [fsm_executor]: TRANSITION: NAV_20_WP20 --[TASK_COMPLETED]--> NAV_21_WP21
[INFO] [1786477298.378042543] [fsm_executor]: STATE: NAV_21_WP21 | ACTION: NAVIGATE -> WP21
[INFO] [1786477298.471067399] [fsm_executor]: EVENT: TASK_COMPLETED in NAV_21_WP21
[INFO] [1786477298.473164490] [fsm_executor]: TRANSITION: NAV_21_WP21 --[TASK_COMPLETED]--> NAV_22_WP22
[INFO] [1786477298.475005714] [fsm_executor]: STATE: NAV_22_WP22 | ACTION: NAVIGATE -> WP22
[INFO] [1786477298.571202605] [fsm_executor]: EVENT: TASK_COMPLETED in NAV_22_WP22
[INFO] [1786477298.573980074] [fsm_executor]: TRANSITION: NAV_22_WP22 --[TASK_COMPLETED]--> NAV_23_WP23
[INFO] [1786477298.577269564] [fsm_executor]: STATE: NAV_23_WP23 | ACTION: NAVIGATE -> WP23
[INFO] [1786477298.671284877] [fsm_executor]: EVENT: TASK_COMPLETED in NAV_23_WP23
[INFO] [1786477298.674101379] [fsm_executor]: TRANSITION: NAV_23_WP23 --[TASK_COMPLETED]--> NAV_24_WP24
[INFO] [1786477298.677366558] [fsm_executor]: STATE: NAV_24_WP24 | ACTION: NAVIGATE -> WP24
[INFO] [1786477298.772223081] [fsm_executor]: EVENT: TASK_COMPLETED in NAV_24_WP24
[INFO] [1786477298.775135176] [fsm_executor]: TRANSITION: NAV_24_WP24 --[TASK_COMPLETED]--> NAV_25_WP25
[INFO] [1786477298.778158307] [fsm_executor]: STATE: NAV_25_WP25 | ACTION: NAVIGATE -> WP25
[INFO] [1786477298.868896611] [fsm_executor]: EVENT: TASK_COMPLETED in NAV_25_WP25
[INFO] [1786477298.869596544] [fsm_executor]: TRANSITION: NAV_25_WP25 --[TASK_COMPLETED]--> NAV_26_WP26
[INFO] [1786477298.870356222] [fsm_executor]: STATE: NAV_26_WP26 | ACTION: NAVIGATE -> WP26
[INFO] [1786477298.971353195] [fsm_executor]: EVENT: TASK_COMPLETED in NAV_26_WP26
[INFO] [1786477298.973166585] [fsm_executor]: TRANSITION: NAV_26_WP26 --[TASK_COMPLETED]--> NAV_27_WP27
[INFO] [1786477298.975153670] [fsm_executor]: STATE: NAV_27_WP27 | ACTION: NAVIGATE -> WP27
[INFO] [1786477299.071350370] [fsm_executor]: EVENT: TASK_COMPLETED in NAV_27_WP27
[INFO] [1786477299.073172034] [fsm_executor]: TRANSITION: NAV_27_WP27 --[TASK_COMPLETED]--> NAV_28_WP28
[INFO] [1786477299.075119559] [fsm_executor]: STATE: NAV_28_WP28 | ACTION: NAVIGATE -> WP28
[INFO] [1786477299.170890920] [fsm_executor]: EVENT: TASK_COMPLETED in NAV_28_WP28
[INFO] [1786477299.172885038] [fsm_executor]: TRANSITION: NAV_28_WP28 --[TASK_COMPLETED]--> NAV_29_WP29
[INFO] [1786477299.174809308] [fsm_executor]: STATE: NAV_29_WP29 | ACTION: NAVIGATE -> WP29
[INFO] [1786477299.269978980] [fsm_executor]: EVENT: TASK_COMPLETED in NAV_29_WP29
[INFO] [1786477299.271835737] [fsm_executor]: TRANSITION: NAV_29_WP29 --[TASK_COMPLETED]--> NAV_30_WP30
[INFO] [1786477299.273983700] [fsm_executor]: STATE: NAV_30_WP30 | ACTION: NAVIGATE -> WP30
[INFO] [1786477299.371393729] [fsm_executor]: EVENT: TASK_COMPLETED in NAV_30_WP30
[INFO] [1786477299.373294872] [fsm_executor]: TRANSITION: NAV_30_WP30 --[TASK_COMPLETED]--> NAV_31_WP31
[INFO] [1786477299.376125296] [fsm_executor]: STATE: NAV_31_WP31 | ACTION: NAVIGATE -> WP31
[INFO] [1786477299.469329020] [fsm_executor]: EVENT: TASK_COMPLETED in NAV_31_WP31
[INFO] [1786477299.470189653] [fsm_executor]: TRANSITION: NAV_31_WP31 --[TASK_COMPLETED]--> NAV_32_WP32
[INFO] [1786477299.471114381] [fsm_executor]: STATE: NAV_32_WP32 | ACTION: NAVIGATE -> WP32
[INFO] [1786477299.571123726] [fsm_executor]: EVENT: TASK_COMPLETED in NAV_32_WP32
[INFO] [1786477299.572949579] [fsm_executor]: TRANSITION: NAV_32_WP32 --[TASK_COMPLETED]--> NAV_33_WP33
[INFO] [1786477299.574867789] [fsm_executor]: STATE: NAV_33_WP33 | ACTION: NAVIGATE -> WP33
[INFO] [1786477299.670287294] [fsm_executor]: EVENT: TASK_COMPLETED in NAV_33_WP33
[INFO] [1786477299.673158412] [fsm_executor]: TRANSITION: NAV_33_WP33 --[TASK_COMPLETED]--> NAV_34_WP34
[INFO] [1786477299.675842249] [fsm_executor]: STATE: NAV_34_WP34 | ACTION: NAVIGATE -> WP34
[INFO] [1786477299.770244830] [fsm_executor]: EVENT: TASK_COMPLETED in NAV_34_WP34
[INFO] [1786477299.774413511] [fsm_executor]: TRANSITION: NAV_34_WP34 --[TASK_COMPLETED]--> NAV_35_WP35
[INFO] [1786477299.777587902] [fsm_executor]: STATE: NAV_35_WP35 | ACTION: NAVIGATE -> WP35
[INFO] [1786477299.870936195] [fsm_executor]: EVENT: TASK_COMPLETED in NAV_35_WP35
[INFO] [1786477299.873848317] [fsm_executor]: TRANSITION: NAV_35_WP35 --[TASK_COMPLETED]--> NAV_36_WP36
[INFO] [1786477299.877074519] [fsm_executor]: STATE: NAV_36_WP36 | ACTION: NAVIGATE -> WP36
[INFO] [1786477299.971966986] [fsm_executor]: EVENT: TASK_COMPLETED in NAV_36_WP36
[INFO] [1786477299.973775778] [fsm_executor]: TRANSITION: NAV_36_WP36 --[TASK_COMPLETED]--> NAV_37_WP37
[INFO] [1786477299.975988847] [fsm_executor]: STATE: NAV_37_WP37 | ACTION: NAVIGATE -> WP37
[INFO] [1786477300.071766898] [fsm_executor]: EVENT: TASK_COMPLETED in NAV_37_WP37
[INFO] [1786477300.074333405] [fsm_executor]: TRANSITION: NAV_37_WP37 --[TASK_COMPLETED]--> NAV_38_WP38
[INFO] [1786477300.077841683] [fsm_executor]: STATE: NAV_38_WP38 | ACTION: NAVIGATE -> WP38
[INFO] [1786477300.171918937] [fsm_executor]: EVENT: TASK_COMPLETED in NAV_38_WP38
[INFO] [1786477300.175034865] [fsm_executor]: TRANSITION: NAV_38_WP38 --[TASK_COMPLETED]--> NAV_39_WP39
[INFO] [1786477300.177750942] [fsm_executor]: STATE: NAV_39_WP39 | ACTION: NAVIGATE -> WP39
[INFO] [1786477300.274704811] [fsm_executor]: EVENT: TASK_COMPLETED in NAV_39_WP39
[INFO] [1786477300.277868792] [fsm_executor]: TRANSITION: NAV_39_WP39 --[TASK_COMPLETED]--> NAV_40_WP40
[INFO] [1786477300.280214579] [fsm_executor]: STATE: NAV_40_WP40 | ACTION: NAVIGATE -> WP40
[INFO] [1786477300.368335507] [fsm_executor]: EVENT: TASK_COMPLETED in NAV_40_WP40
[INFO] [1786477300.368803566] [fsm_executor]: TRANSITION: NAV_40_WP40 --[TASK_COMPLETED]--> NAV_41_WP41
[INFO] [1786477300.369257197] [fsm_executor]: STATE: NAV_41_WP41 | ACTION: NAVIGATE -> WP41
[INFO] [1786477300.468330906] [fsm_executor]: EVENT: TASK_COMPLETED in NAV_41_WP41
[INFO] [1786477300.468815981] [fsm_executor]: TRANSITION: NAV_41_WP41 --[TASK_COMPLETED]--> NAV_42_WP42
[INFO] [1786477300.469263142] [fsm_executor]: STATE: NAV_42_WP42 | ACTION: NAVIGATE -> WP42
[INFO] [1786477300.568397390] [fsm_executor]: EVENT: TASK_COMPLETED in NAV_42_WP42
[INFO] [1786477300.569026712] [fsm_executor]: TRANSITION: NAV_42_WP42 --[TASK_COMPLETED]--> NAV_43_WP43
[INFO] [1786477300.569588318] [fsm_executor]: STATE: NAV_43_WP43 | ACTION: NAVIGATE -> WP43
[INFO] [1786477300.668385112] [fsm_executor]: EVENT: TASK_COMPLETED in NAV_43_WP43
[INFO] [1786477300.669031878] [fsm_executor]: TRANSITION: NAV_43_WP43 --[TASK_COMPLETED]--> NAV_44_WP44
[INFO] [1786477300.669512300] [fsm_executor]: STATE: NAV_44_WP44 | ACTION: NAVIGATE -> WP44
[INFO] [1786477300.768349837] [fsm_executor]: EVENT: TASK_COMPLETED in NAV_44_WP44
[INFO] [1786477300.769059509] [fsm_executor]: TRANSITION: NAV_44_WP44 --[TASK_COMPLETED]--> NAV_45_WP45
[INFO] [1786477300.769942174] [fsm_executor]: STATE: NAV_45_WP45 | ACTION: NAVIGATE -> WP45
[INFO] [1786477300.871935374] [fsm_executor]: EVENT: TASK_COMPLETED in NAV_45_WP45
[INFO] [1786477300.873651367] [fsm_executor]: TRANSITION: NAV_45_WP45 --[TASK_COMPLETED]--> NAV_46_WP46
[INFO] [1786477300.875532623] [fsm_executor]: STATE: NAV_46_WP46 | ACTION: NAVIGATE -> WP46
[INFO] [1786477300.971323575] [fsm_executor]: EVENT: TASK_COMPLETED in NAV_46_WP46
[INFO] [1786477300.973060953] [fsm_executor]: TRANSITION: NAV_46_WP46 --[TASK_COMPLETED]--> NAV_47_WP47
[INFO] [1786477300.974946261] [fsm_executor]: STATE: NAV_47_WP47 | ACTION: NAVIGATE -> WP47
[INFO] [1786477301.071453443] [fsm_executor]: EVENT: TASK_COMPLETED in NAV_47_WP47
[INFO] [1786477301.073178143] [fsm_executor]: TRANSITION: NAV_47_WP47 --[TASK_COMPLETED]--> NAV_48_WP48
[INFO] [1786477301.075021591] [fsm_executor]: STATE: NAV_48_WP48 | ACTION: NAVIGATE -> WP48
[INFO] [1786477301.170063754] [fsm_executor]: EVENT: TASK_COMPLETED in NAV_48_WP48
[INFO] [1786477301.171597436] [fsm_executor]: TRANSITION: NAV_48_WP48 --[TASK_COMPLETED]--> NAV_49_WP49
[INFO] [1786477301.173299331] [fsm_executor]: STATE: NAV_49_WP49 | ACTION: NAVIGATE -> WP49
[INFO] [1786477301.271373637] [fsm_executor]: EVENT: TASK_COMPLETED in NAV_49_WP49
[INFO] [1786477301.273111732] [fsm_executor]: TRANSITION: NAV_49_WP49 --[TASK_COMPLETED]--> NAV_50_WP50
[INFO] [1786477301.274962870] [fsm_executor]: STATE: NAV_50_WP50 | ACTION: NAVIGATE -> WP50
[WARN] [1786477301.282085015] [fsm_executor]: RUNTIME EVENT RECEIVED: PROPULSION_FAILURE
[INFO] [1786477301.286600140] [fsm_executor]: TRANSITION: NAV_50_WP50 --[PROPULSION_FAILURE]--> LAND
[INFO] [1786477301.289630903] [fsm_executor]: STATE: LAND | ACTION: LAND
[INFO] [1786477301.368579583] [fsm_executor]: EVENT: LAND_COMPLETED in LAND
[INFO] [1786477301.369207732] [fsm_executor]: TRANSITION: LAND --[LAND_COMPLETED]--> SAFE_TERMINATED
[INFO] [1786477301.369936859] [fsm_executor]: STATE: SAFE_TERMINATED
[WARN] [1786477301.370579322] [fsm_executor]: FSM mission terminated safely.
[WARN] [1786477301.371506856] [fsm_executor]: Reason: PROPULSION_FAILURE
