[INFO] [1786999665.319073473] [fsm_executor]: Loading mission: /home/bishal/ros2_ws/install/mission_formalism_evaluation/share/mission_formalism_evaluation/missions/mission_3.yaml
[INFO] [1786999665.342853210] [fsm_executor]: Mission ID: M3
[INFO] [1786999665.343402701] [fsm_executor]: Mission Name: Zigzag Navigation
[INFO] [1786999665.343954807] [fsm_executor]: Mission Items: 102
[INFO] [1786999665.344629610] [fsm_executor]: FSM States: 111
[INFO] [1786999665.345581545] [fsm_executor]: FSM Transitions: 709
[INFO] [1786999665.346382966] [fsm_executor]: TRANSITION: IDLE --[START]--> TAKEOFF_0
[INFO] [1786999665.347139083] [fsm_executor]: STATE: TAKEOFF_0 | ACTION: TAKEOFF
[INFO] [1786999666.350009319] [fsm_executor]: EVENT: TASK_COMPLETED in TAKEOFF_0
[INFO] [1786999666.352535986] [fsm_executor]: TRANSITION: TAKEOFF_0 --[TASK_COMPLETED]--> NAV_1_WP1
[INFO] [1786999666.355730674] [fsm_executor]: STATE: NAV_1_WP1 | ACTION: NAVIGATE -> WP1
[INFO] [1786999667.349277043] [fsm_executor]: EVENT: TASK_COMPLETED in NAV_1_WP1
[INFO] [1786999667.350792121] [fsm_executor]: TRANSITION: NAV_1_WP1 --[TASK_COMPLETED]--> NAV_2_WP2
[INFO] [1786999667.352729614] [fsm_executor]: STATE: NAV_2_WP2 | ACTION: NAVIGATE -> WP2
[INFO] [1786999668.347691647] [fsm_executor]: EVENT: TASK_COMPLETED in NAV_2_WP2
[INFO] [1786999668.348531028] [fsm_executor]: TRANSITION: NAV_2_WP2 --[TASK_COMPLETED]--> NAV_3_WP3
[INFO] [1786999668.349501984] [fsm_executor]: STATE: NAV_3_WP3 | ACTION: NAVIGATE -> WP3
[INFO] [1786999669.348368856] [fsm_executor]: EVENT: TASK_COMPLETED in NAV_3_WP3
[INFO] [1786999669.349609879] [fsm_executor]: TRANSITION: NAV_3_WP3 --[TASK_COMPLETED]--> NAV_4_WP4
[INFO] [1786999669.350716160] [fsm_executor]: STATE: NAV_4_WP4 | ACTION: NAVIGATE -> WP4
[INFO] [1786999670.349544804] [fsm_executor]: EVENT: TASK_COMPLETED in NAV_4_WP4
[INFO] [1786999670.350694360] [fsm_executor]: TRANSITION: NAV_4_WP4 --[TASK_COMPLETED]--> NAV_5_WP5
[INFO] [1786999670.352072597] [fsm_executor]: STATE: NAV_5_WP5 | ACTION: NAVIGATE -> WP5
[INFO] [1786999671.348515329] [fsm_executor]: EVENT: TASK_COMPLETED in NAV_5_WP5
[INFO] [1786999671.349866844] [fsm_executor]: TRANSITION: NAV_5_WP5 --[TASK_COMPLETED]--> NAV_6_WP6
[INFO] [1786999671.350836224] [fsm_executor]: STATE: NAV_6_WP6 | ACTION: NAVIGATE -> WP6
[INFO] [1786999672.348970470] [fsm_executor]: EVENT: TASK_COMPLETED in NAV_6_WP6
[INFO] [1786999672.351300643] [fsm_executor]: TRANSITION: NAV_6_WP6 --[TASK_COMPLETED]--> NAV_7_WP7
[INFO] [1786999672.353169345] [fsm_executor]: STATE: NAV_7_WP7 | ACTION: NAVIGATE -> WP7
[INFO] [1786999673.347363934] [fsm_executor]: EVENT: TASK_COMPLETED in NAV_7_WP7
[INFO] [1786999673.347855705] [fsm_executor]: TRANSITION: NAV_7_WP7 --[TASK_COMPLETED]--> NAV_8_WP8
[INFO] [1786999673.350127256] [fsm_executor]: STATE: NAV_8_WP8 | ACTION: NAVIGATE -> WP8
[INFO] [1786999674.352681513] [fsm_executor]: EVENT: TASK_COMPLETED in NAV_8_WP8
[INFO] [1786999674.356236099] [fsm_executor]: TRANSITION: NAV_8_WP8 --[TASK_COMPLETED]--> NAV_9_WP9
[INFO] [1786999674.358083999] [fsm_executor]: STATE: NAV_9_WP9 | ACTION: NAVIGATE -> WP9
[INFO] [1786999675.347026017] [fsm_executor]: EVENT: TASK_COMPLETED in NAV_9_WP9
[INFO] [1786999675.347811966] [fsm_executor]: TRANSITION: NAV_9_WP9 --[TASK_COMPLETED]--> NAV_10_WP10
[INFO] [1786999675.348368642] [fsm_executor]: STATE: NAV_10_WP10 | ACTION: NAVIGATE -> WP10
[INFO] [1786999676.347097139] [fsm_executor]: EVENT: TASK_COMPLETED in NAV_10_WP10
[INFO] [1786999676.347877826] [fsm_executor]: TRANSITION: NAV_10_WP10 --[TASK_COMPLETED]--> NAV_11_WP11
[INFO] [1786999676.349274638] [fsm_executor]: STATE: NAV_11_WP11 | ACTION: NAVIGATE -> WP11
[INFO] [1786999677.347081086] [fsm_executor]: EVENT: TASK_COMPLETED in NAV_11_WP11
[INFO] [1786999677.347773619] [fsm_executor]: TRANSITION: NAV_11_WP11 --[TASK_COMPLETED]--> NAV_12_WP12
[INFO] [1786999677.348626057] [fsm_executor]: STATE: NAV_12_WP12 | ACTION: NAVIGATE -> WP12
[INFO] [1786999678.347478681] [fsm_executor]: EVENT: TASK_COMPLETED in NAV_12_WP12
[INFO] [1786999678.348366415] [fsm_executor]: TRANSITION: NAV_12_WP12 --[TASK_COMPLETED]--> NAV_13_WP13
[INFO] [1786999678.349110230] [fsm_executor]: STATE: NAV_13_WP13 | ACTION: NAVIGATE -> WP13
[INFO] [1786999679.350457304] [fsm_executor]: EVENT: TASK_COMPLETED in NAV_13_WP13
[INFO] [1786999679.352868351] [fsm_executor]: TRANSITION: NAV_13_WP13 --[TASK_COMPLETED]--> NAV_14_WP14
[INFO] [1786999679.355819711] [fsm_executor]: STATE: NAV_14_WP14 | ACTION: NAVIGATE -> WP14
[INFO] [1786999680.350799752] [fsm_executor]: EVENT: TASK_COMPLETED in NAV_14_WP14
[INFO] [1786999680.352905388] [fsm_executor]: TRANSITION: NAV_14_WP14 --[TASK_COMPLETED]--> NAV_15_WP15
[INFO] [1786999680.354963187] [fsm_executor]: STATE: NAV_15_WP15 | ACTION: NAVIGATE -> WP15
[INFO] [1786999681.349611641] [fsm_executor]: EVENT: TASK_COMPLETED in NAV_15_WP15
[INFO] [1786999681.351664624] [fsm_executor]: TRANSITION: NAV_15_WP15 --[TASK_COMPLETED]--> NAV_16_WP16
[INFO] [1786999681.353714195] [fsm_executor]: STATE: NAV_16_WP16 | ACTION: NAVIGATE -> WP16
[INFO] [1786999682.348601653] [fsm_executor]: EVENT: TASK_COMPLETED in NAV_16_WP16
[INFO] [1786999682.349893695] [fsm_executor]: TRANSITION: NAV_16_WP16 --[TASK_COMPLETED]--> NAV_17_WP17
[INFO] [1786999682.351395013] [fsm_executor]: STATE: NAV_17_WP17 | ACTION: NAVIGATE -> WP17
[INFO] [1786999683.349407441] [fsm_executor]: EVENT: TASK_COMPLETED in NAV_17_WP17
[INFO] [1786999683.352474748] [fsm_executor]: TRANSITION: NAV_17_WP17 --[TASK_COMPLETED]--> NAV_18_WP18
[INFO] [1786999683.355441803] [fsm_executor]: STATE: NAV_18_WP18 | ACTION: NAVIGATE -> WP18
[INFO] [1786999684.348616922] [fsm_executor]: EVENT: TASK_COMPLETED in NAV_18_WP18
[INFO] [1786999684.350401918] [fsm_executor]: TRANSITION: NAV_18_WP18 --[TASK_COMPLETED]--> NAV_19_WP19
[INFO] [1786999684.352076930] [fsm_executor]: STATE: NAV_19_WP19 | ACTION: NAVIGATE -> WP19
[INFO] [1786999685.350175443] [fsm_executor]: EVENT: TASK_COMPLETED in NAV_19_WP19
[INFO] [1786999685.354461208] [fsm_executor]: TRANSITION: NAV_19_WP19 --[TASK_COMPLETED]--> NAV_20_WP20
[INFO] [1786999685.356881149] [fsm_executor]: STATE: NAV_20_WP20 | ACTION: NAVIGATE -> WP20
[INFO] [1786999686.352473492] [fsm_executor]: EVENT: TASK_COMPLETED in NAV_20_WP20
[INFO] [1786999686.354311969] [fsm_executor]: TRANSITION: NAV_20_WP20 --[TASK_COMPLETED]--> NAV_21_WP21
[INFO] [1786999686.356217350] [fsm_executor]: STATE: NAV_21_WP21 | ACTION: NAVIGATE -> WP21
[INFO] [1786999687.350204474] [fsm_executor]: EVENT: TASK_COMPLETED in NAV_21_WP21
[INFO] [1786999687.352304092] [fsm_executor]: TRANSITION: NAV_21_WP21 --[TASK_COMPLETED]--> NAV_22_WP22
[INFO] [1786999687.354809610] [fsm_executor]: STATE: NAV_22_WP22 | ACTION: NAVIGATE -> WP22
[INFO] [1786999688.351617851] [fsm_executor]: EVENT: TASK_COMPLETED in NAV_22_WP22
[INFO] [1786999688.353865795] [fsm_executor]: TRANSITION: NAV_22_WP22 --[TASK_COMPLETED]--> NAV_23_WP23
[INFO] [1786999688.355787045] [fsm_executor]: STATE: NAV_23_WP23 | ACTION: NAVIGATE -> WP23
[INFO] [1786999689.349589814] [fsm_executor]: EVENT: TASK_COMPLETED in NAV_23_WP23
[INFO] [1786999689.352959052] [fsm_executor]: TRANSITION: NAV_23_WP23 --[TASK_COMPLETED]--> NAV_24_WP24
[INFO] [1786999689.355853893] [fsm_executor]: STATE: NAV_24_WP24 | ACTION: NAVIGATE -> WP24
[INFO] [1786999690.348571465] [fsm_executor]: EVENT: TASK_COMPLETED in NAV_24_WP24
[INFO] [1786999690.349808464] [fsm_executor]: TRANSITION: NAV_24_WP24 --[TASK_COMPLETED]--> NAV_25_WP25
[INFO] [1786999690.351072635] [fsm_executor]: STATE: NAV_25_WP25 | ACTION: NAVIGATE -> WP25
[INFO] [1786999691.348654000] [fsm_executor]: EVENT: TASK_COMPLETED in NAV_25_WP25
[INFO] [1786999691.350627800] [fsm_executor]: TRANSITION: NAV_25_WP25 --[TASK_COMPLETED]--> NAV_26_WP26
[INFO] [1786999691.353692886] [fsm_executor]: STATE: NAV_26_WP26 | ACTION: NAVIGATE -> WP26
[INFO] [1786999692.350851694] [fsm_executor]: EVENT: TASK_COMPLETED in NAV_26_WP26
[INFO] [1786999692.353541546] [fsm_executor]: TRANSITION: NAV_26_WP26 --[TASK_COMPLETED]--> NAV_27_WP27
[INFO] [1786999692.355629460] [fsm_executor]: STATE: NAV_27_WP27 | ACTION: NAVIGATE -> WP27
[INFO] [1786999693.349492617] [fsm_executor]: EVENT: TASK_COMPLETED in NAV_27_WP27
[INFO] [1786999693.351802386] [fsm_executor]: TRANSITION: NAV_27_WP27 --[TASK_COMPLETED]--> NAV_28_WP28
[INFO] [1786999693.354422504] [fsm_executor]: STATE: NAV_28_WP28 | ACTION: NAVIGATE -> WP28
[INFO] [1786999694.349482954] [fsm_executor]: EVENT: TASK_COMPLETED in NAV_28_WP28
[INFO] [1786999694.350876396] [fsm_executor]: TRANSITION: NAV_28_WP28 --[TASK_COMPLETED]--> NAV_29_WP29
[INFO] [1786999694.352404002] [fsm_executor]: STATE: NAV_29_WP29 | ACTION: NAVIGATE -> WP29
[INFO] [1786999695.349939958] [fsm_executor]: EVENT: TASK_COMPLETED in NAV_29_WP29
[INFO] [1786999695.352275424] [fsm_executor]: TRANSITION: NAV_29_WP29 --[TASK_COMPLETED]--> NAV_30_WP30
[INFO] [1786999695.354758775] [fsm_executor]: STATE: NAV_30_WP30 | ACTION: NAVIGATE -> WP30
[INFO] [1786999696.351708249] [fsm_executor]: EVENT: TASK_COMPLETED in NAV_30_WP30
[INFO] [1786999696.354915635] [fsm_executor]: TRANSITION: NAV_30_WP30 --[TASK_COMPLETED]--> NAV_31_WP31
[INFO] [1786999696.357115496] [fsm_executor]: STATE: NAV_31_WP31 | ACTION: NAVIGATE -> WP31
[INFO] [1786999697.349607174] [fsm_executor]: EVENT: TASK_COMPLETED in NAV_31_WP31
[INFO] [1786999697.351849099] [fsm_executor]: TRANSITION: NAV_31_WP31 --[TASK_COMPLETED]--> NAV_32_WP32
[INFO] [1786999697.353562941] [fsm_executor]: STATE: NAV_32_WP32 | ACTION: NAVIGATE -> WP32
[INFO] [1786999698.347957563] [fsm_executor]: EVENT: TASK_COMPLETED in NAV_32_WP32
[INFO] [1786999698.350345728] [fsm_executor]: TRANSITION: NAV_32_WP32 --[TASK_COMPLETED]--> NAV_33_WP33
[INFO] [1786999698.352671292] [fsm_executor]: STATE: NAV_33_WP33 | ACTION: NAVIGATE -> WP33
[INFO] [1786999699.349772940] [fsm_executor]: EVENT: TASK_COMPLETED in NAV_33_WP33
[INFO] [1786999699.352527583] [fsm_executor]: TRANSITION: NAV_33_WP33 --[TASK_COMPLETED]--> NAV_34_WP34
[INFO] [1786999699.354031648] [fsm_executor]: STATE: NAV_34_WP34 | ACTION: NAVIGATE -> WP34
[INFO] [1786999700.348506224] [fsm_executor]: EVENT: TASK_COMPLETED in NAV_34_WP34
[INFO] [1786999700.349902395] [fsm_executor]: TRANSITION: NAV_34_WP34 --[TASK_COMPLETED]--> NAV_35_WP35
[INFO] [1786999700.351584147] [fsm_executor]: STATE: NAV_35_WP35 | ACTION: NAVIGATE -> WP35
[INFO] [1786999701.351395334] [fsm_executor]: EVENT: TASK_COMPLETED in NAV_35_WP35
[INFO] [1786999701.354833380] [fsm_executor]: TRANSITION: NAV_35_WP35 --[TASK_COMPLETED]--> NAV_36_WP36
[INFO] [1786999701.357708167] [fsm_executor]: STATE: NAV_36_WP36 | ACTION: NAVIGATE -> WP36
[INFO] [1786999702.348634791] [fsm_executor]: EVENT: TASK_COMPLETED in NAV_36_WP36
[INFO] [1786999702.351423643] [fsm_executor]: TRANSITION: NAV_36_WP36 --[TASK_COMPLETED]--> NAV_37_WP37
[INFO] [1786999702.353530216] [fsm_executor]: STATE: NAV_37_WP37 | ACTION: NAVIGATE -> WP37
[INFO] [1786999703.351393358] [fsm_executor]: EVENT: TASK_COMPLETED in NAV_37_WP37
[INFO] [1786999703.355492577] [fsm_executor]: TRANSITION: NAV_37_WP37 --[TASK_COMPLETED]--> NAV_38_WP38
[INFO] [1786999703.359140815] [fsm_executor]: STATE: NAV_38_WP38 | ACTION: NAVIGATE -> WP38
[INFO] [1786999704.350800033] [fsm_executor]: EVENT: TASK_COMPLETED in NAV_38_WP38
[INFO] [1786999704.354360775] [fsm_executor]: TRANSITION: NAV_38_WP38 --[TASK_COMPLETED]--> NAV_39_WP39
[INFO] [1786999704.358395722] [fsm_executor]: STATE: NAV_39_WP39 | ACTION: NAVIGATE -> WP39
[INFO] [1786999705.349634829] [fsm_executor]: EVENT: TASK_COMPLETED in NAV_39_WP39
[INFO] [1786999705.352330982] [fsm_executor]: TRANSITION: NAV_39_WP39 --[TASK_COMPLETED]--> NAV_40_WP40
[INFO] [1786999705.354555197] [fsm_executor]: STATE: NAV_40_WP40 | ACTION: NAVIGATE -> WP40
[INFO] [1786999706.350236920] [fsm_executor]: EVENT: TASK_COMPLETED in NAV_40_WP40
[INFO] [1786999706.355418950] [fsm_executor]: TRANSITION: NAV_40_WP40 --[TASK_COMPLETED]--> NAV_41_WP41
[INFO] [1786999706.357031290] [fsm_executor]: STATE: NAV_41_WP41 | ACTION: NAVIGATE -> WP41
[INFO] [1786999707.347490212] [fsm_executor]: EVENT: TASK_COMPLETED in NAV_41_WP41
[INFO] [1786999707.348654992] [fsm_executor]: TRANSITION: NAV_41_WP41 --[TASK_COMPLETED]--> NAV_42_WP42
[INFO] [1786999707.349943208] [fsm_executor]: STATE: NAV_42_WP42 | ACTION: NAVIGATE -> WP42
[INFO] [1786999708.349733356] [fsm_executor]: EVENT: TASK_COMPLETED in NAV_42_WP42
[INFO] [1786999708.351628806] [fsm_executor]: TRANSITION: NAV_42_WP42 --[TASK_COMPLETED]--> NAV_43_WP43
[INFO] [1786999708.353333560] [fsm_executor]: STATE: NAV_43_WP43 | ACTION: NAVIGATE -> WP43
[INFO] [1786999709.348946314] [fsm_executor]: EVENT: TASK_COMPLETED in NAV_43_WP43
[INFO] [1786999709.351110403] [fsm_executor]: TRANSITION: NAV_43_WP43 --[TASK_COMPLETED]--> NAV_44_WP44
[INFO] [1786999709.352667247] [fsm_executor]: STATE: NAV_44_WP44 | ACTION: NAVIGATE -> WP44
[INFO] [1786999710.348185947] [fsm_executor]: EVENT: TASK_COMPLETED in NAV_44_WP44
[INFO] [1786999710.349303607] [fsm_executor]: TRANSITION: NAV_44_WP44 --[TASK_COMPLETED]--> NAV_45_WP45
[INFO] [1786999710.350568386] [fsm_executor]: STATE: NAV_45_WP45 | ACTION: NAVIGATE -> WP45
[INFO] [1786999711.347620164] [fsm_executor]: EVENT: TASK_COMPLETED in NAV_45_WP45
[INFO] [1786999711.349814058] [fsm_executor]: TRANSITION: NAV_45_WP45 --[TASK_COMPLETED]--> NAV_46_WP46
[INFO] [1786999711.352225025] [fsm_executor]: STATE: NAV_46_WP46 | ACTION: NAVIGATE -> WP46
[INFO] [1786999712.347524873] [fsm_executor]: EVENT: TASK_COMPLETED in NAV_46_WP46
[INFO] [1786999712.348611061] [fsm_executor]: TRANSITION: NAV_46_WP46 --[TASK_COMPLETED]--> NAV_47_WP47
[INFO] [1786999712.349654571] [fsm_executor]: STATE: NAV_47_WP47 | ACTION: NAVIGATE -> WP47
[INFO] [1786999713.348551968] [fsm_executor]: EVENT: TASK_COMPLETED in NAV_47_WP47
[INFO] [1786999713.350509663] [fsm_executor]: TRANSITION: NAV_47_WP47 --[TASK_COMPLETED]--> NAV_48_WP48
[INFO] [1786999713.352751973] [fsm_executor]: STATE: NAV_48_WP48 | ACTION: NAVIGATE -> WP48
[INFO] [1786999714.350575385] [fsm_executor]: EVENT: TASK_COMPLETED in NAV_48_WP48
[INFO] [1786999714.353794260] [fsm_executor]: TRANSITION: NAV_48_WP48 --[TASK_COMPLETED]--> NAV_49_WP49
[INFO] [1786999714.357104271] [fsm_executor]: STATE: NAV_49_WP49 | ACTION: NAVIGATE -> WP49
[INFO] [1786999715.349201421] [fsm_executor]: EVENT: TASK_COMPLETED in NAV_49_WP49
[INFO] [1786999715.351355320] [fsm_executor]: TRANSITION: NAV_49_WP49 --[TASK_COMPLETED]--> NAV_50_WP50
[INFO] [1786999715.353688595] [fsm_executor]: STATE: NAV_50_WP50 | ACTION: NAVIGATE -> WP50
[WARN] [1786999715.357602506] [fsm_executor]: RUNTIME EVENT RECEIVED: WIND_UNSAFE
[INFO] [1786999715.359951762] [fsm_executor]: TRANSITION: NAV_50_WP50 --[WIND_UNSAFE]--> WIND_ABORT
[INFO] [1786999715.362747455] [fsm_executor]: STATE: WIND_ABORT | ACTION: ABORT_MISSION
[INFO] [1786999716.348198676] [fsm_executor]: EVENT: WIND_ABORT_COMPLETED in WIND_ABORT
[INFO] [1786999716.349964150] [fsm_executor]: TRANSITION: WIND_ABORT --[WIND_ABORT_COMPLETED]--> LAND
[INFO] [1786999716.351915892] [fsm_executor]: STATE: LAND | ACTION: LAND
[INFO] [1786999717.349791724] [fsm_executor]: EVENT: LAND_COMPLETED in LAND
[INFO] [1786999717.353057691] [fsm_executor]: TRANSITION: LAND --[LAND_COMPLETED]--> SAFE_TERMINATED
[INFO] [1786999717.354716002] [fsm_executor]: STATE: SAFE_TERMINATED
[WARN] [1786999717.356542300] [fsm_executor]: FSM mission terminated safely.
[WARN] [1786999717.358365091] [fsm_executor]: Reason: WIND_UNSAFE
