[INFO] [1786481502.836315588] [fsm_executor]: Loading mission: /home/bishal/ros2_ws/install/mission_formalism_evaluation/share/mission_formalism_evaluation/missions/mission_3.yaml
[INFO] [1786481502.855275082] [fsm_executor]: Mission ID: M3
[INFO] [1786481502.855844324] [fsm_executor]: Mission Name: Zigzag Navigation
[INFO] [1786481502.856367863] [fsm_executor]: Mission Items: 102
[INFO] [1786481502.856889385] [fsm_executor]: FSM States: 110
[INFO] [1786481502.857409509] [fsm_executor]: FSM Transitions: 708
[INFO] [1786481502.858139732] [fsm_executor]: TRANSITION: IDLE --[START]--> TAKEOFF_0
[INFO] [1786481502.859206762] [fsm_executor]: STATE: TAKEOFF_0 | ACTION: TAKEOFF
[INFO] [1786481502.959590102] [fsm_executor]: EVENT: TASK_COMPLETED in TAKEOFF_0
[INFO] [1786481502.960533731] [fsm_executor]: TRANSITION: TAKEOFF_0 --[TASK_COMPLETED]--> NAV_1_WP1
[INFO] [1786481502.961928379] [fsm_executor]: STATE: NAV_1_WP1 | ACTION: NAVIGATE -> WP1
[INFO] [1786481503.061134332] [fsm_executor]: EVENT: TASK_COMPLETED in NAV_1_WP1
[INFO] [1786481503.063944635] [fsm_executor]: TRANSITION: NAV_1_WP1 --[TASK_COMPLETED]--> NAV_2_WP2
[INFO] [1786481503.067278435] [fsm_executor]: STATE: NAV_2_WP2 | ACTION: NAVIGATE -> WP2
[INFO] [1786481503.161775307] [fsm_executor]: EVENT: TASK_COMPLETED in NAV_2_WP2
[INFO] [1786481503.164580644] [fsm_executor]: TRANSITION: NAV_2_WP2 --[TASK_COMPLETED]--> NAV_3_WP3
[INFO] [1786481503.167866988] [fsm_executor]: STATE: NAV_3_WP3 | ACTION: NAVIGATE -> WP3
[INFO] [1786481503.260645475] [fsm_executor]: EVENT: TASK_COMPLETED in NAV_3_WP3
[INFO] [1786481503.263406428] [fsm_executor]: TRANSITION: NAV_3_WP3 --[TASK_COMPLETED]--> NAV_4_WP4
[INFO] [1786481503.266737034] [fsm_executor]: STATE: NAV_4_WP4 | ACTION: NAVIGATE -> WP4
[INFO] [1786481503.360550598] [fsm_executor]: EVENT: TASK_COMPLETED in NAV_4_WP4
[INFO] [1786481503.362267218] [fsm_executor]: TRANSITION: NAV_4_WP4 --[TASK_COMPLETED]--> NAV_5_WP5
[INFO] [1786481503.364156099] [fsm_executor]: STATE: NAV_5_WP5 | ACTION: NAVIGATE -> WP5
[INFO] [1786481503.460689629] [fsm_executor]: EVENT: TASK_COMPLETED in NAV_5_WP5
[INFO] [1786481503.462387651] [fsm_executor]: TRANSITION: NAV_5_WP5 --[TASK_COMPLETED]--> NAV_6_WP6
[INFO] [1786481503.464352202] [fsm_executor]: STATE: NAV_6_WP6 | ACTION: NAVIGATE -> WP6
[INFO] [1786481503.560667503] [fsm_executor]: EVENT: TASK_COMPLETED in NAV_6_WP6
[INFO] [1786481503.562414925] [fsm_executor]: TRANSITION: NAV_6_WP6 --[TASK_COMPLETED]--> NAV_7_WP7
[INFO] [1786481503.564659247] [fsm_executor]: STATE: NAV_7_WP7 | ACTION: NAVIGATE -> WP7
[INFO] [1786481503.661763759] [fsm_executor]: EVENT: TASK_COMPLETED in NAV_7_WP7
[INFO] [1786481503.664082549] [fsm_executor]: TRANSITION: NAV_7_WP7 --[TASK_COMPLETED]--> NAV_8_WP8
[INFO] [1786481503.666126584] [fsm_executor]: STATE: NAV_8_WP8 | ACTION: NAVIGATE -> WP8
[INFO] [1786481503.759495709] [fsm_executor]: EVENT: TASK_COMPLETED in NAV_8_WP8
[INFO] [1786481503.760756361] [fsm_executor]: TRANSITION: NAV_8_WP8 --[TASK_COMPLETED]--> NAV_9_WP9
[INFO] [1786481503.762068378] [fsm_executor]: STATE: NAV_9_WP9 | ACTION: NAVIGATE -> WP9
[INFO] [1786481503.861585958] [fsm_executor]: EVENT: TASK_COMPLETED in NAV_9_WP9
[INFO] [1786481503.864524677] [fsm_executor]: TRANSITION: NAV_9_WP9 --[TASK_COMPLETED]--> NAV_10_WP10
[INFO] [1786481503.869214678] [fsm_executor]: STATE: NAV_10_WP10 | ACTION: NAVIGATE -> WP10
[INFO] [1786481503.960641344] [fsm_executor]: EVENT: TASK_COMPLETED in NAV_10_WP10
[INFO] [1786481503.964991656] [fsm_executor]: TRANSITION: NAV_10_WP10 --[TASK_COMPLETED]--> NAV_11_WP11
[INFO] [1786481503.969080942] [fsm_executor]: STATE: NAV_11_WP11 | ACTION: NAVIGATE -> WP11
[INFO] [1786481504.062036301] [fsm_executor]: EVENT: TASK_COMPLETED in NAV_11_WP11
[INFO] [1786481504.064791877] [fsm_executor]: TRANSITION: NAV_11_WP11 --[TASK_COMPLETED]--> NAV_12_WP12
[INFO] [1786481504.068184504] [fsm_executor]: STATE: NAV_12_WP12 | ACTION: NAVIGATE -> WP12
[INFO] [1786481504.158370093] [fsm_executor]: EVENT: TASK_COMPLETED in NAV_12_WP12
[INFO] [1786481504.159088374] [fsm_executor]: TRANSITION: NAV_12_WP12 --[TASK_COMPLETED]--> NAV_13_WP13
[INFO] [1786481504.159967051] [fsm_executor]: STATE: NAV_13_WP13 | ACTION: NAVIGATE -> WP13
[INFO] [1786481504.260061024] [fsm_executor]: EVENT: TASK_COMPLETED in NAV_13_WP13
[INFO] [1786481504.261709523] [fsm_executor]: TRANSITION: NAV_13_WP13 --[TASK_COMPLETED]--> NAV_14_WP14
[INFO] [1786481504.263804248] [fsm_executor]: STATE: NAV_14_WP14 | ACTION: NAVIGATE -> WP14
[INFO] [1786481504.358747780] [fsm_executor]: EVENT: TASK_COMPLETED in NAV_14_WP14
[INFO] [1786481504.359408621] [fsm_executor]: TRANSITION: NAV_14_WP14 --[TASK_COMPLETED]--> NAV_15_WP15
[INFO] [1786481504.360109586] [fsm_executor]: STATE: NAV_15_WP15 | ACTION: NAVIGATE -> WP15
[INFO] [1786481504.461088426] [fsm_executor]: EVENT: TASK_COMPLETED in NAV_15_WP15
[INFO] [1786481504.462887881] [fsm_executor]: TRANSITION: NAV_15_WP15 --[TASK_COMPLETED]--> NAV_16_WP16
[INFO] [1786481504.464806706] [fsm_executor]: STATE: NAV_16_WP16 | ACTION: NAVIGATE -> WP16
[INFO] [1786481504.559310545] [fsm_executor]: EVENT: TASK_COMPLETED in NAV_16_WP16
[INFO] [1786481504.560244325] [fsm_executor]: TRANSITION: NAV_16_WP16 --[TASK_COMPLETED]--> NAV_17_WP17
[INFO] [1786481504.561309653] [fsm_executor]: STATE: NAV_17_WP17 | ACTION: NAVIGATE -> WP17
[INFO] [1786481504.661595834] [fsm_executor]: EVENT: TASK_COMPLETED in NAV_17_WP17
[INFO] [1786481504.663462026] [fsm_executor]: TRANSITION: NAV_17_WP17 --[TASK_COMPLETED]--> NAV_18_WP18
[INFO] [1786481504.665357418] [fsm_executor]: STATE: NAV_18_WP18 | ACTION: NAVIGATE -> WP18
[INFO] [1786481504.758968601] [fsm_executor]: EVENT: TASK_COMPLETED in NAV_18_WP18
[INFO] [1786481504.759788922] [fsm_executor]: TRANSITION: NAV_18_WP18 --[TASK_COMPLETED]--> NAV_19_WP19
[INFO] [1786481504.760824662] [fsm_executor]: STATE: NAV_19_WP19 | ACTION: NAVIGATE -> WP19
[INFO] [1786481504.858379945] [fsm_executor]: EVENT: TASK_COMPLETED in NAV_19_WP19
[INFO] [1786481504.858860596] [fsm_executor]: TRANSITION: NAV_19_WP19 --[TASK_COMPLETED]--> NAV_20_WP20
[INFO] [1786481504.859303403] [fsm_executor]: STATE: NAV_20_WP20 | ACTION: NAVIGATE -> WP20
[INFO] [1786481504.958375112] [fsm_executor]: EVENT: TASK_COMPLETED in NAV_20_WP20
[INFO] [1786481504.959105922] [fsm_executor]: TRANSITION: NAV_20_WP20 --[TASK_COMPLETED]--> NAV_21_WP21
[INFO] [1786481504.959954659] [fsm_executor]: STATE: NAV_21_WP21 | ACTION: NAVIGATE -> WP21
[INFO] [1786481505.058363782] [fsm_executor]: EVENT: TASK_COMPLETED in NAV_21_WP21
[INFO] [1786481505.059089723] [fsm_executor]: TRANSITION: NAV_21_WP21 --[TASK_COMPLETED]--> NAV_22_WP22
[INFO] [1786481505.059925969] [fsm_executor]: STATE: NAV_22_WP22 | ACTION: NAVIGATE -> WP22
[INFO] [1786481505.158366991] [fsm_executor]: EVENT: TASK_COMPLETED in NAV_22_WP22
[INFO] [1786481505.159058919] [fsm_executor]: TRANSITION: NAV_22_WP22 --[TASK_COMPLETED]--> NAV_23_WP23
[INFO] [1786481505.159883522] [fsm_executor]: STATE: NAV_23_WP23 | ACTION: NAVIGATE -> WP23
[INFO] [1786481505.258693453] [fsm_executor]: EVENT: TASK_COMPLETED in NAV_23_WP23
[INFO] [1786481505.259160381] [fsm_executor]: TRANSITION: NAV_23_WP23 --[TASK_COMPLETED]--> NAV_24_WP24
[INFO] [1786481505.259656777] [fsm_executor]: STATE: NAV_24_WP24 | ACTION: NAVIGATE -> WP24
[INFO] [1786481505.360613292] [fsm_executor]: EVENT: TASK_COMPLETED in NAV_24_WP24
[INFO] [1786481505.362329043] [fsm_executor]: TRANSITION: NAV_24_WP24 --[TASK_COMPLETED]--> NAV_25_WP25
[INFO] [1786481505.364378423] [fsm_executor]: STATE: NAV_25_WP25 | ACTION: NAVIGATE -> WP25
[INFO] [1786481505.460878325] [fsm_executor]: EVENT: TASK_COMPLETED in NAV_25_WP25
[INFO] [1786481505.462638067] [fsm_executor]: TRANSITION: NAV_25_WP25 --[TASK_COMPLETED]--> NAV_26_WP26
[INFO] [1786481505.464523330] [fsm_executor]: STATE: NAV_26_WP26 | ACTION: NAVIGATE -> WP26
[INFO] [1786481505.560643882] [fsm_executor]: EVENT: TASK_COMPLETED in NAV_26_WP26
[INFO] [1786481505.563424296] [fsm_executor]: TRANSITION: NAV_26_WP26 --[TASK_COMPLETED]--> NAV_27_WP27
[INFO] [1786481505.566805017] [fsm_executor]: STATE: NAV_27_WP27 | ACTION: NAVIGATE -> WP27
[INFO] [1786481505.660470163] [fsm_executor]: EVENT: TASK_COMPLETED in NAV_27_WP27
[INFO] [1786481505.663340749] [fsm_executor]: TRANSITION: NAV_27_WP27 --[TASK_COMPLETED]--> NAV_28_WP28
[INFO] [1786481505.666666090] [fsm_executor]: STATE: NAV_28_WP28 | ACTION: NAVIGATE -> WP28
[INFO] [1786481505.759325874] [fsm_executor]: EVENT: TASK_COMPLETED in NAV_28_WP28
[INFO] [1786481505.760248936] [fsm_executor]: TRANSITION: NAV_28_WP28 --[TASK_COMPLETED]--> NAV_29_WP29
[INFO] [1786481505.761372889] [fsm_executor]: STATE: NAV_29_WP29 | ACTION: NAVIGATE -> WP29
[INFO] [1786481505.859793186] [fsm_executor]: EVENT: TASK_COMPLETED in NAV_29_WP29
[INFO] [1786481505.860952191] [fsm_executor]: TRANSITION: NAV_29_WP29 --[TASK_COMPLETED]--> NAV_30_WP30
[INFO] [1786481505.862181913] [fsm_executor]: STATE: NAV_30_WP30 | ACTION: NAVIGATE -> WP30
[INFO] [1786481505.960383037] [fsm_executor]: EVENT: TASK_COMPLETED in NAV_30_WP30
[INFO] [1786481505.962143542] [fsm_executor]: TRANSITION: NAV_30_WP30 --[TASK_COMPLETED]--> NAV_31_WP31
[INFO] [1786481505.964109872] [fsm_executor]: STATE: NAV_31_WP31 | ACTION: NAVIGATE -> WP31
[INFO] [1786481506.062453917] [fsm_executor]: EVENT: TASK_COMPLETED in NAV_31_WP31
[INFO] [1786481506.069756065] [fsm_executor]: TRANSITION: NAV_31_WP31 --[TASK_COMPLETED]--> NAV_32_WP32
[INFO] [1786481506.071990301] [fsm_executor]: STATE: NAV_32_WP32 | ACTION: NAVIGATE -> WP32
[INFO] [1786481506.159044290] [fsm_executor]: EVENT: TASK_COMPLETED in NAV_32_WP32
[INFO] [1786481506.159749097] [fsm_executor]: TRANSITION: NAV_32_WP32 --[TASK_COMPLETED]--> NAV_33_WP33
[INFO] [1786481506.160522180] [fsm_executor]: STATE: NAV_33_WP33 | ACTION: NAVIGATE -> WP33
[INFO] [1786481506.260638357] [fsm_executor]: EVENT: TASK_COMPLETED in NAV_33_WP33
[INFO] [1786481506.262502028] [fsm_executor]: TRANSITION: NAV_33_WP33 --[TASK_COMPLETED]--> NAV_34_WP34
[INFO] [1786481506.264397772] [fsm_executor]: STATE: NAV_34_WP34 | ACTION: NAVIGATE -> WP34
[INFO] [1786481506.359718661] [fsm_executor]: EVENT: TASK_COMPLETED in NAV_34_WP34
[INFO] [1786481506.360865173] [fsm_executor]: TRANSITION: NAV_34_WP34 --[TASK_COMPLETED]--> NAV_35_WP35
[INFO] [1786481506.362229423] [fsm_executor]: STATE: NAV_35_WP35 | ACTION: NAVIGATE -> WP35
[INFO] [1786481506.460787522] [fsm_executor]: EVENT: TASK_COMPLETED in NAV_35_WP35
[INFO] [1786481506.463615097] [fsm_executor]: TRANSITION: NAV_35_WP35 --[TASK_COMPLETED]--> NAV_36_WP36
[INFO] [1786481506.466978432] [fsm_executor]: STATE: NAV_36_WP36 | ACTION: NAVIGATE -> WP36
[INFO] [1786481506.560576375] [fsm_executor]: EVENT: TASK_COMPLETED in NAV_36_WP36
[INFO] [1786481506.563348841] [fsm_executor]: TRANSITION: NAV_36_WP36 --[TASK_COMPLETED]--> NAV_37_WP37
[INFO] [1786481506.566696090] [fsm_executor]: STATE: NAV_37_WP37 | ACTION: NAVIGATE -> WP37
[INFO] [1786481506.660569602] [fsm_executor]: EVENT: TASK_COMPLETED in NAV_37_WP37
[INFO] [1786481506.662267309] [fsm_executor]: TRANSITION: NAV_37_WP37 --[TASK_COMPLETED]--> NAV_38_WP38
[INFO] [1786481506.664132416] [fsm_executor]: STATE: NAV_38_WP38 | ACTION: NAVIGATE -> WP38
[INFO] [1786481506.758843302] [fsm_executor]: EVENT: TASK_COMPLETED in NAV_38_WP38
[INFO] [1786481506.759422902] [fsm_executor]: TRANSITION: NAV_38_WP38 --[TASK_COMPLETED]--> NAV_39_WP39
[INFO] [1786481506.760058223] [fsm_executor]: STATE: NAV_39_WP39 | ACTION: NAVIGATE -> WP39
[INFO] [1786481506.860649042] [fsm_executor]: EVENT: TASK_COMPLETED in NAV_39_WP39
[INFO] [1786481506.862351701] [fsm_executor]: TRANSITION: NAV_39_WP39 --[TASK_COMPLETED]--> NAV_40_WP40
[INFO] [1786481506.864227849] [fsm_executor]: STATE: NAV_40_WP40 | ACTION: NAVIGATE -> WP40
[INFO] [1786481506.959003179] [fsm_executor]: EVENT: TASK_COMPLETED in NAV_40_WP40
[INFO] [1786481506.959701899] [fsm_executor]: TRANSITION: NAV_40_WP40 --[TASK_COMPLETED]--> NAV_41_WP41
[INFO] [1786481506.960434192] [fsm_executor]: STATE: NAV_41_WP41 | ACTION: NAVIGATE -> WP41
[INFO] [1786481507.060691750] [fsm_executor]: EVENT: TASK_COMPLETED in NAV_41_WP41
[INFO] [1786481507.062398303] [fsm_executor]: TRANSITION: NAV_41_WP41 --[TASK_COMPLETED]--> NAV_42_WP42
[INFO] [1786481507.064306469] [fsm_executor]: STATE: NAV_42_WP42 | ACTION: NAVIGATE -> WP42
[INFO] [1786481507.158991747] [fsm_executor]: EVENT: TASK_COMPLETED in NAV_42_WP42
[INFO] [1786481507.159691496] [fsm_executor]: TRANSITION: NAV_42_WP42 --[TASK_COMPLETED]--> NAV_43_WP43
[INFO] [1786481507.160429940] [fsm_executor]: STATE: NAV_43_WP43 | ACTION: NAVIGATE -> WP43
[INFO] [1786481507.260737983] [fsm_executor]: EVENT: TASK_COMPLETED in NAV_43_WP43
[INFO] [1786481507.263408968] [fsm_executor]: TRANSITION: NAV_43_WP43 --[TASK_COMPLETED]--> NAV_44_WP44
[INFO] [1786481507.266250248] [fsm_executor]: STATE: NAV_44_WP44 | ACTION: NAVIGATE -> WP44
[INFO] [1786481507.358840423] [fsm_executor]: EVENT: TASK_COMPLETED in NAV_44_WP44
[INFO] [1786481507.359970487] [fsm_executor]: TRANSITION: NAV_44_WP44 --[TASK_COMPLETED]--> NAV_45_WP45
[INFO] [1786481507.361358415] [fsm_executor]: STATE: NAV_45_WP45 | ACTION: NAVIGATE -> WP45
[INFO] [1786481507.460584332] [fsm_executor]: EVENT: TASK_COMPLETED in NAV_45_WP45
[INFO] [1786481507.463596868] [fsm_executor]: TRANSITION: NAV_45_WP45 --[TASK_COMPLETED]--> NAV_46_WP46
[INFO] [1786481507.466834790] [fsm_executor]: STATE: NAV_46_WP46 | ACTION: NAVIGATE -> WP46
[INFO] [1786481507.558975750] [fsm_executor]: EVENT: TASK_COMPLETED in NAV_46_WP46
[INFO] [1786481507.560073909] [fsm_executor]: TRANSITION: NAV_46_WP46 --[TASK_COMPLETED]--> NAV_47_WP47
[INFO] [1786481507.561359620] [fsm_executor]: STATE: NAV_47_WP47 | ACTION: NAVIGATE -> WP47
[INFO] [1786481507.660570560] [fsm_executor]: EVENT: TASK_COMPLETED in NAV_47_WP47
[INFO] [1786481507.662390362] [fsm_executor]: TRANSITION: NAV_47_WP47 --[TASK_COMPLETED]--> NAV_48_WP48
[INFO] [1786481507.664342304] [fsm_executor]: STATE: NAV_48_WP48 | ACTION: NAVIGATE -> WP48
[INFO] [1786481507.759025744] [fsm_executor]: EVENT: TASK_COMPLETED in NAV_48_WP48
[INFO] [1786481507.759736857] [fsm_executor]: TRANSITION: NAV_48_WP48 --[TASK_COMPLETED]--> NAV_49_WP49
[INFO] [1786481507.760518189] [fsm_executor]: STATE: NAV_49_WP49 | ACTION: NAVIGATE -> WP49
[INFO] [1786481507.860639683] [fsm_executor]: EVENT: TASK_COMPLETED in NAV_49_WP49
[INFO] [1786481507.863574457] [fsm_executor]: TRANSITION: NAV_49_WP49 --[TASK_COMPLETED]--> NAV_50_WP50
[INFO] [1786481507.866823911] [fsm_executor]: STATE: NAV_50_WP50 | ACTION: NAVIGATE -> WP50
[WARN] [1786481507.872274898] [fsm_executor]: RUNTIME EVENT RECEIVED: COMMUNICATION_LOST
[INFO] [1786481507.875964565] [fsm_executor]: TRANSITION: NAV_50_WP50 --[COMMUNICATION_LOST]--> COMM_RECOVERY
[INFO] [1786481507.879595897] [fsm_executor]: STATE: COMM_RECOVERY | ACTION: WAIT_FOR_COMMUNICATION
[WARN] [1786481524.060787660] [fsm_executor]: RUNTIME EVENT RECEIVED: COMMUNICATION_RECOVERY_FAILED
[INFO] [1786481524.061363414] [fsm_executor]: TRANSITION: COMM_RECOVERY --[COMMUNICATION_RECOVERY_FAILED]--> RTL
[INFO] [1786481524.062110203] [fsm_executor]: STATE: RTL | ACTION: RETURN_TO_HOME
[INFO] [1786481524.161956483] [fsm_executor]: EVENT: RTL_COMPLETED in RTL
[INFO] [1786481524.165046225] [fsm_executor]: TRANSITION: RTL --[RTL_COMPLETED]--> LAND
[INFO] [1786481524.169300744] [fsm_executor]: STATE: LAND | ACTION: LAND
[INFO] [1786481524.258708564] [fsm_executor]: EVENT: LAND_COMPLETED in LAND
[INFO] [1786481524.259423958] [fsm_executor]: TRANSITION: LAND --[LAND_COMPLETED]--> SAFE_TERMINATED
[INFO] [1786481524.260184070] [fsm_executor]: STATE: SAFE_TERMINATED
[WARN] [1786481524.260911008] [fsm_executor]: FSM mission terminated safely.
[WARN] [1786481524.261595785] [fsm_executor]: Reason: COMMUNICATION_RECOVERY_FAILED
