[INFO] [1786481259.215086114] [fsm_executor]: Loading mission: /home/bishal/ros2_ws/install/mission_formalism_evaluation/share/mission_formalism_evaluation/missions/mission_3.yaml
[INFO] [1786481259.238042816] [fsm_executor]: Mission ID: M3
[INFO] [1786481259.238618027] [fsm_executor]: Mission Name: Zigzag Navigation
[INFO] [1786481259.239142549] [fsm_executor]: Mission Items: 102
[INFO] [1786481259.239661289] [fsm_executor]: FSM States: 110
[INFO] [1786481259.240175570] [fsm_executor]: FSM Transitions: 708
[INFO] [1786481259.240969366] [fsm_executor]: TRANSITION: IDLE --[START]--> TAKEOFF_0
[INFO] [1786481259.241781426] [fsm_executor]: STATE: TAKEOFF_0 | ACTION: TAKEOFF
[INFO] [1786481259.344694922] [fsm_executor]: EVENT: TASK_COMPLETED in TAKEOFF_0
[INFO] [1786481259.345890925] [fsm_executor]: TRANSITION: TAKEOFF_0 --[TASK_COMPLETED]--> NAV_1_WP1
[INFO] [1786481259.347404252] [fsm_executor]: STATE: NAV_1_WP1 | ACTION: NAVIGATE -> WP1
[INFO] [1786481259.450372443] [fsm_executor]: EVENT: TASK_COMPLETED in NAV_1_WP1
[INFO] [1786481259.452113857] [fsm_executor]: TRANSITION: NAV_1_WP1 --[TASK_COMPLETED]--> NAV_2_WP2
[INFO] [1786481259.456284250] [fsm_executor]: STATE: NAV_2_WP2 | ACTION: NAVIGATE -> WP2
[INFO] [1786481259.541453144] [fsm_executor]: EVENT: TASK_COMPLETED in NAV_2_WP2
[INFO] [1786481259.542230012] [fsm_executor]: TRANSITION: NAV_2_WP2 --[TASK_COMPLETED]--> NAV_3_WP3
[INFO] [1786481259.542781968] [fsm_executor]: STATE: NAV_3_WP3 | ACTION: NAVIGATE -> WP3
[INFO] [1786481259.642023731] [fsm_executor]: EVENT: TASK_COMPLETED in NAV_3_WP3
[INFO] [1786481259.642555618] [fsm_executor]: TRANSITION: NAV_3_WP3 --[TASK_COMPLETED]--> NAV_4_WP4
[INFO] [1786481259.643003453] [fsm_executor]: STATE: NAV_4_WP4 | ACTION: NAVIGATE -> WP4
[INFO] [1786481259.742563077] [fsm_executor]: EVENT: TASK_COMPLETED in NAV_4_WP4
[INFO] [1786481259.743282256] [fsm_executor]: TRANSITION: NAV_4_WP4 --[TASK_COMPLETED]--> NAV_5_WP5
[INFO] [1786481259.744039731] [fsm_executor]: STATE: NAV_5_WP5 | ACTION: NAVIGATE -> WP5
[INFO] [1786481259.843276027] [fsm_executor]: EVENT: TASK_COMPLETED in NAV_5_WP5
[INFO] [1786481259.845420423] [fsm_executor]: TRANSITION: NAV_5_WP5 --[TASK_COMPLETED]--> NAV_6_WP6
[INFO] [1786481259.846946642] [fsm_executor]: STATE: NAV_6_WP6 | ACTION: NAVIGATE -> WP6
[INFO] [1786481259.943378864] [fsm_executor]: EVENT: TASK_COMPLETED in NAV_6_WP6
[INFO] [1786481259.946236119] [fsm_executor]: TRANSITION: NAV_6_WP6 --[TASK_COMPLETED]--> NAV_7_WP7
[INFO] [1786481259.949675080] [fsm_executor]: STATE: NAV_7_WP7 | ACTION: NAVIGATE -> WP7
[INFO] [1786481260.042462014] [fsm_executor]: EVENT: TASK_COMPLETED in NAV_7_WP7
[INFO] [1786481260.043727788] [fsm_executor]: TRANSITION: NAV_7_WP7 --[TASK_COMPLETED]--> NAV_8_WP8
[INFO] [1786481260.044560514] [fsm_executor]: STATE: NAV_8_WP8 | ACTION: NAVIGATE -> WP8
[INFO] [1786481260.145704056] [fsm_executor]: EVENT: TASK_COMPLETED in NAV_8_WP8
[INFO] [1786481260.149835618] [fsm_executor]: TRANSITION: NAV_8_WP8 --[TASK_COMPLETED]--> NAV_9_WP9
[INFO] [1786481260.153571306] [fsm_executor]: STATE: NAV_9_WP9 | ACTION: NAVIGATE -> WP9
[INFO] [1786481260.244078270] [fsm_executor]: EVENT: TASK_COMPLETED in NAV_9_WP9
[INFO] [1786481260.245714265] [fsm_executor]: TRANSITION: NAV_9_WP9 --[TASK_COMPLETED]--> NAV_10_WP10
[INFO] [1786481260.247367292] [fsm_executor]: STATE: NAV_10_WP10 | ACTION: NAVIGATE -> WP10
[INFO] [1786481260.344420713] [fsm_executor]: EVENT: TASK_COMPLETED in NAV_10_WP10
[INFO] [1786481260.346172428] [fsm_executor]: TRANSITION: NAV_10_WP10 --[TASK_COMPLETED]--> NAV_11_WP11
[INFO] [1786481260.348057163] [fsm_executor]: STATE: NAV_11_WP11 | ACTION: NAVIGATE -> WP11
[INFO] [1786481260.444587439] [fsm_executor]: EVENT: TASK_COMPLETED in NAV_11_WP11
[INFO] [1786481260.446313506] [fsm_executor]: TRANSITION: NAV_11_WP11 --[TASK_COMPLETED]--> NAV_12_WP12
[INFO] [1786481260.448221271] [fsm_executor]: STATE: NAV_12_WP12 | ACTION: NAVIGATE -> WP12
[INFO] [1786481260.545069227] [fsm_executor]: EVENT: TASK_COMPLETED in NAV_12_WP12
[INFO] [1786481260.547901665] [fsm_executor]: TRANSITION: NAV_12_WP12 --[TASK_COMPLETED]--> NAV_13_WP13
[INFO] [1786481260.551242470] [fsm_executor]: STATE: NAV_13_WP13 | ACTION: NAVIGATE -> WP13
[INFO] [1786481260.642004284] [fsm_executor]: EVENT: TASK_COMPLETED in NAV_13_WP13
[INFO] [1786481260.642827359] [fsm_executor]: TRANSITION: NAV_13_WP13 --[TASK_COMPLETED]--> NAV_14_WP14
[INFO] [1786481260.643788168] [fsm_executor]: STATE: NAV_14_WP14 | ACTION: NAVIGATE -> WP14
[INFO] [1786481260.745314922] [fsm_executor]: EVENT: TASK_COMPLETED in NAV_14_WP14
[INFO] [1786481260.748116723] [fsm_executor]: TRANSITION: NAV_14_WP14 --[TASK_COMPLETED]--> NAV_15_WP15
[INFO] [1786481260.752200761] [fsm_executor]: STATE: NAV_15_WP15 | ACTION: NAVIGATE -> WP15
[INFO] [1786481260.844603410] [fsm_executor]: EVENT: TASK_COMPLETED in NAV_15_WP15
[INFO] [1786481260.847579500] [fsm_executor]: TRANSITION: NAV_15_WP15 --[TASK_COMPLETED]--> NAV_16_WP16
[INFO] [1786481260.850868678] [fsm_executor]: STATE: NAV_16_WP16 | ACTION: NAVIGATE -> WP16
[INFO] [1786481260.943368819] [fsm_executor]: EVENT: TASK_COMPLETED in NAV_16_WP16
[INFO] [1786481260.945115550] [fsm_executor]: TRANSITION: NAV_16_WP16 --[TASK_COMPLETED]--> NAV_17_WP17
[INFO] [1786481260.947010382] [fsm_executor]: STATE: NAV_17_WP17 | ACTION: NAVIGATE -> WP17
[INFO] [1786481261.044596586] [fsm_executor]: EVENT: TASK_COMPLETED in NAV_17_WP17
[INFO] [1786481261.047582373] [fsm_executor]: TRANSITION: NAV_17_WP17 --[TASK_COMPLETED]--> NAV_18_WP18
[INFO] [1786481261.050858600] [fsm_executor]: STATE: NAV_18_WP18 | ACTION: NAVIGATE -> WP18
[INFO] [1786481261.143384266] [fsm_executor]: EVENT: TASK_COMPLETED in NAV_18_WP18
[INFO] [1786481261.146094325] [fsm_executor]: TRANSITION: NAV_18_WP18 --[TASK_COMPLETED]--> NAV_19_WP19
[INFO] [1786481261.149417763] [fsm_executor]: STATE: NAV_19_WP19 | ACTION: NAVIGATE -> WP19
[INFO] [1786481261.241767775] [fsm_executor]: EVENT: TASK_COMPLETED in NAV_19_WP19
[INFO] [1786481261.242419649] [fsm_executor]: TRANSITION: NAV_19_WP19 --[TASK_COMPLETED]--> NAV_20_WP20
[INFO] [1786481261.243122549] [fsm_executor]: STATE: NAV_20_WP20 | ACTION: NAVIGATE -> WP20
[INFO] [1786481261.343363331] [fsm_executor]: EVENT: TASK_COMPLETED in NAV_20_WP20
[INFO] [1786481261.345081294] [fsm_executor]: TRANSITION: NAV_20_WP20 --[TASK_COMPLETED]--> NAV_21_WP21
[INFO] [1786481261.347000069] [fsm_executor]: STATE: NAV_21_WP21 | ACTION: NAVIGATE -> WP21
[INFO] [1786481261.444590800] [fsm_executor]: EVENT: TASK_COMPLETED in NAV_21_WP21
[INFO] [1786481261.447536719] [fsm_executor]: TRANSITION: NAV_21_WP21 --[TASK_COMPLETED]--> NAV_22_WP22
[INFO] [1786481261.450805456] [fsm_executor]: STATE: NAV_22_WP22 | ACTION: NAVIGATE -> WP22
[INFO] [1786481261.544429192] [fsm_executor]: EVENT: TASK_COMPLETED in NAV_22_WP22
[INFO] [1786481261.547457771] [fsm_executor]: TRANSITION: NAV_22_WP22 --[TASK_COMPLETED]--> NAV_23_WP23
[INFO] [1786481261.550802997] [fsm_executor]: STATE: NAV_23_WP23 | ACTION: NAVIGATE -> WP23
[INFO] [1786481261.643649508] [fsm_executor]: EVENT: TASK_COMPLETED in NAV_23_WP23
[INFO] [1786481261.645395169] [fsm_executor]: TRANSITION: NAV_23_WP23 --[TASK_COMPLETED]--> NAV_24_WP24
[INFO] [1786481261.647312257] [fsm_executor]: STATE: NAV_24_WP24 | ACTION: NAVIGATE -> WP24
[INFO] [1786481261.743407041] [fsm_executor]: EVENT: TASK_COMPLETED in NAV_24_WP24
[INFO] [1786481261.745135761] [fsm_executor]: TRANSITION: NAV_24_WP24 --[TASK_COMPLETED]--> NAV_25_WP25
[INFO] [1786481261.747059823] [fsm_executor]: STATE: NAV_25_WP25 | ACTION: NAVIGATE -> WP25
[INFO] [1786481261.843504114] [fsm_executor]: EVENT: TASK_COMPLETED in NAV_25_WP25
[INFO] [1786481261.846420991] [fsm_executor]: TRANSITION: NAV_25_WP25 --[TASK_COMPLETED]--> NAV_26_WP26
[INFO] [1786481261.849710517] [fsm_executor]: STATE: NAV_26_WP26 | ACTION: NAVIGATE -> WP26
[INFO] [1786481261.944441579] [fsm_executor]: EVENT: TASK_COMPLETED in NAV_26_WP26
[INFO] [1786481261.947458373] [fsm_executor]: TRANSITION: NAV_26_WP26 --[TASK_COMPLETED]--> NAV_27_WP27
[INFO] [1786481261.950800451] [fsm_executor]: STATE: NAV_27_WP27 | ACTION: NAVIGATE -> WP27
[INFO] [1786481262.044518995] [fsm_executor]: EVENT: TASK_COMPLETED in NAV_27_WP27
[INFO] [1786481262.046467888] [fsm_executor]: TRANSITION: NAV_27_WP27 --[TASK_COMPLETED]--> NAV_28_WP28
[INFO] [1786481262.048573085] [fsm_executor]: STATE: NAV_28_WP28 | ACTION: NAVIGATE -> WP28
[INFO] [1786481262.144463904] [fsm_executor]: EVENT: TASK_COMPLETED in NAV_28_WP28
[INFO] [1786481262.147547976] [fsm_executor]: TRANSITION: NAV_28_WP28 --[TASK_COMPLETED]--> NAV_29_WP29
[INFO] [1786481262.150858294] [fsm_executor]: STATE: NAV_29_WP29 | ACTION: NAVIGATE -> WP29
[INFO] [1786481262.244577323] [fsm_executor]: EVENT: TASK_COMPLETED in NAV_29_WP29
[INFO] [1786481262.246300523] [fsm_executor]: TRANSITION: NAV_29_WP29 --[TASK_COMPLETED]--> NAV_30_WP30
[INFO] [1786481262.248416453] [fsm_executor]: STATE: NAV_30_WP30 | ACTION: NAVIGATE -> WP30
[INFO] [1786481262.343396396] [fsm_executor]: EVENT: TASK_COMPLETED in NAV_30_WP30
[INFO] [1786481262.346402254] [fsm_executor]: TRANSITION: NAV_30_WP30 --[TASK_COMPLETED]--> NAV_31_WP31
[INFO] [1786481262.349749980] [fsm_executor]: STATE: NAV_31_WP31 | ACTION: NAVIGATE -> WP31
[INFO] [1786481262.443465778] [fsm_executor]: EVENT: TASK_COMPLETED in NAV_31_WP31
[INFO] [1786481262.446469558] [fsm_executor]: TRANSITION: NAV_31_WP31 --[TASK_COMPLETED]--> NAV_32_WP32
[INFO] [1786481262.449782452] [fsm_executor]: STATE: NAV_32_WP32 | ACTION: NAVIGATE -> WP32
[INFO] [1786481262.544413072] [fsm_executor]: EVENT: TASK_COMPLETED in NAV_32_WP32
[INFO] [1786481262.549890046] [fsm_executor]: TRANSITION: NAV_32_WP32 --[TASK_COMPLETED]--> NAV_33_WP33
[INFO] [1786481262.553113987] [fsm_executor]: STATE: NAV_33_WP33 | ACTION: NAVIGATE -> WP33
[INFO] [1786481262.644655513] [fsm_executor]: EVENT: TASK_COMPLETED in NAV_33_WP33
[INFO] [1786481262.646821843] [fsm_executor]: TRANSITION: NAV_33_WP33 --[TASK_COMPLETED]--> NAV_34_WP34
[INFO] [1786481262.649337797] [fsm_executor]: STATE: NAV_34_WP34 | ACTION: NAVIGATE -> WP34
[INFO] [1786481262.741460005] [fsm_executor]: EVENT: TASK_COMPLETED in NAV_34_WP34
[INFO] [1786481262.741949349] [fsm_executor]: TRANSITION: NAV_34_WP34 --[TASK_COMPLETED]--> NAV_35_WP35
[INFO] [1786481262.742461060] [fsm_executor]: STATE: NAV_35_WP35 | ACTION: NAVIGATE -> WP35
[INFO] [1786481262.844447621] [fsm_executor]: EVENT: TASK_COMPLETED in NAV_35_WP35
[INFO] [1786481262.846233037] [fsm_executor]: TRANSITION: NAV_35_WP35 --[TASK_COMPLETED]--> NAV_36_WP36
[INFO] [1786481262.848160089] [fsm_executor]: STATE: NAV_36_WP36 | ACTION: NAVIGATE -> WP36
[INFO] [1786481262.944569660] [fsm_executor]: EVENT: TASK_COMPLETED in NAV_36_WP36
[INFO] [1786481262.946287201] [fsm_executor]: TRANSITION: NAV_36_WP36 --[TASK_COMPLETED]--> NAV_37_WP37
[INFO] [1786481262.948252370] [fsm_executor]: STATE: NAV_37_WP37 | ACTION: NAVIGATE -> WP37
[INFO] [1786481263.044582967] [fsm_executor]: EVENT: TASK_COMPLETED in NAV_37_WP37
[INFO] [1786481263.047601686] [fsm_executor]: TRANSITION: NAV_37_WP37 --[TASK_COMPLETED]--> NAV_38_WP38
[INFO] [1786481263.050998648] [fsm_executor]: STATE: NAV_38_WP38 | ACTION: NAVIGATE -> WP38
[INFO] [1786481263.144376434] [fsm_executor]: EVENT: TASK_COMPLETED in NAV_38_WP38
[INFO] [1786481263.149538834] [fsm_executor]: TRANSITION: NAV_38_WP38 --[TASK_COMPLETED]--> NAV_39_WP39
[INFO] [1786481263.152950572] [fsm_executor]: STATE: NAV_39_WP39 | ACTION: NAVIGATE -> WP39
[INFO] [1786481263.245390952] [fsm_executor]: EVENT: TASK_COMPLETED in NAV_39_WP39
[INFO] [1786481263.247598950] [fsm_executor]: TRANSITION: NAV_39_WP39 --[TASK_COMPLETED]--> NAV_40_WP40
[INFO] [1786481263.250054753] [fsm_executor]: STATE: NAV_40_WP40 | ACTION: NAVIGATE -> WP40
[INFO] [1786481263.345099232] [fsm_executor]: EVENT: TASK_COMPLETED in NAV_40_WP40
[INFO] [1786481263.347877200] [fsm_executor]: TRANSITION: NAV_40_WP40 --[TASK_COMPLETED]--> NAV_41_WP41
[INFO] [1786481263.351179571] [fsm_executor]: STATE: NAV_41_WP41 | ACTION: NAVIGATE -> WP41
[INFO] [1786481263.442659771] [fsm_executor]: EVENT: TASK_COMPLETED in NAV_41_WP41
[INFO] [1786481263.443829257] [fsm_executor]: TRANSITION: NAV_41_WP41 --[TASK_COMPLETED]--> NAV_42_WP42
[INFO] [1786481263.445119099] [fsm_executor]: STATE: NAV_42_WP42 | ACTION: NAVIGATE -> WP42
[INFO] [1786481263.543443099] [fsm_executor]: EVENT: TASK_COMPLETED in NAV_42_WP42
[INFO] [1786481263.545168693] [fsm_executor]: TRANSITION: NAV_42_WP42 --[TASK_COMPLETED]--> NAV_43_WP43
[INFO] [1786481263.547077080] [fsm_executor]: STATE: NAV_43_WP43 | ACTION: NAVIGATE -> WP43
[INFO] [1786481263.644566331] [fsm_executor]: EVENT: TASK_COMPLETED in NAV_43_WP43
[INFO] [1786481263.646603505] [fsm_executor]: TRANSITION: NAV_43_WP43 --[TASK_COMPLETED]--> NAV_44_WP44
[INFO] [1786481263.649396384] [fsm_executor]: STATE: NAV_44_WP44 | ACTION: NAVIGATE -> WP44
[INFO] [1786481263.744538599] [fsm_executor]: EVENT: TASK_COMPLETED in NAV_44_WP44
[INFO] [1786481263.747514493] [fsm_executor]: TRANSITION: NAV_44_WP44 --[TASK_COMPLETED]--> NAV_45_WP45
[INFO] [1786481263.750778775] [fsm_executor]: STATE: NAV_45_WP45 | ACTION: NAVIGATE -> WP45
[INFO] [1786481263.843610031] [fsm_executor]: EVENT: TASK_COMPLETED in NAV_45_WP45
[INFO] [1786481263.845317875] [fsm_executor]: TRANSITION: NAV_45_WP45 --[TASK_COMPLETED]--> NAV_46_WP46
[INFO] [1786481263.847201566] [fsm_executor]: STATE: NAV_46_WP46 | ACTION: NAVIGATE -> WP46
[INFO] [1786481263.943531531] [fsm_executor]: EVENT: TASK_COMPLETED in NAV_46_WP46
[INFO] [1786481263.945228433] [fsm_executor]: TRANSITION: NAV_46_WP46 --[TASK_COMPLETED]--> NAV_47_WP47
[INFO] [1786481263.947139301] [fsm_executor]: STATE: NAV_47_WP47 | ACTION: NAVIGATE -> WP47
[INFO] [1786481264.041512361] [fsm_executor]: EVENT: TASK_COMPLETED in NAV_47_WP47
[INFO] [1786481264.041952549] [fsm_executor]: TRANSITION: NAV_47_WP47 --[TASK_COMPLETED]--> NAV_48_WP48
[INFO] [1786481264.042407633] [fsm_executor]: STATE: NAV_48_WP48 | ACTION: NAVIGATE -> WP48
[INFO] [1786481264.144182399] [fsm_executor]: EVENT: TASK_COMPLETED in NAV_48_WP48
[INFO] [1786481264.146035859] [fsm_executor]: TRANSITION: NAV_48_WP48 --[TASK_COMPLETED]--> NAV_49_WP49
[INFO] [1786481264.148018156] [fsm_executor]: STATE: NAV_49_WP49 | ACTION: NAVIGATE -> WP49
[INFO] [1786481264.241647167] [fsm_executor]: EVENT: TASK_COMPLETED in NAV_49_WP49
[INFO] [1786481264.242241002] [fsm_executor]: TRANSITION: NAV_49_WP49 --[TASK_COMPLETED]--> NAV_50_WP50
[INFO] [1786481264.242869026] [fsm_executor]: STATE: NAV_50_WP50 | ACTION: NAVIGATE -> WP50
[WARN] [1786481264.245836681] [fsm_executor]: RUNTIME EVENT RECEIVED: COMMUNICATION_LOST
[INFO] [1786481264.246428464] [fsm_executor]: TRANSITION: NAV_50_WP50 --[COMMUNICATION_LOST]--> COMM_RECOVERY
[INFO] [1786481264.247016101] [fsm_executor]: STATE: COMM_RECOVERY | ACTION: WAIT_FOR_COMMUNICATION
[WARN] [1786481277.163903455] [fsm_executor]: RUNTIME EVENT RECEIVED: COMMUNICATION_RESTORED
[INFO] [1786481277.164771699] [fsm_executor]: TRANSITION: COMM_RECOVERY --[COMMUNICATION_RESTORED]--> NAV_50_WP50
[INFO] [1786481277.165812802] [fsm_executor]: Communication restored. Resuming interrupted mission task.
[INFO] [1786481277.166853500] [fsm_executor]: STATE: NAV_50_WP50 | ACTION: NAVIGATE -> WP50
[INFO] [1786481277.242652014] [fsm_executor]: EVENT: TASK_COMPLETED in NAV_50_WP50
[INFO] [1786481277.243705688] [fsm_executor]: TRANSITION: NAV_50_WP50 --[TASK_COMPLETED]--> NAV_51_WP51
[INFO] [1786481277.244860212] [fsm_executor]: STATE: NAV_51_WP51 | ACTION: NAVIGATE -> WP51
[INFO] [1786481277.341332298] [fsm_executor]: EVENT: TASK_COMPLETED in NAV_51_WP51
[INFO] [1786481277.341808257] [fsm_executor]: TRANSITION: NAV_51_WP51 --[TASK_COMPLETED]--> NAV_52_WP52
[INFO] [1786481277.342330573] [fsm_executor]: STATE: NAV_52_WP52 | ACTION: NAVIGATE -> WP52
[INFO] [1786481277.444217718] [fsm_executor]: EVENT: TASK_COMPLETED in NAV_52_WP52
[INFO] [1786481277.445976268] [fsm_executor]: TRANSITION: NAV_52_WP52 --[TASK_COMPLETED]--> NAV_53_WP53
[INFO] [1786481277.448450513] [fsm_executor]: STATE: NAV_53_WP53 | ACTION: NAVIGATE -> WP53
[INFO] [1786481277.542014792] [fsm_executor]: EVENT: TASK_COMPLETED in NAV_53_WP53
[INFO] [1786481277.543058487] [fsm_executor]: TRANSITION: NAV_53_WP53 --[TASK_COMPLETED]--> NAV_54_WP54
[INFO] [1786481277.544217291] [fsm_executor]: STATE: NAV_54_WP54 | ACTION: NAVIGATE -> WP54
[INFO] [1786481277.645068156] [fsm_executor]: EVENT: TASK_COMPLETED in NAV_54_WP54
[INFO] [1786481277.649035045] [fsm_executor]: TRANSITION: NAV_54_WP54 --[TASK_COMPLETED]--> NAV_55_WP55
[INFO] [1786481277.652359974] [fsm_executor]: STATE: NAV_55_WP55 | ACTION: NAVIGATE -> WP55
[INFO] [1786481277.742613495] [fsm_executor]: EVENT: TASK_COMPLETED in NAV_55_WP55
[INFO] [1786481277.744109186] [fsm_executor]: TRANSITION: NAV_55_WP55 --[TASK_COMPLETED]--> NAV_56_WP56
[INFO] [1786481277.745791773] [fsm_executor]: STATE: NAV_56_WP56 | ACTION: NAVIGATE -> WP56
[INFO] [1786481277.842223894] [fsm_executor]: EVENT: TASK_COMPLETED in NAV_56_WP56
[INFO] [1786481277.843344169] [fsm_executor]: TRANSITION: NAV_56_WP56 --[TASK_COMPLETED]--> NAV_57_WP57
[INFO] [1786481277.844376274] [fsm_executor]: STATE: NAV_57_WP57 | ACTION: NAVIGATE -> WP57
[INFO] [1786481277.943447365] [fsm_executor]: EVENT: TASK_COMPLETED in NAV_57_WP57
[INFO] [1786481277.945791058] [fsm_executor]: TRANSITION: NAV_57_WP57 --[TASK_COMPLETED]--> NAV_58_WP58
[INFO] [1786481277.948437634] [fsm_executor]: STATE: NAV_58_WP58 | ACTION: NAVIGATE -> WP58
[INFO] [1786481278.043322883] [fsm_executor]: EVENT: TASK_COMPLETED in NAV_58_WP58
[INFO] [1786481278.044525731] [fsm_executor]: TRANSITION: NAV_58_WP58 --[TASK_COMPLETED]--> NAV_59_WP59
[INFO] [1786481278.047750879] [fsm_executor]: STATE: NAV_59_WP59 | ACTION: NAVIGATE -> WP59
[INFO] [1786481278.141608184] [fsm_executor]: EVENT: TASK_COMPLETED in NAV_59_WP59
[INFO] [1786481278.142156487] [fsm_executor]: TRANSITION: NAV_59_WP59 --[TASK_COMPLETED]--> NAV_60_WP60
[INFO] [1786481278.145530543] [fsm_executor]: STATE: NAV_60_WP60 | ACTION: NAVIGATE -> WP60
[INFO] [1786481278.245858270] [fsm_executor]: EVENT: TASK_COMPLETED in NAV_60_WP60
[INFO] [1786481278.252310691] [fsm_executor]: TRANSITION: NAV_60_WP60 --[TASK_COMPLETED]--> NAV_61_WP61
[INFO] [1786481278.255726624] [fsm_executor]: STATE: NAV_61_WP61 | ACTION: NAVIGATE -> WP61
[INFO] [1786481278.341626162] [fsm_executor]: EVENT: TASK_COMPLETED in NAV_61_WP61
[INFO] [1786481278.342549642] [fsm_executor]: TRANSITION: NAV_61_WP61 --[TASK_COMPLETED]--> NAV_62_WP62
[INFO] [1786481278.343773654] [fsm_executor]: STATE: NAV_62_WP62 | ACTION: NAVIGATE -> WP62
[INFO] [1786481278.443535822] [fsm_executor]: EVENT: TASK_COMPLETED in NAV_62_WP62
[INFO] [1786481278.445877270] [fsm_executor]: TRANSITION: NAV_62_WP62 --[TASK_COMPLETED]--> NAV_63_WP63
[INFO] [1786481278.451331444] [fsm_executor]: STATE: NAV_63_WP63 | ACTION: NAVIGATE -> WP63
[INFO] [1786481278.542228008] [fsm_executor]: EVENT: TASK_COMPLETED in NAV_63_WP63
[INFO] [1786481278.543565669] [fsm_executor]: TRANSITION: NAV_63_WP63 --[TASK_COMPLETED]--> NAV_64_WP64
[INFO] [1786481278.544263548] [fsm_executor]: STATE: NAV_64_WP64 | ACTION: NAVIGATE -> WP64
[INFO] [1786481278.641604091] [fsm_executor]: EVENT: TASK_COMPLETED in NAV_64_WP64
[INFO] [1786481278.642322115] [fsm_executor]: TRANSITION: NAV_64_WP64 --[TASK_COMPLETED]--> NAV_65_WP65
[INFO] [1786481278.643186811] [fsm_executor]: STATE: NAV_65_WP65 | ACTION: NAVIGATE -> WP65
[INFO] [1786481278.742870236] [fsm_executor]: EVENT: TASK_COMPLETED in NAV_65_WP65
[INFO] [1786481278.744592368] [fsm_executor]: TRANSITION: NAV_65_WP65 --[TASK_COMPLETED]--> NAV_66_WP66
[INFO] [1786481278.746546720] [fsm_executor]: STATE: NAV_66_WP66 | ACTION: NAVIGATE -> WP66
[INFO] [1786481278.843458218] [fsm_executor]: EVENT: TASK_COMPLETED in NAV_66_WP66
[INFO] [1786481278.846351787] [fsm_executor]: TRANSITION: NAV_66_WP66 --[TASK_COMPLETED]--> NAV_67_WP67
[INFO] [1786481278.849645739] [fsm_executor]: STATE: NAV_67_WP67 | ACTION: NAVIGATE -> WP67
[INFO] [1786481278.942107223] [fsm_executor]: EVENT: TASK_COMPLETED in NAV_67_WP67
[INFO] [1786481278.943040784] [fsm_executor]: TRANSITION: NAV_67_WP67 --[TASK_COMPLETED]--> NAV_68_WP68
[INFO] [1786481278.944021539] [fsm_executor]: STATE: NAV_68_WP68 | ACTION: NAVIGATE -> WP68
[INFO] [1786481279.043531358] [fsm_executor]: EVENT: TASK_COMPLETED in NAV_68_WP68
[INFO] [1786481279.045285377] [fsm_executor]: TRANSITION: NAV_68_WP68 --[TASK_COMPLETED]--> NAV_69_WP69
[INFO] [1786481279.047164501] [fsm_executor]: STATE: NAV_69_WP69 | ACTION: NAVIGATE -> WP69
[INFO] [1786481279.141629178] [fsm_executor]: EVENT: TASK_COMPLETED in NAV_69_WP69
[INFO] [1786481279.142691545] [fsm_executor]: TRANSITION: NAV_69_WP69 --[TASK_COMPLETED]--> NAV_70_WP70
[INFO] [1786481279.143980728] [fsm_executor]: STATE: NAV_70_WP70 | ACTION: NAVIGATE -> WP70
[INFO] [1786481279.243494150] [fsm_executor]: EVENT: TASK_COMPLETED in NAV_70_WP70
[INFO] [1786481279.245204785] [fsm_executor]: TRANSITION: NAV_70_WP70 --[TASK_COMPLETED]--> NAV_71_WP71
[INFO] [1786481279.247077214] [fsm_executor]: STATE: NAV_71_WP71 | ACTION: NAVIGATE -> WP71
[INFO] [1786481279.342076488] [fsm_executor]: EVENT: TASK_COMPLETED in NAV_71_WP71
[INFO] [1786481279.343235411] [fsm_executor]: TRANSITION: NAV_71_WP71 --[TASK_COMPLETED]--> NAV_72_WP72
[INFO] [1786481279.344546179] [fsm_executor]: STATE: NAV_72_WP72 | ACTION: NAVIGATE -> WP72
[INFO] [1786481279.443446203] [fsm_executor]: EVENT: TASK_COMPLETED in NAV_72_WP72
[INFO] [1786481279.446324006] [fsm_executor]: TRANSITION: NAV_72_WP72 --[TASK_COMPLETED]--> NAV_73_WP73
[INFO] [1786481279.449675133] [fsm_executor]: STATE: NAV_73_WP73 | ACTION: NAVIGATE -> WP73
[INFO] [1786481279.542104425] [fsm_executor]: EVENT: TASK_COMPLETED in NAV_73_WP73
[INFO] [1786481279.543446262] [fsm_executor]: TRANSITION: NAV_73_WP73 --[TASK_COMPLETED]--> NAV_74_WP74
[INFO] [1786481279.545036738] [fsm_executor]: STATE: NAV_74_WP74 | ACTION: NAVIGATE -> WP74
[INFO] [1786481279.643457381] [fsm_executor]: EVENT: TASK_COMPLETED in NAV_74_WP74
[INFO] [1786481279.646541535] [fsm_executor]: TRANSITION: NAV_74_WP74 --[TASK_COMPLETED]--> NAV_75_WP75
[INFO] [1786481279.649867424] [fsm_executor]: STATE: NAV_75_WP75 | ACTION: NAVIGATE -> WP75
[INFO] [1786481279.741833709] [fsm_executor]: EVENT: TASK_COMPLETED in NAV_75_WP75
[INFO] [1786481279.742931820] [fsm_executor]: TRANSITION: NAV_75_WP75 --[TASK_COMPLETED]--> NAV_76_WP76
[INFO] [1786481279.744209592] [fsm_executor]: STATE: NAV_76_WP76 | ACTION: NAVIGATE -> WP76
[INFO] [1786481279.844115571] [fsm_executor]: EVENT: TASK_COMPLETED in NAV_76_WP76
[INFO] [1786481279.847971529] [fsm_executor]: TRANSITION: NAV_76_WP76 --[TASK_COMPLETED]--> NAV_77_WP77
[INFO] [1786481279.851644900] [fsm_executor]: STATE: NAV_77_WP77 | ACTION: NAVIGATE -> WP77
[INFO] [1786481279.945112303] [fsm_executor]: EVENT: TASK_COMPLETED in NAV_77_WP77
[INFO] [1786481279.947003540] [fsm_executor]: TRANSITION: NAV_77_WP77 --[TASK_COMPLETED]--> NAV_78_WP78
[INFO] [1786481279.948951350] [fsm_executor]: STATE: NAV_78_WP78 | ACTION: NAVIGATE -> WP78
[INFO] [1786481280.042031153] [fsm_executor]: EVENT: TASK_COMPLETED in NAV_78_WP78
[INFO] [1786481280.042871480] [fsm_executor]: TRANSITION: NAV_78_WP78 --[TASK_COMPLETED]--> NAV_79_WP79
[INFO] [1786481280.044323513] [fsm_executor]: STATE: NAV_79_WP79 | ACTION: NAVIGATE -> WP79
[INFO] [1786481280.141256765] [fsm_executor]: EVENT: TASK_COMPLETED in NAV_79_WP79
[INFO] [1786481280.141943081] [fsm_executor]: TRANSITION: NAV_79_WP79 --[TASK_COMPLETED]--> NAV_80_WP80
[INFO] [1786481280.142817727] [fsm_executor]: STATE: NAV_80_WP80 | ACTION: NAVIGATE -> WP80
[INFO] [1786481280.241521372] [fsm_executor]: EVENT: TASK_COMPLETED in NAV_80_WP80
[INFO] [1786481280.241959622] [fsm_executor]: TRANSITION: NAV_80_WP80 --[TASK_COMPLETED]--> NAV_81_WP81
[INFO] [1786481280.242429997] [fsm_executor]: STATE: NAV_81_WP81 | ACTION: NAVIGATE -> WP81
[INFO] [1786481280.348653164] [fsm_executor]: EVENT: TASK_COMPLETED in NAV_81_WP81
[INFO] [1786481280.351805593] [fsm_executor]: TRANSITION: NAV_81_WP81 --[TASK_COMPLETED]--> NAV_82_WP82
[INFO] [1786481280.354713411] [fsm_executor]: STATE: NAV_82_WP82 | ACTION: NAVIGATE -> WP82
[INFO] [1786481280.443071719] [fsm_executor]: EVENT: TASK_COMPLETED in NAV_82_WP82
[INFO] [1786481280.444646884] [fsm_executor]: TRANSITION: NAV_82_WP82 --[TASK_COMPLETED]--> NAV_83_WP83
[INFO] [1786481280.446264064] [fsm_executor]: STATE: NAV_83_WP83 | ACTION: NAVIGATE -> WP83
[INFO] [1786481280.544525652] [fsm_executor]: EVENT: TASK_COMPLETED in NAV_83_WP83
[INFO] [1786481280.546575210] [fsm_executor]: TRANSITION: NAV_83_WP83 --[TASK_COMPLETED]--> NAV_84_WP84
[INFO] [1786481280.549777360] [fsm_executor]: STATE: NAV_84_WP84 | ACTION: NAVIGATE -> WP84
[INFO] [1786481280.643970825] [fsm_executor]: EVENT: TASK_COMPLETED in NAV_84_WP84
[INFO] [1786481280.645700170] [fsm_executor]: TRANSITION: NAV_84_WP84 --[TASK_COMPLETED]--> NAV_85_WP85
[INFO] [1786481280.649317411] [fsm_executor]: STATE: NAV_85_WP85 | ACTION: NAVIGATE -> WP85
[INFO] [1786481280.745354814] [fsm_executor]: EVENT: TASK_COMPLETED in NAV_85_WP85
[INFO] [1786481280.748227990] [fsm_executor]: TRANSITION: NAV_85_WP85 --[TASK_COMPLETED]--> NAV_86_WP86
[INFO] [1786481280.751720914] [fsm_executor]: STATE: NAV_86_WP86 | ACTION: NAVIGATE -> WP86
[INFO] [1786481280.845411806] [fsm_executor]: EVENT: TASK_COMPLETED in NAV_86_WP86
[INFO] [1786481280.848427602] [fsm_executor]: TRANSITION: NAV_86_WP86 --[TASK_COMPLETED]--> NAV_87_WP87
[INFO] [1786481280.852000662] [fsm_executor]: STATE: NAV_87_WP87 | ACTION: NAVIGATE -> WP87
[INFO] [1786481280.944891764] [fsm_executor]: EVENT: TASK_COMPLETED in NAV_87_WP87
[INFO] [1786481280.946756715] [fsm_executor]: TRANSITION: NAV_87_WP87 --[TASK_COMPLETED]--> NAV_88_WP88
[INFO] [1786481280.949514775] [fsm_executor]: STATE: NAV_88_WP88 | ACTION: NAVIGATE -> WP88
[INFO] [1786481281.044030173] [fsm_executor]: EVENT: TASK_COMPLETED in NAV_88_WP88
[INFO] [1786481281.045833826] [fsm_executor]: TRANSITION: NAV_88_WP88 --[TASK_COMPLETED]--> NAV_89_WP89
[INFO] [1786481281.049555422] [fsm_executor]: STATE: NAV_89_WP89 | ACTION: NAVIGATE -> WP89
[INFO] [1786481281.145538755] [fsm_executor]: EVENT: TASK_COMPLETED in NAV_89_WP89
[INFO] [1786481281.147269440] [fsm_executor]: TRANSITION: NAV_89_WP89 --[TASK_COMPLETED]--> NAV_90_WP90
[INFO] [1786481281.150916242] [fsm_executor]: STATE: NAV_90_WP90 | ACTION: NAVIGATE -> WP90
[INFO] [1786481281.245095833] [fsm_executor]: EVENT: TASK_COMPLETED in NAV_90_WP90
[INFO] [1786481281.248409868] [fsm_executor]: TRANSITION: NAV_90_WP90 --[TASK_COMPLETED]--> NAV_91_WP91
[INFO] [1786481281.251292304] [fsm_executor]: STATE: NAV_91_WP91 | ACTION: NAVIGATE -> WP91
[INFO] [1786481281.345626837] [fsm_executor]: EVENT: TASK_COMPLETED in NAV_91_WP91
[INFO] [1786481281.351384381] [fsm_executor]: TRANSITION: NAV_91_WP91 --[TASK_COMPLETED]--> NAV_92_WP92
[INFO] [1786481281.355095290] [fsm_executor]: STATE: NAV_92_WP92 | ACTION: NAVIGATE -> WP92
[INFO] [1786481281.444111857] [fsm_executor]: EVENT: TASK_COMPLETED in NAV_92_WP92
[INFO] [1786481281.447037325] [fsm_executor]: TRANSITION: NAV_92_WP92 --[TASK_COMPLETED]--> NAV_93_WP93
[INFO] [1786481281.451991484] [fsm_executor]: STATE: NAV_93_WP93 | ACTION: NAVIGATE -> WP93
[INFO] [1786481281.545313924] [fsm_executor]: EVENT: TASK_COMPLETED in NAV_93_WP93
[INFO] [1786481281.548305017] [fsm_executor]: TRANSITION: NAV_93_WP93 --[TASK_COMPLETED]--> NAV_94_WP94
[INFO] [1786481281.552034118] [fsm_executor]: STATE: NAV_94_WP94 | ACTION: NAVIGATE -> WP94
[INFO] [1786481281.645568284] [fsm_executor]: EVENT: TASK_COMPLETED in NAV_94_WP94
[INFO] [1786481281.648579558] [fsm_executor]: TRANSITION: NAV_94_WP94 --[TASK_COMPLETED]--> NAV_95_WP95
[INFO] [1786481281.651930507] [fsm_executor]: STATE: NAV_95_WP95 | ACTION: NAVIGATE -> WP95
[INFO] [1786481281.745632020] [fsm_executor]: EVENT: TASK_COMPLETED in NAV_95_WP95
[INFO] [1786481281.748843245] [fsm_executor]: TRANSITION: NAV_95_WP95 --[TASK_COMPLETED]--> NAV_96_WP96
[INFO] [1786481281.752355973] [fsm_executor]: STATE: NAV_96_WP96 | ACTION: NAVIGATE -> WP96
[INFO] [1786481281.845556838] [fsm_executor]: EVENT: TASK_COMPLETED in NAV_96_WP96
[INFO] [1786481281.848575603] [fsm_executor]: TRANSITION: NAV_96_WP96 --[TASK_COMPLETED]--> NAV_97_WP97
[INFO] [1786481281.851971306] [fsm_executor]: STATE: NAV_97_WP97 | ACTION: NAVIGATE -> WP97
[INFO] [1786481281.945279544] [fsm_executor]: EVENT: TASK_COMPLETED in NAV_97_WP97
[INFO] [1786481281.948132056] [fsm_executor]: TRANSITION: NAV_97_WP97 --[TASK_COMPLETED]--> NAV_98_WP98
[INFO] [1786481281.951975761] [fsm_executor]: STATE: NAV_98_WP98 | ACTION: NAVIGATE -> WP98
[INFO] [1786481282.045581726] [fsm_executor]: EVENT: TASK_COMPLETED in NAV_98_WP98
[INFO] [1786481282.047300636] [fsm_executor]: TRANSITION: NAV_98_WP98 --[TASK_COMPLETED]--> NAV_99_WP99
[INFO] [1786481282.051048192] [fsm_executor]: STATE: NAV_99_WP99 | ACTION: NAVIGATE -> WP99
[INFO] [1786481282.145695824] [fsm_executor]: EVENT: TASK_COMPLETED in NAV_99_WP99
[INFO] [1786481282.148178530] [fsm_executor]: TRANSITION: NAV_99_WP99 --[TASK_COMPLETED]--> NAV_100_WP100
[INFO] [1786481282.151691042] [fsm_executor]: STATE: NAV_100_WP100 | ACTION: NAVIGATE -> WP100
[INFO] [1786481282.245420221] [fsm_executor]: EVENT: TASK_COMPLETED in NAV_100_WP100
[INFO] [1786481282.247635560] [fsm_executor]: TRANSITION: NAV_100_WP100 --[TASK_COMPLETED]--> LAND_101
[INFO] [1786481282.250654826] [fsm_executor]: STATE: LAND_101 | ACTION: LAND
[INFO] [1786481282.345349707] [fsm_executor]: EVENT: TASK_COMPLETED in LAND_101
[INFO] [1786481282.348651688] [fsm_executor]: TRANSITION: LAND_101 --[TASK_COMPLETED]--> COMPLETED
[INFO] [1786481282.353355650] [fsm_executor]: STATE: COMPLETED
[INFO] [1786481282.355827939] [fsm_executor]: FSM mission completed successfully.
