[INFO] [1787159556.238141199] [fsm_executor]: Loading mission: /home/bishal/ros2_ws/install/mission_formalism_evaluation/share/mission_formalism_evaluation/missions/mission_4.yaml
[INFO] [1787159556.286375622] [fsm_executor]: Mission ID: M4
[INFO] [1787159556.287400300] [fsm_executor]: Mission Name: Zigzag and Return
[INFO] [1787159556.288468236] [fsm_executor]: Mission Items: 201
[INFO] [1787159556.289272867] [fsm_executor]: FSM States: 210
[INFO] [1787159556.290060651] [fsm_executor]: FSM Transitions: 1402
[INFO] [1787159556.290925078] [fsm_executor]: TRANSITION: IDLE --[START]--> TAKEOFF_0
[INFO] [1787159556.292186418] [fsm_executor]: STATE: TAKEOFF_0 | ACTION: TAKEOFF
[INFO] [1787159556.395168225] [fsm_executor]: EVENT: TASK_COMPLETED in TAKEOFF_0
[INFO] [1787159556.398335243] [fsm_executor]: TRANSITION: TAKEOFF_0 --[TASK_COMPLETED]--> NAV_1_WP1
[INFO] [1787159556.402208888] [fsm_executor]: STATE: NAV_1_WP1 | ACTION: NAVIGATE -> WP1
[INFO] [1787159556.495066524] [fsm_executor]: EVENT: TASK_COMPLETED in NAV_1_WP1
[INFO] [1787159556.501143281] [fsm_executor]: TRANSITION: NAV_1_WP1 --[TASK_COMPLETED]--> NAV_2_WP2
[INFO] [1787159556.504442765] [fsm_executor]: STATE: NAV_2_WP2 | ACTION: NAVIGATE -> WP2
[INFO] [1787159556.593489006] [fsm_executor]: EVENT: TASK_COMPLETED in NAV_2_WP2
[INFO] [1787159556.595032915] [fsm_executor]: TRANSITION: NAV_2_WP2 --[TASK_COMPLETED]--> NAV_3_WP3
[INFO] [1787159556.597890707] [fsm_executor]: STATE: NAV_3_WP3 | ACTION: NAVIGATE -> WP3
[INFO] [1787159556.694559587] [fsm_executor]: EVENT: TASK_COMPLETED in NAV_3_WP3
[INFO] [1787159556.697934897] [fsm_executor]: TRANSITION: NAV_3_WP3 --[TASK_COMPLETED]--> NAV_4_WP4
[INFO] [1787159556.701842126] [fsm_executor]: STATE: NAV_4_WP4 | ACTION: NAVIGATE -> WP4
[INFO] [1787159556.793102748] [fsm_executor]: EVENT: TASK_COMPLETED in NAV_4_WP4
[INFO] [1787159556.796525523] [fsm_executor]: TRANSITION: NAV_4_WP4 --[TASK_COMPLETED]--> NAV_5_WP5
[INFO] [1787159556.800857763] [fsm_executor]: STATE: NAV_5_WP5 | ACTION: NAVIGATE -> WP5
[INFO] [1787159556.894753329] [fsm_executor]: EVENT: TASK_COMPLETED in NAV_5_WP5
[INFO] [1787159556.899339042] [fsm_executor]: TRANSITION: NAV_5_WP5 --[TASK_COMPLETED]--> NAV_6_WP6
[INFO] [1787159556.901221574] [fsm_executor]: STATE: NAV_6_WP6 | ACTION: NAVIGATE -> WP6
[INFO] [1787159556.994786478] [fsm_executor]: EVENT: TASK_COMPLETED in NAV_6_WP6
[INFO] [1787159556.997731491] [fsm_executor]: TRANSITION: NAV_6_WP6 --[TASK_COMPLETED]--> NAV_7_WP7
[INFO] [1787159557.001228237] [fsm_executor]: STATE: NAV_7_WP7 | ACTION: NAVIGATE -> WP7
[INFO] [1787159557.094706065] [fsm_executor]: EVENT: TASK_COMPLETED in NAV_7_WP7
[INFO] [1787159557.097666736] [fsm_executor]: TRANSITION: NAV_7_WP7 --[TASK_COMPLETED]--> NAV_8_WP8
[INFO] [1787159557.101087153] [fsm_executor]: STATE: NAV_8_WP8 | ACTION: NAVIGATE -> WP8
[INFO] [1787159557.193640466] [fsm_executor]: EVENT: TASK_COMPLETED in NAV_8_WP8
[INFO] [1787159557.196589856] [fsm_executor]: TRANSITION: NAV_8_WP8 --[TASK_COMPLETED]--> NAV_9_WP9
[INFO] [1787159557.200084675] [fsm_executor]: STATE: NAV_9_WP9 | ACTION: NAVIGATE -> WP9
[INFO] [1787159557.295282497] [fsm_executor]: EVENT: TASK_COMPLETED in NAV_9_WP9
[INFO] [1787159557.299214923] [fsm_executor]: TRANSITION: NAV_9_WP9 --[TASK_COMPLETED]--> NAV_10_WP10
[INFO] [1787159557.302784914] [fsm_executor]: STATE: NAV_10_WP10 | ACTION: NAVIGATE -> WP10
[INFO] [1787159557.395501794] [fsm_executor]: EVENT: TASK_COMPLETED in NAV_10_WP10
[INFO] [1787159557.398567882] [fsm_executor]: TRANSITION: NAV_10_WP10 --[TASK_COMPLETED]--> NAV_11_WP11
[INFO] [1787159557.402780382] [fsm_executor]: STATE: NAV_11_WP11 | ACTION: NAVIGATE -> WP11
[INFO] [1787159557.495282848] [fsm_executor]: EVENT: TASK_COMPLETED in NAV_11_WP11
[INFO] [1787159557.498803547] [fsm_executor]: TRANSITION: NAV_11_WP11 --[TASK_COMPLETED]--> NAV_12_WP12
[INFO] [1787159557.502667830] [fsm_executor]: STATE: NAV_12_WP12 | ACTION: NAVIGATE -> WP12
[INFO] [1787159557.595580438] [fsm_executor]: EVENT: TASK_COMPLETED in NAV_12_WP12
[INFO] [1787159557.601152815] [fsm_executor]: TRANSITION: NAV_12_WP12 --[TASK_COMPLETED]--> NAV_13_WP13
[INFO] [1787159557.604581772] [fsm_executor]: STATE: NAV_13_WP13 | ACTION: NAVIGATE -> WP13
[INFO] [1787159557.694772591] [fsm_executor]: EVENT: TASK_COMPLETED in NAV_13_WP13
[INFO] [1787159557.698382140] [fsm_executor]: TRANSITION: NAV_13_WP13 --[TASK_COMPLETED]--> NAV_14_WP14
[INFO] [1787159557.703233538] [fsm_executor]: STATE: NAV_14_WP14 | ACTION: NAVIGATE -> WP14
[INFO] [1787159557.796004510] [fsm_executor]: EVENT: TASK_COMPLETED in NAV_14_WP14
[INFO] [1787159557.799193651] [fsm_executor]: TRANSITION: NAV_14_WP14 --[TASK_COMPLETED]--> NAV_15_WP15
[INFO] [1787159557.803421286] [fsm_executor]: STATE: NAV_15_WP15 | ACTION: NAVIGATE -> WP15
[INFO] [1787159557.895407445] [fsm_executor]: EVENT: TASK_COMPLETED in NAV_15_WP15
[INFO] [1787159557.898641312] [fsm_executor]: TRANSITION: NAV_15_WP15 --[TASK_COMPLETED]--> NAV_16_WP16
[INFO] [1787159557.902795236] [fsm_executor]: STATE: NAV_16_WP16 | ACTION: NAVIGATE -> WP16
[INFO] [1787159557.995509205] [fsm_executor]: EVENT: TASK_COMPLETED in NAV_16_WP16
[INFO] [1787159557.997370294] [fsm_executor]: TRANSITION: NAV_16_WP16 --[TASK_COMPLETED]--> NAV_17_WP17
[INFO] [1787159558.000502052] [fsm_executor]: STATE: NAV_17_WP17 | ACTION: NAVIGATE -> WP17
[INFO] [1787159558.095418067] [fsm_executor]: EVENT: TASK_COMPLETED in NAV_17_WP17
[INFO] [1787159558.098889487] [fsm_executor]: TRANSITION: NAV_17_WP17 --[TASK_COMPLETED]--> NAV_18_WP18
[INFO] [1787159558.102910934] [fsm_executor]: STATE: NAV_18_WP18 | ACTION: NAVIGATE -> WP18
[INFO] [1787159558.194664516] [fsm_executor]: EVENT: TASK_COMPLETED in NAV_18_WP18
[INFO] [1787159558.198155191] [fsm_executor]: TRANSITION: NAV_18_WP18 --[TASK_COMPLETED]--> NAV_19_WP19
[INFO] [1787159558.202947729] [fsm_executor]: STATE: NAV_19_WP19 | ACTION: NAVIGATE -> WP19
[INFO] [1787159558.295435915] [fsm_executor]: EVENT: TASK_COMPLETED in NAV_19_WP19
[INFO] [1787159558.298697991] [fsm_executor]: TRANSITION: NAV_19_WP19 --[TASK_COMPLETED]--> NAV_20_WP20
[INFO] [1787159558.303448941] [fsm_executor]: STATE: NAV_20_WP20 | ACTION: NAVIGATE -> WP20
[INFO] [1787159558.394635800] [fsm_executor]: EVENT: TASK_COMPLETED in NAV_20_WP20
[INFO] [1787159558.397597419] [fsm_executor]: TRANSITION: NAV_20_WP20 --[TASK_COMPLETED]--> NAV_21_WP21
[INFO] [1787159558.402213787] [fsm_executor]: STATE: NAV_21_WP21 | ACTION: NAVIGATE -> WP21
[INFO] [1787159558.494498614] [fsm_executor]: EVENT: TASK_COMPLETED in NAV_21_WP21
[INFO] [1787159558.496438563] [fsm_executor]: TRANSITION: NAV_21_WP21 --[TASK_COMPLETED]--> NAV_22_WP22
[INFO] [1787159558.500228970] [fsm_executor]: STATE: NAV_22_WP22 | ACTION: NAVIGATE -> WP22
[INFO] [1787159558.595839244] [fsm_executor]: EVENT: TASK_COMPLETED in NAV_22_WP22
[INFO] [1787159558.599496254] [fsm_executor]: TRANSITION: NAV_22_WP22 --[TASK_COMPLETED]--> NAV_23_WP23
[INFO] [1787159558.602731852] [fsm_executor]: STATE: NAV_23_WP23 | ACTION: NAVIGATE -> WP23
[INFO] [1787159558.697004371] [fsm_executor]: EVENT: TASK_COMPLETED in NAV_23_WP23
[INFO] [1787159558.699263914] [fsm_executor]: TRANSITION: NAV_23_WP23 --[TASK_COMPLETED]--> NAV_24_WP24
[INFO] [1787159558.700616691] [fsm_executor]: STATE: NAV_24_WP24 | ACTION: NAVIGATE -> WP24
[INFO] [1787159558.794690183] [fsm_executor]: EVENT: TASK_COMPLETED in NAV_24_WP24
[INFO] [1787159558.798244576] [fsm_executor]: TRANSITION: NAV_24_WP24 --[TASK_COMPLETED]--> NAV_25_WP25
[INFO] [1787159558.802614735] [fsm_executor]: STATE: NAV_25_WP25 | ACTION: NAVIGATE -> WP25
[INFO] [1787159558.894713676] [fsm_executor]: EVENT: TASK_COMPLETED in NAV_25_WP25
[INFO] [1787159558.898111695] [fsm_executor]: TRANSITION: NAV_25_WP25 --[TASK_COMPLETED]--> NAV_26_WP26
[INFO] [1787159558.902454651] [fsm_executor]: STATE: NAV_26_WP26 | ACTION: NAVIGATE -> WP26
[INFO] [1787159558.994659202] [fsm_executor]: EVENT: TASK_COMPLETED in NAV_26_WP26
[INFO] [1787159558.998031416] [fsm_executor]: TRANSITION: NAV_26_WP26 --[TASK_COMPLETED]--> NAV_27_WP27
[INFO] [1787159559.002112387] [fsm_executor]: STATE: NAV_27_WP27 | ACTION: NAVIGATE -> WP27
[INFO] [1787159559.093671260] [fsm_executor]: EVENT: TASK_COMPLETED in NAV_27_WP27
[INFO] [1787159559.097395321] [fsm_executor]: TRANSITION: NAV_27_WP27 --[TASK_COMPLETED]--> NAV_28_WP28
[INFO] [1787159559.100136313] [fsm_executor]: STATE: NAV_28_WP28 | ACTION: NAVIGATE -> WP28
[INFO] [1787159559.194597242] [fsm_executor]: EVENT: TASK_COMPLETED in NAV_28_WP28
[INFO] [1787159559.198418568] [fsm_executor]: TRANSITION: NAV_28_WP28 --[TASK_COMPLETED]--> NAV_29_WP29
[INFO] [1787159559.202232217] [fsm_executor]: STATE: NAV_29_WP29 | ACTION: NAVIGATE -> WP29
[INFO] [1787159559.294598770] [fsm_executor]: EVENT: TASK_COMPLETED in NAV_29_WP29
[INFO] [1787159559.298041064] [fsm_executor]: TRANSITION: NAV_29_WP29 --[TASK_COMPLETED]--> NAV_30_WP30
[INFO] [1787159559.301914162] [fsm_executor]: STATE: NAV_30_WP30 | ACTION: NAVIGATE -> WP30
[INFO] [1787159559.395719681] [fsm_executor]: EVENT: TASK_COMPLETED in NAV_30_WP30
[INFO] [1787159559.397885663] [fsm_executor]: TRANSITION: NAV_30_WP30 --[TASK_COMPLETED]--> NAV_31_WP31
[INFO] [1787159559.400524713] [fsm_executor]: STATE: NAV_31_WP31 | ACTION: NAVIGATE -> WP31
[INFO] [1787159559.495495951] [fsm_executor]: EVENT: TASK_COMPLETED in NAV_31_WP31
[INFO] [1787159559.498963058] [fsm_executor]: TRANSITION: NAV_31_WP31 --[TASK_COMPLETED]--> NAV_32_WP32
[INFO] [1787159559.500916621] [fsm_executor]: STATE: NAV_32_WP32 | ACTION: NAVIGATE -> WP32
[INFO] [1787159559.594902018] [fsm_executor]: EVENT: TASK_COMPLETED in NAV_32_WP32
[INFO] [1787159559.598610260] [fsm_executor]: TRANSITION: NAV_32_WP32 --[TASK_COMPLETED]--> NAV_33_WP33
[INFO] [1787159559.602727963] [fsm_executor]: STATE: NAV_33_WP33 | ACTION: NAVIGATE -> WP33
[INFO] [1787159559.694591333] [fsm_executor]: EVENT: TASK_COMPLETED in NAV_33_WP33
[INFO] [1787159559.698034129] [fsm_executor]: TRANSITION: NAV_33_WP33 --[TASK_COMPLETED]--> NAV_34_WP34
[INFO] [1787159559.701887851] [fsm_executor]: STATE: NAV_34_WP34 | ACTION: NAVIGATE -> WP34
[INFO] [1787159559.794561231] [fsm_executor]: EVENT: TASK_COMPLETED in NAV_34_WP34
[INFO] [1787159559.799594546] [fsm_executor]: TRANSITION: NAV_34_WP34 --[TASK_COMPLETED]--> NAV_35_WP35
[INFO] [1787159559.803083286] [fsm_executor]: STATE: NAV_35_WP35 | ACTION: NAVIGATE -> WP35
[INFO] [1787159559.894571898] [fsm_executor]: EVENT: TASK_COMPLETED in NAV_35_WP35
[INFO] [1787159559.898220962] [fsm_executor]: TRANSITION: NAV_35_WP35 --[TASK_COMPLETED]--> NAV_36_WP36
[INFO] [1787159559.901821106] [fsm_executor]: STATE: NAV_36_WP36 | ACTION: NAVIGATE -> WP36
[INFO] [1787159559.994600775] [fsm_executor]: EVENT: TASK_COMPLETED in NAV_36_WP36
[INFO] [1787159559.998648188] [fsm_executor]: TRANSITION: NAV_36_WP36 --[TASK_COMPLETED]--> NAV_37_WP37
[INFO] [1787159560.002110256] [fsm_executor]: STATE: NAV_37_WP37 | ACTION: NAVIGATE -> WP37
[INFO] [1787159560.101718735] [fsm_executor]: EVENT: TASK_COMPLETED in NAV_37_WP37
[INFO] [1787159560.105561585] [fsm_executor]: TRANSITION: NAV_37_WP37 --[TASK_COMPLETED]--> NAV_38_WP38
[INFO] [1787159560.109158499] [fsm_executor]: STATE: NAV_38_WP38 | ACTION: NAVIGATE -> WP38
[INFO] [1787159560.196016323] [fsm_executor]: EVENT: TASK_COMPLETED in NAV_38_WP38
[INFO] [1787159560.199644065] [fsm_executor]: TRANSITION: NAV_38_WP38 --[TASK_COMPLETED]--> NAV_39_WP39
[INFO] [1787159560.203755783] [fsm_executor]: STATE: NAV_39_WP39 | ACTION: NAVIGATE -> WP39
[INFO] [1787159560.296180418] [fsm_executor]: EVENT: TASK_COMPLETED in NAV_39_WP39
[INFO] [1787159560.300579428] [fsm_executor]: TRANSITION: NAV_39_WP39 --[TASK_COMPLETED]--> NAV_40_WP40
[INFO] [1787159560.302506519] [fsm_executor]: STATE: NAV_40_WP40 | ACTION: NAVIGATE -> WP40
[INFO] [1787159560.392184245] [fsm_executor]: EVENT: TASK_COMPLETED in NAV_40_WP40
[INFO] [1787159560.393258811] [fsm_executor]: TRANSITION: NAV_40_WP40 --[TASK_COMPLETED]--> NAV_41_WP41
[INFO] [1787159560.394466698] [fsm_executor]: STATE: NAV_41_WP41 | ACTION: NAVIGATE -> WP41
[INFO] [1787159560.492075081] [fsm_executor]: EVENT: TASK_COMPLETED in NAV_41_WP41
[INFO] [1787159560.493185118] [fsm_executor]: TRANSITION: NAV_41_WP41 --[TASK_COMPLETED]--> NAV_42_WP42
[INFO] [1787159560.494382698] [fsm_executor]: STATE: NAV_42_WP42 | ACTION: NAVIGATE -> WP42
[INFO] [1787159560.591916066] [fsm_executor]: EVENT: TASK_COMPLETED in NAV_42_WP42
[INFO] [1787159560.592863032] [fsm_executor]: TRANSITION: NAV_42_WP42 --[TASK_COMPLETED]--> NAV_43_WP43
[INFO] [1787159560.594990978] [fsm_executor]: STATE: NAV_43_WP43 | ACTION: NAVIGATE -> WP43
[INFO] [1787159560.691531757] [fsm_executor]: EVENT: TASK_COMPLETED in NAV_43_WP43
[INFO] [1787159560.692481718] [fsm_executor]: TRANSITION: NAV_43_WP43 --[TASK_COMPLETED]--> NAV_44_WP44
[INFO] [1787159560.694596472] [fsm_executor]: STATE: NAV_44_WP44 | ACTION: NAVIGATE -> WP44
[INFO] [1787159560.791903887] [fsm_executor]: EVENT: TASK_COMPLETED in NAV_44_WP44
[INFO] [1787159560.792816070] [fsm_executor]: TRANSITION: NAV_44_WP44 --[TASK_COMPLETED]--> NAV_45_WP45
[INFO] [1787159560.793878553] [fsm_executor]: STATE: NAV_45_WP45 | ACTION: NAVIGATE -> WP45
[INFO] [1787159560.891615232] [fsm_executor]: EVENT: TASK_COMPLETED in NAV_45_WP45
[INFO] [1787159560.892166917] [fsm_executor]: TRANSITION: NAV_45_WP45 --[TASK_COMPLETED]--> NAV_46_WP46
[INFO] [1787159560.892764893] [fsm_executor]: STATE: NAV_46_WP46 | ACTION: NAVIGATE -> WP46
[INFO] [1787159560.992099234] [fsm_executor]: EVENT: TASK_COMPLETED in NAV_46_WP46
[INFO] [1787159560.993041037] [fsm_executor]: TRANSITION: NAV_46_WP46 --[TASK_COMPLETED]--> NAV_47_WP47
[INFO] [1787159560.994152286] [fsm_executor]: STATE: NAV_47_WP47 | ACTION: NAVIGATE -> WP47
[INFO] [1787159561.091435081] [fsm_executor]: EVENT: TASK_COMPLETED in NAV_47_WP47
[INFO] [1787159561.092007069] [fsm_executor]: TRANSITION: NAV_47_WP47 --[TASK_COMPLETED]--> NAV_48_WP48
[INFO] [1787159561.092776111] [fsm_executor]: STATE: NAV_48_WP48 | ACTION: NAVIGATE -> WP48
[INFO] [1787159561.195596981] [fsm_executor]: EVENT: TASK_COMPLETED in NAV_48_WP48
[INFO] [1787159561.199798791] [fsm_executor]: TRANSITION: NAV_48_WP48 --[TASK_COMPLETED]--> NAV_49_WP49
[INFO] [1787159561.203030469] [fsm_executor]: STATE: NAV_49_WP49 | ACTION: NAVIGATE -> WP49
[INFO] [1787159561.296288484] [fsm_executor]: EVENT: TASK_COMPLETED in NAV_49_WP49
[INFO] [1787159561.299527967] [fsm_executor]: TRANSITION: NAV_49_WP49 --[TASK_COMPLETED]--> NAV_50_WP50
[INFO] [1787159561.303261021] [fsm_executor]: STATE: NAV_50_WP50 | ACTION: NAVIGATE -> WP50
[INFO] [1787159561.404845754] [fsm_executor]: EVENT: TASK_COMPLETED in NAV_50_WP50
[INFO] [1787159561.414879599] [fsm_executor]: TRANSITION: NAV_50_WP50 --[TASK_COMPLETED]--> NAV_51_WP51
[INFO] [1787159561.433807844] [fsm_executor]: STATE: NAV_51_WP51 | ACTION: NAVIGATE -> WP51
[INFO] [1787159561.496268924] [fsm_executor]: EVENT: TASK_COMPLETED in NAV_51_WP51
[INFO] [1787159561.499713719] [fsm_executor]: TRANSITION: NAV_51_WP51 --[TASK_COMPLETED]--> NAV_52_WP52
[INFO] [1787159561.503661876] [fsm_executor]: STATE: NAV_52_WP52 | ACTION: NAVIGATE -> WP52
[INFO] [1787159561.592527500] [fsm_executor]: EVENT: TASK_COMPLETED in NAV_52_WP52
[INFO] [1787159561.593893085] [fsm_executor]: TRANSITION: NAV_52_WP52 --[TASK_COMPLETED]--> NAV_53_WP53
[INFO] [1787159561.595220560] [fsm_executor]: STATE: NAV_53_WP53 | ACTION: NAVIGATE -> WP53
[INFO] [1787159561.695723193] [fsm_executor]: EVENT: TASK_COMPLETED in NAV_53_WP53
[INFO] [1787159561.704449711] [fsm_executor]: TRANSITION: NAV_53_WP53 --[TASK_COMPLETED]--> NAV_54_WP54
[INFO] [1787159561.707912247] [fsm_executor]: STATE: NAV_54_WP54 | ACTION: NAVIGATE -> WP54
[INFO] [1787159561.808892818] [fsm_executor]: EVENT: TASK_COMPLETED in NAV_54_WP54
[INFO] [1787159561.812572395] [fsm_executor]: TRANSITION: NAV_54_WP54 --[TASK_COMPLETED]--> NAV_55_WP55
[INFO] [1787159561.817906189] [fsm_executor]: STATE: NAV_55_WP55 | ACTION: NAVIGATE -> WP55
[INFO] [1787159561.893010597] [fsm_executor]: EVENT: TASK_COMPLETED in NAV_55_WP55
[INFO] [1787159561.894277907] [fsm_executor]: TRANSITION: NAV_55_WP55 --[TASK_COMPLETED]--> NAV_56_WP56
[INFO] [1787159561.895985718] [fsm_executor]: STATE: NAV_56_WP56 | ACTION: NAVIGATE -> WP56
[INFO] [1787159561.992147447] [fsm_executor]: EVENT: TASK_COMPLETED in NAV_56_WP56
[INFO] [1787159561.993550774] [fsm_executor]: TRANSITION: NAV_56_WP56 --[TASK_COMPLETED]--> NAV_57_WP57
[INFO] [1787159561.994932388] [fsm_executor]: STATE: NAV_57_WP57 | ACTION: NAVIGATE -> WP57
[INFO] [1787159562.097343761] [fsm_executor]: EVENT: TASK_COMPLETED in NAV_57_WP57
[INFO] [1787159562.101099258] [fsm_executor]: TRANSITION: NAV_57_WP57 --[TASK_COMPLETED]--> NAV_58_WP58
[INFO] [1787159562.103770484] [fsm_executor]: STATE: NAV_58_WP58 | ACTION: NAVIGATE -> WP58
[INFO] [1787159562.195409508] [fsm_executor]: EVENT: TASK_COMPLETED in NAV_58_WP58
[INFO] [1787159562.198410504] [fsm_executor]: TRANSITION: NAV_58_WP58 --[TASK_COMPLETED]--> NAV_59_WP59
[INFO] [1787159562.201617671] [fsm_executor]: STATE: NAV_59_WP59 | ACTION: NAVIGATE -> WP59
[INFO] [1787159562.296430513] [fsm_executor]: EVENT: TASK_COMPLETED in NAV_59_WP59
[INFO] [1787159562.298761998] [fsm_executor]: TRANSITION: NAV_59_WP59 --[TASK_COMPLETED]--> NAV_60_WP60
[INFO] [1787159562.301213870] [fsm_executor]: STATE: NAV_60_WP60 | ACTION: NAVIGATE -> WP60
[INFO] [1787159562.395972186] [fsm_executor]: EVENT: TASK_COMPLETED in NAV_60_WP60
[INFO] [1787159562.397929206] [fsm_executor]: TRANSITION: NAV_60_WP60 --[TASK_COMPLETED]--> NAV_61_WP61
[INFO] [1787159562.400100605] [fsm_executor]: STATE: NAV_61_WP61 | ACTION: NAVIGATE -> WP61
[INFO] [1787159562.495773483] [fsm_executor]: EVENT: TASK_COMPLETED in NAV_61_WP61
[INFO] [1787159562.501495608] [fsm_executor]: TRANSITION: NAV_61_WP61 --[TASK_COMPLETED]--> NAV_62_WP62
[INFO] [1787159562.505177203] [fsm_executor]: STATE: NAV_62_WP62 | ACTION: NAVIGATE -> WP62
[INFO] [1787159562.594844954] [fsm_executor]: EVENT: TASK_COMPLETED in NAV_62_WP62
[INFO] [1787159562.598260043] [fsm_executor]: TRANSITION: NAV_62_WP62 --[TASK_COMPLETED]--> NAV_63_WP63
[INFO] [1787159562.601960283] [fsm_executor]: STATE: NAV_63_WP63 | ACTION: NAVIGATE -> WP63
[INFO] [1787159562.697621485] [fsm_executor]: EVENT: TASK_COMPLETED in NAV_63_WP63
[INFO] [1787159562.703784588] [fsm_executor]: TRANSITION: NAV_63_WP63 --[TASK_COMPLETED]--> NAV_64_WP64
[INFO] [1787159562.708105038] [fsm_executor]: STATE: NAV_64_WP64 | ACTION: NAVIGATE -> WP64
[INFO] [1787159562.799230886] [fsm_executor]: EVENT: TASK_COMPLETED in NAV_64_WP64
[INFO] [1787159562.802564401] [fsm_executor]: TRANSITION: NAV_64_WP64 --[TASK_COMPLETED]--> NAV_65_WP65
[INFO] [1787159562.806573363] [fsm_executor]: STATE: NAV_65_WP65 | ACTION: NAVIGATE -> WP65
[INFO] [1787159562.897160319] [fsm_executor]: EVENT: TASK_COMPLETED in NAV_65_WP65
[INFO] [1787159562.900282182] [fsm_executor]: TRANSITION: NAV_65_WP65 --[TASK_COMPLETED]--> NAV_66_WP66
[INFO] [1787159562.906994912] [fsm_executor]: STATE: NAV_66_WP66 | ACTION: NAVIGATE -> WP66
[INFO] [1787159562.997487313] [fsm_executor]: EVENT: TASK_COMPLETED in NAV_66_WP66
[INFO] [1787159563.003815404] [fsm_executor]: TRANSITION: NAV_66_WP66 --[TASK_COMPLETED]--> NAV_67_WP67
[INFO] [1787159563.006669519] [fsm_executor]: STATE: NAV_67_WP67 | ACTION: NAVIGATE -> WP67
[INFO] [1787159563.097526961] [fsm_executor]: EVENT: TASK_COMPLETED in NAV_67_WP67
[INFO] [1787159563.100704401] [fsm_executor]: TRANSITION: NAV_67_WP67 --[TASK_COMPLETED]--> NAV_68_WP68
[INFO] [1787159563.104137945] [fsm_executor]: STATE: NAV_68_WP68 | ACTION: NAVIGATE -> WP68
[INFO] [1787159563.196068959] [fsm_executor]: EVENT: TASK_COMPLETED in NAV_68_WP68
[INFO] [1787159563.198102676] [fsm_executor]: TRANSITION: NAV_68_WP68 --[TASK_COMPLETED]--> NAV_69_WP69
[INFO] [1787159563.200022386] [fsm_executor]: STATE: NAV_69_WP69 | ACTION: NAVIGATE -> WP69
[INFO] [1787159563.295105040] [fsm_executor]: EVENT: TASK_COMPLETED in NAV_69_WP69
[INFO] [1787159563.296878689] [fsm_executor]: TRANSITION: NAV_69_WP69 --[TASK_COMPLETED]--> NAV_70_WP70
[INFO] [1787159563.298791491] [fsm_executor]: STATE: NAV_70_WP70 | ACTION: NAVIGATE -> WP70
[INFO] [1787159563.394660512] [fsm_executor]: EVENT: TASK_COMPLETED in NAV_70_WP70
[INFO] [1787159563.397608844] [fsm_executor]: TRANSITION: NAV_70_WP70 --[TASK_COMPLETED]--> NAV_71_WP71
[INFO] [1787159563.400471285] [fsm_executor]: STATE: NAV_71_WP71 | ACTION: NAVIGATE -> WP71
[INFO] [1787159563.494791781] [fsm_executor]: EVENT: TASK_COMPLETED in NAV_71_WP71
[INFO] [1787159563.497748513] [fsm_executor]: TRANSITION: NAV_71_WP71 --[TASK_COMPLETED]--> NAV_72_WP72
[INFO] [1787159563.500726542] [fsm_executor]: STATE: NAV_72_WP72 | ACTION: NAVIGATE -> WP72
[INFO] [1787159563.594527478] [fsm_executor]: EVENT: TASK_COMPLETED in NAV_72_WP72
[INFO] [1787159563.596114270] [fsm_executor]: TRANSITION: NAV_72_WP72 --[TASK_COMPLETED]--> NAV_73_WP73
[INFO] [1787159563.597808767] [fsm_executor]: STATE: NAV_73_WP73 | ACTION: NAVIGATE -> WP73
[INFO] [1787159563.694538959] [fsm_executor]: EVENT: TASK_COMPLETED in NAV_73_WP73
[INFO] [1787159563.696321030] [fsm_executor]: TRANSITION: NAV_73_WP73 --[TASK_COMPLETED]--> NAV_74_WP74
[INFO] [1787159563.698286405] [fsm_executor]: STATE: NAV_74_WP74 | ACTION: NAVIGATE -> WP74
[INFO] [1787159563.795721929] [fsm_executor]: EVENT: TASK_COMPLETED in NAV_74_WP74
[INFO] [1787159563.797379851] [fsm_executor]: TRANSITION: NAV_74_WP74 --[TASK_COMPLETED]--> NAV_75_WP75
[INFO] [1787159563.798701564] [fsm_executor]: STATE: NAV_75_WP75 | ACTION: NAVIGATE -> WP75
[INFO] [1787159563.891845477] [fsm_executor]: EVENT: TASK_COMPLETED in NAV_75_WP75
[INFO] [1787159563.892711767] [fsm_executor]: TRANSITION: NAV_75_WP75 --[TASK_COMPLETED]--> NAV_76_WP76
[INFO] [1787159563.893904412] [fsm_executor]: STATE: NAV_76_WP76 | ACTION: NAVIGATE -> WP76
[INFO] [1787159563.995948429] [fsm_executor]: EVENT: TASK_COMPLETED in NAV_76_WP76
[INFO] [1787159563.999507760] [fsm_executor]: TRANSITION: NAV_76_WP76 --[TASK_COMPLETED]--> NAV_77_WP77
[INFO] [1787159564.003492427] [fsm_executor]: STATE: NAV_77_WP77 | ACTION: NAVIGATE -> WP77
[INFO] [1787159564.095849183] [fsm_executor]: EVENT: TASK_COMPLETED in NAV_77_WP77
[INFO] [1787159564.097989110] [fsm_executor]: TRANSITION: NAV_77_WP77 --[TASK_COMPLETED]--> NAV_78_WP78
[INFO] [1787159564.101429926] [fsm_executor]: STATE: NAV_78_WP78 | ACTION: NAVIGATE -> WP78
[INFO] [1787159564.196583614] [fsm_executor]: EVENT: TASK_COMPLETED in NAV_78_WP78
[INFO] [1787159564.199495821] [fsm_executor]: TRANSITION: NAV_78_WP78 --[TASK_COMPLETED]--> NAV_79_WP79
[INFO] [1787159564.202031870] [fsm_executor]: STATE: NAV_79_WP79 | ACTION: NAVIGATE -> WP79
[INFO] [1787159564.295526018] [fsm_executor]: EVENT: TASK_COMPLETED in NAV_79_WP79
[INFO] [1787159564.297825051] [fsm_executor]: TRANSITION: NAV_79_WP79 --[TASK_COMPLETED]--> NAV_80_WP80
[INFO] [1787159564.300012395] [fsm_executor]: STATE: NAV_80_WP80 | ACTION: NAVIGATE -> WP80
[INFO] [1787159564.396864278] [fsm_executor]: EVENT: TASK_COMPLETED in NAV_80_WP80
[INFO] [1787159564.399827616] [fsm_executor]: TRANSITION: NAV_80_WP80 --[TASK_COMPLETED]--> NAV_81_WP81
[INFO] [1787159564.405072209] [fsm_executor]: STATE: NAV_81_WP81 | ACTION: NAVIGATE -> WP81
[INFO] [1787159564.496251861] [fsm_executor]: EVENT: TASK_COMPLETED in NAV_81_WP81
[INFO] [1787159564.499258175] [fsm_executor]: TRANSITION: NAV_81_WP81 --[TASK_COMPLETED]--> NAV_82_WP82
[INFO] [1787159564.502508898] [fsm_executor]: STATE: NAV_82_WP82 | ACTION: NAVIGATE -> WP82
[INFO] [1787159564.596163619] [fsm_executor]: EVENT: TASK_COMPLETED in NAV_82_WP82
[INFO] [1787159564.597982193] [fsm_executor]: TRANSITION: NAV_82_WP82 --[TASK_COMPLETED]--> NAV_83_WP83
[INFO] [1787159564.600227220] [fsm_executor]: STATE: NAV_83_WP83 | ACTION: NAVIGATE -> WP83
[INFO] [1787159564.695200260] [fsm_executor]: EVENT: TASK_COMPLETED in NAV_83_WP83
[INFO] [1787159564.697374964] [fsm_executor]: TRANSITION: NAV_83_WP83 --[TASK_COMPLETED]--> NAV_84_WP84
[INFO] [1787159564.699271700] [fsm_executor]: STATE: NAV_84_WP84 | ACTION: NAVIGATE -> WP84
[INFO] [1787159564.793987174] [fsm_executor]: EVENT: TASK_COMPLETED in NAV_84_WP84
[INFO] [1787159564.797400662] [fsm_executor]: TRANSITION: NAV_84_WP84 --[TASK_COMPLETED]--> NAV_85_WP85
[INFO] [1787159564.799437231] [fsm_executor]: STATE: NAV_85_WP85 | ACTION: NAVIGATE -> WP85
[INFO] [1787159564.896324663] [fsm_executor]: EVENT: TASK_COMPLETED in NAV_85_WP85
[INFO] [1787159564.899515063] [fsm_executor]: TRANSITION: NAV_85_WP85 --[TASK_COMPLETED]--> NAV_86_WP86
[INFO] [1787159564.903223098] [fsm_executor]: STATE: NAV_86_WP86 | ACTION: NAVIGATE -> WP86
[INFO] [1787159564.995237049] [fsm_executor]: EVENT: TASK_COMPLETED in NAV_86_WP86
[INFO] [1787159564.998845633] [fsm_executor]: TRANSITION: NAV_86_WP86 --[TASK_COMPLETED]--> NAV_87_WP87
[INFO] [1787159565.002054345] [fsm_executor]: STATE: NAV_87_WP87 | ACTION: NAVIGATE -> WP87
[INFO] [1787159565.095499781] [fsm_executor]: EVENT: TASK_COMPLETED in NAV_87_WP87
[INFO] [1787159565.098657620] [fsm_executor]: TRANSITION: NAV_87_WP87 --[TASK_COMPLETED]--> NAV_88_WP88
[INFO] [1787159565.102122138] [fsm_executor]: STATE: NAV_88_WP88 | ACTION: NAVIGATE -> WP88
[INFO] [1787159565.195222487] [fsm_executor]: EVENT: TASK_COMPLETED in NAV_88_WP88
[INFO] [1787159565.197237132] [fsm_executor]: TRANSITION: NAV_88_WP88 --[TASK_COMPLETED]--> NAV_89_WP89
[INFO] [1787159565.199117114] [fsm_executor]: STATE: NAV_89_WP89 | ACTION: NAVIGATE -> WP89
[INFO] [1787159565.296025252] [fsm_executor]: EVENT: TASK_COMPLETED in NAV_89_WP89
[INFO] [1787159565.301197554] [fsm_executor]: TRANSITION: NAV_89_WP89 --[TASK_COMPLETED]--> NAV_90_WP90
[INFO] [1787159565.304118365] [fsm_executor]: STATE: NAV_90_WP90 | ACTION: NAVIGATE -> WP90
[INFO] [1787159565.396091900] [fsm_executor]: EVENT: TASK_COMPLETED in NAV_90_WP90
[INFO] [1787159565.399097570] [fsm_executor]: TRANSITION: NAV_90_WP90 --[TASK_COMPLETED]--> NAV_91_WP91
[INFO] [1787159565.402428684] [fsm_executor]: STATE: NAV_91_WP91 | ACTION: NAVIGATE -> WP91
[INFO] [1787159565.497695039] [fsm_executor]: EVENT: TASK_COMPLETED in NAV_91_WP91
[INFO] [1787159565.500827933] [fsm_executor]: TRANSITION: NAV_91_WP91 --[TASK_COMPLETED]--> NAV_92_WP92
[INFO] [1787159565.504015525] [fsm_executor]: STATE: NAV_92_WP92 | ACTION: NAVIGATE -> WP92
[INFO] [1787159565.595335213] [fsm_executor]: EVENT: TASK_COMPLETED in NAV_92_WP92
[INFO] [1787159565.598363847] [fsm_executor]: TRANSITION: NAV_92_WP92 --[TASK_COMPLETED]--> NAV_93_WP93
[INFO] [1787159565.601587045] [fsm_executor]: STATE: NAV_93_WP93 | ACTION: NAVIGATE -> WP93
[INFO] [1787159565.698611103] [fsm_executor]: EVENT: TASK_COMPLETED in NAV_93_WP93
[INFO] [1787159565.701955411] [fsm_executor]: TRANSITION: NAV_93_WP93 --[TASK_COMPLETED]--> NAV_94_WP94
[INFO] [1787159565.704858940] [fsm_executor]: STATE: NAV_94_WP94 | ACTION: NAVIGATE -> WP94
[INFO] [1787159565.795092209] [fsm_executor]: EVENT: TASK_COMPLETED in NAV_94_WP94
[INFO] [1787159565.797475779] [fsm_executor]: TRANSITION: NAV_94_WP94 --[TASK_COMPLETED]--> NAV_95_WP95
[INFO] [1787159565.799426046] [fsm_executor]: STATE: NAV_95_WP95 | ACTION: NAVIGATE -> WP95
[INFO] [1787159565.901501949] [fsm_executor]: EVENT: TASK_COMPLETED in NAV_95_WP95
[INFO] [1787159565.905519943] [fsm_executor]: TRANSITION: NAV_95_WP95 --[TASK_COMPLETED]--> NAV_96_WP96
[INFO] [1787159565.910185849] [fsm_executor]: STATE: NAV_96_WP96 | ACTION: NAVIGATE -> WP96
[INFO] [1787159565.999088461] [fsm_executor]: EVENT: TASK_COMPLETED in NAV_96_WP96
[INFO] [1787159566.002721434] [fsm_executor]: TRANSITION: NAV_96_WP96 --[TASK_COMPLETED]--> NAV_97_WP97
[INFO] [1787159566.006147475] [fsm_executor]: STATE: NAV_97_WP97 | ACTION: NAVIGATE -> WP97
[INFO] [1787159566.094887885] [fsm_executor]: EVENT: TASK_COMPLETED in NAV_97_WP97
[INFO] [1787159566.098195967] [fsm_executor]: TRANSITION: NAV_97_WP97 --[TASK_COMPLETED]--> NAV_98_WP98
[INFO] [1787159566.102390608] [fsm_executor]: STATE: NAV_98_WP98 | ACTION: NAVIGATE -> WP98
[INFO] [1787159566.195510652] [fsm_executor]: EVENT: TASK_COMPLETED in NAV_98_WP98
[INFO] [1787159566.199044180] [fsm_executor]: TRANSITION: NAV_98_WP98 --[TASK_COMPLETED]--> NAV_99_WP99
[INFO] [1787159566.202493967] [fsm_executor]: STATE: NAV_99_WP99 | ACTION: NAVIGATE -> WP99
[INFO] [1787159566.298597325] [fsm_executor]: EVENT: TASK_COMPLETED in NAV_99_WP99
[INFO] [1787159566.302025345] [fsm_executor]: TRANSITION: NAV_99_WP99 --[TASK_COMPLETED]--> NAV_100_WP100
[INFO] [1787159566.305443372] [fsm_executor]: STATE: NAV_100_WP100 | ACTION: NAVIGATE -> WP100
[INFO] [1787159566.397837278] [fsm_executor]: EVENT: TASK_COMPLETED in NAV_100_WP100
[INFO] [1787159566.401487721] [fsm_executor]: TRANSITION: NAV_100_WP100 --[TASK_COMPLETED]--> NAV_101_WP99
[INFO] [1787159566.403689205] [fsm_executor]: STATE: NAV_101_WP99 | ACTION: NAVIGATE -> WP99
[INFO] [1787159566.497434484] [fsm_executor]: EVENT: TASK_COMPLETED in NAV_101_WP99
[INFO] [1787159566.500868017] [fsm_executor]: TRANSITION: NAV_101_WP99 --[TASK_COMPLETED]--> NAV_102_WP98
[INFO] [1787159566.505069201] [fsm_executor]: STATE: NAV_102_WP98 | ACTION: NAVIGATE -> WP98
[INFO] [1787159566.602591668] [fsm_executor]: EVENT: TASK_COMPLETED in NAV_102_WP98
[INFO] [1787159566.606168122] [fsm_executor]: TRANSITION: NAV_102_WP98 --[TASK_COMPLETED]--> NAV_103_WP97
[INFO] [1787159566.610011087] [fsm_executor]: STATE: NAV_103_WP97 | ACTION: NAVIGATE -> WP97
[INFO] [1787159566.692554968] [fsm_executor]: EVENT: TASK_COMPLETED in NAV_103_WP97
[INFO] [1787159566.694035286] [fsm_executor]: TRANSITION: NAV_103_WP97 --[TASK_COMPLETED]--> NAV_104_WP96
[INFO] [1787159566.695198151] [fsm_executor]: STATE: NAV_104_WP96 | ACTION: NAVIGATE -> WP96
[INFO] [1787159566.795482966] [fsm_executor]: EVENT: TASK_COMPLETED in NAV_104_WP96
[INFO] [1787159566.798136881] [fsm_executor]: TRANSITION: NAV_104_WP96 --[TASK_COMPLETED]--> NAV_105_WP95
[INFO] [1787159566.801649283] [fsm_executor]: STATE: NAV_105_WP95 | ACTION: NAVIGATE -> WP95
[INFO] [1787159566.896468511] [fsm_executor]: EVENT: TASK_COMPLETED in NAV_105_WP95
[INFO] [1787159566.907570785] [fsm_executor]: TRANSITION: NAV_105_WP95 --[TASK_COMPLETED]--> NAV_106_WP94
[INFO] [1787159566.911032441] [fsm_executor]: STATE: NAV_106_WP94 | ACTION: NAVIGATE -> WP94
[INFO] [1787159566.997377710] [fsm_executor]: EVENT: TASK_COMPLETED in NAV_106_WP94
[INFO] [1787159567.000357074] [fsm_executor]: TRANSITION: NAV_106_WP94 --[TASK_COMPLETED]--> NAV_107_WP93
[INFO] [1787159567.003979633] [fsm_executor]: STATE: NAV_107_WP93 | ACTION: NAVIGATE -> WP93
[INFO] [1787159567.096044425] [fsm_executor]: EVENT: TASK_COMPLETED in NAV_107_WP93
[INFO] [1787159567.098627226] [fsm_executor]: TRANSITION: NAV_107_WP93 --[TASK_COMPLETED]--> NAV_108_WP92
[INFO] [1787159567.102425151] [fsm_executor]: STATE: NAV_108_WP92 | ACTION: NAVIGATE -> WP92
[INFO] [1787159567.196384723] [fsm_executor]: EVENT: TASK_COMPLETED in NAV_108_WP92
[INFO] [1787159567.199582602] [fsm_executor]: TRANSITION: NAV_108_WP92 --[TASK_COMPLETED]--> NAV_109_WP91
[INFO] [1787159567.201809167] [fsm_executor]: STATE: NAV_109_WP91 | ACTION: NAVIGATE -> WP91
[INFO] [1787159567.295411655] [fsm_executor]: EVENT: TASK_COMPLETED in NAV_109_WP91
[INFO] [1787159567.298779222] [fsm_executor]: TRANSITION: NAV_109_WP91 --[TASK_COMPLETED]--> NAV_110_WP90
[INFO] [1787159567.302215011] [fsm_executor]: STATE: NAV_110_WP90 | ACTION: NAVIGATE -> WP90
[INFO] [1787159567.402827047] [fsm_executor]: EVENT: TASK_COMPLETED in NAV_110_WP90
[INFO] [1787159567.410612271] [fsm_executor]: TRANSITION: NAV_110_WP90 --[TASK_COMPLETED]--> NAV_111_WP89
[INFO] [1787159567.421469065] [fsm_executor]: STATE: NAV_111_WP89 | ACTION: NAVIGATE -> WP89
[INFO] [1787159567.500837908] [fsm_executor]: EVENT: TASK_COMPLETED in NAV_111_WP89
[INFO] [1787159567.509969804] [fsm_executor]: TRANSITION: NAV_111_WP89 --[TASK_COMPLETED]--> NAV_112_WP88
[INFO] [1787159567.514999077] [fsm_executor]: STATE: NAV_112_WP88 | ACTION: NAVIGATE -> WP88
[INFO] [1787159567.596251577] [fsm_executor]: EVENT: TASK_COMPLETED in NAV_112_WP88
[INFO] [1787159567.600729441] [fsm_executor]: TRANSITION: NAV_112_WP88 --[TASK_COMPLETED]--> NAV_113_WP87
[INFO] [1787159567.604211772] [fsm_executor]: STATE: NAV_113_WP87 | ACTION: NAVIGATE -> WP87
[INFO] [1787159567.698048567] [fsm_executor]: EVENT: TASK_COMPLETED in NAV_113_WP87
[INFO] [1787159567.701201256] [fsm_executor]: TRANSITION: NAV_113_WP87 --[TASK_COMPLETED]--> NAV_114_WP86
[INFO] [1787159567.706132541] [fsm_executor]: STATE: NAV_114_WP86 | ACTION: NAVIGATE -> WP86
[INFO] [1787159567.795379575] [fsm_executor]: EVENT: TASK_COMPLETED in NAV_114_WP86
[INFO] [1787159567.798644206] [fsm_executor]: TRANSITION: NAV_114_WP86 --[TASK_COMPLETED]--> NAV_115_WP85
[INFO] [1787159567.802218178] [fsm_executor]: STATE: NAV_115_WP85 | ACTION: NAVIGATE -> WP85
[INFO] [1787159567.894737033] [fsm_executor]: EVENT: TASK_COMPLETED in NAV_115_WP85
[INFO] [1787159567.898709418] [fsm_executor]: TRANSITION: NAV_115_WP85 --[TASK_COMPLETED]--> NAV_116_WP84
[INFO] [1787159567.902143090] [fsm_executor]: STATE: NAV_116_WP84 | ACTION: NAVIGATE -> WP84
[INFO] [1787159567.995531177] [fsm_executor]: EVENT: TASK_COMPLETED in NAV_116_WP84
[INFO] [1787159567.998619071] [fsm_executor]: TRANSITION: NAV_116_WP84 --[TASK_COMPLETED]--> NAV_117_WP83
[INFO] [1787159568.002123533] [fsm_executor]: STATE: NAV_117_WP83 | ACTION: NAVIGATE -> WP83
[INFO] [1787159568.097923088] [fsm_executor]: EVENT: TASK_COMPLETED in NAV_117_WP83
[INFO] [1787159568.101850391] [fsm_executor]: TRANSITION: NAV_117_WP83 --[TASK_COMPLETED]--> NAV_118_WP82
[INFO] [1787159568.106586303] [fsm_executor]: STATE: NAV_118_WP82 | ACTION: NAVIGATE -> WP82
[INFO] [1787159568.193188167] [fsm_executor]: EVENT: TASK_COMPLETED in NAV_118_WP82
[INFO] [1787159568.195257607] [fsm_executor]: TRANSITION: NAV_118_WP82 --[TASK_COMPLETED]--> NAV_119_WP81
[INFO] [1787159568.197504375] [fsm_executor]: STATE: NAV_119_WP81 | ACTION: NAVIGATE -> WP81
[INFO] [1787159568.294065042] [fsm_executor]: EVENT: TASK_COMPLETED in NAV_119_WP81
[INFO] [1787159568.295967309] [fsm_executor]: TRANSITION: NAV_119_WP81 --[TASK_COMPLETED]--> NAV_120_WP80
[INFO] [1787159568.297828019] [fsm_executor]: STATE: NAV_120_WP80 | ACTION: NAVIGATE -> WP80
[INFO] [1787159568.394241791] [fsm_executor]: EVENT: TASK_COMPLETED in NAV_120_WP80
[INFO] [1787159568.396929074] [fsm_executor]: TRANSITION: NAV_120_WP80 --[TASK_COMPLETED]--> NAV_121_WP79
[INFO] [1787159568.399782181] [fsm_executor]: STATE: NAV_121_WP79 | ACTION: NAVIGATE -> WP79
[INFO] [1787159568.499105997] [fsm_executor]: EVENT: TASK_COMPLETED in NAV_121_WP79
[INFO] [1787159568.503103073] [fsm_executor]: TRANSITION: NAV_121_WP79 --[TASK_COMPLETED]--> NAV_122_WP78
[INFO] [1787159568.508978286] [fsm_executor]: STATE: NAV_122_WP78 | ACTION: NAVIGATE -> WP78
[INFO] [1787159568.596528270] [fsm_executor]: EVENT: TASK_COMPLETED in NAV_122_WP78
[INFO] [1787159568.599086813] [fsm_executor]: TRANSITION: NAV_122_WP78 --[TASK_COMPLETED]--> NAV_123_WP77
[INFO] [1787159568.601282498] [fsm_executor]: STATE: NAV_123_WP77 | ACTION: NAVIGATE -> WP77
[INFO] [1787159568.692510881] [fsm_executor]: EVENT: TASK_COMPLETED in NAV_123_WP77
[INFO] [1787159568.693684060] [fsm_executor]: TRANSITION: NAV_123_WP77 --[TASK_COMPLETED]--> NAV_124_WP76
[INFO] [1787159568.694852484] [fsm_executor]: STATE: NAV_124_WP76 | ACTION: NAVIGATE -> WP76
[INFO] [1787159568.795399643] [fsm_executor]: EVENT: TASK_COMPLETED in NAV_124_WP76
[INFO] [1787159568.798364880] [fsm_executor]: TRANSITION: NAV_124_WP76 --[TASK_COMPLETED]--> NAV_125_WP75
[INFO] [1787159568.801882420] [fsm_executor]: STATE: NAV_125_WP75 | ACTION: NAVIGATE -> WP75
[INFO] [1787159568.895469035] [fsm_executor]: EVENT: TASK_COMPLETED in NAV_125_WP75
[INFO] [1787159568.898705679] [fsm_executor]: TRANSITION: NAV_125_WP75 --[TASK_COMPLETED]--> NAV_126_WP74
[INFO] [1787159568.902265856] [fsm_executor]: STATE: NAV_126_WP74 | ACTION: NAVIGATE -> WP74
[INFO] [1787159568.994668872] [fsm_executor]: EVENT: TASK_COMPLETED in NAV_126_WP74
[INFO] [1787159568.997431276] [fsm_executor]: TRANSITION: NAV_126_WP74 --[TASK_COMPLETED]--> NAV_127_WP73
[INFO] [1787159569.002717932] [fsm_executor]: STATE: NAV_127_WP73 | ACTION: NAVIGATE -> WP73
[INFO] [1787159569.095581226] [fsm_executor]: EVENT: TASK_COMPLETED in NAV_127_WP73
[INFO] [1787159569.098882920] [fsm_executor]: TRANSITION: NAV_127_WP73 --[TASK_COMPLETED]--> NAV_128_WP72
[INFO] [1787159569.102566458] [fsm_executor]: STATE: NAV_128_WP72 | ACTION: NAVIGATE -> WP72
[INFO] [1787159569.196471433] [fsm_executor]: EVENT: TASK_COMPLETED in NAV_128_WP72
[INFO] [1787159569.199673522] [fsm_executor]: TRANSITION: NAV_128_WP72 --[TASK_COMPLETED]--> NAV_129_WP71
[INFO] [1787159569.203702984] [fsm_executor]: STATE: NAV_129_WP71 | ACTION: NAVIGATE -> WP71
[INFO] [1787159569.298738261] [fsm_executor]: EVENT: TASK_COMPLETED in NAV_129_WP71
[INFO] [1787159569.302667708] [fsm_executor]: TRANSITION: NAV_129_WP71 --[TASK_COMPLETED]--> NAV_130_WP70
[INFO] [1787159569.309148682] [fsm_executor]: STATE: NAV_130_WP70 | ACTION: NAVIGATE -> WP70
[INFO] [1787159569.404185079] [fsm_executor]: EVENT: TASK_COMPLETED in NAV_130_WP70
[INFO] [1787159569.408909445] [fsm_executor]: TRANSITION: NAV_130_WP70 --[TASK_COMPLETED]--> NAV_131_WP69
[INFO] [1787159569.421458976] [fsm_executor]: STATE: NAV_131_WP69 | ACTION: NAVIGATE -> WP69
[INFO] [1787159569.494472371] [fsm_executor]: EVENT: TASK_COMPLETED in NAV_131_WP69
[INFO] [1787159569.496648087] [fsm_executor]: TRANSITION: NAV_131_WP69 --[TASK_COMPLETED]--> NAV_132_WP68
[INFO] [1787159569.498967594] [fsm_executor]: STATE: NAV_132_WP68 | ACTION: NAVIGATE -> WP68
[INFO] [1787159569.591364182] [fsm_executor]: EVENT: TASK_COMPLETED in NAV_132_WP68
[INFO] [1787159569.592334217] [fsm_executor]: TRANSITION: NAV_132_WP68 --[TASK_COMPLETED]--> NAV_133_WP67
[INFO] [1787159569.593483573] [fsm_executor]: STATE: NAV_133_WP67 | ACTION: NAVIGATE -> WP67
[INFO] [1787159569.695511452] [fsm_executor]: EVENT: TASK_COMPLETED in NAV_133_WP67
[INFO] [1787159569.699183396] [fsm_executor]: TRANSITION: NAV_133_WP67 --[TASK_COMPLETED]--> NAV_134_WP66
[INFO] [1787159569.702899392] [fsm_executor]: STATE: NAV_134_WP66 | ACTION: NAVIGATE -> WP66
[INFO] [1787159569.794976538] [fsm_executor]: EVENT: TASK_COMPLETED in NAV_134_WP66
[INFO] [1787159569.798042101] [fsm_executor]: TRANSITION: NAV_134_WP66 --[TASK_COMPLETED]--> NAV_135_WP65
[INFO] [1787159569.801637262] [fsm_executor]: STATE: NAV_135_WP65 | ACTION: NAVIGATE -> WP65
[INFO] [1787159569.894645848] [fsm_executor]: EVENT: TASK_COMPLETED in NAV_135_WP65
[INFO] [1787159569.897405153] [fsm_executor]: TRANSITION: NAV_135_WP65 --[TASK_COMPLETED]--> NAV_136_WP64
[INFO] [1787159569.900659082] [fsm_executor]: STATE: NAV_136_WP64 | ACTION: NAVIGATE -> WP64
[INFO] [1787159569.993474095] [fsm_executor]: EVENT: TASK_COMPLETED in NAV_136_WP64
[INFO] [1787159569.996435341] [fsm_executor]: TRANSITION: NAV_136_WP64 --[TASK_COMPLETED]--> NAV_137_WP63
[INFO] [1787159569.999644230] [fsm_executor]: STATE: NAV_137_WP63 | ACTION: NAVIGATE -> WP63
[INFO] [1787159570.093920124] [fsm_executor]: EVENT: TASK_COMPLETED in NAV_137_WP63
[INFO] [1787159570.095750767] [fsm_executor]: TRANSITION: NAV_137_WP63 --[TASK_COMPLETED]--> NAV_138_WP62
[INFO] [1787159570.097970665] [fsm_executor]: STATE: NAV_138_WP62 | ACTION: NAVIGATE -> WP62
[INFO] [1787159570.194663278] [fsm_executor]: EVENT: TASK_COMPLETED in NAV_138_WP62
[INFO] [1787159570.197629508] [fsm_executor]: TRANSITION: NAV_138_WP62 --[TASK_COMPLETED]--> NAV_139_WP61
[INFO] [1787159570.200902196] [fsm_executor]: STATE: NAV_139_WP61 | ACTION: NAVIGATE -> WP61
[INFO] [1787159570.294538873] [fsm_executor]: EVENT: TASK_COMPLETED in NAV_139_WP61
[INFO] [1787159570.296272114] [fsm_executor]: TRANSITION: NAV_139_WP61 --[TASK_COMPLETED]--> NAV_140_WP60
[INFO] [1787159570.298622915] [fsm_executor]: STATE: NAV_140_WP60 | ACTION: NAVIGATE -> WP60
[INFO] [1787159570.393925386] [fsm_executor]: EVENT: TASK_COMPLETED in NAV_140_WP60
[INFO] [1787159570.396956013] [fsm_executor]: TRANSITION: NAV_140_WP60 --[TASK_COMPLETED]--> NAV_141_WP59
[INFO] [1787159570.400331437] [fsm_executor]: STATE: NAV_141_WP59 | ACTION: NAVIGATE -> WP59
[INFO] [1787159570.493989850] [fsm_executor]: EVENT: TASK_COMPLETED in NAV_141_WP59
[INFO] [1787159570.500086354] [fsm_executor]: TRANSITION: NAV_141_WP59 --[TASK_COMPLETED]--> NAV_142_WP58
[INFO] [1787159570.502457774] [fsm_executor]: STATE: NAV_142_WP58 | ACTION: NAVIGATE -> WP58
[INFO] [1787159570.593553283] [fsm_executor]: EVENT: TASK_COMPLETED in NAV_142_WP58
[INFO] [1787159570.596924413] [fsm_executor]: TRANSITION: NAV_142_WP58 --[TASK_COMPLETED]--> NAV_143_WP57
[INFO] [1787159570.600085447] [fsm_executor]: STATE: NAV_143_WP57 | ACTION: NAVIGATE -> WP57
[INFO] [1787159570.694568656] [fsm_executor]: EVENT: TASK_COMPLETED in NAV_143_WP57
[INFO] [1787159570.697586465] [fsm_executor]: TRANSITION: NAV_143_WP57 --[TASK_COMPLETED]--> NAV_144_WP56
[INFO] [1787159570.700909432] [fsm_executor]: STATE: NAV_144_WP56 | ACTION: NAVIGATE -> WP56
[INFO] [1787159570.796861151] [fsm_executor]: EVENT: TASK_COMPLETED in NAV_144_WP56
[INFO] [1787159570.800363261] [fsm_executor]: TRANSITION: NAV_144_WP56 --[TASK_COMPLETED]--> NAV_145_WP55
[INFO] [1787159570.804131686] [fsm_executor]: STATE: NAV_145_WP55 | ACTION: NAVIGATE -> WP55
[INFO] [1787159570.899321297] [fsm_executor]: EVENT: TASK_COMPLETED in NAV_145_WP55
[INFO] [1787159570.903066156] [fsm_executor]: TRANSITION: NAV_145_WP55 --[TASK_COMPLETED]--> NAV_146_WP54
[INFO] [1787159570.907199531] [fsm_executor]: STATE: NAV_146_WP54 | ACTION: NAVIGATE -> WP54
[INFO] [1787159570.995151493] [fsm_executor]: EVENT: TASK_COMPLETED in NAV_146_WP54
[INFO] [1787159570.998141225] [fsm_executor]: TRANSITION: NAV_146_WP54 --[TASK_COMPLETED]--> NAV_147_WP53
[INFO] [1787159571.001434243] [fsm_executor]: STATE: NAV_147_WP53 | ACTION: NAVIGATE -> WP53
[INFO] [1787159571.094599320] [fsm_executor]: EVENT: TASK_COMPLETED in NAV_147_WP53
[INFO] [1787159571.097637259] [fsm_executor]: TRANSITION: NAV_147_WP53 --[TASK_COMPLETED]--> NAV_148_WP52
[INFO] [1787159571.101011836] [fsm_executor]: STATE: NAV_148_WP52 | ACTION: NAVIGATE -> WP52
[INFO] [1787159571.195631090] [fsm_executor]: EVENT: TASK_COMPLETED in NAV_148_WP52
[INFO] [1787159571.199360066] [fsm_executor]: TRANSITION: NAV_148_WP52 --[TASK_COMPLETED]--> NAV_149_WP51
[INFO] [1787159571.202873837] [fsm_executor]: STATE: NAV_149_WP51 | ACTION: NAVIGATE -> WP51
[INFO] [1787159571.297258626] [fsm_executor]: EVENT: TASK_COMPLETED in NAV_149_WP51
[INFO] [1787159571.301419456] [fsm_executor]: TRANSITION: NAV_149_WP51 --[TASK_COMPLETED]--> NAV_150_WP50
[INFO] [1787159571.305939600] [fsm_executor]: STATE: NAV_150_WP50 | ACTION: NAVIGATE -> WP50
[WARN] [1787159571.324878422] [fsm_executor]: RUNTIME EVENT RECEIVED: ABORT_REQUESTED
[INFO] [1787159571.331776920] [fsm_executor]: TRANSITION: NAV_150_WP50 --[ABORT_REQUESTED]--> ABORT_MISSION
[INFO] [1787159571.335640846] [fsm_executor]: STATE: ABORT_MISSION | ACTION: ABORT_MISSION
[INFO] [1787159571.395168925] [fsm_executor]: EVENT: ABORT_COMPLETED in ABORT_MISSION
[INFO] [1787159571.397127569] [fsm_executor]: TRANSITION: ABORT_MISSION --[ABORT_COMPLETED]--> RTL
[INFO] [1787159571.399191160] [fsm_executor]: STATE: RTL | ACTION: RETURN_TO_HOME
[INFO] [1787159571.494849677] [fsm_executor]: EVENT: RTL_COMPLETED in RTL
[INFO] [1787159571.497183461] [fsm_executor]: TRANSITION: RTL --[RTL_COMPLETED]--> SAFE_TERMINATED
[INFO] [1787159571.499005416] [fsm_executor]: STATE: SAFE_TERMINATED
[WARN] [1787159571.500817382] [fsm_executor]: FSM mission terminated safely.
[WARN] [1787159571.503225740] [fsm_executor]: Reason: ABORT_REQUESTED
