[INFO] [1786306000.290896154] [fsm_executor]: Loading mission: /home/bishal/ros2_ws/install/mission_formalism_evaluation/share/mission_formalism_evaluation/missions/mission_2.yaml
[INFO] [1786306000.295650271] [fsm_executor]: Mission ID: M2
[INFO] [1786306000.296191028] [fsm_executor]: Mission Name: Branch and Return
[INFO] [1786306000.296673295] [fsm_executor]: Mission Items: 13
[INFO] [1786306000.297163426] [fsm_executor]: FSM States: 21
[INFO] [1786306000.297681202] [fsm_executor]: FSM Transitions: 74
[INFO] [1786306000.298174745] [fsm_executor]: TRANSITION: IDLE --[START]--> TAKEOFF_0
[INFO] [1786306000.298640033] [fsm_executor]: STATE: TAKEOFF_0 | ACTION: TAKEOFF
[INFO] [1786306002.300903597] [fsm_executor]: EVENT: TASK_COMPLETED in TAKEOFF_0
[INFO] [1786306002.302695957] [fsm_executor]: TRANSITION: TAKEOFF_0 --[TASK_COMPLETED]--> NAV_1_WP1
[INFO] [1786306002.304962520] [fsm_executor]: STATE: NAV_1_WP1 | ACTION: NAVIGATE -> WP1
[INFO] [1786306004.302368540] [fsm_executor]: EVENT: TASK_COMPLETED in NAV_1_WP1
[INFO] [1786306004.304516434] [fsm_executor]: TRANSITION: NAV_1_WP1 --[TASK_COMPLETED]--> NAV_2_WP2
[INFO] [1786306004.306466988] [fsm_executor]: STATE: NAV_2_WP2 | ACTION: NAVIGATE -> WP2
[INFO] [1786306006.301384052] [fsm_executor]: EVENT: TASK_COMPLETED in NAV_2_WP2
[INFO] [1786306006.303645885] [fsm_executor]: TRANSITION: NAV_2_WP2 --[TASK_COMPLETED]--> NAV_3_WP1
[INFO] [1786306006.306339322] [fsm_executor]: STATE: NAV_3_WP1 | ACTION: NAVIGATE -> WP1
[INFO] [1786306008.301287610] [fsm_executor]: EVENT: TASK_COMPLETED in NAV_3_WP1
[INFO] [1786306008.303300636] [fsm_executor]: TRANSITION: NAV_3_WP1 --[TASK_COMPLETED]--> NAV_4_WP3
[INFO] [1786306008.305921725] [fsm_executor]: STATE: NAV_4_WP3 | ACTION: NAVIGATE -> WP3
[INFO] [1786306010.299050409] [fsm_executor]: EVENT: TASK_COMPLETED in NAV_4_WP3
[INFO] [1786306010.299872321] [fsm_executor]: TRANSITION: NAV_4_WP3 --[TASK_COMPLETED]--> NAV_5_WP1
[INFO] [1786306010.300778754] [fsm_executor]: STATE: NAV_5_WP1 | ACTION: NAVIGATE -> WP1
[INFO] [1786306012.301618570] [fsm_executor]: EVENT: TASK_COMPLETED in NAV_5_WP1
[INFO] [1786306012.304814861] [fsm_executor]: TRANSITION: NAV_5_WP1 --[TASK_COMPLETED]--> NAV_6_WP4
[INFO] [1786306012.308456194] [fsm_executor]: STATE: NAV_6_WP4 | ACTION: NAVIGATE -> WP4
[WARN] [1786306012.314072709] [fsm_executor]: RUNTIME EVENT RECEIVED: BATTERY_CRITICAL
[INFO] [1786306012.315977662] [fsm_executor]: TRANSITION: NAV_6_WP4 --[BATTERY_CRITICAL]--> LAND
[INFO] [1786306012.319306660] [fsm_executor]: STATE: LAND | ACTION: LAND
[INFO] [1786306014.300931526] [fsm_executor]: EVENT: LAND_COMPLETED in LAND
[INFO] [1786306014.304470587] [fsm_executor]: TRANSITION: LAND --[LAND_COMPLETED]--> SAFE_TERMINATED
[INFO] [1786306014.307440310] [fsm_executor]: STATE: SAFE_TERMINATED
[WARN] [1786306014.310302659] [fsm_executor]: FSM mission terminated safely.
[WARN] [1786306014.314278182] [fsm_executor]: Reason: BATTERY_CRITICAL
