[INFO] [1788010050.095629227] [htn_executor]: Loading mission: /home/bishal/ros2_ws/install/mission_formalism_evaluation/share/mission_formalism_evaluation/missions/mission_4.yaml
[INFO] [1788010050.687261716] [htn_executor]: ================================
[INFO] [1788010050.688161138] [htn_executor]: HTN Mission Executor
[INFO] [1788010050.689145541] [htn_executor]: Mode: FINAL_SCENARIO_CAPABLE
[INFO] [1788010050.689794026] [htn_executor]: Model: Totally Ordered State-Based HTN
[INFO] [1788010050.690458227] [htn_executor]: Mission ID: M4
[INFO] [1788010050.691503424] [htn_executor]: Mission Name: Zigzag and Return
[INFO] [1788010050.692229612] [htn_executor]: Mission Items: 201
[INFO] [1788010050.692860583] [htn_executor]: HTN Primitive Operators: 12
[INFO] [1788010050.693554681] [htn_executor]: HTN Compound Tasks: 4
[INFO] [1788010050.694496863] [htn_executor]: HTN Methods: 16
[INFO] [1788010050.695591833] [htn_executor]: Mission Method Applications: 203
[INFO] [1788010050.696482737] [htn_executor]: Generated Primitive Plan: 201
[INFO] [1788010050.697236810] [htn_executor]: ================================
[INFO] [1788010050.718845681] [htn_executor]: HTN PRIMITIVE RUNNING: takeoff
[INFO] [1788010050.921920928] [htn_executor]: HTN PRIMITIVE SUCCESS: takeoff
[INFO] [1788010050.939770523] [htn_executor]: HTN PRIMITIVE RUNNING: navigate [WP1]
[INFO] [1788010051.141801994] [htn_executor]: HTN PRIMITIVE SUCCESS: navigate [WP1]
[INFO] [1788010051.159036140] [htn_executor]: HTN PRIMITIVE RUNNING: navigate [WP2]
[INFO] [1788010051.361360904] [htn_executor]: HTN PRIMITIVE SUCCESS: navigate [WP2]
[INFO] [1788010051.378599603] [htn_executor]: HTN PRIMITIVE RUNNING: navigate [WP3]
[INFO] [1788010051.581879621] [htn_executor]: HTN PRIMITIVE SUCCESS: navigate [WP3]
[INFO] [1788010051.600260865] [htn_executor]: HTN PRIMITIVE RUNNING: navigate [WP4]
[INFO] [1788010051.799884718] [htn_executor]: HTN PRIMITIVE SUCCESS: navigate [WP4]
[INFO] [1788010051.819162290] [htn_executor]: HTN PRIMITIVE RUNNING: navigate [WP5]
[INFO] [1788010052.022275180] [htn_executor]: HTN PRIMITIVE SUCCESS: navigate [WP5]
[INFO] [1788010052.039721762] [htn_executor]: HTN PRIMITIVE RUNNING: navigate [WP6]
[INFO] [1788010052.240365394] [htn_executor]: HTN PRIMITIVE SUCCESS: navigate [WP6]
[INFO] [1788010052.259755614] [htn_executor]: HTN PRIMITIVE RUNNING: navigate [WP7]
[INFO] [1788010052.460274378] [htn_executor]: HTN PRIMITIVE SUCCESS: navigate [WP7]
[INFO] [1788010052.479728722] [htn_executor]: HTN PRIMITIVE RUNNING: navigate [WP8]
[INFO] [1788010052.681983407] [htn_executor]: HTN PRIMITIVE SUCCESS: navigate [WP8]
[INFO] [1788010052.700534797] [htn_executor]: HTN PRIMITIVE RUNNING: navigate [WP9]
[INFO] [1788010052.901683318] [htn_executor]: HTN PRIMITIVE SUCCESS: navigate [WP9]
[INFO] [1788010052.920940825] [htn_executor]: HTN PRIMITIVE RUNNING: navigate [WP10]
[INFO] [1788010053.122100249] [htn_executor]: HTN PRIMITIVE SUCCESS: navigate [WP10]
[INFO] [1788010053.139122269] [htn_executor]: HTN PRIMITIVE RUNNING: navigate [WP11]
[INFO] [1788010053.342281434] [htn_executor]: HTN PRIMITIVE SUCCESS: navigate [WP11]
[INFO] [1788010053.361627987] [htn_executor]: HTN PRIMITIVE RUNNING: navigate [WP12]
[INFO] [1788010053.562915277] [htn_executor]: HTN PRIMITIVE SUCCESS: navigate [WP12]
[INFO] [1788010053.580895931] [htn_executor]: HTN PRIMITIVE RUNNING: navigate [WP13]
[INFO] [1788010053.780930224] [htn_executor]: HTN PRIMITIVE SUCCESS: navigate [WP13]
[INFO] [1788010053.800485372] [htn_executor]: HTN PRIMITIVE RUNNING: navigate [WP14]
[INFO] [1788010054.000293351] [htn_executor]: HTN PRIMITIVE SUCCESS: navigate [WP14]
[INFO] [1788010054.020419499] [htn_executor]: HTN PRIMITIVE RUNNING: navigate [WP15]
[INFO] [1788010054.221090549] [htn_executor]: HTN PRIMITIVE SUCCESS: navigate [WP15]
[INFO] [1788010054.239700823] [htn_executor]: HTN PRIMITIVE RUNNING: navigate [WP16]
[INFO] [1788010054.440432131] [htn_executor]: HTN PRIMITIVE SUCCESS: navigate [WP16]
[INFO] [1788010054.459670861] [htn_executor]: HTN PRIMITIVE RUNNING: navigate [WP17]
[INFO] [1788010054.660466276] [htn_executor]: HTN PRIMITIVE SUCCESS: navigate [WP17]
[INFO] [1788010054.679634524] [htn_executor]: HTN PRIMITIVE RUNNING: navigate [WP18]
[INFO] [1788010054.879140521] [htn_executor]: HTN PRIMITIVE SUCCESS: navigate [WP18]
[INFO] [1788010054.898185384] [htn_executor]: HTN PRIMITIVE RUNNING: navigate [WP19]
[INFO] [1788010055.102235656] [htn_executor]: HTN PRIMITIVE SUCCESS: navigate [WP19]
[INFO] [1788010055.120696442] [htn_executor]: HTN PRIMITIVE RUNNING: navigate [WP20]
[INFO] [1788010055.321296472] [htn_executor]: HTN PRIMITIVE SUCCESS: navigate [WP20]
[INFO] [1788010055.340672574] [htn_executor]: HTN PRIMITIVE RUNNING: navigate [WP21]
[INFO] [1788010055.542990922] [htn_executor]: HTN PRIMITIVE SUCCESS: navigate [WP21]
[INFO] [1788010055.572713434] [htn_executor]: HTN PRIMITIVE RUNNING: navigate [WP22]
[INFO] [1788010055.758911339] [htn_executor]: HTN PRIMITIVE SUCCESS: navigate [WP22]
[INFO] [1788010055.779719417] [htn_executor]: HTN PRIMITIVE RUNNING: navigate [WP23]
[INFO] [1788010055.984540863] [htn_executor]: HTN PRIMITIVE SUCCESS: navigate [WP23]
[INFO] [1788010056.001190514] [htn_executor]: HTN PRIMITIVE RUNNING: navigate [WP24]
[INFO] [1788010056.198493817] [htn_executor]: HTN PRIMITIVE SUCCESS: navigate [WP24]
[INFO] [1788010056.218602844] [htn_executor]: HTN PRIMITIVE RUNNING: navigate [WP25]
[INFO] [1788010056.419119425] [htn_executor]: HTN PRIMITIVE SUCCESS: navigate [WP25]
[INFO] [1788010056.439374047] [htn_executor]: HTN PRIMITIVE RUNNING: navigate [WP26]
[INFO] [1788010056.640568574] [htn_executor]: HTN PRIMITIVE SUCCESS: navigate [WP26]
[INFO] [1788010056.663847009] [htn_executor]: HTN PRIMITIVE RUNNING: navigate [WP27]
[INFO] [1788010056.861802094] [htn_executor]: HTN PRIMITIVE SUCCESS: navigate [WP27]
[INFO] [1788010056.879717978] [htn_executor]: HTN PRIMITIVE RUNNING: navigate [WP28]
[INFO] [1788010057.082141639] [htn_executor]: HTN PRIMITIVE SUCCESS: navigate [WP28]
[INFO] [1788010057.102000484] [htn_executor]: HTN PRIMITIVE RUNNING: navigate [WP29]
[INFO] [1788010057.301395290] [htn_executor]: HTN PRIMITIVE SUCCESS: navigate [WP29]
[INFO] [1788010057.320985876] [htn_executor]: HTN PRIMITIVE RUNNING: navigate [WP30]
[INFO] [1788010057.522366352] [htn_executor]: HTN PRIMITIVE SUCCESS: navigate [WP30]
[INFO] [1788010057.540063047] [htn_executor]: HTN PRIMITIVE RUNNING: navigate [WP31]
[INFO] [1788010057.742095540] [htn_executor]: HTN PRIMITIVE SUCCESS: navigate [WP31]
[INFO] [1788010057.761437677] [htn_executor]: HTN PRIMITIVE RUNNING: navigate [WP32]
[INFO] [1788010057.961809238] [htn_executor]: HTN PRIMITIVE SUCCESS: navigate [WP32]
[INFO] [1788010057.979761132] [htn_executor]: HTN PRIMITIVE RUNNING: navigate [WP33]
[INFO] [1788010058.180803414] [htn_executor]: HTN PRIMITIVE SUCCESS: navigate [WP33]
[INFO] [1788010058.200610517] [htn_executor]: HTN PRIMITIVE RUNNING: navigate [WP34]
[INFO] [1788010058.400460319] [htn_executor]: HTN PRIMITIVE SUCCESS: navigate [WP34]
[INFO] [1788010058.420321837] [htn_executor]: HTN PRIMITIVE RUNNING: navigate [WP35]
[INFO] [1788010058.621296715] [htn_executor]: HTN PRIMITIVE SUCCESS: navigate [WP35]
[INFO] [1788010058.641239067] [htn_executor]: HTN PRIMITIVE RUNNING: navigate [WP36]
[INFO] [1788010058.840274284] [htn_executor]: HTN PRIMITIVE SUCCESS: navigate [WP36]
[INFO] [1788010058.858918116] [htn_executor]: HTN PRIMITIVE RUNNING: navigate [WP37]
[INFO] [1788010059.060521702] [htn_executor]: HTN PRIMITIVE SUCCESS: navigate [WP37]
[INFO] [1788010059.078928913] [htn_executor]: HTN PRIMITIVE RUNNING: navigate [WP38]
[INFO] [1788010059.280455797] [htn_executor]: HTN PRIMITIVE SUCCESS: navigate [WP38]
[INFO] [1788010059.300709386] [htn_executor]: HTN PRIMITIVE RUNNING: navigate [WP39]
[INFO] [1788010059.500204863] [htn_executor]: HTN PRIMITIVE SUCCESS: navigate [WP39]
[INFO] [1788010059.518944703] [htn_executor]: HTN PRIMITIVE RUNNING: navigate [WP40]
[INFO] [1788010059.719276229] [htn_executor]: HTN PRIMITIVE SUCCESS: navigate [WP40]
[INFO] [1788010059.739111310] [htn_executor]: HTN PRIMITIVE RUNNING: navigate [WP41]
[INFO] [1788010059.939332140] [htn_executor]: HTN PRIMITIVE SUCCESS: navigate [WP41]
[INFO] [1788010059.959782577] [htn_executor]: HTN PRIMITIVE RUNNING: navigate [WP42]
[INFO] [1788010060.159574724] [htn_executor]: HTN PRIMITIVE SUCCESS: navigate [WP42]
[INFO] [1788010060.179543842] [htn_executor]: HTN PRIMITIVE RUNNING: navigate [WP43]
[INFO] [1788010060.379837286] [htn_executor]: HTN PRIMITIVE SUCCESS: navigate [WP43]
[INFO] [1788010060.398761379] [htn_executor]: HTN PRIMITIVE RUNNING: navigate [WP44]
[INFO] [1788010060.598661009] [htn_executor]: HTN PRIMITIVE SUCCESS: navigate [WP44]
[INFO] [1788010060.618674683] [htn_executor]: HTN PRIMITIVE RUNNING: navigate [WP45]
[INFO] [1788010060.820935683] [htn_executor]: HTN PRIMITIVE SUCCESS: navigate [WP45]
[INFO] [1788010060.841261242] [htn_executor]: HTN PRIMITIVE RUNNING: navigate [WP46]
[INFO] [1788010061.041908780] [htn_executor]: HTN PRIMITIVE SUCCESS: navigate [WP46]
[INFO] [1788010061.059688679] [htn_executor]: HTN PRIMITIVE RUNNING: navigate [WP47]
[INFO] [1788010061.260590356] [htn_executor]: HTN PRIMITIVE SUCCESS: navigate [WP47]
[INFO] [1788010061.279783843] [htn_executor]: HTN PRIMITIVE RUNNING: navigate [WP48]
[INFO] [1788010061.480329792] [htn_executor]: HTN PRIMITIVE SUCCESS: navigate [WP48]
[INFO] [1788010061.500279548] [htn_executor]: HTN PRIMITIVE RUNNING: navigate [WP49]
[INFO] [1788010061.701283045] [htn_executor]: HTN PRIMITIVE SUCCESS: navigate [WP49]
[INFO] [1788010061.720136399] [htn_executor]: HTN PRIMITIVE RUNNING: navigate [WP50]
[INFO] [1788010061.919134008] [htn_executor]: HTN PRIMITIVE SUCCESS: navigate [WP50]
[INFO] [1788010061.938106786] [htn_executor]: HTN PRIMITIVE RUNNING: navigate [WP51]
[INFO] [1788010062.140511973] [htn_executor]: HTN PRIMITIVE SUCCESS: navigate [WP51]
[INFO] [1788010062.159640026] [htn_executor]: HTN PRIMITIVE RUNNING: navigate [WP52]
[INFO] [1788010062.361979371] [htn_executor]: HTN PRIMITIVE SUCCESS: navigate [WP52]
[INFO] [1788010062.378517557] [htn_executor]: HTN PRIMITIVE RUNNING: navigate [WP53]
[INFO] [1788010062.579505237] [htn_executor]: HTN PRIMITIVE SUCCESS: navigate [WP53]
[INFO] [1788010062.599706795] [htn_executor]: HTN PRIMITIVE RUNNING: navigate [WP54]
[INFO] [1788010062.800853526] [htn_executor]: HTN PRIMITIVE SUCCESS: navigate [WP54]
[INFO] [1788010062.819356404] [htn_executor]: HTN PRIMITIVE RUNNING: navigate [WP55]
[INFO] [1788010063.021584953] [htn_executor]: HTN PRIMITIVE SUCCESS: navigate [WP55]
[INFO] [1788010063.039228744] [htn_executor]: HTN PRIMITIVE RUNNING: navigate [WP56]
[INFO] [1788010063.241788485] [htn_executor]: HTN PRIMITIVE SUCCESS: navigate [WP56]
[INFO] [1788010063.261280835] [htn_executor]: HTN PRIMITIVE RUNNING: navigate [WP57]
[INFO] [1788010063.464424364] [htn_executor]: HTN PRIMITIVE SUCCESS: navigate [WP57]
[INFO] [1788010063.480427539] [htn_executor]: HTN PRIMITIVE RUNNING: navigate [WP58]
[INFO] [1788010063.679001027] [htn_executor]: HTN PRIMITIVE SUCCESS: navigate [WP58]
[INFO] [1788010063.698115178] [htn_executor]: HTN PRIMITIVE RUNNING: navigate [WP59]
[INFO] [1788010063.898649773] [htn_executor]: HTN PRIMITIVE SUCCESS: navigate [WP59]
[INFO] [1788010063.918655818] [htn_executor]: HTN PRIMITIVE RUNNING: navigate [WP60]
[INFO] [1788010064.120006371] [htn_executor]: HTN PRIMITIVE SUCCESS: navigate [WP60]
[INFO] [1788010064.138466203] [htn_executor]: HTN PRIMITIVE RUNNING: navigate [WP61]
[INFO] [1788010064.342771875] [htn_executor]: HTN PRIMITIVE SUCCESS: navigate [WP61]
[INFO] [1788010064.360985321] [htn_executor]: HTN PRIMITIVE RUNNING: navigate [WP62]
[INFO] [1788010064.561881770] [htn_executor]: HTN PRIMITIVE SUCCESS: navigate [WP62]
[INFO] [1788010064.580335198] [htn_executor]: HTN PRIMITIVE RUNNING: navigate [WP63]
[INFO] [1788010064.781879370] [htn_executor]: HTN PRIMITIVE SUCCESS: navigate [WP63]
[INFO] [1788010064.801364418] [htn_executor]: HTN PRIMITIVE RUNNING: navigate [WP64]
[INFO] [1788010065.002406570] [htn_executor]: HTN PRIMITIVE SUCCESS: navigate [WP64]
[INFO] [1788010065.021152806] [htn_executor]: HTN PRIMITIVE RUNNING: navigate [WP65]
[INFO] [1788010065.220651963] [htn_executor]: HTN PRIMITIVE SUCCESS: navigate [WP65]
[INFO] [1788010065.239708768] [htn_executor]: HTN PRIMITIVE RUNNING: navigate [WP66]
[INFO] [1788010065.438823801] [htn_executor]: HTN PRIMITIVE SUCCESS: navigate [WP66]
[INFO] [1788010065.459151626] [htn_executor]: HTN PRIMITIVE RUNNING: navigate [WP67]
[INFO] [1788010065.659031600] [htn_executor]: HTN PRIMITIVE SUCCESS: navigate [WP67]
[INFO] [1788010065.678821880] [htn_executor]: HTN PRIMITIVE RUNNING: navigate [WP68]
[INFO] [1788010065.879938774] [htn_executor]: HTN PRIMITIVE SUCCESS: navigate [WP68]
[INFO] [1788010065.898996148] [htn_executor]: HTN PRIMITIVE RUNNING: navigate [WP69]
[INFO] [1788010066.099906181] [htn_executor]: HTN PRIMITIVE SUCCESS: navigate [WP69]
[INFO] [1788010066.119455785] [htn_executor]: HTN PRIMITIVE RUNNING: navigate [WP70]
[INFO] [1788010066.322967111] [htn_executor]: HTN PRIMITIVE SUCCESS: navigate [WP70]
[INFO] [1788010066.339264573] [htn_executor]: HTN PRIMITIVE RUNNING: navigate [WP71]
[INFO] [1788010066.542144039] [htn_executor]: HTN PRIMITIVE SUCCESS: navigate [WP71]
[INFO] [1788010066.561257606] [htn_executor]: HTN PRIMITIVE RUNNING: navigate [WP72]
[INFO] [1788010066.762068681] [htn_executor]: HTN PRIMITIVE SUCCESS: navigate [WP72]
[INFO] [1788010066.781719229] [htn_executor]: HTN PRIMITIVE RUNNING: navigate [WP73]
[INFO] [1788010066.980764316] [htn_executor]: HTN PRIMITIVE SUCCESS: navigate [WP73]
[INFO] [1788010067.000898929] [htn_executor]: HTN PRIMITIVE RUNNING: navigate [WP74]
[INFO] [1788010067.201922978] [htn_executor]: HTN PRIMITIVE SUCCESS: navigate [WP74]
[INFO] [1788010067.220091672] [htn_executor]: HTN PRIMITIVE RUNNING: navigate [WP75]
[INFO] [1788010067.421846649] [htn_executor]: HTN PRIMITIVE SUCCESS: navigate [WP75]
[INFO] [1788010067.441002215] [htn_executor]: HTN PRIMITIVE RUNNING: navigate [WP76]
[INFO] [1788010067.641868854] [htn_executor]: HTN PRIMITIVE SUCCESS: navigate [WP76]
[INFO] [1788010067.659728555] [htn_executor]: HTN PRIMITIVE RUNNING: navigate [WP77]
[INFO] [1788010067.860335021] [htn_executor]: HTN PRIMITIVE SUCCESS: navigate [WP77]
[INFO] [1788010067.879901065] [htn_executor]: HTN PRIMITIVE RUNNING: navigate [WP78]
[INFO] [1788010068.081843715] [htn_executor]: HTN PRIMITIVE SUCCESS: navigate [WP78]
[INFO] [1788010068.100331914] [htn_executor]: HTN PRIMITIVE RUNNING: navigate [WP79]
[INFO] [1788010068.301316071] [htn_executor]: HTN PRIMITIVE SUCCESS: navigate [WP79]
[INFO] [1788010068.319857233] [htn_executor]: HTN PRIMITIVE RUNNING: navigate [WP80]
[INFO] [1788010068.522224100] [htn_executor]: HTN PRIMITIVE SUCCESS: navigate [WP80]
[INFO] [1788010068.540192964] [htn_executor]: HTN PRIMITIVE RUNNING: navigate [WP81]
[INFO] [1788010068.740840151] [htn_executor]: HTN PRIMITIVE SUCCESS: navigate [WP81]
[INFO] [1788010068.761278321] [htn_executor]: HTN PRIMITIVE RUNNING: navigate [WP82]
[INFO] [1788010068.960437402] [htn_executor]: HTN PRIMITIVE SUCCESS: navigate [WP82]
[INFO] [1788010068.979702962] [htn_executor]: HTN PRIMITIVE RUNNING: navigate [WP83]
[INFO] [1788010069.181616863] [htn_executor]: HTN PRIMITIVE SUCCESS: navigate [WP83]
[INFO] [1788010069.201055886] [htn_executor]: HTN PRIMITIVE RUNNING: navigate [WP84]
[INFO] [1788010069.401903514] [htn_executor]: HTN PRIMITIVE SUCCESS: navigate [WP84]
[INFO] [1788010069.419669764] [htn_executor]: HTN PRIMITIVE RUNNING: navigate [WP85]
[INFO] [1788010069.621826844] [htn_executor]: HTN PRIMITIVE SUCCESS: navigate [WP85]
[INFO] [1788010069.639732706] [htn_executor]: HTN PRIMITIVE RUNNING: navigate [WP86]
[INFO] [1788010069.840421538] [htn_executor]: HTN PRIMITIVE SUCCESS: navigate [WP86]
[INFO] [1788010069.858902442] [htn_executor]: HTN PRIMITIVE RUNNING: navigate [WP87]
[INFO] [1788010070.060385934] [htn_executor]: HTN PRIMITIVE SUCCESS: navigate [WP87]
[INFO] [1788010070.079741162] [htn_executor]: HTN PRIMITIVE RUNNING: navigate [WP88]
[INFO] [1788010070.280533140] [htn_executor]: HTN PRIMITIVE SUCCESS: navigate [WP88]
[INFO] [1788010070.299804168] [htn_executor]: HTN PRIMITIVE RUNNING: navigate [WP89]
[INFO] [1788010070.500508890] [htn_executor]: HTN PRIMITIVE SUCCESS: navigate [WP89]
[INFO] [1788010070.520056951] [htn_executor]: HTN PRIMITIVE RUNNING: navigate [WP90]
[INFO] [1788010070.722119699] [htn_executor]: HTN PRIMITIVE SUCCESS: navigate [WP90]
[INFO] [1788010070.739928734] [htn_executor]: HTN PRIMITIVE RUNNING: navigate [WP91]
[INFO] [1788010070.940473544] [htn_executor]: HTN PRIMITIVE SUCCESS: navigate [WP91]
[INFO] [1788010070.959727320] [htn_executor]: HTN PRIMITIVE RUNNING: navigate [WP92]
[INFO] [1788010071.160603046] [htn_executor]: HTN PRIMITIVE SUCCESS: navigate [WP92]
[INFO] [1788010071.179800666] [htn_executor]: HTN PRIMITIVE RUNNING: navigate [WP93]
[INFO] [1788010071.381858004] [htn_executor]: HTN PRIMITIVE SUCCESS: navigate [WP93]
[INFO] [1788010071.399846627] [htn_executor]: HTN PRIMITIVE RUNNING: navigate [WP94]
[INFO] [1788010071.601277571] [htn_executor]: HTN PRIMITIVE SUCCESS: navigate [WP94]
[INFO] [1788010071.621433053] [htn_executor]: HTN PRIMITIVE RUNNING: navigate [WP95]
[INFO] [1788010071.822174835] [htn_executor]: HTN PRIMITIVE SUCCESS: navigate [WP95]
[INFO] [1788010071.840439078] [htn_executor]: HTN PRIMITIVE RUNNING: navigate [WP96]
[INFO] [1788010072.042222078] [htn_executor]: HTN PRIMITIVE SUCCESS: navigate [WP96]
[INFO] [1788010072.059824545] [htn_executor]: HTN PRIMITIVE RUNNING: navigate [WP97]
[INFO] [1788010072.260440591] [htn_executor]: HTN PRIMITIVE SUCCESS: navigate [WP97]
[INFO] [1788010072.280004889] [htn_executor]: HTN PRIMITIVE RUNNING: navigate [WP98]
[INFO] [1788010072.481809225] [htn_executor]: HTN PRIMITIVE SUCCESS: navigate [WP98]
[INFO] [1788010072.500086938] [htn_executor]: HTN PRIMITIVE RUNNING: navigate [WP99]
[INFO] [1788010072.701387423] [htn_executor]: HTN PRIMITIVE SUCCESS: navigate [WP99]
[INFO] [1788010072.719944347] [htn_executor]: HTN PRIMITIVE RUNNING: navigate [WP100]
[INFO] [1788010072.921169672] [htn_executor]: HTN PRIMITIVE SUCCESS: navigate [WP100]
[INFO] [1788010072.939863564] [htn_executor]: HTN PRIMITIVE RUNNING: navigate [WP99]
[INFO] [1788010073.140290557] [htn_executor]: HTN PRIMITIVE SUCCESS: navigate [WP99]
[INFO] [1788010073.159633058] [htn_executor]: HTN PRIMITIVE RUNNING: navigate [WP98]
[INFO] [1788010073.361820080] [htn_executor]: HTN PRIMITIVE SUCCESS: navigate [WP98]
[INFO] [1788010073.379685352] [htn_executor]: HTN PRIMITIVE RUNNING: navigate [WP97]
[INFO] [1788010073.580486461] [htn_executor]: HTN PRIMITIVE SUCCESS: navigate [WP97]
[INFO] [1788010073.599764421] [htn_executor]: HTN PRIMITIVE RUNNING: navigate [WP96]
[INFO] [1788010073.801282462] [htn_executor]: HTN PRIMITIVE SUCCESS: navigate [WP96]
[INFO] [1788010073.820681283] [htn_executor]: HTN PRIMITIVE RUNNING: navigate [WP95]
[INFO] [1788010074.021234865] [htn_executor]: HTN PRIMITIVE SUCCESS: navigate [WP95]
[INFO] [1788010074.039734893] [htn_executor]: HTN PRIMITIVE RUNNING: navigate [WP94]
[INFO] [1788010074.240448345] [htn_executor]: HTN PRIMITIVE SUCCESS: navigate [WP94]
[INFO] [1788010074.261311898] [htn_executor]: HTN PRIMITIVE RUNNING: navigate [WP93]
[INFO] [1788010074.462085504] [htn_executor]: HTN PRIMITIVE SUCCESS: navigate [WP93]
[INFO] [1788010074.481973095] [htn_executor]: HTN PRIMITIVE RUNNING: navigate [WP92]
[INFO] [1788010074.680240346] [htn_executor]: HTN PRIMITIVE SUCCESS: navigate [WP92]
[INFO] [1788010074.698399741] [htn_executor]: HTN PRIMITIVE RUNNING: navigate [WP91]
[INFO] [1788010074.900395873] [htn_executor]: HTN PRIMITIVE SUCCESS: navigate [WP91]
[INFO] [1788010074.920768555] [htn_executor]: HTN PRIMITIVE RUNNING: navigate [WP90]
[INFO] [1788010075.121996589] [htn_executor]: HTN PRIMITIVE SUCCESS: navigate [WP90]
[INFO] [1788010075.139711804] [htn_executor]: HTN PRIMITIVE RUNNING: navigate [WP89]
[INFO] [1788010075.342204895] [htn_executor]: HTN PRIMITIVE SUCCESS: navigate [WP89]
[INFO] [1788010075.359706517] [htn_executor]: HTN PRIMITIVE RUNNING: navigate [WP88]
[INFO] [1788010075.560448054] [htn_executor]: HTN PRIMITIVE SUCCESS: navigate [WP88]
[INFO] [1788010075.579674681] [htn_executor]: HTN PRIMITIVE RUNNING: navigate [WP87]
[INFO] [1788010075.780505118] [htn_executor]: HTN PRIMITIVE SUCCESS: navigate [WP87]
[INFO] [1788010075.800159243] [htn_executor]: HTN PRIMITIVE RUNNING: navigate [WP86]
[INFO] [1788010076.000530175] [htn_executor]: HTN PRIMITIVE SUCCESS: navigate [WP86]
[INFO] [1788010076.020580755] [htn_executor]: HTN PRIMITIVE RUNNING: navigate [WP85]
[INFO] [1788010076.220742530] [htn_executor]: HTN PRIMITIVE SUCCESS: navigate [WP85]
[INFO] [1788010076.239717052] [htn_executor]: HTN PRIMITIVE RUNNING: navigate [WP84]
[INFO] [1788010076.441664025] [htn_executor]: HTN PRIMITIVE SUCCESS: navigate [WP84]
[INFO] [1788010076.461328470] [htn_executor]: HTN PRIMITIVE RUNNING: navigate [WP83]
[INFO] [1788010076.660535344] [htn_executor]: HTN PRIMITIVE SUCCESS: navigate [WP83]
[INFO] [1788010076.679762025] [htn_executor]: HTN PRIMITIVE RUNNING: navigate [WP82]
[INFO] [1788010076.882464630] [htn_executor]: HTN PRIMITIVE SUCCESS: navigate [WP82]
[INFO] [1788010076.901717014] [htn_executor]: HTN PRIMITIVE RUNNING: navigate [WP81]
[INFO] [1788010077.099741528] [htn_executor]: HTN PRIMITIVE SUCCESS: navigate [WP81]
[INFO] [1788010077.118725586] [htn_executor]: HTN PRIMITIVE RUNNING: navigate [WP80]
[INFO] [1788010077.319848441] [htn_executor]: HTN PRIMITIVE SUCCESS: navigate [WP80]
[INFO] [1788010077.338976796] [htn_executor]: HTN PRIMITIVE RUNNING: navigate [WP79]
[INFO] [1788010077.539177114] [htn_executor]: HTN PRIMITIVE SUCCESS: navigate [WP79]
[INFO] [1788010077.558649924] [htn_executor]: HTN PRIMITIVE RUNNING: navigate [WP78]
[INFO] [1788010077.761796190] [htn_executor]: HTN PRIMITIVE SUCCESS: navigate [WP78]
[INFO] [1788010077.779710401] [htn_executor]: HTN PRIMITIVE RUNNING: navigate [WP77]
[INFO] [1788010077.981925453] [htn_executor]: HTN PRIMITIVE SUCCESS: navigate [WP77]
[INFO] [1788010078.000127717] [htn_executor]: HTN PRIMITIVE RUNNING: navigate [WP76]
[INFO] [1788010078.201505945] [htn_executor]: HTN PRIMITIVE SUCCESS: navigate [WP76]
[INFO] [1788010078.220556896] [htn_executor]: HTN PRIMITIVE RUNNING: navigate [WP75]
[INFO] [1788010078.421853739] [htn_executor]: HTN PRIMITIVE SUCCESS: navigate [WP75]
[INFO] [1788010078.439991395] [htn_executor]: HTN PRIMITIVE RUNNING: navigate [WP74]
[INFO] [1788010078.640436914] [htn_executor]: HTN PRIMITIVE SUCCESS: navigate [WP74]
[INFO] [1788010078.659746138] [htn_executor]: HTN PRIMITIVE RUNNING: navigate [WP73]
[INFO] [1788010078.860326842] [htn_executor]: HTN PRIMITIVE SUCCESS: navigate [WP73]
[INFO] [1788010078.879706650] [htn_executor]: HTN PRIMITIVE RUNNING: navigate [WP72]
[INFO] [1788010079.080520884] [htn_executor]: HTN PRIMITIVE SUCCESS: navigate [WP72]
[INFO] [1788010079.100433334] [htn_executor]: HTN PRIMITIVE RUNNING: navigate [WP71]
[INFO] [1788010079.302075820] [htn_executor]: HTN PRIMITIVE SUCCESS: navigate [WP71]
[INFO] [1788010079.320108022] [htn_executor]: HTN PRIMITIVE RUNNING: navigate [WP70]
[INFO] [1788010079.519512158] [htn_executor]: HTN PRIMITIVE SUCCESS: navigate [WP70]
[INFO] [1788010079.539072483] [htn_executor]: HTN PRIMITIVE RUNNING: navigate [WP69]
[INFO] [1788010079.739597375] [htn_executor]: HTN PRIMITIVE SUCCESS: navigate [WP69]
[INFO] [1788010079.759042398] [htn_executor]: HTN PRIMITIVE RUNNING: navigate [WP68]
[INFO] [1788010079.960463979] [htn_executor]: HTN PRIMITIVE SUCCESS: navigate [WP68]
[INFO] [1788010079.979822876] [htn_executor]: HTN PRIMITIVE RUNNING: navigate [WP67]
[INFO] [1788010080.180483858] [htn_executor]: HTN PRIMITIVE SUCCESS: navigate [WP67]
[INFO] [1788010080.199994204] [htn_executor]: HTN PRIMITIVE RUNNING: navigate [WP66]
[INFO] [1788010080.398680114] [htn_executor]: HTN PRIMITIVE SUCCESS: navigate [WP66]
[INFO] [1788010080.418060825] [htn_executor]: HTN PRIMITIVE RUNNING: navigate [WP65]
[INFO] [1788010080.621588436] [htn_executor]: HTN PRIMITIVE SUCCESS: navigate [WP65]
[INFO] [1788010080.639696245] [htn_executor]: HTN PRIMITIVE RUNNING: navigate [WP64]
[INFO] [1788010080.841839960] [htn_executor]: HTN PRIMITIVE SUCCESS: navigate [WP64]
[INFO] [1788010080.859745327] [htn_executor]: HTN PRIMITIVE RUNNING: navigate [WP63]
[INFO] [1788010081.060555428] [htn_executor]: HTN PRIMITIVE SUCCESS: navigate [WP63]
[INFO] [1788010081.079729307] [htn_executor]: HTN PRIMITIVE RUNNING: navigate [WP62]
[INFO] [1788010081.280570280] [htn_executor]: HTN PRIMITIVE SUCCESS: navigate [WP62]
[INFO] [1788010081.299973343] [htn_executor]: HTN PRIMITIVE RUNNING: navigate [WP61]
[INFO] [1788010081.503102285] [htn_executor]: HTN PRIMITIVE SUCCESS: navigate [WP61]
[INFO] [1788010081.519655237] [htn_executor]: HTN PRIMITIVE RUNNING: navigate [WP60]
[INFO] [1788010081.721844198] [htn_executor]: HTN PRIMITIVE SUCCESS: navigate [WP60]
[INFO] [1788010081.739690350] [htn_executor]: HTN PRIMITIVE RUNNING: navigate [WP59]
[INFO] [1788010081.940382111] [htn_executor]: HTN PRIMITIVE SUCCESS: navigate [WP59]
[INFO] [1788010081.959767160] [htn_executor]: HTN PRIMITIVE RUNNING: navigate [WP58]
[INFO] [1788010082.160488961] [htn_executor]: HTN PRIMITIVE SUCCESS: navigate [WP58]
[INFO] [1788010082.179722613] [htn_executor]: HTN PRIMITIVE RUNNING: navigate [WP57]
[INFO] [1788010082.380598234] [htn_executor]: HTN PRIMITIVE SUCCESS: navigate [WP57]
[INFO] [1788010082.400431408] [htn_executor]: HTN PRIMITIVE RUNNING: navigate [WP56]
[INFO] [1788010082.601347740] [htn_executor]: HTN PRIMITIVE SUCCESS: navigate [WP56]
[INFO] [1788010082.619741273] [htn_executor]: HTN PRIMITIVE RUNNING: navigate [WP55]
[INFO] [1788010082.820595143] [htn_executor]: HTN PRIMITIVE SUCCESS: navigate [WP55]
[INFO] [1788010082.839745248] [htn_executor]: HTN PRIMITIVE RUNNING: navigate [WP54]
[INFO] [1788010083.040613078] [htn_executor]: HTN PRIMITIVE SUCCESS: navigate [WP54]
[INFO] [1788010083.060678115] [htn_executor]: HTN PRIMITIVE RUNNING: navigate [WP53]
[INFO] [1788010083.260607835] [htn_executor]: HTN PRIMITIVE SUCCESS: navigate [WP53]
[INFO] [1788010083.279669962] [htn_executor]: HTN PRIMITIVE RUNNING: navigate [WP52]
[INFO] [1788010083.480573213] [htn_executor]: HTN PRIMITIVE SUCCESS: navigate [WP52]
[INFO] [1788010083.503622502] [htn_executor]: HTN PRIMITIVE RUNNING: navigate [WP51]
[INFO] [1788010083.703631495] [htn_executor]: HTN PRIMITIVE SUCCESS: navigate [WP51]
[INFO] [1788010083.720854204] [htn_executor]: HTN PRIMITIVE RUNNING: navigate [WP50]
[WARN] [1788010083.725135936] [htn_executor]: RUNTIME EVENT RECEIVED: GPS_LOST
[WARN] [1788010083.726974113] [htn_executor]: HTN PAUSED: navigate [WP50]
[WARN] [1788010083.728778052] [htn_executor]: HTN REPLANNING
[WARN] [1788010083.729983793] [htn_executor]: Selected method: m_gps_lost
[WARN] [1788010083.731565002] [htn_executor]: Recovery plan: wait_for_gps
[INFO] [1788010083.738896306] [htn_executor]: HTN RECOVERY RUNNING: wait_for_gps
[WARN] [1788010089.650743540] [htn_executor]: RUNTIME EVENT RECEIVED: GPS_RECOVERY_FAILED
[WARN] [1788010089.654181357] [htn_executor]: HTN REPLANNING
[WARN] [1788010089.656603593] [htn_executor]: Selected method: m_gps_recovery_failed
[WARN] [1788010089.659085545] [htn_executor]: Recovery plan: emergency_land -> safe_terminate
[INFO] [1788010089.663345352] [htn_executor]: HTN RECOVERY RUNNING: emergency_land
[INFO] [1788010089.858398345] [htn_executor]: HTN PRIMITIVE SUCCESS: emergency_land
[INFO] [1788010089.880184372] [htn_executor]: HTN RECOVERY RUNNING: safe_terminate
[INFO] [1788010090.081922023] [htn_executor]: HTN PRIMITIVE SUCCESS: safe_terminate
[WARN] [1788010090.085140107] [htn_executor]: ================================
[WARN] [1788010090.087818756] [htn_executor]: MISSION SAFE TERMINATED
[WARN] [1788010090.091144648] [htn_executor]: Reason: GPS_RECOVERY_FAILED
[WARN] [1788010090.093959972] [htn_executor]: ================================
