[INFO] [1788009926.393973546] [htn_executor]: Loading mission: /home/bishal/ros2_ws/install/mission_formalism_evaluation/share/mission_formalism_evaluation/missions/mission_4.yaml
[INFO] [1788009926.958435795] [htn_executor]: ================================
[INFO] [1788009926.959002570] [htn_executor]: HTN Mission Executor
[INFO] [1788009926.959595870] [htn_executor]: Mode: FINAL_SCENARIO_CAPABLE
[INFO] [1788009926.960453580] [htn_executor]: Model: Totally Ordered State-Based HTN
[INFO] [1788009926.961405378] [htn_executor]: Mission ID: M4
[INFO] [1788009926.962648193] [htn_executor]: Mission Name: Zigzag and Return
[INFO] [1788009926.963464530] [htn_executor]: Mission Items: 201
[INFO] [1788009926.964338754] [htn_executor]: HTN Primitive Operators: 12
[INFO] [1788009926.965332194] [htn_executor]: HTN Compound Tasks: 4
[INFO] [1788009926.965992260] [htn_executor]: HTN Methods: 16
[INFO] [1788009926.966654513] [htn_executor]: Mission Method Applications: 203
[INFO] [1788009926.967325289] [htn_executor]: Generated Primitive Plan: 201
[INFO] [1788009926.967987839] [htn_executor]: ================================
[INFO] [1788009926.989253672] [htn_executor]: HTN PRIMITIVE RUNNING: takeoff
[INFO] [1788009927.191386131] [htn_executor]: HTN PRIMITIVE SUCCESS: takeoff
[INFO] [1788009927.210420638] [htn_executor]: HTN PRIMITIVE RUNNING: navigate [WP1]
[INFO] [1788009927.410755195] [htn_executor]: HTN PRIMITIVE SUCCESS: navigate [WP1]
[INFO] [1788009927.430470036] [htn_executor]: HTN PRIMITIVE RUNNING: navigate [WP2]
[INFO] [1788009927.630781290] [htn_executor]: HTN PRIMITIVE SUCCESS: navigate [WP2]
[INFO] [1788009927.651887235] [htn_executor]: HTN PRIMITIVE RUNNING: navigate [WP3]
[INFO] [1788009927.852669435] [htn_executor]: HTN PRIMITIVE SUCCESS: navigate [WP3]
[INFO] [1788009927.869423037] [htn_executor]: HTN PRIMITIVE RUNNING: navigate [WP4]
[INFO] [1788009928.072387053] [htn_executor]: HTN PRIMITIVE SUCCESS: navigate [WP4]
[INFO] [1788009928.090073942] [htn_executor]: HTN PRIMITIVE RUNNING: navigate [WP5]
[INFO] [1788009928.291113722] [htn_executor]: HTN PRIMITIVE SUCCESS: navigate [WP5]
[INFO] [1788009928.310435527] [htn_executor]: HTN PRIMITIVE RUNNING: navigate [WP6]
[INFO] [1788009928.509961659] [htn_executor]: HTN PRIMITIVE SUCCESS: navigate [WP6]
[INFO] [1788009928.529657331] [htn_executor]: HTN PRIMITIVE RUNNING: navigate [WP7]
[INFO] [1788009928.731044608] [htn_executor]: HTN PRIMITIVE SUCCESS: navigate [WP7]
[INFO] [1788009928.750419203] [htn_executor]: HTN PRIMITIVE RUNNING: navigate [WP8]
[INFO] [1788009928.952115792] [htn_executor]: HTN PRIMITIVE SUCCESS: navigate [WP8]
[INFO] [1788009928.970734901] [htn_executor]: HTN PRIMITIVE RUNNING: navigate [WP9]
[INFO] [1788009929.171117962] [htn_executor]: HTN PRIMITIVE SUCCESS: navigate [WP9]
[INFO] [1788009929.190965081] [htn_executor]: HTN PRIMITIVE RUNNING: navigate [WP10]
[INFO] [1788009929.391626138] [htn_executor]: HTN PRIMITIVE SUCCESS: navigate [WP10]
[INFO] [1788009929.410400155] [htn_executor]: HTN PRIMITIVE RUNNING: navigate [WP11]
[INFO] [1788009929.612306063] [htn_executor]: HTN PRIMITIVE SUCCESS: navigate [WP11]
[INFO] [1788009929.630588602] [htn_executor]: HTN PRIMITIVE RUNNING: navigate [WP12]
[INFO] [1788009929.832352114] [htn_executor]: HTN PRIMITIVE SUCCESS: navigate [WP12]
[INFO] [1788009929.849777991] [htn_executor]: HTN PRIMITIVE RUNNING: navigate [WP13]
[INFO] [1788009930.051208624] [htn_executor]: HTN PRIMITIVE SUCCESS: navigate [WP13]
[INFO] [1788009930.070604908] [htn_executor]: HTN PRIMITIVE RUNNING: navigate [WP14]
[INFO] [1788009930.271327362] [htn_executor]: HTN PRIMITIVE SUCCESS: navigate [WP14]
[INFO] [1788009930.292280699] [htn_executor]: HTN PRIMITIVE RUNNING: navigate [WP15]
[INFO] [1788009930.492899313] [htn_executor]: HTN PRIMITIVE SUCCESS: navigate [WP15]
[INFO] [1788009930.510920808] [htn_executor]: HTN PRIMITIVE RUNNING: navigate [WP16]
[INFO] [1788009930.712378094] [htn_executor]: HTN PRIMITIVE SUCCESS: navigate [WP16]
[INFO] [1788009930.730342211] [htn_executor]: HTN PRIMITIVE RUNNING: navigate [WP17]
[INFO] [1788009930.931175590] [htn_executor]: HTN PRIMITIVE SUCCESS: navigate [WP17]
[INFO] [1788009930.950001468] [htn_executor]: HTN PRIMITIVE RUNNING: navigate [WP18]
[INFO] [1788009931.150871577] [htn_executor]: HTN PRIMITIVE SUCCESS: navigate [WP18]
[INFO] [1788009931.170394255] [htn_executor]: HTN PRIMITIVE RUNNING: navigate [WP19]
[INFO] [1788009931.370823047] [htn_executor]: HTN PRIMITIVE SUCCESS: navigate [WP19]
[INFO] [1788009931.389498007] [htn_executor]: HTN PRIMITIVE RUNNING: navigate [WP20]
[INFO] [1788009931.591873191] [htn_executor]: HTN PRIMITIVE SUCCESS: navigate [WP20]
[INFO] [1788009931.610413417] [htn_executor]: HTN PRIMITIVE RUNNING: navigate [WP21]
[INFO] [1788009931.811097601] [htn_executor]: HTN PRIMITIVE SUCCESS: navigate [WP21]
[INFO] [1788009931.830498903] [htn_executor]: HTN PRIMITIVE RUNNING: navigate [WP22]
[INFO] [1788009932.031207389] [htn_executor]: HTN PRIMITIVE SUCCESS: navigate [WP22]
[INFO] [1788009932.050578528] [htn_executor]: HTN PRIMITIVE RUNNING: navigate [WP23]
[INFO] [1788009932.252496697] [htn_executor]: HTN PRIMITIVE SUCCESS: navigate [WP23]
[INFO] [1788009932.270343892] [htn_executor]: HTN PRIMITIVE RUNNING: navigate [WP24]
[INFO] [1788009932.471179200] [htn_executor]: HTN PRIMITIVE SUCCESS: navigate [WP24]
[INFO] [1788009932.490810661] [htn_executor]: HTN PRIMITIVE RUNNING: navigate [WP25]
[INFO] [1788009932.692849881] [htn_executor]: HTN PRIMITIVE SUCCESS: navigate [WP25]
[INFO] [1788009932.710521496] [htn_executor]: HTN PRIMITIVE RUNNING: navigate [WP26]
[INFO] [1788009932.912472579] [htn_executor]: HTN PRIMITIVE SUCCESS: navigate [WP26]
[INFO] [1788009932.930534203] [htn_executor]: HTN PRIMITIVE RUNNING: navigate [WP27]
[INFO] [1788009933.133986008] [htn_executor]: HTN PRIMITIVE SUCCESS: navigate [WP27]
[INFO] [1788009933.149673278] [htn_executor]: HTN PRIMITIVE RUNNING: navigate [WP28]
[INFO] [1788009933.351147589] [htn_executor]: HTN PRIMITIVE SUCCESS: navigate [WP28]
[INFO] [1788009933.370720648] [htn_executor]: HTN PRIMITIVE RUNNING: navigate [WP29]
[INFO] [1788009933.572589625] [htn_executor]: HTN PRIMITIVE SUCCESS: navigate [WP29]
[INFO] [1788009933.590703287] [htn_executor]: HTN PRIMITIVE RUNNING: navigate [WP30]
[INFO] [1788009933.791319334] [htn_executor]: HTN PRIMITIVE SUCCESS: navigate [WP30]
[INFO] [1788009933.809398236] [htn_executor]: HTN PRIMITIVE RUNNING: navigate [WP31]
[INFO] [1788009934.012375023] [htn_executor]: HTN PRIMITIVE SUCCESS: navigate [WP31]
[INFO] [1788009934.030416947] [htn_executor]: HTN PRIMITIVE RUNNING: navigate [WP32]
[INFO] [1788009934.231219902] [htn_executor]: HTN PRIMITIVE SUCCESS: navigate [WP32]
[INFO] [1788009934.250025540] [htn_executor]: HTN PRIMITIVE RUNNING: navigate [WP33]
[INFO] [1788009934.451797397] [htn_executor]: HTN PRIMITIVE SUCCESS: navigate [WP33]
[INFO] [1788009934.471552696] [htn_executor]: HTN PRIMITIVE RUNNING: navigate [WP34]
[INFO] [1788009934.670952190] [htn_executor]: HTN PRIMITIVE SUCCESS: navigate [WP34]
[INFO] [1788009934.692441423] [htn_executor]: HTN PRIMITIVE RUNNING: navigate [WP35]
[INFO] [1788009934.892761001] [htn_executor]: HTN PRIMITIVE SUCCESS: navigate [WP35]
[INFO] [1788009934.911483922] [htn_executor]: HTN PRIMITIVE RUNNING: navigate [WP36]
[INFO] [1788009935.111526435] [htn_executor]: HTN PRIMITIVE SUCCESS: navigate [WP36]
[INFO] [1788009935.130425745] [htn_executor]: HTN PRIMITIVE RUNNING: navigate [WP37]
[INFO] [1788009935.333653871] [htn_executor]: HTN PRIMITIVE SUCCESS: navigate [WP37]
[INFO] [1788009935.351132490] [htn_executor]: HTN PRIMITIVE RUNNING: navigate [WP38]
[INFO] [1788009935.551102538] [htn_executor]: HTN PRIMITIVE SUCCESS: navigate [WP38]
[INFO] [1788009935.568854093] [htn_executor]: HTN PRIMITIVE RUNNING: navigate [WP39]
[INFO] [1788009935.772935426] [htn_executor]: HTN PRIMITIVE SUCCESS: navigate [WP39]
[INFO] [1788009935.791722825] [htn_executor]: HTN PRIMITIVE RUNNING: navigate [WP40]
[INFO] [1788009935.989262163] [htn_executor]: HTN PRIMITIVE SUCCESS: navigate [WP40]
[INFO] [1788009936.009366954] [htn_executor]: HTN PRIMITIVE RUNNING: navigate [WP41]
[INFO] [1788009936.211184671] [htn_executor]: HTN PRIMITIVE SUCCESS: navigate [WP41]
[INFO] [1788009936.230760943] [htn_executor]: HTN PRIMITIVE RUNNING: navigate [WP42]
[INFO] [1788009936.432448535] [htn_executor]: HTN PRIMITIVE SUCCESS: navigate [WP42]
[INFO] [1788009936.450410610] [htn_executor]: HTN PRIMITIVE RUNNING: navigate [WP43]
[INFO] [1788009936.652899182] [htn_executor]: HTN PRIMITIVE SUCCESS: navigate [WP43]
[INFO] [1788009936.670379027] [htn_executor]: HTN PRIMITIVE RUNNING: navigate [WP44]
[INFO] [1788009936.870968448] [htn_executor]: HTN PRIMITIVE SUCCESS: navigate [WP44]
[INFO] [1788009936.891168772] [htn_executor]: HTN PRIMITIVE RUNNING: navigate [WP45]
[INFO] [1788009937.091449143] [htn_executor]: HTN PRIMITIVE SUCCESS: navigate [WP45]
[INFO] [1788009937.110303915] [htn_executor]: HTN PRIMITIVE RUNNING: navigate [WP46]
[INFO] [1788009937.312226447] [htn_executor]: HTN PRIMITIVE SUCCESS: navigate [WP46]
[INFO] [1788009937.330350591] [htn_executor]: HTN PRIMITIVE RUNNING: navigate [WP47]
[INFO] [1788009937.529180326] [htn_executor]: HTN PRIMITIVE SUCCESS: navigate [WP47]
[INFO] [1788009937.549412724] [htn_executor]: HTN PRIMITIVE RUNNING: navigate [WP48]
[INFO] [1788009937.752162972] [htn_executor]: HTN PRIMITIVE SUCCESS: navigate [WP48]
[INFO] [1788009937.771520272] [htn_executor]: HTN PRIMITIVE RUNNING: navigate [WP49]
[INFO] [1788009937.972463898] [htn_executor]: HTN PRIMITIVE SUCCESS: navigate [WP49]
[INFO] [1788009937.989609478] [htn_executor]: HTN PRIMITIVE RUNNING: navigate [WP50]
[INFO] [1788009938.190940312] [htn_executor]: HTN PRIMITIVE SUCCESS: navigate [WP50]
[INFO] [1788009938.209318100] [htn_executor]: HTN PRIMITIVE RUNNING: navigate [WP51]
[INFO] [1788009938.410898669] [htn_executor]: HTN PRIMITIVE SUCCESS: navigate [WP51]
[INFO] [1788009938.429804529] [htn_executor]: HTN PRIMITIVE RUNNING: navigate [WP52]
[INFO] [1788009938.632373986] [htn_executor]: HTN PRIMITIVE SUCCESS: navigate [WP52]
[INFO] [1788009938.650636304] [htn_executor]: HTN PRIMITIVE RUNNING: navigate [WP53]
[INFO] [1788009938.851260959] [htn_executor]: HTN PRIMITIVE SUCCESS: navigate [WP53]
[INFO] [1788009938.870424946] [htn_executor]: HTN PRIMITIVE RUNNING: navigate [WP54]
[INFO] [1788009939.071172654] [htn_executor]: HTN PRIMITIVE SUCCESS: navigate [WP54]
[INFO] [1788009939.090870506] [htn_executor]: HTN PRIMITIVE RUNNING: navigate [WP55]
[INFO] [1788009939.291798120] [htn_executor]: HTN PRIMITIVE SUCCESS: navigate [WP55]
[INFO] [1788009939.310438330] [htn_executor]: HTN PRIMITIVE RUNNING: navigate [WP56]
[INFO] [1788009939.509243212] [htn_executor]: HTN PRIMITIVE SUCCESS: navigate [WP56]
[INFO] [1788009939.528993210] [htn_executor]: HTN PRIMITIVE RUNNING: navigate [WP57]
[INFO] [1788009939.731208697] [htn_executor]: HTN PRIMITIVE SUCCESS: navigate [WP57]
[INFO] [1788009939.750529541] [htn_executor]: HTN PRIMITIVE RUNNING: navigate [WP58]
[INFO] [1788009939.952502792] [htn_executor]: HTN PRIMITIVE SUCCESS: navigate [WP58]
[INFO] [1788009939.969463646] [htn_executor]: HTN PRIMITIVE RUNNING: navigate [WP59]
[INFO] [1788009940.171432340] [htn_executor]: HTN PRIMITIVE SUCCESS: navigate [WP59]
[INFO] [1788009940.190471853] [htn_executor]: HTN PRIMITIVE RUNNING: navigate [WP60]
[INFO] [1788009940.392478810] [htn_executor]: HTN PRIMITIVE SUCCESS: navigate [WP60]
[INFO] [1788009940.409735097] [htn_executor]: HTN PRIMITIVE RUNNING: navigate [WP61]
[INFO] [1788009940.611144919] [htn_executor]: HTN PRIMITIVE SUCCESS: navigate [WP61]
[INFO] [1788009940.629819732] [htn_executor]: HTN PRIMITIVE RUNNING: navigate [WP62]
[INFO] [1788009940.831173316] [htn_executor]: HTN PRIMITIVE SUCCESS: navigate [WP62]
[INFO] [1788009940.850086924] [htn_executor]: HTN PRIMITIVE RUNNING: navigate [WP63]
[INFO] [1788009941.051935107] [htn_executor]: HTN PRIMITIVE SUCCESS: navigate [WP63]
[INFO] [1788009941.070272360] [htn_executor]: HTN PRIMITIVE RUNNING: navigate [WP64]
[INFO] [1788009941.272489314] [htn_executor]: HTN PRIMITIVE SUCCESS: navigate [WP64]
[INFO] [1788009941.290656036] [htn_executor]: HTN PRIMITIVE RUNNING: navigate [WP65]
[INFO] [1788009941.492731990] [htn_executor]: HTN PRIMITIVE SUCCESS: navigate [WP65]
[INFO] [1788009941.510463505] [htn_executor]: HTN PRIMITIVE RUNNING: navigate [WP66]
[INFO] [1788009941.709742623] [htn_executor]: HTN PRIMITIVE SUCCESS: navigate [WP66]
[INFO] [1788009941.730255030] [htn_executor]: HTN PRIMITIVE RUNNING: navigate [WP67]
[INFO] [1788009941.931148593] [htn_executor]: HTN PRIMITIVE SUCCESS: navigate [WP67]
[INFO] [1788009941.950355553] [htn_executor]: HTN PRIMITIVE RUNNING: navigate [WP68]
[INFO] [1788009942.150830881] [htn_executor]: HTN PRIMITIVE SUCCESS: navigate [WP68]
[INFO] [1788009942.169547716] [htn_executor]: HTN PRIMITIVE RUNNING: navigate [WP69]
[INFO] [1788009942.372400799] [htn_executor]: HTN PRIMITIVE SUCCESS: navigate [WP69]
[INFO] [1788009942.391510398] [htn_executor]: HTN PRIMITIVE RUNNING: navigate [WP70]
[INFO] [1788009942.593449145] [htn_executor]: HTN PRIMITIVE SUCCESS: navigate [WP70]
[INFO] [1788009942.609226771] [htn_executor]: HTN PRIMITIVE RUNNING: navigate [WP71]
[INFO] [1788009942.809332580] [htn_executor]: HTN PRIMITIVE SUCCESS: navigate [WP71]
[INFO] [1788009942.828975440] [htn_executor]: HTN PRIMITIVE RUNNING: navigate [WP72]
[INFO] [1788009943.029651114] [htn_executor]: HTN PRIMITIVE SUCCESS: navigate [WP72]
[INFO] [1788009943.048926958] [htn_executor]: HTN PRIMITIVE RUNNING: navigate [WP73]
[INFO] [1788009943.252661092] [htn_executor]: HTN PRIMITIVE SUCCESS: navigate [WP73]
[INFO] [1788009943.270352755] [htn_executor]: HTN PRIMITIVE RUNNING: navigate [WP74]
[INFO] [1788009943.472241768] [htn_executor]: HTN PRIMITIVE SUCCESS: navigate [WP74]
[INFO] [1788009943.489373727] [htn_executor]: HTN PRIMITIVE RUNNING: navigate [WP75]
[INFO] [1788009943.691441526] [htn_executor]: HTN PRIMITIVE SUCCESS: navigate [WP75]
[INFO] [1788009943.710408152] [htn_executor]: HTN PRIMITIVE RUNNING: navigate [WP76]
[INFO] [1788009943.911075172] [htn_executor]: HTN PRIMITIVE SUCCESS: navigate [WP76]
[INFO] [1788009943.930344910] [htn_executor]: HTN PRIMITIVE RUNNING: navigate [WP77]
[INFO] [1788009944.132391951] [htn_executor]: HTN PRIMITIVE SUCCESS: navigate [WP77]
[INFO] [1788009944.150373416] [htn_executor]: HTN PRIMITIVE RUNNING: navigate [WP78]
[INFO] [1788009944.351638808] [htn_executor]: HTN PRIMITIVE SUCCESS: navigate [WP78]
[INFO] [1788009944.370421300] [htn_executor]: HTN PRIMITIVE RUNNING: navigate [WP79]
[INFO] [1788009944.571444072] [htn_executor]: HTN PRIMITIVE SUCCESS: navigate [WP79]
[INFO] [1788009944.592536364] [htn_executor]: HTN PRIMITIVE RUNNING: navigate [WP80]
[INFO] [1788009944.792656114] [htn_executor]: HTN PRIMITIVE SUCCESS: navigate [WP80]
[INFO] [1788009944.811804231] [htn_executor]: HTN PRIMITIVE RUNNING: navigate [WP81]
[INFO] [1788009945.011639133] [htn_executor]: HTN PRIMITIVE SUCCESS: navigate [WP81]
[INFO] [1788009945.029517375] [htn_executor]: HTN PRIMITIVE RUNNING: navigate [WP82]
[INFO] [1788009945.233068799] [htn_executor]: HTN PRIMITIVE SUCCESS: navigate [WP82]
[INFO] [1788009945.251947522] [htn_executor]: HTN PRIMITIVE RUNNING: navigate [WP83]
[INFO] [1788009945.452884563] [htn_executor]: HTN PRIMITIVE SUCCESS: navigate [WP83]
[INFO] [1788009945.470532477] [htn_executor]: HTN PRIMITIVE RUNNING: navigate [WP84]
[INFO] [1788009945.672865717] [htn_executor]: HTN PRIMITIVE SUCCESS: navigate [WP84]
[INFO] [1788009945.693854559] [htn_executor]: HTN PRIMITIVE RUNNING: navigate [WP85]
[INFO] [1788009945.891465073] [htn_executor]: HTN PRIMITIVE SUCCESS: navigate [WP85]
[INFO] [1788009945.910557678] [htn_executor]: HTN PRIMITIVE RUNNING: navigate [WP86]
[INFO] [1788009946.111070744] [htn_executor]: HTN PRIMITIVE SUCCESS: navigate [WP86]
[INFO] [1788009946.131658382] [htn_executor]: HTN PRIMITIVE RUNNING: navigate [WP87]
[INFO] [1788009946.332449205] [htn_executor]: HTN PRIMITIVE SUCCESS: navigate [WP87]
[INFO] [1788009946.350789422] [htn_executor]: HTN PRIMITIVE RUNNING: navigate [WP88]
[INFO] [1788009946.552599159] [htn_executor]: HTN PRIMITIVE SUCCESS: navigate [WP88]
[INFO] [1788009946.571979086] [htn_executor]: HTN PRIMITIVE RUNNING: navigate [WP89]
[INFO] [1788009946.772747441] [htn_executor]: HTN PRIMITIVE SUCCESS: navigate [WP89]
[INFO] [1788009946.790601035] [htn_executor]: HTN PRIMITIVE RUNNING: navigate [WP90]
[INFO] [1788009946.993231055] [htn_executor]: HTN PRIMITIVE SUCCESS: navigate [WP90]
[INFO] [1788009947.011292148] [htn_executor]: HTN PRIMITIVE RUNNING: navigate [WP91]
[INFO] [1788009947.212448082] [htn_executor]: HTN PRIMITIVE SUCCESS: navigate [WP91]
[INFO] [1788009947.230978299] [htn_executor]: HTN PRIMITIVE RUNNING: navigate [WP92]
[INFO] [1788009947.430008545] [htn_executor]: HTN PRIMITIVE SUCCESS: navigate [WP92]
[INFO] [1788009947.449938263] [htn_executor]: HTN PRIMITIVE RUNNING: navigate [WP93]
[INFO] [1788009947.650659315] [htn_executor]: HTN PRIMITIVE SUCCESS: navigate [WP93]
[INFO] [1788009947.670558006] [htn_executor]: HTN PRIMITIVE RUNNING: navigate [WP94]
[INFO] [1788009947.871491507] [htn_executor]: HTN PRIMITIVE SUCCESS: navigate [WP94]
[INFO] [1788009947.890550869] [htn_executor]: HTN PRIMITIVE RUNNING: navigate [WP95]
[INFO] [1788009948.092373099] [htn_executor]: HTN PRIMITIVE SUCCESS: navigate [WP95]
[INFO] [1788009948.111067499] [htn_executor]: HTN PRIMITIVE RUNNING: navigate [WP96]
[INFO] [1788009948.312992683] [htn_executor]: HTN PRIMITIVE SUCCESS: navigate [WP96]
[INFO] [1788009948.330468003] [htn_executor]: HTN PRIMITIVE RUNNING: navigate [WP97]
[INFO] [1788009948.532706436] [htn_executor]: HTN PRIMITIVE SUCCESS: navigate [WP97]
[INFO] [1788009948.550423733] [htn_executor]: HTN PRIMITIVE RUNNING: navigate [WP98]
[INFO] [1788009948.752374098] [htn_executor]: HTN PRIMITIVE SUCCESS: navigate [WP98]
[INFO] [1788009948.771579406] [htn_executor]: HTN PRIMITIVE RUNNING: navigate [WP99]
[INFO] [1788009948.973997093] [htn_executor]: HTN PRIMITIVE SUCCESS: navigate [WP99]
[INFO] [1788009948.991008773] [htn_executor]: HTN PRIMITIVE RUNNING: navigate [WP100]
[INFO] [1788009949.192696826] [htn_executor]: HTN PRIMITIVE SUCCESS: navigate [WP100]
[INFO] [1788009949.211005126] [htn_executor]: HTN PRIMITIVE RUNNING: navigate [WP99]
[INFO] [1788009949.412243899] [htn_executor]: HTN PRIMITIVE SUCCESS: navigate [WP99]
[INFO] [1788009949.430405580] [htn_executor]: HTN PRIMITIVE RUNNING: navigate [WP98]
[INFO] [1788009949.632811289] [htn_executor]: HTN PRIMITIVE SUCCESS: navigate [WP98]
[INFO] [1788009949.651400660] [htn_executor]: HTN PRIMITIVE RUNNING: navigate [WP97]
[INFO] [1788009949.851391357] [htn_executor]: HTN PRIMITIVE SUCCESS: navigate [WP97]
[INFO] [1788009949.870360507] [htn_executor]: HTN PRIMITIVE RUNNING: navigate [WP96]
[INFO] [1788009950.071138532] [htn_executor]: HTN PRIMITIVE SUCCESS: navigate [WP96]
[INFO] [1788009950.090645028] [htn_executor]: HTN PRIMITIVE RUNNING: navigate [WP95]
[INFO] [1788009950.291657270] [htn_executor]: HTN PRIMITIVE SUCCESS: navigate [WP95]
[INFO] [1788009950.310441039] [htn_executor]: HTN PRIMITIVE RUNNING: navigate [WP94]
[INFO] [1788009950.512872799] [htn_executor]: HTN PRIMITIVE SUCCESS: navigate [WP94]
[INFO] [1788009950.531506756] [htn_executor]: HTN PRIMITIVE RUNNING: navigate [WP93]
[INFO] [1788009950.732291084] [htn_executor]: HTN PRIMITIVE SUCCESS: navigate [WP93]
[INFO] [1788009950.750432453] [htn_executor]: HTN PRIMITIVE RUNNING: navigate [WP92]
[INFO] [1788009950.952482469] [htn_executor]: HTN PRIMITIVE SUCCESS: navigate [WP92]
[INFO] [1788009950.970346615] [htn_executor]: HTN PRIMITIVE RUNNING: navigate [WP91]
[INFO] [1788009951.172535924] [htn_executor]: HTN PRIMITIVE SUCCESS: navigate [WP91]
[INFO] [1788009951.190578084] [htn_executor]: HTN PRIMITIVE RUNNING: navigate [WP90]
[INFO] [1788009951.392316567] [htn_executor]: HTN PRIMITIVE SUCCESS: navigate [WP90]
[INFO] [1788009951.411882328] [htn_executor]: HTN PRIMITIVE RUNNING: navigate [WP89]
[INFO] [1788009951.612754495] [htn_executor]: HTN PRIMITIVE SUCCESS: navigate [WP89]
[INFO] [1788009951.630453880] [htn_executor]: HTN PRIMITIVE RUNNING: navigate [WP88]
[INFO] [1788009951.831389866] [htn_executor]: HTN PRIMITIVE SUCCESS: navigate [WP88]
[INFO] [1788009951.850417328] [htn_executor]: HTN PRIMITIVE RUNNING: navigate [WP87]
[INFO] [1788009952.052077311] [htn_executor]: HTN PRIMITIVE SUCCESS: navigate [WP87]
[INFO] [1788009952.072225864] [htn_executor]: HTN PRIMITIVE RUNNING: navigate [WP86]
[INFO] [1788009952.272960647] [htn_executor]: HTN PRIMITIVE SUCCESS: navigate [WP86]
[INFO] [1788009952.290650987] [htn_executor]: HTN PRIMITIVE RUNNING: navigate [WP85]
[INFO] [1788009952.492235476] [htn_executor]: HTN PRIMITIVE SUCCESS: navigate [WP85]
[INFO] [1788009952.510363760] [htn_executor]: HTN PRIMITIVE RUNNING: navigate [WP84]
[INFO] [1788009952.712288588] [htn_executor]: HTN PRIMITIVE SUCCESS: navigate [WP84]
[INFO] [1788009952.730644419] [htn_executor]: HTN PRIMITIVE RUNNING: navigate [WP83]
[INFO] [1788009952.932367453] [htn_executor]: HTN PRIMITIVE SUCCESS: navigate [WP83]
[INFO] [1788009952.950353555] [htn_executor]: HTN PRIMITIVE RUNNING: navigate [WP82]
[INFO] [1788009953.151563229] [htn_executor]: HTN PRIMITIVE SUCCESS: navigate [WP82]
[INFO] [1788009953.170414957] [htn_executor]: HTN PRIMITIVE RUNNING: navigate [WP81]
[INFO] [1788009953.372715223] [htn_executor]: HTN PRIMITIVE SUCCESS: navigate [WP81]
[INFO] [1788009953.390709002] [htn_executor]: HTN PRIMITIVE RUNNING: navigate [WP80]
[INFO] [1788009953.592983044] [htn_executor]: HTN PRIMITIVE SUCCESS: navigate [WP80]
[INFO] [1788009953.610723832] [htn_executor]: HTN PRIMITIVE RUNNING: navigate [WP79]
[INFO] [1788009953.810953792] [htn_executor]: HTN PRIMITIVE SUCCESS: navigate [WP79]
[INFO] [1788009953.830362111] [htn_executor]: HTN PRIMITIVE RUNNING: navigate [WP78]
[INFO] [1788009954.032785880] [htn_executor]: HTN PRIMITIVE SUCCESS: navigate [WP78]
[INFO] [1788009954.052969211] [htn_executor]: HTN PRIMITIVE RUNNING: navigate [WP77]
[INFO] [1788009954.256915331] [htn_executor]: HTN PRIMITIVE SUCCESS: navigate [WP77]
[INFO] [1788009954.274916765] [htn_executor]: HTN PRIMITIVE RUNNING: navigate [WP76]
[INFO] [1788009954.472719619] [htn_executor]: HTN PRIMITIVE SUCCESS: navigate [WP76]
[INFO] [1788009954.490832630] [htn_executor]: HTN PRIMITIVE RUNNING: navigate [WP75]
[INFO] [1788009954.691356150] [htn_executor]: HTN PRIMITIVE SUCCESS: navigate [WP75]
[INFO] [1788009954.710383268] [htn_executor]: HTN PRIMITIVE RUNNING: navigate [WP74]
[INFO] [1788009954.911434274] [htn_executor]: HTN PRIMITIVE SUCCESS: navigate [WP74]
[INFO] [1788009954.930765026] [htn_executor]: HTN PRIMITIVE RUNNING: navigate [WP73]
[INFO] [1788009955.130989716] [htn_executor]: HTN PRIMITIVE SUCCESS: navigate [WP73]
[INFO] [1788009955.149611203] [htn_executor]: HTN PRIMITIVE RUNNING: navigate [WP72]
[INFO] [1788009955.351958509] [htn_executor]: HTN PRIMITIVE SUCCESS: navigate [WP72]
[INFO] [1788009955.370413791] [htn_executor]: HTN PRIMITIVE RUNNING: navigate [WP71]
[INFO] [1788009955.571126051] [htn_executor]: HTN PRIMITIVE SUCCESS: navigate [WP71]
[INFO] [1788009955.590578550] [htn_executor]: HTN PRIMITIVE RUNNING: navigate [WP70]
[INFO] [1788009955.792158528] [htn_executor]: HTN PRIMITIVE SUCCESS: navigate [WP70]
[INFO] [1788009955.810417539] [htn_executor]: HTN PRIMITIVE RUNNING: navigate [WP69]
[INFO] [1788009956.012504181] [htn_executor]: HTN PRIMITIVE SUCCESS: navigate [WP69]
[INFO] [1788009956.030412678] [htn_executor]: HTN PRIMITIVE RUNNING: navigate [WP68]
[INFO] [1788009956.231310260] [htn_executor]: HTN PRIMITIVE SUCCESS: navigate [WP68]
[INFO] [1788009956.250404211] [htn_executor]: HTN PRIMITIVE RUNNING: navigate [WP67]
[INFO] [1788009956.451530947] [htn_executor]: HTN PRIMITIVE SUCCESS: navigate [WP67]
[INFO] [1788009956.470481478] [htn_executor]: HTN PRIMITIVE RUNNING: navigate [WP66]
[INFO] [1788009956.670992847] [htn_executor]: HTN PRIMITIVE SUCCESS: navigate [WP66]
[INFO] [1788009956.691450713] [htn_executor]: HTN PRIMITIVE RUNNING: navigate [WP65]
[INFO] [1788009956.892752993] [htn_executor]: HTN PRIMITIVE SUCCESS: navigate [WP65]
[INFO] [1788009956.910574312] [htn_executor]: HTN PRIMITIVE RUNNING: navigate [WP64]
[INFO] [1788009957.112364634] [htn_executor]: HTN PRIMITIVE SUCCESS: navigate [WP64]
[INFO] [1788009957.131831976] [htn_executor]: HTN PRIMITIVE RUNNING: navigate [WP63]
[INFO] [1788009957.330962472] [htn_executor]: HTN PRIMITIVE SUCCESS: navigate [WP63]
[INFO] [1788009957.350475336] [htn_executor]: HTN PRIMITIVE RUNNING: navigate [WP62]
[INFO] [1788009957.551185599] [htn_executor]: HTN PRIMITIVE SUCCESS: navigate [WP62]
[INFO] [1788009957.570499414] [htn_executor]: HTN PRIMITIVE RUNNING: navigate [WP61]
[INFO] [1788009957.772546540] [htn_executor]: HTN PRIMITIVE SUCCESS: navigate [WP61]
[INFO] [1788009957.790312136] [htn_executor]: HTN PRIMITIVE RUNNING: navigate [WP60]
[INFO] [1788009957.992230081] [htn_executor]: HTN PRIMITIVE SUCCESS: navigate [WP60]
[INFO] [1788009958.010402225] [htn_executor]: HTN PRIMITIVE RUNNING: navigate [WP59]
[INFO] [1788009958.210332259] [htn_executor]: HTN PRIMITIVE SUCCESS: navigate [WP59]
[INFO] [1788009958.228757564] [htn_executor]: HTN PRIMITIVE RUNNING: navigate [WP58]
[INFO] [1788009958.432500132] [htn_executor]: HTN PRIMITIVE SUCCESS: navigate [WP58]
[INFO] [1788009958.450878715] [htn_executor]: HTN PRIMITIVE RUNNING: navigate [WP57]
[INFO] [1788009958.651329046] [htn_executor]: HTN PRIMITIVE SUCCESS: navigate [WP57]
[INFO] [1788009958.670834445] [htn_executor]: HTN PRIMITIVE RUNNING: navigate [WP56]
[INFO] [1788009958.873095327] [htn_executor]: HTN PRIMITIVE SUCCESS: navigate [WP56]
[INFO] [1788009958.890601078] [htn_executor]: HTN PRIMITIVE RUNNING: navigate [WP55]
[INFO] [1788009959.091725255] [htn_executor]: HTN PRIMITIVE SUCCESS: navigate [WP55]
[INFO] [1788009959.110344623] [htn_executor]: HTN PRIMITIVE RUNNING: navigate [WP54]
[INFO] [1788009959.312471700] [htn_executor]: HTN PRIMITIVE SUCCESS: navigate [WP54]
[INFO] [1788009959.330568944] [htn_executor]: HTN PRIMITIVE RUNNING: navigate [WP53]
[INFO] [1788009959.531712179] [htn_executor]: HTN PRIMITIVE SUCCESS: navigate [WP53]
[INFO] [1788009959.550927784] [htn_executor]: HTN PRIMITIVE RUNNING: navigate [WP52]
[INFO] [1788009959.752576915] [htn_executor]: HTN PRIMITIVE SUCCESS: navigate [WP52]
[INFO] [1788009959.771377071] [htn_executor]: HTN PRIMITIVE RUNNING: navigate [WP51]
[INFO] [1788009959.971468301] [htn_executor]: HTN PRIMITIVE SUCCESS: navigate [WP51]
[INFO] [1788009959.990354629] [htn_executor]: HTN PRIMITIVE RUNNING: navigate [WP50]
[WARN] [1788009959.994401499] [htn_executor]: RUNTIME EVENT RECEIVED: GPS_LOST
[WARN] [1788009959.996223428] [htn_executor]: HTN PAUSED: navigate [WP50]
[WARN] [1788009960.000046487] [htn_executor]: HTN REPLANNING
[WARN] [1788009960.003427614] [htn_executor]: Selected method: m_gps_lost
[WARN] [1788009960.006148650] [htn_executor]: Recovery plan: wait_for_gps
[INFO] [1788009960.010538291] [htn_executor]: HTN RECOVERY RUNNING: wait_for_gps
[WARN] [1788009974.499638098] [htn_executor]: RUNTIME EVENT RECEIVED: GPS_AVAILABLE
[WARN] [1788009974.500550997] [htn_executor]: HTN REPLANNING
[WARN] [1788009974.501710235] [htn_executor]: Selected method: m_gps_restored
[WARN] [1788009974.502556419] [htn_executor]: Recovery plan: resume_mission
[INFO] [1788009974.509515841] [htn_executor]: HTN RECOVERY RUNNING: resume_mission
[INFO] [1788009974.709493188] [htn_executor]: HTN PRIMITIVE SUCCESS: resume_mission
[INFO] [1788009974.729470737] [htn_executor]: HTN RESUMED: navigate [WP50]
[INFO] [1788009974.931563605] [htn_executor]: HTN PRIMITIVE SUCCESS: navigate [WP50]
[INFO] [1788009974.950579381] [htn_executor]: HTN PRIMITIVE RUNNING: navigate [WP49]
[INFO] [1788009975.151772453] [htn_executor]: HTN PRIMITIVE SUCCESS: navigate [WP49]
[INFO] [1788009975.170345871] [htn_executor]: HTN PRIMITIVE RUNNING: navigate [WP48]
[INFO] [1788009975.372666671] [htn_executor]: HTN PRIMITIVE SUCCESS: navigate [WP48]
[INFO] [1788009975.391659021] [htn_executor]: HTN PRIMITIVE RUNNING: navigate [WP47]
[INFO] [1788009975.592519746] [htn_executor]: HTN PRIMITIVE SUCCESS: navigate [WP47]
[INFO] [1788009975.611991426] [htn_executor]: HTN PRIMITIVE RUNNING: navigate [WP46]
[INFO] [1788009975.811964692] [htn_executor]: HTN PRIMITIVE SUCCESS: navigate [WP46]
[INFO] [1788009975.830371443] [htn_executor]: HTN PRIMITIVE RUNNING: navigate [WP45]
[INFO] [1788009976.032432954] [htn_executor]: HTN PRIMITIVE SUCCESS: navigate [WP45]
[INFO] [1788009976.050781684] [htn_executor]: HTN PRIMITIVE RUNNING: navigate [WP44]
[INFO] [1788009976.252922725] [htn_executor]: HTN PRIMITIVE SUCCESS: navigate [WP44]
[INFO] [1788009976.270356446] [htn_executor]: HTN PRIMITIVE RUNNING: navigate [WP43]
[INFO] [1788009976.468999927] [htn_executor]: HTN PRIMITIVE SUCCESS: navigate [WP43]
[INFO] [1788009976.488917525] [htn_executor]: HTN PRIMITIVE RUNNING: navigate [WP42]
[INFO] [1788009976.692440793] [htn_executor]: HTN PRIMITIVE SUCCESS: navigate [WP42]
[INFO] [1788009976.710429181] [htn_executor]: HTN PRIMITIVE RUNNING: navigate [WP41]
[INFO] [1788009976.911111306] [htn_executor]: HTN PRIMITIVE SUCCESS: navigate [WP41]
[INFO] [1788009976.929657965] [htn_executor]: HTN PRIMITIVE RUNNING: navigate [WP40]
[INFO] [1788009977.132384838] [htn_executor]: HTN PRIMITIVE SUCCESS: navigate [WP40]
[INFO] [1788009977.150402058] [htn_executor]: HTN PRIMITIVE RUNNING: navigate [WP39]
[INFO] [1788009977.352713983] [htn_executor]: HTN PRIMITIVE SUCCESS: navigate [WP39]
[INFO] [1788009977.370363291] [htn_executor]: HTN PRIMITIVE RUNNING: navigate [WP38]
[INFO] [1788009977.571521021] [htn_executor]: HTN PRIMITIVE SUCCESS: navigate [WP38]
[INFO] [1788009977.590515704] [htn_executor]: HTN PRIMITIVE RUNNING: navigate [WP37]
[INFO] [1788009977.792372629] [htn_executor]: HTN PRIMITIVE SUCCESS: navigate [WP37]
[INFO] [1788009977.812330790] [htn_executor]: HTN PRIMITIVE RUNNING: navigate [WP36]
[INFO] [1788009978.009529430] [htn_executor]: HTN PRIMITIVE SUCCESS: navigate [WP36]
[INFO] [1788009978.028839161] [htn_executor]: HTN PRIMITIVE RUNNING: navigate [WP35]
[INFO] [1788009978.230168188] [htn_executor]: HTN PRIMITIVE SUCCESS: navigate [WP35]
[INFO] [1788009978.249759081] [htn_executor]: HTN PRIMITIVE RUNNING: navigate [WP34]
[INFO] [1788009978.452531210] [htn_executor]: HTN PRIMITIVE SUCCESS: navigate [WP34]
[INFO] [1788009978.470408259] [htn_executor]: HTN PRIMITIVE RUNNING: navigate [WP33]
[INFO] [1788009978.672330823] [htn_executor]: HTN PRIMITIVE SUCCESS: navigate [WP33]
[INFO] [1788009978.696735960] [htn_executor]: HTN PRIMITIVE RUNNING: navigate [WP32]
[INFO] [1788009978.890169890] [htn_executor]: HTN PRIMITIVE SUCCESS: navigate [WP32]
[INFO] [1788009978.909762149] [htn_executor]: HTN PRIMITIVE RUNNING: navigate [WP31]
[INFO] [1788009979.109157740] [htn_executor]: HTN PRIMITIVE SUCCESS: navigate [WP31]
[INFO] [1788009979.129820691] [htn_executor]: HTN PRIMITIVE RUNNING: navigate [WP30]
[INFO] [1788009979.336374319] [htn_executor]: HTN PRIMITIVE SUCCESS: navigate [WP30]
[INFO] [1788009979.352701548] [htn_executor]: HTN PRIMITIVE RUNNING: navigate [WP29]
[INFO] [1788009979.550421001] [htn_executor]: HTN PRIMITIVE SUCCESS: navigate [WP29]
[INFO] [1788009979.570681388] [htn_executor]: HTN PRIMITIVE RUNNING: navigate [WP28]
[INFO] [1788009979.772294379] [htn_executor]: HTN PRIMITIVE SUCCESS: navigate [WP28]
[INFO] [1788009979.790728924] [htn_executor]: HTN PRIMITIVE RUNNING: navigate [WP27]
[INFO] [1788009979.992528505] [htn_executor]: HTN PRIMITIVE SUCCESS: navigate [WP27]
[INFO] [1788009980.012913666] [htn_executor]: HTN PRIMITIVE RUNNING: navigate [WP26]
[INFO] [1788009980.209687395] [htn_executor]: HTN PRIMITIVE SUCCESS: navigate [WP26]
[INFO] [1788009980.229464111] [htn_executor]: HTN PRIMITIVE RUNNING: navigate [WP25]
[INFO] [1788009980.433498335] [htn_executor]: HTN PRIMITIVE SUCCESS: navigate [WP25]
[INFO] [1788009980.451137442] [htn_executor]: HTN PRIMITIVE RUNNING: navigate [WP24]
[INFO] [1788009980.651523298] [htn_executor]: HTN PRIMITIVE SUCCESS: navigate [WP24]
[INFO] [1788009980.670747371] [htn_executor]: HTN PRIMITIVE RUNNING: navigate [WP23]
[INFO] [1788009980.873340038] [htn_executor]: HTN PRIMITIVE SUCCESS: navigate [WP23]
[INFO] [1788009980.889634719] [htn_executor]: HTN PRIMITIVE RUNNING: navigate [WP22]
[INFO] [1788009981.089353933] [htn_executor]: HTN PRIMITIVE SUCCESS: navigate [WP22]
[INFO] [1788009981.108878629] [htn_executor]: HTN PRIMITIVE RUNNING: navigate [WP21]
[INFO] [1788009981.309944648] [htn_executor]: HTN PRIMITIVE SUCCESS: navigate [WP21]
[INFO] [1788009981.329107201] [htn_executor]: HTN PRIMITIVE RUNNING: navigate [WP20]
[INFO] [1788009981.529459552] [htn_executor]: HTN PRIMITIVE SUCCESS: navigate [WP20]
[INFO] [1788009981.550604222] [htn_executor]: HTN PRIMITIVE RUNNING: navigate [WP19]
[INFO] [1788009981.752462942] [htn_executor]: HTN PRIMITIVE SUCCESS: navigate [WP19]
[INFO] [1788009981.769327968] [htn_executor]: HTN PRIMITIVE RUNNING: navigate [WP18]
[INFO] [1788009981.969406660] [htn_executor]: HTN PRIMITIVE SUCCESS: navigate [WP18]
[INFO] [1788009981.989195377] [htn_executor]: HTN PRIMITIVE RUNNING: navigate [WP17]
[INFO] [1788009982.189719890] [htn_executor]: HTN PRIMITIVE SUCCESS: navigate [WP17]
[INFO] [1788009982.209296621] [htn_executor]: HTN PRIMITIVE RUNNING: navigate [WP16]
[INFO] [1788009982.408954435] [htn_executor]: HTN PRIMITIVE SUCCESS: navigate [WP16]
[INFO] [1788009982.429172786] [htn_executor]: HTN PRIMITIVE RUNNING: navigate [WP15]
[INFO] [1788009982.629411937] [htn_executor]: HTN PRIMITIVE SUCCESS: navigate [WP15]
[INFO] [1788009982.649118014] [htn_executor]: HTN PRIMITIVE RUNNING: navigate [WP14]
[INFO] [1788009982.849473045] [htn_executor]: HTN PRIMITIVE SUCCESS: navigate [WP14]
[INFO] [1788009982.868784384] [htn_executor]: HTN PRIMITIVE RUNNING: navigate [WP13]
[INFO] [1788009983.068921347] [htn_executor]: HTN PRIMITIVE SUCCESS: navigate [WP13]
[INFO] [1788009983.089092833] [htn_executor]: HTN PRIMITIVE RUNNING: navigate [WP12]
[INFO] [1788009983.292443182] [htn_executor]: HTN PRIMITIVE SUCCESS: navigate [WP12]
[INFO] [1788009983.310977386] [htn_executor]: HTN PRIMITIVE RUNNING: navigate [WP11]
[INFO] [1788009983.512419764] [htn_executor]: HTN PRIMITIVE SUCCESS: navigate [WP11]
[INFO] [1788009983.530658134] [htn_executor]: HTN PRIMITIVE RUNNING: navigate [WP10]
[INFO] [1788009983.732820059] [htn_executor]: HTN PRIMITIVE SUCCESS: navigate [WP10]
[INFO] [1788009983.750674965] [htn_executor]: HTN PRIMITIVE RUNNING: navigate [WP9]
[INFO] [1788009983.952465730] [htn_executor]: HTN PRIMITIVE SUCCESS: navigate [WP9]
[INFO] [1788009983.970807559] [htn_executor]: HTN PRIMITIVE RUNNING: navigate [WP8]
[INFO] [1788009984.171438245] [htn_executor]: HTN PRIMITIVE SUCCESS: navigate [WP8]
[INFO] [1788009984.190354376] [htn_executor]: HTN PRIMITIVE RUNNING: navigate [WP7]
[INFO] [1788009984.393592671] [htn_executor]: HTN PRIMITIVE SUCCESS: navigate [WP7]
[INFO] [1788009984.411541385] [htn_executor]: HTN PRIMITIVE RUNNING: navigate [WP6]
[INFO] [1788009984.613657850] [htn_executor]: HTN PRIMITIVE SUCCESS: navigate [WP6]
[INFO] [1788009984.631406997] [htn_executor]: HTN PRIMITIVE RUNNING: navigate [WP5]
[INFO] [1788009984.831508665] [htn_executor]: HTN PRIMITIVE SUCCESS: navigate [WP5]
[INFO] [1788009984.850360339] [htn_executor]: HTN PRIMITIVE RUNNING: navigate [WP4]
[INFO] [1788009985.052508683] [htn_executor]: HTN PRIMITIVE SUCCESS: navigate [WP4]
[INFO] [1788009985.070735026] [htn_executor]: HTN PRIMITIVE RUNNING: navigate [WP3]
[INFO] [1788009985.272267376] [htn_executor]: HTN PRIMITIVE SUCCESS: navigate [WP3]
[INFO] [1788009985.289272424] [htn_executor]: HTN PRIMITIVE RUNNING: navigate [WP2]
[INFO] [1788009985.490144451] [htn_executor]: HTN PRIMITIVE SUCCESS: navigate [WP2]
[INFO] [1788009985.509417511] [htn_executor]: HTN PRIMITIVE RUNNING: navigate [WP1]
[INFO] [1788009985.711002747] [htn_executor]: HTN PRIMITIVE SUCCESS: navigate [WP1]
[INFO] [1788009985.729646514] [htn_executor]: HTN PRIMITIVE RUNNING: land
[INFO] [1788009985.932462156] [htn_executor]: HTN PRIMITIVE SUCCESS: land
[INFO] [1788009985.951553921] [htn_executor]: ================================
[INFO] [1788009985.953254723] [htn_executor]: MISSION COMPLETED
[INFO] [1788009985.955460632] [htn_executor]: Completed tasks: 201
[INFO] [1788009985.957298365] [htn_executor]: Completed navigation tasks: 199
[INFO] [1788009985.959073717] [htn_executor]: ================================
