[INFO] [1788008403.157049114] [htn_executor]: Loading mission: /home/bishal/ros2_ws/install/mission_formalism_evaluation/share/mission_formalism_evaluation/missions/mission_3.yaml
[INFO] [1788008403.319278194] [htn_executor]: ================================
[INFO] [1788008403.320186252] [htn_executor]: HTN Mission Executor
[INFO] [1788008403.320823818] [htn_executor]: Mode: FINAL_SCENARIO_CAPABLE
[INFO] [1788008403.321589735] [htn_executor]: Model: Totally Ordered State-Based HTN
[INFO] [1788008403.322597325] [htn_executor]: Mission ID: M3
[INFO] [1788008403.323285809] [htn_executor]: Mission Name: Zigzag Navigation
[INFO] [1788008403.323856935] [htn_executor]: Mission Items: 102
[INFO] [1788008403.324608725] [htn_executor]: HTN Primitive Operators: 12
[INFO] [1788008403.325526221] [htn_executor]: HTN Compound Tasks: 4
[INFO] [1788008403.326214858] [htn_executor]: HTN Methods: 16
[INFO] [1788008403.326873245] [htn_executor]: Mission Method Applications: 104
[INFO] [1788008403.327558930] [htn_executor]: Generated Primitive Plan: 102
[INFO] [1788008403.328239730] [htn_executor]: ================================
[INFO] [1788008403.349390037] [htn_executor]: HTN PRIMITIVE RUNNING: takeoff
[INFO] [1788008403.552245249] [htn_executor]: HTN PRIMITIVE SUCCESS: takeoff
[INFO] [1788008403.570992720] [htn_executor]: HTN PRIMITIVE RUNNING: navigate [WP1]
[INFO] [1788008403.769841133] [htn_executor]: HTN PRIMITIVE SUCCESS: navigate [WP1]
[INFO] [1788008403.789724627] [htn_executor]: HTN PRIMITIVE RUNNING: navigate [WP2]
[INFO] [1788008403.991412808] [htn_executor]: HTN PRIMITIVE SUCCESS: navigate [WP2]
[INFO] [1788008404.010638198] [htn_executor]: HTN PRIMITIVE RUNNING: navigate [WP3]
[INFO] [1788008404.210244425] [htn_executor]: HTN PRIMITIVE SUCCESS: navigate [WP3]
[INFO] [1788008404.231560956] [htn_executor]: HTN PRIMITIVE RUNNING: navigate [WP4]
[INFO] [1788008404.429609906] [htn_executor]: HTN PRIMITIVE SUCCESS: navigate [WP4]
[INFO] [1788008404.449111941] [htn_executor]: HTN PRIMITIVE RUNNING: navigate [WP5]
[INFO] [1788008404.650465153] [htn_executor]: HTN PRIMITIVE SUCCESS: navigate [WP5]
[INFO] [1788008404.669428951] [htn_executor]: HTN PRIMITIVE RUNNING: navigate [WP6]
[INFO] [1788008404.872256548] [htn_executor]: HTN PRIMITIVE SUCCESS: navigate [WP6]
[INFO] [1788008404.891153170] [htn_executor]: HTN PRIMITIVE RUNNING: navigate [WP7]
[INFO] [1788008405.092830552] [htn_executor]: HTN PRIMITIVE SUCCESS: navigate [WP7]
[INFO] [1788008405.110829036] [htn_executor]: HTN PRIMITIVE RUNNING: navigate [WP8]
[INFO] [1788008405.312977756] [htn_executor]: HTN PRIMITIVE SUCCESS: navigate [WP8]
[INFO] [1788008405.331342827] [htn_executor]: HTN PRIMITIVE RUNNING: navigate [WP9]
[INFO] [1788008405.829813512] [htn_executor]: HTN PRIMITIVE SUCCESS: navigate [WP9]
[INFO] [1788008405.849598168] [htn_executor]: HTN PRIMITIVE RUNNING: navigate [WP10]
[INFO] [1788008406.052742494] [htn_executor]: HTN PRIMITIVE SUCCESS: navigate [WP10]
[INFO] [1788008406.070646219] [htn_executor]: HTN PRIMITIVE RUNNING: navigate [WP11]
[INFO] [1788008406.271461429] [htn_executor]: HTN PRIMITIVE SUCCESS: navigate [WP11]
[INFO] [1788008406.290674265] [htn_executor]: HTN PRIMITIVE RUNNING: navigate [WP12]
[INFO] [1788008406.491772767] [htn_executor]: HTN PRIMITIVE SUCCESS: navigate [WP12]
[INFO] [1788008406.511835878] [htn_executor]: HTN PRIMITIVE RUNNING: navigate [WP13]
[INFO] [1788008406.711396775] [htn_executor]: HTN PRIMITIVE SUCCESS: navigate [WP13]
[INFO] [1788008406.730762959] [htn_executor]: HTN PRIMITIVE RUNNING: navigate [WP14]
[INFO] [1788008406.932836001] [htn_executor]: HTN PRIMITIVE SUCCESS: navigate [WP14]
[INFO] [1788008406.950618547] [htn_executor]: HTN PRIMITIVE RUNNING: navigate [WP15]
[INFO] [1788008407.152787894] [htn_executor]: HTN PRIMITIVE SUCCESS: navigate [WP15]
[INFO] [1788008407.170635995] [htn_executor]: HTN PRIMITIVE RUNNING: navigate [WP16]
[INFO] [1788008407.369866190] [htn_executor]: HTN PRIMITIVE SUCCESS: navigate [WP16]
[INFO] [1788008407.389145791] [htn_executor]: HTN PRIMITIVE RUNNING: navigate [WP17]
[INFO] [1788008407.591900101] [htn_executor]: HTN PRIMITIVE SUCCESS: navigate [WP17]
[INFO] [1788008407.612569655] [htn_executor]: HTN PRIMITIVE RUNNING: navigate [WP18]
[INFO] [1788008407.809776674] [htn_executor]: HTN PRIMITIVE SUCCESS: navigate [WP18]
[INFO] [1788008407.829416456] [htn_executor]: HTN PRIMITIVE RUNNING: navigate [WP19]
[INFO] [1788008408.029373012] [htn_executor]: HTN PRIMITIVE SUCCESS: navigate [WP19]
[INFO] [1788008408.049034618] [htn_executor]: HTN PRIMITIVE RUNNING: navigate [WP20]
[INFO] [1788008408.249660614] [htn_executor]: HTN PRIMITIVE SUCCESS: navigate [WP20]
[INFO] [1788008408.269026707] [htn_executor]: HTN PRIMITIVE RUNNING: navigate [WP21]
[INFO] [1788008408.469934260] [htn_executor]: HTN PRIMITIVE SUCCESS: navigate [WP21]
[INFO] [1788008408.490154183] [htn_executor]: HTN PRIMITIVE RUNNING: navigate [WP22]
[INFO] [1788008408.690751873] [htn_executor]: HTN PRIMITIVE SUCCESS: navigate [WP22]
[INFO] [1788008408.710284970] [htn_executor]: HTN PRIMITIVE RUNNING: navigate [WP23]
[INFO] [1788008408.912137797] [htn_executor]: HTN PRIMITIVE SUCCESS: navigate [WP23]
[INFO] [1788008408.930136067] [htn_executor]: HTN PRIMITIVE RUNNING: navigate [WP24]
[INFO] [1788008409.130667295] [htn_executor]: HTN PRIMITIVE SUCCESS: navigate [WP24]
[INFO] [1788008409.150082922] [htn_executor]: HTN PRIMITIVE RUNNING: navigate [WP25]
[INFO] [1788008409.350055615] [htn_executor]: HTN PRIMITIVE SUCCESS: navigate [WP25]
[INFO] [1788008409.369603476] [htn_executor]: HTN PRIMITIVE RUNNING: navigate [WP26]
[INFO] [1788008409.570741424] [htn_executor]: HTN PRIMITIVE SUCCESS: navigate [WP26]
[INFO] [1788008409.589600801] [htn_executor]: HTN PRIMITIVE RUNNING: navigate [WP27]
[INFO] [1788008409.792807238] [htn_executor]: HTN PRIMITIVE SUCCESS: navigate [WP27]
[INFO] [1788008409.811245650] [htn_executor]: HTN PRIMITIVE RUNNING: navigate [WP28]
[INFO] [1788008410.012777741] [htn_executor]: HTN PRIMITIVE SUCCESS: navigate [WP28]
[INFO] [1788008410.030885055] [htn_executor]: HTN PRIMITIVE RUNNING: navigate [WP29]
[INFO] [1788008410.233051102] [htn_executor]: HTN PRIMITIVE SUCCESS: navigate [WP29]
[INFO] [1788008410.250773184] [htn_executor]: HTN PRIMITIVE RUNNING: navigate [WP30]
[INFO] [1788008410.452740614] [htn_executor]: HTN PRIMITIVE SUCCESS: navigate [WP30]
[INFO] [1788008410.470688885] [htn_executor]: HTN PRIMITIVE RUNNING: navigate [WP31]
[INFO] [1788008410.671510262] [htn_executor]: HTN PRIMITIVE SUCCESS: navigate [WP31]
[INFO] [1788008410.689565497] [htn_executor]: HTN PRIMITIVE RUNNING: navigate [WP32]
[INFO] [1788008410.892738647] [htn_executor]: HTN PRIMITIVE SUCCESS: navigate [WP32]
[INFO] [1788008410.910586616] [htn_executor]: HTN PRIMITIVE RUNNING: navigate [WP33]
[INFO] [1788008411.112720032] [htn_executor]: HTN PRIMITIVE SUCCESS: navigate [WP33]
[INFO] [1788008411.131940356] [htn_executor]: HTN PRIMITIVE RUNNING: navigate [WP34]
[INFO] [1788008411.331680715] [htn_executor]: HTN PRIMITIVE SUCCESS: navigate [WP34]
[INFO] [1788008411.350669862] [htn_executor]: HTN PRIMITIVE RUNNING: navigate [WP35]
[INFO] [1788008411.551570946] [htn_executor]: HTN PRIMITIVE SUCCESS: navigate [WP35]
[INFO] [1788008411.570650984] [htn_executor]: HTN PRIMITIVE RUNNING: navigate [WP36]
[INFO] [1788008411.771338853] [htn_executor]: HTN PRIMITIVE SUCCESS: navigate [WP36]
[INFO] [1788008411.791517882] [htn_executor]: HTN PRIMITIVE RUNNING: navigate [WP37]
[INFO] [1788008411.991412898] [htn_executor]: HTN PRIMITIVE SUCCESS: navigate [WP37]
[INFO] [1788008412.010800719] [htn_executor]: HTN PRIMITIVE RUNNING: navigate [WP38]
[INFO] [1788008412.212732660] [htn_executor]: HTN PRIMITIVE SUCCESS: navigate [WP38]
[INFO] [1788008412.230776871] [htn_executor]: HTN PRIMITIVE RUNNING: navigate [WP39]
[INFO] [1788008412.431744653] [htn_executor]: HTN PRIMITIVE SUCCESS: navigate [WP39]
[INFO] [1788008412.450629659] [htn_executor]: HTN PRIMITIVE RUNNING: navigate [WP40]
[INFO] [1788008412.651386713] [htn_executor]: HTN PRIMITIVE SUCCESS: navigate [WP40]
[INFO] [1788008412.672772329] [htn_executor]: HTN PRIMITIVE RUNNING: navigate [WP41]
[INFO] [1788008412.872402777] [htn_executor]: HTN PRIMITIVE SUCCESS: navigate [WP41]
[INFO] [1788008412.891446534] [htn_executor]: HTN PRIMITIVE RUNNING: navigate [WP42]
[INFO] [1788008413.091893599] [htn_executor]: HTN PRIMITIVE SUCCESS: navigate [WP42]
[INFO] [1788008413.110819405] [htn_executor]: HTN PRIMITIVE RUNNING: navigate [WP43]
[INFO] [1788008413.312704415] [htn_executor]: HTN PRIMITIVE SUCCESS: navigate [WP43]
[INFO] [1788008413.331136402] [htn_executor]: HTN PRIMITIVE RUNNING: navigate [WP44]
[INFO] [1788008413.533518297] [htn_executor]: HTN PRIMITIVE SUCCESS: navigate [WP44]
[INFO] [1788008413.551157652] [htn_executor]: HTN PRIMITIVE RUNNING: navigate [WP45]
[INFO] [1788008413.749462137] [htn_executor]: HTN PRIMITIVE SUCCESS: navigate [WP45]
[INFO] [1788008413.769564337] [htn_executor]: HTN PRIMITIVE RUNNING: navigate [WP46]
[INFO] [1788008413.976639472] [htn_executor]: HTN PRIMITIVE SUCCESS: navigate [WP46]
[INFO] [1788008413.995744739] [htn_executor]: HTN PRIMITIVE RUNNING: navigate [WP47]
[INFO] [1788008414.189454924] [htn_executor]: HTN PRIMITIVE SUCCESS: navigate [WP47]
[INFO] [1788008414.209510343] [htn_executor]: HTN PRIMITIVE RUNNING: navigate [WP48]
[INFO] [1788008414.413584100] [htn_executor]: HTN PRIMITIVE SUCCESS: navigate [WP48]
[INFO] [1788008414.434838742] [htn_executor]: HTN PRIMITIVE RUNNING: navigate [WP49]
[INFO] [1788008414.639313014] [htn_executor]: HTN PRIMITIVE SUCCESS: navigate [WP49]
[INFO] [1788008414.654654657] [htn_executor]: HTN PRIMITIVE RUNNING: navigate [WP50]
[WARN] [1788008414.665295339] [htn_executor]: RUNTIME EVENT RECEIVED: COMMUNICATION_LOST
[WARN] [1788008414.668627275] [htn_executor]: HTN PAUSED: navigate [WP50]
[WARN] [1788008414.679167605] [htn_executor]: HTN REPLANNING
[WARN] [1788008414.682872256] [htn_executor]: Selected method: m_communication_lost
[WARN] [1788008414.687563663] [htn_executor]: Recovery plan: wait_for_communication
[INFO] [1788008414.693664000] [htn_executor]: HTN RECOVERY RUNNING: wait_for_communication
[WARN] [1788008424.928071707] [htn_executor]: RUNTIME EVENT RECEIVED: COMMUNICATION_RECOVERY_FAILED
[WARN] [1788008424.929217203] [htn_executor]: HTN REPLANNING
[WARN] [1788008424.930305656] [htn_executor]: Selected method: m_communication_recovery_failed
[WARN] [1788008424.931273072] [htn_executor]: Recovery plan: return_to_home -> safe_terminate
[INFO] [1788008424.932790804] [htn_executor]: HTN RECOVERY RUNNING: return_to_home
[INFO] [1788008425.129615117] [htn_executor]: HTN PRIMITIVE SUCCESS: return_to_home
[INFO] [1788008425.149201986] [htn_executor]: HTN RECOVERY RUNNING: safe_terminate
[INFO] [1788008425.352267707] [htn_executor]: HTN PRIMITIVE SUCCESS: safe_terminate
[WARN] [1788008425.355262406] [htn_executor]: ================================
[WARN] [1788008425.357618481] [htn_executor]: MISSION SAFE TERMINATED
[WARN] [1788008425.359123319] [htn_executor]: Reason: COMMUNICATION_RECOVERY_FAILED
[WARN] [1788008425.360630646] [htn_executor]: ================================
