[INFO] [1788008269.197573060] [htn_executor]: Loading mission: /home/bishal/ros2_ws/install/mission_formalism_evaluation/share/mission_formalism_evaluation/missions/mission_3.yaml
[INFO] [1788008269.359592486] [htn_executor]: ================================
[INFO] [1788008269.360194059] [htn_executor]: HTN Mission Executor
[INFO] [1788008269.360834363] [htn_executor]: Mode: FINAL_SCENARIO_CAPABLE
[INFO] [1788008269.361796880] [htn_executor]: Model: Totally Ordered State-Based HTN
[INFO] [1788008269.362825093] [htn_executor]: Mission ID: M3
[INFO] [1788008269.364081418] [htn_executor]: Mission Name: Zigzag Navigation
[INFO] [1788008269.365171975] [htn_executor]: Mission Items: 102
[INFO] [1788008269.366277116] [htn_executor]: HTN Primitive Operators: 12
[INFO] [1788008269.367326872] [htn_executor]: HTN Compound Tasks: 4
[INFO] [1788008269.368145170] [htn_executor]: HTN Methods: 16
[INFO] [1788008269.369206853] [htn_executor]: Mission Method Applications: 104
[INFO] [1788008269.369901134] [htn_executor]: Generated Primitive Plan: 102
[INFO] [1788008269.370594625] [htn_executor]: ================================
[INFO] [1788008269.391556466] [htn_executor]: HTN PRIMITIVE RUNNING: takeoff
[INFO] [1788008269.593576249] [htn_executor]: HTN PRIMITIVE SUCCESS: takeoff
[INFO] [1788008269.613137653] [htn_executor]: HTN PRIMITIVE RUNNING: navigate [WP1]
[INFO] [1788008269.812732769] [htn_executor]: HTN PRIMITIVE SUCCESS: navigate [WP1]
[INFO] [1788008269.831977581] [htn_executor]: HTN PRIMITIVE RUNNING: navigate [WP2]
[INFO] [1788008270.034435146] [htn_executor]: HTN PRIMITIVE SUCCESS: navigate [WP2]
[INFO] [1788008270.052840707] [htn_executor]: HTN PRIMITIVE RUNNING: navigate [WP3]
[INFO] [1788008270.253740412] [htn_executor]: HTN PRIMITIVE SUCCESS: navigate [WP3]
[INFO] [1788008270.273066156] [htn_executor]: HTN PRIMITIVE RUNNING: navigate [WP4]
[INFO] [1788008270.473924208] [htn_executor]: HTN PRIMITIVE SUCCESS: navigate [WP4]
[INFO] [1788008270.493088415] [htn_executor]: HTN PRIMITIVE RUNNING: navigate [WP5]
[INFO] [1788008270.695181022] [htn_executor]: HTN PRIMITIVE SUCCESS: navigate [WP5]
[INFO] [1788008270.713706782] [htn_executor]: HTN PRIMITIVE RUNNING: navigate [WP6]
[INFO] [1788008270.912492659] [htn_executor]: HTN PRIMITIVE SUCCESS: navigate [WP6]
[INFO] [1788008270.931640832] [htn_executor]: HTN PRIMITIVE RUNNING: navigate [WP7]
[INFO] [1788008271.133866862] [htn_executor]: HTN PRIMITIVE SUCCESS: navigate [WP7]
[INFO] [1788008271.153220451] [htn_executor]: HTN PRIMITIVE RUNNING: navigate [WP8]
[INFO] [1788008271.355673805] [htn_executor]: HTN PRIMITIVE SUCCESS: navigate [WP8]
[INFO] [1788008271.371654540] [htn_executor]: HTN PRIMITIVE RUNNING: navigate [WP9]
[INFO] [1788008271.575592423] [htn_executor]: HTN PRIMITIVE SUCCESS: navigate [WP9]
[INFO] [1788008271.593481917] [htn_executor]: HTN PRIMITIVE RUNNING: navigate [WP10]
[INFO] [1788008271.795549256] [htn_executor]: HTN PRIMITIVE SUCCESS: navigate [WP10]
[INFO] [1788008271.814905902] [htn_executor]: HTN PRIMITIVE RUNNING: navigate [WP11]
[INFO] [1788008272.015155508] [htn_executor]: HTN PRIMITIVE SUCCESS: navigate [WP11]
[INFO] [1788008272.033210539] [htn_executor]: HTN PRIMITIVE RUNNING: navigate [WP12]
[INFO] [1788008272.235152546] [htn_executor]: HTN PRIMITIVE SUCCESS: navigate [WP12]
[INFO] [1788008272.253753677] [htn_executor]: HTN PRIMITIVE RUNNING: navigate [WP13]
[INFO] [1788008272.451906838] [htn_executor]: HTN PRIMITIVE SUCCESS: navigate [WP13]
[INFO] [1788008272.471764637] [htn_executor]: HTN PRIMITIVE RUNNING: navigate [WP14]
[INFO] [1788008272.675170678] [htn_executor]: HTN PRIMITIVE SUCCESS: navigate [WP14]
[INFO] [1788008272.692983984] [htn_executor]: HTN PRIMITIVE RUNNING: navigate [WP15]
[INFO] [1788008272.893730891] [htn_executor]: HTN PRIMITIVE SUCCESS: navigate [WP15]
[INFO] [1788008272.914230193] [htn_executor]: HTN PRIMITIVE RUNNING: navigate [WP16]
[INFO] [1788008273.115333674] [htn_executor]: HTN PRIMITIVE SUCCESS: navigate [WP16]
[INFO] [1788008273.133045996] [htn_executor]: HTN PRIMITIVE RUNNING: navigate [WP17]
[INFO] [1788008273.333676253] [htn_executor]: HTN PRIMITIVE SUCCESS: navigate [WP17]
[INFO] [1788008273.353004049] [htn_executor]: HTN PRIMITIVE RUNNING: navigate [WP18]
[INFO] [1788008273.555057504] [htn_executor]: HTN PRIMITIVE SUCCESS: navigate [WP18]
[INFO] [1788008273.573504816] [htn_executor]: HTN PRIMITIVE RUNNING: navigate [WP19]
[INFO] [1788008273.775610679] [htn_executor]: HTN PRIMITIVE SUCCESS: navigate [WP19]
[INFO] [1788008273.794780818] [htn_executor]: HTN PRIMITIVE RUNNING: navigate [WP20]
[INFO] [1788008273.992848515] [htn_executor]: HTN PRIMITIVE SUCCESS: navigate [WP20]
[INFO] [1788008274.017359655] [htn_executor]: HTN PRIMITIVE RUNNING: navigate [WP21]
[INFO] [1788008274.213802150] [htn_executor]: HTN PRIMITIVE SUCCESS: navigate [WP21]
[INFO] [1788008274.232916017] [htn_executor]: HTN PRIMITIVE RUNNING: navigate [WP22]
[INFO] [1788008274.431957202] [htn_executor]: HTN PRIMITIVE SUCCESS: navigate [WP22]
[INFO] [1788008274.451595569] [htn_executor]: HTN PRIMITIVE RUNNING: navigate [WP23]
[INFO] [1788008274.652339527] [htn_executor]: HTN PRIMITIVE SUCCESS: navigate [WP23]
[INFO] [1788008274.671506311] [htn_executor]: HTN PRIMITIVE RUNNING: navigate [WP24]
[INFO] [1788008274.872001417] [htn_executor]: HTN PRIMITIVE SUCCESS: navigate [WP24]
[INFO] [1788008274.891400045] [htn_executor]: HTN PRIMITIVE RUNNING: navigate [WP25]
[INFO] [1788008275.093944498] [htn_executor]: HTN PRIMITIVE SUCCESS: navigate [WP25]
[INFO] [1788008275.113110133] [htn_executor]: HTN PRIMITIVE RUNNING: navigate [WP26]
[INFO] [1788008275.315595013] [htn_executor]: HTN PRIMITIVE SUCCESS: navigate [WP26]
[INFO] [1788008275.333152068] [htn_executor]: HTN PRIMITIVE RUNNING: navigate [WP27]
[INFO] [1788008275.533800921] [htn_executor]: HTN PRIMITIVE SUCCESS: navigate [WP27]
[INFO] [1788008275.553242675] [htn_executor]: HTN PRIMITIVE RUNNING: navigate [WP28]
[INFO] [1788008275.751858561] [htn_executor]: HTN PRIMITIVE SUCCESS: navigate [WP28]
[INFO] [1788008275.771619037] [htn_executor]: HTN PRIMITIVE RUNNING: navigate [WP29]
[INFO] [1788008275.973315962] [htn_executor]: HTN PRIMITIVE SUCCESS: navigate [WP29]
[INFO] [1788008275.992535983] [htn_executor]: HTN PRIMITIVE RUNNING: navigate [WP30]
[INFO] [1788008276.193107618] [htn_executor]: HTN PRIMITIVE SUCCESS: navigate [WP30]
[INFO] [1788008276.211911810] [htn_executor]: HTN PRIMITIVE RUNNING: navigate [WP31]
[INFO] [1788008276.415352073] [htn_executor]: HTN PRIMITIVE SUCCESS: navigate [WP31]
[INFO] [1788008276.432468813] [htn_executor]: HTN PRIMITIVE RUNNING: navigate [WP32]
[INFO] [1788008276.637000959] [htn_executor]: HTN PRIMITIVE SUCCESS: navigate [WP32]
[INFO] [1788008276.663569010] [htn_executor]: HTN PRIMITIVE RUNNING: navigate [WP33]
[INFO] [1788008276.852797304] [htn_executor]: HTN PRIMITIVE SUCCESS: navigate [WP33]
[INFO] [1788008276.871747734] [htn_executor]: HTN PRIMITIVE RUNNING: navigate [WP34]
[INFO] [1788008277.074420720] [htn_executor]: HTN PRIMITIVE SUCCESS: navigate [WP34]
[INFO] [1788008277.093756108] [htn_executor]: HTN PRIMITIVE RUNNING: navigate [WP35]
[INFO] [1788008277.297226839] [htn_executor]: HTN PRIMITIVE SUCCESS: navigate [WP35]
[INFO] [1788008277.315669936] [htn_executor]: HTN PRIMITIVE RUNNING: navigate [WP36]
[INFO] [1788008277.512492075] [htn_executor]: HTN PRIMITIVE SUCCESS: navigate [WP36]
[INFO] [1788008277.532231150] [htn_executor]: HTN PRIMITIVE RUNNING: navigate [WP37]
[INFO] [1788008277.732004982] [htn_executor]: HTN PRIMITIVE SUCCESS: navigate [WP37]
[INFO] [1788008277.751616509] [htn_executor]: HTN PRIMITIVE RUNNING: navigate [WP38]
[INFO] [1788008277.952459961] [htn_executor]: HTN PRIMITIVE SUCCESS: navigate [WP38]
[INFO] [1788008277.972156193] [htn_executor]: HTN PRIMITIVE RUNNING: navigate [WP39]
[INFO] [1788008278.180258806] [htn_executor]: HTN PRIMITIVE SUCCESS: navigate [WP39]
[INFO] [1788008278.196399481] [htn_executor]: HTN PRIMITIVE RUNNING: navigate [WP40]
[INFO] [1788008278.395901547] [htn_executor]: HTN PRIMITIVE SUCCESS: navigate [WP40]
[INFO] [1788008278.413609440] [htn_executor]: HTN PRIMITIVE RUNNING: navigate [WP41]
[INFO] [1788008278.615220285] [htn_executor]: HTN PRIMITIVE SUCCESS: navigate [WP41]
[INFO] [1788008278.633183416] [htn_executor]: HTN PRIMITIVE RUNNING: navigate [WP42]
[INFO] [1788008278.835368810] [htn_executor]: HTN PRIMITIVE SUCCESS: navigate [WP42]
[INFO] [1788008278.853075905] [htn_executor]: HTN PRIMITIVE RUNNING: navigate [WP43]
[INFO] [1788008279.053868822] [htn_executor]: HTN PRIMITIVE SUCCESS: navigate [WP43]
[INFO] [1788008279.072946493] [htn_executor]: HTN PRIMITIVE RUNNING: navigate [WP44]
[INFO] [1788008279.273752336] [htn_executor]: HTN PRIMITIVE SUCCESS: navigate [WP44]
[INFO] [1788008279.294760237] [htn_executor]: HTN PRIMITIVE RUNNING: navigate [WP45]
[INFO] [1788008279.495474281] [htn_executor]: HTN PRIMITIVE SUCCESS: navigate [WP45]
[INFO] [1788008279.514773876] [htn_executor]: HTN PRIMITIVE RUNNING: navigate [WP46]
[INFO] [1788008279.715573957] [htn_executor]: HTN PRIMITIVE SUCCESS: navigate [WP46]
[INFO] [1788008279.734658193] [htn_executor]: HTN PRIMITIVE RUNNING: navigate [WP47]
[INFO] [1788008279.933819843] [htn_executor]: HTN PRIMITIVE SUCCESS: navigate [WP47]
[INFO] [1788008279.953085843] [htn_executor]: HTN PRIMITIVE RUNNING: navigate [WP48]
[INFO] [1788008280.152114614] [htn_executor]: HTN PRIMITIVE SUCCESS: navigate [WP48]
[INFO] [1788008280.171571286] [htn_executor]: HTN PRIMITIVE RUNNING: navigate [WP49]
[INFO] [1788008280.374858574] [htn_executor]: HTN PRIMITIVE SUCCESS: navigate [WP49]
[INFO] [1788008280.393557819] [htn_executor]: HTN PRIMITIVE RUNNING: navigate [WP50]
[WARN] [1788008280.400513800] [htn_executor]: RUNTIME EVENT RECEIVED: COMMUNICATION_LOST
[WARN] [1788008280.403779490] [htn_executor]: HTN PAUSED: navigate [WP50]
[WARN] [1788008280.407988948] [htn_executor]: HTN REPLANNING
[WARN] [1788008280.411280826] [htn_executor]: Selected method: m_communication_lost
[WARN] [1788008280.414758628] [htn_executor]: Recovery plan: wait_for_communication
[INFO] [1788008280.419849056] [htn_executor]: HTN RECOVERY RUNNING: wait_for_communication
[WARN] [1788008296.800793001] [htn_executor]: RUNTIME EVENT RECEIVED: COMMUNICATION_RESTORED
[WARN] [1788008296.804626519] [htn_executor]: HTN REPLANNING
[WARN] [1788008296.807988450] [htn_executor]: Selected method: m_communication_restored
[WARN] [1788008296.811715375] [htn_executor]: Recovery plan: resume_mission
[INFO] [1788008296.817168133] [htn_executor]: HTN RECOVERY RUNNING: resume_mission
[INFO] [1788008297.012113859] [htn_executor]: HTN PRIMITIVE SUCCESS: resume_mission
[INFO] [1788008297.031702176] [htn_executor]: HTN RESUMED: navigate [WP50]
[INFO] [1788008297.231651513] [htn_executor]: HTN PRIMITIVE SUCCESS: navigate [WP50]
[INFO] [1788008297.251393789] [htn_executor]: HTN PRIMITIVE RUNNING: navigate [WP51]
[INFO] [1788008297.453781753] [htn_executor]: HTN PRIMITIVE SUCCESS: navigate [WP51]
[INFO] [1788008297.473063947] [htn_executor]: HTN PRIMITIVE RUNNING: navigate [WP52]
[INFO] [1788008297.674843960] [htn_executor]: HTN PRIMITIVE SUCCESS: navigate [WP52]
[INFO] [1788008297.693124264] [htn_executor]: HTN PRIMITIVE RUNNING: navigate [WP53]
[INFO] [1788008297.894056119] [htn_executor]: HTN PRIMITIVE SUCCESS: navigate [WP53]
[INFO] [1788008297.915475437] [htn_executor]: HTN PRIMITIVE RUNNING: navigate [WP54]
[INFO] [1788008298.114647591] [htn_executor]: HTN PRIMITIVE SUCCESS: navigate [WP54]
[INFO] [1788008298.134616612] [htn_executor]: HTN PRIMITIVE RUNNING: navigate [WP55]
[INFO] [1788008298.333580658] [htn_executor]: HTN PRIMITIVE SUCCESS: navigate [WP55]
[INFO] [1788008298.352354023] [htn_executor]: HTN PRIMITIVE RUNNING: navigate [WP56]
[INFO] [1788008298.555131375] [htn_executor]: HTN PRIMITIVE SUCCESS: navigate [WP56]
[INFO] [1788008298.573104004] [htn_executor]: HTN PRIMITIVE RUNNING: navigate [WP57]
[INFO] [1788008298.773033512] [htn_executor]: HTN PRIMITIVE SUCCESS: navigate [WP57]
[INFO] [1788008298.792265411] [htn_executor]: HTN PRIMITIVE RUNNING: navigate [WP58]
[INFO] [1788008298.993848934] [htn_executor]: HTN PRIMITIVE SUCCESS: navigate [WP58]
[INFO] [1788008299.013539508] [htn_executor]: HTN PRIMITIVE RUNNING: navigate [WP59]
[INFO] [1788008299.212537970] [htn_executor]: HTN PRIMITIVE SUCCESS: navigate [WP59]
[INFO] [1788008299.231824488] [htn_executor]: HTN PRIMITIVE RUNNING: navigate [WP60]
[INFO] [1788008299.432067198] [htn_executor]: HTN PRIMITIVE SUCCESS: navigate [WP60]
[INFO] [1788008299.451975455] [htn_executor]: HTN PRIMITIVE RUNNING: navigate [WP61]
[INFO] [1788008299.654367654] [htn_executor]: HTN PRIMITIVE SUCCESS: navigate [WP61]
[INFO] [1788008299.673051175] [htn_executor]: HTN PRIMITIVE RUNNING: navigate [WP62]
[INFO] [1788008299.872027222] [htn_executor]: HTN PRIMITIVE SUCCESS: navigate [WP62]
[INFO] [1788008299.891582560] [htn_executor]: HTN PRIMITIVE RUNNING: navigate [WP63]
[INFO] [1788008300.094521747] [htn_executor]: HTN PRIMITIVE SUCCESS: navigate [WP63]
[INFO] [1788008300.114616114] [htn_executor]: HTN PRIMITIVE RUNNING: navigate [WP64]
[INFO] [1788008300.315597175] [htn_executor]: HTN PRIMITIVE SUCCESS: navigate [WP64]
[INFO] [1788008300.333420911] [htn_executor]: HTN PRIMITIVE RUNNING: navigate [WP65]
[INFO] [1788008300.535597088] [htn_executor]: HTN PRIMITIVE SUCCESS: navigate [WP65]
[INFO] [1788008300.552310990] [htn_executor]: HTN PRIMITIVE RUNNING: navigate [WP66]
[INFO] [1788008300.753733177] [htn_executor]: HTN PRIMITIVE SUCCESS: navigate [WP66]
[INFO] [1788008300.772337520] [htn_executor]: HTN PRIMITIVE RUNNING: navigate [WP67]
[INFO] [1788008300.972145605] [htn_executor]: HTN PRIMITIVE SUCCESS: navigate [WP67]
[INFO] [1788008300.991760456] [htn_executor]: HTN PRIMITIVE RUNNING: navigate [WP68]
[INFO] [1788008301.192035684] [htn_executor]: HTN PRIMITIVE SUCCESS: navigate [WP68]
[INFO] [1788008301.211529036] [htn_executor]: HTN PRIMITIVE RUNNING: navigate [WP69]
[INFO] [1788008301.411891854] [htn_executor]: HTN PRIMITIVE SUCCESS: navigate [WP69]
[INFO] [1788008301.431390110] [htn_executor]: HTN PRIMITIVE RUNNING: navigate [WP70]
[INFO] [1788008301.633445101] [htn_executor]: HTN PRIMITIVE SUCCESS: navigate [WP70]
[INFO] [1788008301.652606119] [htn_executor]: HTN PRIMITIVE RUNNING: navigate [WP71]
[INFO] [1788008301.851920924] [htn_executor]: HTN PRIMITIVE SUCCESS: navigate [WP71]
[INFO] [1788008301.871606836] [htn_executor]: HTN PRIMITIVE RUNNING: navigate [WP72]
[INFO] [1788008302.073653464] [htn_executor]: HTN PRIMITIVE SUCCESS: navigate [WP72]
[INFO] [1788008302.094166733] [htn_executor]: HTN PRIMITIVE RUNNING: navigate [WP73]
[INFO] [1788008302.293787713] [htn_executor]: HTN PRIMITIVE SUCCESS: navigate [WP73]
[INFO] [1788008302.313513071] [htn_executor]: HTN PRIMITIVE RUNNING: navigate [WP74]
[INFO] [1788008302.515356552] [htn_executor]: HTN PRIMITIVE SUCCESS: navigate [WP74]
[INFO] [1788008302.533053123] [htn_executor]: HTN PRIMITIVE RUNNING: navigate [WP75]
[INFO] [1788008302.735656106] [htn_executor]: HTN PRIMITIVE SUCCESS: navigate [WP75]
[INFO] [1788008302.753570767] [htn_executor]: HTN PRIMITIVE RUNNING: navigate [WP76]
[INFO] [1788008302.955153179] [htn_executor]: HTN PRIMITIVE SUCCESS: navigate [WP76]
[INFO] [1788008302.973421686] [htn_executor]: HTN PRIMITIVE RUNNING: navigate [WP77]
[INFO] [1788008303.175313264] [htn_executor]: HTN PRIMITIVE SUCCESS: navigate [WP77]
[INFO] [1788008303.193166129] [htn_executor]: HTN PRIMITIVE RUNNING: navigate [WP78]
[INFO] [1788008303.395199769] [htn_executor]: HTN PRIMITIVE SUCCESS: navigate [WP78]
[INFO] [1788008303.413826358] [htn_executor]: HTN PRIMITIVE RUNNING: navigate [WP79]
[INFO] [1788008303.615568202] [htn_executor]: HTN PRIMITIVE SUCCESS: navigate [WP79]
[INFO] [1788008303.632989628] [htn_executor]: HTN PRIMITIVE RUNNING: navigate [WP80]
[INFO] [1788008303.833723926] [htn_executor]: HTN PRIMITIVE SUCCESS: navigate [WP80]
[INFO] [1788008303.853077678] [htn_executor]: HTN PRIMITIVE RUNNING: navigate [WP81]
[INFO] [1788008304.055120302] [htn_executor]: HTN PRIMITIVE SUCCESS: navigate [WP81]
[INFO] [1788008304.073084984] [htn_executor]: HTN PRIMITIVE RUNNING: navigate [WP82]
[INFO] [1788008304.273961315] [htn_executor]: HTN PRIMITIVE SUCCESS: navigate [WP82]
[INFO] [1788008304.293185417] [htn_executor]: HTN PRIMITIVE RUNNING: navigate [WP83]
[INFO] [1788008304.493980532] [htn_executor]: HTN PRIMITIVE SUCCESS: navigate [WP83]
[INFO] [1788008304.513391253] [htn_executor]: HTN PRIMITIVE RUNNING: navigate [WP84]
[INFO] [1788008304.715546868] [htn_executor]: HTN PRIMITIVE SUCCESS: navigate [WP84]
[INFO] [1788008304.733661760] [htn_executor]: HTN PRIMITIVE RUNNING: navigate [WP85]
[INFO] [1788008304.935596847] [htn_executor]: HTN PRIMITIVE SUCCESS: navigate [WP85]
[INFO] [1788008304.953081760] [htn_executor]: HTN PRIMITIVE RUNNING: navigate [WP86]
[INFO] [1788008305.155129870] [htn_executor]: HTN PRIMITIVE SUCCESS: navigate [WP86]
[INFO] [1788008305.173092856] [htn_executor]: HTN PRIMITIVE RUNNING: navigate [WP87]
[INFO] [1788008305.375119519] [htn_executor]: HTN PRIMITIVE SUCCESS: navigate [WP87]
[INFO] [1788008305.393078131] [htn_executor]: HTN PRIMITIVE RUNNING: navigate [WP88]
[INFO] [1788008305.592101198] [htn_executor]: HTN PRIMITIVE SUCCESS: navigate [WP88]
[INFO] [1788008305.612078957] [htn_executor]: HTN PRIMITIVE RUNNING: navigate [WP89]
[INFO] [1788008305.815155293] [htn_executor]: HTN PRIMITIVE SUCCESS: navigate [WP89]
[INFO] [1788008305.831906041] [htn_executor]: HTN PRIMITIVE RUNNING: navigate [WP90]
[INFO] [1788008306.034937881] [htn_executor]: HTN PRIMITIVE SUCCESS: navigate [WP90]
[INFO] [1788008306.053062284] [htn_executor]: HTN PRIMITIVE RUNNING: navigate [WP91]
[INFO] [1788008306.253706028] [htn_executor]: HTN PRIMITIVE SUCCESS: navigate [WP91]
[INFO] [1788008306.273171704] [htn_executor]: HTN PRIMITIVE RUNNING: navigate [WP92]
[INFO] [1788008306.473805494] [htn_executor]: HTN PRIMITIVE SUCCESS: navigate [WP92]
[INFO] [1788008306.493115135] [htn_executor]: HTN PRIMITIVE RUNNING: navigate [WP93]
[INFO] [1788008306.693846947] [htn_executor]: HTN PRIMITIVE SUCCESS: navigate [WP93]
[INFO] [1788008306.714358758] [htn_executor]: HTN PRIMITIVE RUNNING: navigate [WP94]
[INFO] [1788008306.915588078] [htn_executor]: HTN PRIMITIVE SUCCESS: navigate [WP94]
[INFO] [1788008306.933329773] [htn_executor]: HTN PRIMITIVE RUNNING: navigate [WP95]
[INFO] [1788008307.134589143] [htn_executor]: HTN PRIMITIVE SUCCESS: navigate [WP95]
[INFO] [1788008307.153170877] [htn_executor]: HTN PRIMITIVE RUNNING: navigate [WP96]
[INFO] [1788008307.353786085] [htn_executor]: HTN PRIMITIVE SUCCESS: navigate [WP96]
[INFO] [1788008307.373491809] [htn_executor]: HTN PRIMITIVE RUNNING: navigate [WP97]
[INFO] [1788008307.574993755] [htn_executor]: HTN PRIMITIVE SUCCESS: navigate [WP97]
[INFO] [1788008307.593115080] [htn_executor]: HTN PRIMITIVE RUNNING: navigate [WP98]
[INFO] [1788008307.793790478] [htn_executor]: HTN PRIMITIVE SUCCESS: navigate [WP98]
[INFO] [1788008307.813671888] [htn_executor]: HTN PRIMITIVE RUNNING: navigate [WP99]
[INFO] [1788008308.014698895] [htn_executor]: HTN PRIMITIVE SUCCESS: navigate [WP99]
[INFO] [1788008308.033032860] [htn_executor]: HTN PRIMITIVE RUNNING: navigate [WP100]
[INFO] [1788008308.236536027] [htn_executor]: HTN PRIMITIVE SUCCESS: navigate [WP100]
[INFO] [1788008308.253084490] [htn_executor]: HTN PRIMITIVE RUNNING: land
[INFO] [1788008308.453826684] [htn_executor]: HTN PRIMITIVE SUCCESS: land
[INFO] [1788008308.473381144] [htn_executor]: ================================
[INFO] [1788008308.475255716] [htn_executor]: MISSION COMPLETED
[INFO] [1788008308.476992204] [htn_executor]: Completed tasks: 102
[INFO] [1788008308.479243229] [htn_executor]: Completed navigation tasks: 100
[INFO] [1788008308.481179859] [htn_executor]: ================================
