[INFO] [1786397509.042115129] [fsm_executor]: Loading mission: /home/bishal/ros2_ws/install/mission_formalism_evaluation/share/mission_formalism_evaluation/missions/mission_3.yaml
[INFO] [1786397509.060996343] [fsm_executor]: Mission ID: M3
[INFO] [1786397509.061509698] [fsm_executor]: Mission Name: Zigzag Navigation
[INFO] [1786397509.061984915] [fsm_executor]: Mission Items: 102
[INFO] [1786397509.062479791] [fsm_executor]: FSM States: 110
[INFO] [1786397509.062994538] [fsm_executor]: FSM Transitions: 708
[INFO] [1786397509.063546104] [fsm_executor]: TRANSITION: IDLE --[START]--> TAKEOFF_0
[INFO] [1786397509.064319216] [fsm_executor]: STATE: TAKEOFF_0 | ACTION: TAKEOFF
[INFO] [1786397509.166221421] [fsm_executor]: EVENT: TASK_COMPLETED in TAKEOFF_0
[INFO] [1786397509.168125555] [fsm_executor]: TRANSITION: TAKEOFF_0 --[TASK_COMPLETED]--> NAV_1_WP1
[INFO] [1786397509.169984438] [fsm_executor]: STATE: NAV_1_WP1 | ACTION: NAVIGATE -> WP1
[INFO] [1786397509.266177422] [fsm_executor]: EVENT: TASK_COMPLETED in NAV_1_WP1
[INFO] [1786397509.268053710] [fsm_executor]: TRANSITION: NAV_1_WP1 --[TASK_COMPLETED]--> NAV_2_WP2
[INFO] [1786397509.269891014] [fsm_executor]: STATE: NAV_2_WP2 | ACTION: NAVIGATE -> WP2
[INFO] [1786397509.366247341] [fsm_executor]: EVENT: TASK_COMPLETED in NAV_2_WP2
[INFO] [1786397509.369083799] [fsm_executor]: TRANSITION: NAV_2_WP2 --[TASK_COMPLETED]--> NAV_3_WP3
[INFO] [1786397509.372891269] [fsm_executor]: STATE: NAV_3_WP3 | ACTION: NAVIGATE -> WP3
[INFO] [1786397509.466053025] [fsm_executor]: EVENT: TASK_COMPLETED in NAV_3_WP3
[INFO] [1786397509.468783907] [fsm_executor]: TRANSITION: NAV_3_WP3 --[TASK_COMPLETED]--> NAV_4_WP4
[INFO] [1786397509.472229594] [fsm_executor]: STATE: NAV_4_WP4 | ACTION: NAVIGATE -> WP4
[INFO] [1786397509.566141144] [fsm_executor]: EVENT: TASK_COMPLETED in NAV_4_WP4
[INFO] [1786397509.568936981] [fsm_executor]: TRANSITION: NAV_4_WP4 --[TASK_COMPLETED]--> NAV_5_WP5
[INFO] [1786397509.572206471] [fsm_executor]: STATE: NAV_5_WP5 | ACTION: NAVIGATE -> WP5
[INFO] [1786397509.666216706] [fsm_executor]: EVENT: TASK_COMPLETED in NAV_5_WP5
[INFO] [1786397509.667909887] [fsm_executor]: TRANSITION: NAV_5_WP5 --[TASK_COMPLETED]--> NAV_6_WP6
[INFO] [1786397509.669923893] [fsm_executor]: STATE: NAV_6_WP6 | ACTION: NAVIGATE -> WP6
[INFO] [1786397509.766112448] [fsm_executor]: EVENT: TASK_COMPLETED in NAV_6_WP6
[INFO] [1786397509.767842904] [fsm_executor]: TRANSITION: NAV_6_WP6 --[TASK_COMPLETED]--> NAV_7_WP7
[INFO] [1786397509.771336220] [fsm_executor]: STATE: NAV_7_WP7 | ACTION: NAVIGATE -> WP7
[INFO] [1786397509.866135751] [fsm_executor]: EVENT: TASK_COMPLETED in NAV_7_WP7
[INFO] [1786397509.867849232] [fsm_executor]: TRANSITION: NAV_7_WP7 --[TASK_COMPLETED]--> NAV_8_WP8
[INFO] [1786397509.869872489] [fsm_executor]: STATE: NAV_8_WP8 | ACTION: NAVIGATE -> WP8
[INFO] [1786397509.966084509] [fsm_executor]: EVENT: TASK_COMPLETED in NAV_8_WP8
[INFO] [1786397509.968825478] [fsm_executor]: TRANSITION: NAV_8_WP8 --[TASK_COMPLETED]--> NAV_9_WP9
[INFO] [1786397509.972136353] [fsm_executor]: STATE: NAV_9_WP9 | ACTION: NAVIGATE -> WP9
[INFO] [1786397510.066129692] [fsm_executor]: EVENT: TASK_COMPLETED in NAV_9_WP9
[INFO] [1786397510.067782560] [fsm_executor]: TRANSITION: NAV_9_WP9 --[TASK_COMPLETED]--> NAV_10_WP10
[INFO] [1786397510.069652133] [fsm_executor]: STATE: NAV_10_WP10 | ACTION: NAVIGATE -> WP10
[INFO] [1786397510.166529321] [fsm_executor]: EVENT: TASK_COMPLETED in NAV_10_WP10
[INFO] [1786397510.168403939] [fsm_executor]: TRANSITION: NAV_10_WP10 --[TASK_COMPLETED]--> NAV_11_WP11
[INFO] [1786397510.170527681] [fsm_executor]: STATE: NAV_11_WP11 | ACTION: NAVIGATE -> WP11
[INFO] [1786397510.266163471] [fsm_executor]: EVENT: TASK_COMPLETED in NAV_11_WP11
[INFO] [1786397510.268945010] [fsm_executor]: TRANSITION: NAV_11_WP11 --[TASK_COMPLETED]--> NAV_12_WP12
[INFO] [1786397510.272244705] [fsm_executor]: STATE: NAV_12_WP12 | ACTION: NAVIGATE -> WP12
[INFO] [1786397510.366220940] [fsm_executor]: EVENT: TASK_COMPLETED in NAV_12_WP12
[INFO] [1786397510.367945256] [fsm_executor]: TRANSITION: NAV_12_WP12 --[TASK_COMPLETED]--> NAV_13_WP13
[INFO] [1786397510.369910421] [fsm_executor]: STATE: NAV_13_WP13 | ACTION: NAVIGATE -> WP13
[INFO] [1786397510.466064153] [fsm_executor]: EVENT: TASK_COMPLETED in NAV_13_WP13
[INFO] [1786397510.467911866] [fsm_executor]: TRANSITION: NAV_13_WP13 --[TASK_COMPLETED]--> NAV_14_WP14
[INFO] [1786397510.469812821] [fsm_executor]: STATE: NAV_14_WP14 | ACTION: NAVIGATE -> WP14
[INFO] [1786397510.566047031] [fsm_executor]: EVENT: TASK_COMPLETED in NAV_14_WP14
[INFO] [1786397510.567704588] [fsm_executor]: TRANSITION: NAV_14_WP14 --[TASK_COMPLETED]--> NAV_15_WP15
[INFO] [1786397510.569497229] [fsm_executor]: STATE: NAV_15_WP15 | ACTION: NAVIGATE -> WP15
[INFO] [1786397510.666287362] [fsm_executor]: EVENT: TASK_COMPLETED in NAV_15_WP15
[INFO] [1786397510.669171622] [fsm_executor]: TRANSITION: NAV_15_WP15 --[TASK_COMPLETED]--> NAV_16_WP16
[INFO] [1786397510.672587225] [fsm_executor]: STATE: NAV_16_WP16 | ACTION: NAVIGATE -> WP16
[INFO] [1786397510.765994297] [fsm_executor]: EVENT: TASK_COMPLETED in NAV_16_WP16
[INFO] [1786397510.767701524] [fsm_executor]: TRANSITION: NAV_16_WP16 --[TASK_COMPLETED]--> NAV_17_WP17
[INFO] [1786397510.769625881] [fsm_executor]: STATE: NAV_17_WP17 | ACTION: NAVIGATE -> WP17
[INFO] [1786397510.866373110] [fsm_executor]: EVENT: TASK_COMPLETED in NAV_17_WP17
[INFO] [1786397510.868314192] [fsm_executor]: TRANSITION: NAV_17_WP17 --[TASK_COMPLETED]--> NAV_18_WP18
[INFO] [1786397510.870377937] [fsm_executor]: STATE: NAV_18_WP18 | ACTION: NAVIGATE -> WP18
[INFO] [1786397510.966249131] [fsm_executor]: EVENT: TASK_COMPLETED in NAV_18_WP18
[INFO] [1786397510.968043752] [fsm_executor]: TRANSITION: NAV_18_WP18 --[TASK_COMPLETED]--> NAV_19_WP19
[INFO] [1786397510.969903364] [fsm_executor]: STATE: NAV_19_WP19 | ACTION: NAVIGATE -> WP19
[INFO] [1786397511.065977018] [fsm_executor]: EVENT: TASK_COMPLETED in NAV_19_WP19
[INFO] [1786397511.067822903] [fsm_executor]: TRANSITION: NAV_19_WP19 --[TASK_COMPLETED]--> NAV_20_WP20
[INFO] [1786397511.069731021] [fsm_executor]: STATE: NAV_20_WP20 | ACTION: NAVIGATE -> WP20
[INFO] [1786397511.166465292] [fsm_executor]: EVENT: TASK_COMPLETED in NAV_20_WP20
[INFO] [1786397511.168453290] [fsm_executor]: TRANSITION: NAV_20_WP20 --[TASK_COMPLETED]--> NAV_21_WP21
[INFO] [1786397511.170433640] [fsm_executor]: STATE: NAV_21_WP21 | ACTION: NAVIGATE -> WP21
[INFO] [1786397511.266283043] [fsm_executor]: EVENT: TASK_COMPLETED in NAV_21_WP21
[INFO] [1786397511.269310076] [fsm_executor]: TRANSITION: NAV_21_WP21 --[TASK_COMPLETED]--> NAV_22_WP22
[INFO] [1786397511.272644488] [fsm_executor]: STATE: NAV_22_WP22 | ACTION: NAVIGATE -> WP22
[INFO] [1786397511.366189761] [fsm_executor]: EVENT: TASK_COMPLETED in NAV_22_WP22
[INFO] [1786397511.368963008] [fsm_executor]: TRANSITION: NAV_22_WP22 --[TASK_COMPLETED]--> NAV_23_WP23
[INFO] [1786397511.372379294] [fsm_executor]: STATE: NAV_23_WP23 | ACTION: NAVIGATE -> WP23
[INFO] [1786397511.466092483] [fsm_executor]: EVENT: TASK_COMPLETED in NAV_23_WP23
[INFO] [1786397511.468937653] [fsm_executor]: TRANSITION: NAV_23_WP23 --[TASK_COMPLETED]--> NAV_24_WP24
[INFO] [1786397511.472296270] [fsm_executor]: STATE: NAV_24_WP24 | ACTION: NAVIGATE -> WP24
[INFO] [1786397511.566082219] [fsm_executor]: EVENT: TASK_COMPLETED in NAV_24_WP24
[INFO] [1786397511.568824469] [fsm_executor]: TRANSITION: NAV_24_WP24 --[TASK_COMPLETED]--> NAV_25_WP25
[INFO] [1786397511.572160020] [fsm_executor]: STATE: NAV_25_WP25 | ACTION: NAVIGATE -> WP25
[INFO] [1786397511.665150993] [fsm_executor]: EVENT: TASK_COMPLETED in NAV_25_WP25
[INFO] [1786397511.666942133] [fsm_executor]: TRANSITION: NAV_25_WP25 --[TASK_COMPLETED]--> NAV_26_WP26
[INFO] [1786397511.669429989] [fsm_executor]: STATE: NAV_26_WP26 | ACTION: NAVIGATE -> WP26
[INFO] [1786397511.766082783] [fsm_executor]: EVENT: TASK_COMPLETED in NAV_26_WP26
[INFO] [1786397511.768827965] [fsm_executor]: TRANSITION: NAV_26_WP26 --[TASK_COMPLETED]--> NAV_27_WP27
[INFO] [1786397511.772287677] [fsm_executor]: STATE: NAV_27_WP27 | ACTION: NAVIGATE -> WP27
[INFO] [1786397511.864970537] [fsm_executor]: EVENT: TASK_COMPLETED in NAV_27_WP27
[INFO] [1786397511.866610171] [fsm_executor]: TRANSITION: NAV_27_WP27 --[TASK_COMPLETED]--> NAV_28_WP28
[INFO] [1786397511.868614997] [fsm_executor]: STATE: NAV_28_WP28 | ACTION: NAVIGATE -> WP28
[INFO] [1786397511.966185546] [fsm_executor]: EVENT: TASK_COMPLETED in NAV_28_WP28
[INFO] [1786397511.968929355] [fsm_executor]: TRANSITION: NAV_28_WP28 --[TASK_COMPLETED]--> NAV_29_WP29
[INFO] [1786397511.972629098] [fsm_executor]: STATE: NAV_29_WP29 | ACTION: NAVIGATE -> WP29
[INFO] [1786397512.067130431] [fsm_executor]: EVENT: TASK_COMPLETED in NAV_29_WP29
[INFO] [1786397512.069257024] [fsm_executor]: TRANSITION: NAV_29_WP29 --[TASK_COMPLETED]--> NAV_30_WP30
[INFO] [1786397512.071460841] [fsm_executor]: STATE: NAV_30_WP30 | ACTION: NAVIGATE -> WP30
[INFO] [1786397512.166242055] [fsm_executor]: EVENT: TASK_COMPLETED in NAV_30_WP30
[INFO] [1786397512.167922462] [fsm_executor]: TRANSITION: NAV_30_WP30 --[TASK_COMPLETED]--> NAV_31_WP31
[INFO] [1786397512.169828485] [fsm_executor]: STATE: NAV_31_WP31 | ACTION: NAVIGATE -> WP31
[INFO] [1786397512.264977360] [fsm_executor]: EVENT: TASK_COMPLETED in NAV_31_WP31
[INFO] [1786397512.266007608] [fsm_executor]: TRANSITION: NAV_31_WP31 --[TASK_COMPLETED]--> NAV_32_WP32
[INFO] [1786397512.267199296] [fsm_executor]: STATE: NAV_32_WP32 | ACTION: NAVIGATE -> WP32
[INFO] [1786397512.366237498] [fsm_executor]: EVENT: TASK_COMPLETED in NAV_32_WP32
[INFO] [1786397512.367957389] [fsm_executor]: TRANSITION: NAV_32_WP32 --[TASK_COMPLETED]--> NAV_33_WP33
[INFO] [1786397512.369846505] [fsm_executor]: STATE: NAV_33_WP33 | ACTION: NAVIGATE -> WP33
[INFO] [1786397512.466085280] [fsm_executor]: EVENT: TASK_COMPLETED in NAV_33_WP33
[INFO] [1786397512.468939191] [fsm_executor]: TRANSITION: NAV_33_WP33 --[TASK_COMPLETED]--> NAV_34_WP34
[INFO] [1786397512.472704359] [fsm_executor]: STATE: NAV_34_WP34 | ACTION: NAVIGATE -> WP34
[INFO] [1786397512.566217418] [fsm_executor]: EVENT: TASK_COMPLETED in NAV_34_WP34
[INFO] [1786397512.568952210] [fsm_executor]: TRANSITION: NAV_34_WP34 --[TASK_COMPLETED]--> NAV_35_WP35
[INFO] [1786397512.572376275] [fsm_executor]: STATE: NAV_35_WP35 | ACTION: NAVIGATE -> WP35
[INFO] [1786397512.665085190] [fsm_executor]: EVENT: TASK_COMPLETED in NAV_35_WP35
[INFO] [1786397512.667314877] [fsm_executor]: TRANSITION: NAV_35_WP35 --[TASK_COMPLETED]--> NAV_36_WP36
[INFO] [1786397512.670237866] [fsm_executor]: STATE: NAV_36_WP36 | ACTION: NAVIGATE -> WP36
[INFO] [1786397512.766180546] [fsm_executor]: EVENT: TASK_COMPLETED in NAV_36_WP36
[INFO] [1786397512.768122143] [fsm_executor]: TRANSITION: NAV_36_WP36 --[TASK_COMPLETED]--> NAV_37_WP37
[INFO] [1786397512.770195697] [fsm_executor]: STATE: NAV_37_WP37 | ACTION: NAVIGATE -> WP37
[INFO] [1786397512.865581625] [fsm_executor]: EVENT: TASK_COMPLETED in NAV_37_WP37
[INFO] [1786397512.866784693] [fsm_executor]: TRANSITION: NAV_37_WP37 --[TASK_COMPLETED]--> NAV_38_WP38
[INFO] [1786397512.868007146] [fsm_executor]: STATE: NAV_38_WP38 | ACTION: NAVIGATE -> WP38
[INFO] [1786397512.966187756] [fsm_executor]: EVENT: TASK_COMPLETED in NAV_38_WP38
[INFO] [1786397512.967854918] [fsm_executor]: TRANSITION: NAV_38_WP38 --[TASK_COMPLETED]--> NAV_39_WP39
[INFO] [1786397512.969692239] [fsm_executor]: STATE: NAV_39_WP39 | ACTION: NAVIGATE -> WP39
[INFO] [1786397513.064694170] [fsm_executor]: EVENT: TASK_COMPLETED in NAV_39_WP39
[INFO] [1786397513.065534415] [fsm_executor]: TRANSITION: NAV_39_WP39 --[TASK_COMPLETED]--> NAV_40_WP40
[INFO] [1786397513.066466100] [fsm_executor]: STATE: NAV_40_WP40 | ACTION: NAVIGATE -> WP40
[INFO] [1786397513.166195649] [fsm_executor]: EVENT: TASK_COMPLETED in NAV_40_WP40
[INFO] [1786397513.167887636] [fsm_executor]: TRANSITION: NAV_40_WP40 --[TASK_COMPLETED]--> NAV_41_WP41
[INFO] [1786397513.169755608] [fsm_executor]: STATE: NAV_41_WP41 | ACTION: NAVIGATE -> WP41
[INFO] [1786397513.264599693] [fsm_executor]: EVENT: TASK_COMPLETED in NAV_41_WP41
[INFO] [1786397513.265497004] [fsm_executor]: TRANSITION: NAV_41_WP41 --[TASK_COMPLETED]--> NAV_42_WP42
[INFO] [1786397513.266554744] [fsm_executor]: STATE: NAV_42_WP42 | ACTION: NAVIGATE -> WP42
[INFO] [1786397513.366196861] [fsm_executor]: EVENT: TASK_COMPLETED in NAV_42_WP42
[INFO] [1786397513.367907252] [fsm_executor]: TRANSITION: NAV_42_WP42 --[TASK_COMPLETED]--> NAV_43_WP43
[INFO] [1786397513.369778540] [fsm_executor]: STATE: NAV_43_WP43 | ACTION: NAVIGATE -> WP43
[INFO] [1786397513.465061935] [fsm_executor]: EVENT: TASK_COMPLETED in NAV_43_WP43
[INFO] [1786397513.466730509] [fsm_executor]: TRANSITION: NAV_43_WP43 --[TASK_COMPLETED]--> NAV_44_WP44
[INFO] [1786397513.468805501] [fsm_executor]: STATE: NAV_44_WP44 | ACTION: NAVIGATE -> WP44
[INFO] [1786397513.566092848] [fsm_executor]: EVENT: TASK_COMPLETED in NAV_44_WP44
[INFO] [1786397513.567757611] [fsm_executor]: TRANSITION: NAV_44_WP44 --[TASK_COMPLETED]--> NAV_45_WP45
[INFO] [1786397513.569662744] [fsm_executor]: STATE: NAV_45_WP45 | ACTION: NAVIGATE -> WP45
[INFO] [1786397513.664710767] [fsm_executor]: EVENT: TASK_COMPLETED in NAV_45_WP45
[INFO] [1786397513.666397924] [fsm_executor]: TRANSITION: NAV_45_WP45 --[TASK_COMPLETED]--> NAV_46_WP46
[INFO] [1786397513.667472651] [fsm_executor]: STATE: NAV_46_WP46 | ACTION: NAVIGATE -> WP46
[INFO] [1786397513.764139648] [fsm_executor]: EVENT: TASK_COMPLETED in NAV_46_WP46
[INFO] [1786397513.764951979] [fsm_executor]: TRANSITION: NAV_46_WP46 --[TASK_COMPLETED]--> NAV_47_WP47
[INFO] [1786397513.765930330] [fsm_executor]: STATE: NAV_47_WP47 | ACTION: NAVIGATE -> WP47
[INFO] [1786397513.867073083] [fsm_executor]: EVENT: TASK_COMPLETED in NAV_47_WP47
[INFO] [1786397513.869985162] [fsm_executor]: TRANSITION: NAV_47_WP47 --[TASK_COMPLETED]--> NAV_48_WP48
[INFO] [1786397513.873332683] [fsm_executor]: STATE: NAV_48_WP48 | ACTION: NAVIGATE -> WP48
[INFO] [1786397513.966353957] [fsm_executor]: EVENT: TASK_COMPLETED in NAV_48_WP48
[INFO] [1786397513.969170962] [fsm_executor]: TRANSITION: NAV_48_WP48 --[TASK_COMPLETED]--> NAV_49_WP49
[INFO] [1786397513.972461388] [fsm_executor]: STATE: NAV_49_WP49 | ACTION: NAVIGATE -> WP49
[INFO] [1786397514.065245099] [fsm_executor]: EVENT: TASK_COMPLETED in NAV_49_WP49
[INFO] [1786397514.066685760] [fsm_executor]: TRANSITION: NAV_49_WP49 --[TASK_COMPLETED]--> NAV_50_WP50
[INFO] [1786397514.068664200] [fsm_executor]: STATE: NAV_50_WP50 | ACTION: NAVIGATE -> WP50
[INFO] [1786397514.166183463] [fsm_executor]: EVENT: TASK_COMPLETED in NAV_50_WP50
[INFO] [1786397514.168926826] [fsm_executor]: TRANSITION: NAV_50_WP50 --[TASK_COMPLETED]--> NAV_51_WP51
[INFO] [1786397514.172342149] [fsm_executor]: STATE: NAV_51_WP51 | ACTION: NAVIGATE -> WP51
[INFO] [1786397514.266866826] [fsm_executor]: EVENT: TASK_COMPLETED in NAV_51_WP51
[INFO] [1786397514.270635700] [fsm_executor]: TRANSITION: NAV_51_WP51 --[TASK_COMPLETED]--> NAV_52_WP52
[INFO] [1786397514.274097608] [fsm_executor]: STATE: NAV_52_WP52 | ACTION: NAVIGATE -> WP52
[INFO] [1786397514.366163645] [fsm_executor]: EVENT: TASK_COMPLETED in NAV_52_WP52
[INFO] [1786397514.368957444] [fsm_executor]: TRANSITION: NAV_52_WP52 --[TASK_COMPLETED]--> NAV_53_WP53
[INFO] [1786397514.372270928] [fsm_executor]: STATE: NAV_53_WP53 | ACTION: NAVIGATE -> WP53
[INFO] [1786397514.465276465] [fsm_executor]: EVENT: TASK_COMPLETED in NAV_53_WP53
[INFO] [1786397514.466986724] [fsm_executor]: TRANSITION: NAV_53_WP53 --[TASK_COMPLETED]--> NAV_54_WP54
[INFO] [1786397514.468400580] [fsm_executor]: STATE: NAV_54_WP54 | ACTION: NAVIGATE -> WP54
[INFO] [1786397514.566176881] [fsm_executor]: EVENT: TASK_COMPLETED in NAV_54_WP54
[INFO] [1786397514.568934772] [fsm_executor]: TRANSITION: NAV_54_WP54 --[TASK_COMPLETED]--> NAV_55_WP55
[INFO] [1786397514.572257273] [fsm_executor]: STATE: NAV_55_WP55 | ACTION: NAVIGATE -> WP55
[INFO] [1786397514.664718584] [fsm_executor]: EVENT: TASK_COMPLETED in NAV_55_WP55
[INFO] [1786397514.665828984] [fsm_executor]: TRANSITION: NAV_55_WP55 --[TASK_COMPLETED]--> NAV_56_WP56
[INFO] [1786397514.666823716] [fsm_executor]: STATE: NAV_56_WP56 | ACTION: NAVIGATE -> WP56
[INFO] [1786397514.766071356] [fsm_executor]: EVENT: TASK_COMPLETED in NAV_56_WP56
[INFO] [1786397514.767795081] [fsm_executor]: TRANSITION: NAV_56_WP56 --[TASK_COMPLETED]--> NAV_57_WP57
[INFO] [1786397514.769729981] [fsm_executor]: STATE: NAV_57_WP57 | ACTION: NAVIGATE -> WP57
[INFO] [1786397514.864628735] [fsm_executor]: EVENT: TASK_COMPLETED in NAV_57_WP57
[INFO] [1786397514.865969974] [fsm_executor]: TRANSITION: NAV_57_WP57 --[TASK_COMPLETED]--> NAV_58_WP58
[INFO] [1786397514.867570988] [fsm_executor]: STATE: NAV_58_WP58 | ACTION: NAVIGATE -> WP58
[INFO] [1786397514.966075948] [fsm_executor]: EVENT: TASK_COMPLETED in NAV_58_WP58
[INFO] [1786397514.968848931] [fsm_executor]: TRANSITION: NAV_58_WP58 --[TASK_COMPLETED]--> NAV_59_WP59
[INFO] [1786397514.972167787] [fsm_executor]: STATE: NAV_59_WP59 | ACTION: NAVIGATE -> WP59
[INFO] [1786397515.064644744] [fsm_executor]: EVENT: TASK_COMPLETED in NAV_59_WP59
[INFO] [1786397515.066345959] [fsm_executor]: TRANSITION: NAV_59_WP59 --[TASK_COMPLETED]--> NAV_60_WP60
[INFO] [1786397515.068324927] [fsm_executor]: STATE: NAV_60_WP60 | ACTION: NAVIGATE -> WP60
[INFO] [1786397515.166188264] [fsm_executor]: EVENT: TASK_COMPLETED in NAV_60_WP60
[INFO] [1786397515.168965883] [fsm_executor]: TRANSITION: NAV_60_WP60 --[TASK_COMPLETED]--> NAV_61_WP61
[INFO] [1786397515.172283932] [fsm_executor]: STATE: NAV_61_WP61 | ACTION: NAVIGATE -> WP61
[INFO] [1786397515.266565461] [fsm_executor]: EVENT: TASK_COMPLETED in NAV_61_WP61
[INFO] [1786397515.269531949] [fsm_executor]: TRANSITION: NAV_61_WP61 --[TASK_COMPLETED]--> NAV_62_WP62
[INFO] [1786397515.272847991] [fsm_executor]: STATE: NAV_62_WP62 | ACTION: NAVIGATE -> WP62
[INFO] [1786397515.366063590] [fsm_executor]: EVENT: TASK_COMPLETED in NAV_62_WP62
[INFO] [1786397515.368823494] [fsm_executor]: TRANSITION: NAV_62_WP62 --[TASK_COMPLETED]--> NAV_63_WP63
[INFO] [1786397515.372120802] [fsm_executor]: STATE: NAV_63_WP63 | ACTION: NAVIGATE -> WP63
[INFO] [1786397515.464483008] [fsm_executor]: EVENT: TASK_COMPLETED in NAV_63_WP63
[INFO] [1786397515.465587866] [fsm_executor]: TRANSITION: NAV_63_WP63 --[TASK_COMPLETED]--> NAV_64_WP64
[INFO] [1786397515.466982292] [fsm_executor]: STATE: NAV_64_WP64 | ACTION: NAVIGATE -> WP64
[INFO] [1786397515.566085563] [fsm_executor]: EVENT: TASK_COMPLETED in NAV_64_WP64
[INFO] [1786397515.568811103] [fsm_executor]: TRANSITION: NAV_64_WP64 --[TASK_COMPLETED]--> NAV_65_WP65
[INFO] [1786397515.572155157] [fsm_executor]: STATE: NAV_65_WP65 | ACTION: NAVIGATE -> WP65
[INFO] [1786397515.664769825] [fsm_executor]: EVENT: TASK_COMPLETED in NAV_65_WP65
[INFO] [1786397515.666216239] [fsm_executor]: TRANSITION: NAV_65_WP65 --[TASK_COMPLETED]--> NAV_66_WP66
[INFO] [1786397515.667854453] [fsm_executor]: STATE: NAV_66_WP66 | ACTION: NAVIGATE -> WP66
[INFO] [1786397515.766337184] [fsm_executor]: EVENT: TASK_COMPLETED in NAV_66_WP66
[INFO] [1786397515.769119765] [fsm_executor]: TRANSITION: NAV_66_WP66 --[TASK_COMPLETED]--> NAV_67_WP67
[INFO] [1786397515.772516615] [fsm_executor]: STATE: NAV_67_WP67 | ACTION: NAVIGATE -> WP67
[INFO] [1786397515.865303351] [fsm_executor]: EVENT: TASK_COMPLETED in NAV_67_WP67
[INFO] [1786397515.866934395] [fsm_executor]: TRANSITION: NAV_67_WP67 --[TASK_COMPLETED]--> NAV_68_WP68
[INFO] [1786397515.868203773] [fsm_executor]: STATE: NAV_68_WP68 | ACTION: NAVIGATE -> WP68
[INFO] [1786397515.966177941] [fsm_executor]: EVENT: TASK_COMPLETED in NAV_68_WP68
[INFO] [1786397515.967848424] [fsm_executor]: TRANSITION: NAV_68_WP68 --[TASK_COMPLETED]--> NAV_69_WP69
[INFO] [1786397515.969694763] [fsm_executor]: STATE: NAV_69_WP69 | ACTION: NAVIGATE -> WP69
[INFO] [1786397516.065520526] [fsm_executor]: EVENT: TASK_COMPLETED in NAV_69_WP69
[INFO] [1786397516.067756239] [fsm_executor]: TRANSITION: NAV_69_WP69 --[TASK_COMPLETED]--> NAV_70_WP70
[INFO] [1786397516.071072132] [fsm_executor]: STATE: NAV_70_WP70 | ACTION: NAVIGATE -> WP70
[INFO] [1786397516.166489346] [fsm_executor]: EVENT: TASK_COMPLETED in NAV_70_WP70
[INFO] [1786397516.169574248] [fsm_executor]: TRANSITION: NAV_70_WP70 --[TASK_COMPLETED]--> NAV_71_WP71
[INFO] [1786397516.172909453] [fsm_executor]: STATE: NAV_71_WP71 | ACTION: NAVIGATE -> WP71
[INFO] [1786397516.266167811] [fsm_executor]: EVENT: TASK_COMPLETED in NAV_71_WP71
[INFO] [1786397516.269110964] [fsm_executor]: TRANSITION: NAV_71_WP71 --[TASK_COMPLETED]--> NAV_72_WP72
[INFO] [1786397516.272397915] [fsm_executor]: STATE: NAV_72_WP72 | ACTION: NAVIGATE -> WP72
[INFO] [1786397516.366134203] [fsm_executor]: EVENT: TASK_COMPLETED in NAV_72_WP72
[INFO] [1786397516.368888613] [fsm_executor]: TRANSITION: NAV_72_WP72 --[TASK_COMPLETED]--> NAV_73_WP73
[INFO] [1786397516.372238999] [fsm_executor]: STATE: NAV_73_WP73 | ACTION: NAVIGATE -> WP73
[INFO] [1786397516.466157258] [fsm_executor]: EVENT: TASK_COMPLETED in NAV_73_WP73
[INFO] [1786397516.469314296] [fsm_executor]: TRANSITION: NAV_73_WP73 --[TASK_COMPLETED]--> NAV_74_WP74
[INFO] [1786397516.472633988] [fsm_executor]: STATE: NAV_74_WP74 | ACTION: NAVIGATE -> WP74
[INFO] [1786397516.566106287] [fsm_executor]: EVENT: TASK_COMPLETED in NAV_74_WP74
[INFO] [1786397516.568888607] [fsm_executor]: TRANSITION: NAV_74_WP74 --[TASK_COMPLETED]--> NAV_75_WP75
[INFO] [1786397516.572181186] [fsm_executor]: STATE: NAV_75_WP75 | ACTION: NAVIGATE -> WP75
[INFO] [1786397516.666084622] [fsm_executor]: EVENT: TASK_COMPLETED in NAV_75_WP75
[INFO] [1786397516.668993602] [fsm_executor]: TRANSITION: NAV_75_WP75 --[TASK_COMPLETED]--> NAV_76_WP76
[INFO] [1786397516.671991299] [fsm_executor]: STATE: NAV_76_WP76 | ACTION: NAVIGATE -> WP76
[INFO] [1786397516.766559800] [fsm_executor]: EVENT: TASK_COMPLETED in NAV_76_WP76
[INFO] [1786397516.769519668] [fsm_executor]: TRANSITION: NAV_76_WP76 --[TASK_COMPLETED]--> NAV_77_WP77
[INFO] [1786397516.774121390] [fsm_executor]: STATE: NAV_77_WP77 | ACTION: NAVIGATE -> WP77
[INFO] [1786397516.866262130] [fsm_executor]: EVENT: TASK_COMPLETED in NAV_77_WP77
[INFO] [1786397516.869498477] [fsm_executor]: TRANSITION: NAV_77_WP77 --[TASK_COMPLETED]--> NAV_78_WP78
[INFO] [1786397516.872963085] [fsm_executor]: STATE: NAV_78_WP78 | ACTION: NAVIGATE -> WP78
[INFO] [1786397516.966462386] [fsm_executor]: EVENT: TASK_COMPLETED in NAV_78_WP78
[INFO] [1786397516.968198425] [fsm_executor]: TRANSITION: NAV_78_WP78 --[TASK_COMPLETED]--> NAV_79_WP79
[INFO] [1786397516.969995673] [fsm_executor]: STATE: NAV_79_WP79 | ACTION: NAVIGATE -> WP79
[INFO] [1786397517.064458768] [fsm_executor]: EVENT: TASK_COMPLETED in NAV_79_WP79
[INFO] [1786397517.065515722] [fsm_executor]: TRANSITION: NAV_79_WP79 --[TASK_COMPLETED]--> NAV_80_WP80
[INFO] [1786397517.066778490] [fsm_executor]: STATE: NAV_80_WP80 | ACTION: NAVIGATE -> WP80
[INFO] [1786397517.166172462] [fsm_executor]: EVENT: TASK_COMPLETED in NAV_80_WP80
[INFO] [1786397517.168946333] [fsm_executor]: TRANSITION: NAV_80_WP80 --[TASK_COMPLETED]--> NAV_81_WP81
[INFO] [1786397517.172257375] [fsm_executor]: STATE: NAV_81_WP81 | ACTION: NAVIGATE -> WP81
[INFO] [1786397517.266186753] [fsm_executor]: EVENT: TASK_COMPLETED in NAV_81_WP81
[INFO] [1786397517.269055010] [fsm_executor]: TRANSITION: NAV_81_WP81 --[TASK_COMPLETED]--> NAV_82_WP82
[INFO] [1786397517.272507961] [fsm_executor]: STATE: NAV_82_WP82 | ACTION: NAVIGATE -> WP82
[INFO] [1786397517.366005504] [fsm_executor]: EVENT: TASK_COMPLETED in NAV_82_WP82
[INFO] [1786397517.368782631] [fsm_executor]: TRANSITION: NAV_82_WP82 --[TASK_COMPLETED]--> NAV_83_WP83
[INFO] [1786397517.372206761] [fsm_executor]: STATE: NAV_83_WP83 | ACTION: NAVIGATE -> WP83
[INFO] [1786397517.464416361] [fsm_executor]: EVENT: TASK_COMPLETED in NAV_83_WP83
[INFO] [1786397517.465630240] [fsm_executor]: TRANSITION: NAV_83_WP83 --[TASK_COMPLETED]--> NAV_84_WP84
[INFO] [1786397517.467104731] [fsm_executor]: STATE: NAV_84_WP84 | ACTION: NAVIGATE -> WP84
[INFO] [1786397517.566143337] [fsm_executor]: EVENT: TASK_COMPLETED in NAV_84_WP84
[INFO] [1786397517.568914912] [fsm_executor]: TRANSITION: NAV_84_WP84 --[TASK_COMPLETED]--> NAV_85_WP85
[INFO] [1786397517.572223109] [fsm_executor]: STATE: NAV_85_WP85 | ACTION: NAVIGATE -> WP85
[INFO] [1786397517.664542264] [fsm_executor]: EVENT: TASK_COMPLETED in NAV_85_WP85
[INFO] [1786397517.665772058] [fsm_executor]: TRANSITION: NAV_85_WP85 --[TASK_COMPLETED]--> NAV_86_WP86
[INFO] [1786397517.667262446] [fsm_executor]: STATE: NAV_86_WP86 | ACTION: NAVIGATE -> WP86
[INFO] [1786397517.766098102] [fsm_executor]: EVENT: TASK_COMPLETED in NAV_86_WP86
[INFO] [1786397517.767946915] [fsm_executor]: TRANSITION: NAV_86_WP86 --[TASK_COMPLETED]--> NAV_87_WP87
[INFO] [1786397517.771511492] [fsm_executor]: STATE: NAV_87_WP87 | ACTION: NAVIGATE -> WP87
[INFO] [1786397517.864997027] [fsm_executor]: EVENT: TASK_COMPLETED in NAV_87_WP87
[INFO] [1786397517.866050837] [fsm_executor]: TRANSITION: NAV_87_WP87 --[TASK_COMPLETED]--> NAV_88_WP88
[INFO] [1786397517.867210274] [fsm_executor]: STATE: NAV_88_WP88 | ACTION: NAVIGATE -> WP88
[INFO] [1786397517.966581167] [fsm_executor]: EVENT: TASK_COMPLETED in NAV_88_WP88
[INFO] [1786397517.968645372] [fsm_executor]: TRANSITION: NAV_88_WP88 --[TASK_COMPLETED]--> NAV_89_WP89
[INFO] [1786397517.971509664] [fsm_executor]: STATE: NAV_89_WP89 | ACTION: NAVIGATE -> WP89
[INFO] [1786397518.065520757] [fsm_executor]: EVENT: TASK_COMPLETED in NAV_89_WP89
[INFO] [1786397518.067134856] [fsm_executor]: TRANSITION: NAV_89_WP89 --[TASK_COMPLETED]--> NAV_90_WP90
[INFO] [1786397518.070648185] [fsm_executor]: STATE: NAV_90_WP90 | ACTION: NAVIGATE -> WP90
[INFO] [1786397518.166235441] [fsm_executor]: EVENT: TASK_COMPLETED in NAV_90_WP90
[INFO] [1786397518.169268760] [fsm_executor]: TRANSITION: NAV_90_WP90 --[TASK_COMPLETED]--> NAV_91_WP91
[INFO] [1786397518.172591161] [fsm_executor]: STATE: NAV_91_WP91 | ACTION: NAVIGATE -> WP91
[INFO] [1786397518.264404410] [fsm_executor]: EVENT: TASK_COMPLETED in NAV_91_WP91
[INFO] [1786397518.265097753] [fsm_executor]: TRANSITION: NAV_91_WP91 --[TASK_COMPLETED]--> NAV_92_WP92
[INFO] [1786397518.265827860] [fsm_executor]: STATE: NAV_92_WP92 | ACTION: NAVIGATE -> WP92
[INFO] [1786397518.366182931] [fsm_executor]: EVENT: TASK_COMPLETED in NAV_92_WP92
[INFO] [1786397518.368921534] [fsm_executor]: TRANSITION: NAV_92_WP92 --[TASK_COMPLETED]--> NAV_93_WP93
[INFO] [1786397518.372282410] [fsm_executor]: STATE: NAV_93_WP93 | ACTION: NAVIGATE -> WP93
[INFO] [1786397518.466089033] [fsm_executor]: EVENT: TASK_COMPLETED in NAV_93_WP93
[INFO] [1786397518.469098025] [fsm_executor]: TRANSITION: NAV_93_WP93 --[TASK_COMPLETED]--> NAV_94_WP94
[INFO] [1786397518.472554732] [fsm_executor]: STATE: NAV_94_WP94 | ACTION: NAVIGATE -> WP94
[INFO] [1786397518.566490158] [fsm_executor]: EVENT: TASK_COMPLETED in NAV_94_WP94
[INFO] [1786397518.569269628] [fsm_executor]: TRANSITION: NAV_94_WP94 --[TASK_COMPLETED]--> NAV_95_WP95
[INFO] [1786397518.572684023] [fsm_executor]: STATE: NAV_95_WP95 | ACTION: NAVIGATE -> WP95
[INFO] [1786397518.667153887] [fsm_executor]: EVENT: TASK_COMPLETED in NAV_95_WP95
[INFO] [1786397518.670002837] [fsm_executor]: TRANSITION: NAV_95_WP95 --[TASK_COMPLETED]--> NAV_96_WP96
[INFO] [1786397518.673370197] [fsm_executor]: STATE: NAV_96_WP96 | ACTION: NAVIGATE -> WP96
[INFO] [1786397518.766124097] [fsm_executor]: EVENT: TASK_COMPLETED in NAV_96_WP96
[INFO] [1786397518.768947103] [fsm_executor]: TRANSITION: NAV_96_WP96 --[TASK_COMPLETED]--> NAV_97_WP97
[INFO] [1786397518.772418297] [fsm_executor]: STATE: NAV_97_WP97 | ACTION: NAVIGATE -> WP97
[INFO] [1786397518.864232747] [fsm_executor]: EVENT: TASK_COMPLETED in NAV_97_WP97
[INFO] [1786397518.865323777] [fsm_executor]: TRANSITION: NAV_97_WP97 --[TASK_COMPLETED]--> NAV_98_WP98
[INFO] [1786397518.866610720] [fsm_executor]: STATE: NAV_98_WP98 | ACTION: NAVIGATE -> WP98
[INFO] [1786397518.966072275] [fsm_executor]: EVENT: TASK_COMPLETED in NAV_98_WP98
[INFO] [1786397518.968805401] [fsm_executor]: TRANSITION: NAV_98_WP98 --[TASK_COMPLETED]--> NAV_99_WP99
[INFO] [1786397518.972132723] [fsm_executor]: STATE: NAV_99_WP99 | ACTION: NAVIGATE -> WP99
[INFO] [1786397519.064491061] [fsm_executor]: EVENT: TASK_COMPLETED in NAV_99_WP99
[INFO] [1786397519.065604383] [fsm_executor]: TRANSITION: NAV_99_WP99 --[TASK_COMPLETED]--> NAV_100_WP100
[INFO] [1786397519.066413021] [fsm_executor]: STATE: NAV_100_WP100 | ACTION: NAVIGATE -> WP100
[INFO] [1786397519.166081329] [fsm_executor]: EVENT: TASK_COMPLETED in NAV_100_WP100
[INFO] [1786397519.168820725] [fsm_executor]: TRANSITION: NAV_100_WP100 --[TASK_COMPLETED]--> LAND_101
[INFO] [1786397519.172162629] [fsm_executor]: STATE: LAND_101 | ACTION: LAND
[INFO] [1786397519.267190041] [fsm_executor]: EVENT: TASK_COMPLETED in LAND_101
[INFO] [1786397519.269983100] [fsm_executor]: TRANSITION: LAND_101 --[TASK_COMPLETED]--> COMPLETED
[INFO] [1786397519.272932636] [fsm_executor]: STATE: COMPLETED
[INFO] [1786397519.275343131] [fsm_executor]: FSM mission completed successfully.
