[INFO] [1788011144.422994772] [htn_executor]: Loading mission: /home/bishal/ros2_ws/install/mission_formalism_evaluation/share/mission_formalism_evaluation/missions/mission_4.yaml
[INFO] [1788011144.999334510] [htn_executor]: ================================
[INFO] [1788011145.000243191] [htn_executor]: HTN Mission Executor
[INFO] [1788011145.000827227] [htn_executor]: Mode: FINAL_SCENARIO_CAPABLE
[INFO] [1788011145.001459645] [htn_executor]: Model: Totally Ordered State-Based HTN
[INFO] [1788011145.002404744] [htn_executor]: Mission ID: M4
[INFO] [1788011145.003711896] [htn_executor]: Mission Name: Zigzag and Return
[INFO] [1788011145.004469035] [htn_executor]: Mission Items: 201
[INFO] [1788011145.005557569] [htn_executor]: HTN Primitive Operators: 12
[INFO] [1788011145.006504747] [htn_executor]: HTN Compound Tasks: 4
[INFO] [1788011145.007749480] [htn_executor]: HTN Methods: 16
[INFO] [1788011145.008886301] [htn_executor]: Mission Method Applications: 203
[INFO] [1788011145.009597431] [htn_executor]: Generated Primitive Plan: 201
[INFO] [1788011145.010287483] [htn_executor]: ================================
[INFO] [1788011145.031258574] [htn_executor]: HTN PRIMITIVE RUNNING: takeoff
[INFO] [1788011145.233749512] [htn_executor]: HTN PRIMITIVE SUCCESS: takeoff
[INFO] [1788011145.254192914] [htn_executor]: HTN PRIMITIVE RUNNING: navigate [WP1]
[INFO] [1788011145.455468426] [htn_executor]: HTN PRIMITIVE SUCCESS: navigate [WP1]
[INFO] [1788011145.474227146] [htn_executor]: HTN PRIMITIVE RUNNING: navigate [WP2]
[INFO] [1788011145.675393901] [htn_executor]: HTN PRIMITIVE SUCCESS: navigate [WP2]
[INFO] [1788011145.692950190] [htn_executor]: HTN PRIMITIVE RUNNING: navigate [WP3]
[INFO] [1788011145.895271682] [htn_executor]: HTN PRIMITIVE SUCCESS: navigate [WP3]
[INFO] [1788011145.912701543] [htn_executor]: HTN PRIMITIVE RUNNING: navigate [WP4]
[INFO] [1788011146.116081462] [htn_executor]: HTN PRIMITIVE SUCCESS: navigate [WP4]
[INFO] [1788011146.134435009] [htn_executor]: HTN PRIMITIVE RUNNING: navigate [WP5]
[INFO] [1788011146.333745284] [htn_executor]: HTN PRIMITIVE SUCCESS: navigate [WP5]
[INFO] [1788011146.352762726] [htn_executor]: HTN PRIMITIVE RUNNING: navigate [WP6]
[INFO] [1788011146.553529170] [htn_executor]: HTN PRIMITIVE SUCCESS: navigate [WP6]
[INFO] [1788011146.572990225] [htn_executor]: HTN PRIMITIVE RUNNING: navigate [WP7]
[INFO] [1788011146.773304682] [htn_executor]: HTN PRIMITIVE SUCCESS: navigate [WP7]
[INFO] [1788011146.793090748] [htn_executor]: HTN PRIMITIVE RUNNING: navigate [WP8]
[INFO] [1788011146.994187829] [htn_executor]: HTN PRIMITIVE SUCCESS: navigate [WP8]
[INFO] [1788011147.012815467] [htn_executor]: HTN PRIMITIVE RUNNING: navigate [WP9]
[INFO] [1788011147.213343544] [htn_executor]: HTN PRIMITIVE SUCCESS: navigate [WP9]
[INFO] [1788011147.233085103] [htn_executor]: HTN PRIMITIVE RUNNING: navigate [WP10]
[INFO] [1788011147.433667337] [htn_executor]: HTN PRIMITIVE SUCCESS: navigate [WP10]
[INFO] [1788011147.452760027] [htn_executor]: HTN PRIMITIVE RUNNING: navigate [WP11]
[INFO] [1788011147.654708511] [htn_executor]: HTN PRIMITIVE SUCCESS: navigate [WP11]
[INFO] [1788011147.672702613] [htn_executor]: HTN PRIMITIVE RUNNING: navigate [WP12]
[INFO] [1788011147.874884827] [htn_executor]: HTN PRIMITIVE SUCCESS: navigate [WP12]
[INFO] [1788011147.893993101] [htn_executor]: HTN PRIMITIVE RUNNING: navigate [WP13]
[INFO] [1788011148.095060680] [htn_executor]: HTN PRIMITIVE SUCCESS: navigate [WP13]
[INFO] [1788011148.112430842] [htn_executor]: HTN PRIMITIVE RUNNING: navigate [WP14]
[INFO] [1788011148.314837868] [htn_executor]: HTN PRIMITIVE SUCCESS: navigate [WP14]
[INFO] [1788011148.332233193] [htn_executor]: HTN PRIMITIVE RUNNING: navigate [WP15]
[INFO] [1788011148.534951551] [htn_executor]: HTN PRIMITIVE SUCCESS: navigate [WP15]
[INFO] [1788011148.552734254] [htn_executor]: HTN PRIMITIVE RUNNING: navigate [WP16]
[INFO] [1788011148.751922660] [htn_executor]: HTN PRIMITIVE SUCCESS: navigate [WP16]
[INFO] [1788011148.771925625] [htn_executor]: HTN PRIMITIVE RUNNING: navigate [WP17]
[INFO] [1788011148.973985295] [htn_executor]: HTN PRIMITIVE SUCCESS: navigate [WP17]
[INFO] [1788011148.993831649] [htn_executor]: HTN PRIMITIVE RUNNING: navigate [WP18]
[INFO] [1788011149.194857547] [htn_executor]: HTN PRIMITIVE SUCCESS: navigate [WP18]
[INFO] [1788011149.212699893] [htn_executor]: HTN PRIMITIVE RUNNING: navigate [WP19]
[INFO] [1788011149.415874916] [htn_executor]: HTN PRIMITIVE SUCCESS: navigate [WP19]
[INFO] [1788011149.433362324] [htn_executor]: HTN PRIMITIVE RUNNING: navigate [WP20]
[INFO] [1788011149.635316134] [htn_executor]: HTN PRIMITIVE SUCCESS: navigate [WP20]
[INFO] [1788011149.652850698] [htn_executor]: HTN PRIMITIVE RUNNING: navigate [WP21]
[INFO] [1788011149.853570985] [htn_executor]: HTN PRIMITIVE SUCCESS: navigate [WP21]
[INFO] [1788011149.872656373] [htn_executor]: HTN PRIMITIVE RUNNING: navigate [WP22]
[INFO] [1788011150.072780500] [htn_executor]: HTN PRIMITIVE SUCCESS: navigate [WP22]
[INFO] [1788011150.091254038] [htn_executor]: HTN PRIMITIVE RUNNING: navigate [WP23]
[INFO] [1788011150.294923101] [htn_executor]: HTN PRIMITIVE SUCCESS: navigate [WP23]
[INFO] [1788011150.315370767] [htn_executor]: HTN PRIMITIVE RUNNING: navigate [WP24]
[INFO] [1788011150.515140490] [htn_executor]: HTN PRIMITIVE SUCCESS: navigate [WP24]
[INFO] [1788011150.533547654] [htn_executor]: HTN PRIMITIVE RUNNING: navigate [WP25]
[INFO] [1788011150.736779793] [htn_executor]: HTN PRIMITIVE SUCCESS: navigate [WP25]
[INFO] [1788011150.751601410] [htn_executor]: HTN PRIMITIVE RUNNING: navigate [WP26]
[INFO] [1788011150.955418900] [htn_executor]: HTN PRIMITIVE SUCCESS: navigate [WP26]
[INFO] [1788011150.974246384] [htn_executor]: HTN PRIMITIVE RUNNING: navigate [WP27]
[INFO] [1788011151.174770173] [htn_executor]: HTN PRIMITIVE SUCCESS: navigate [WP27]
[INFO] [1788011151.192899280] [htn_executor]: HTN PRIMITIVE RUNNING: navigate [WP28]
[INFO] [1788011151.393566067] [htn_executor]: HTN PRIMITIVE SUCCESS: navigate [WP28]
[INFO] [1788011151.411675719] [htn_executor]: HTN PRIMITIVE RUNNING: navigate [WP29]
[INFO] [1788011151.615135613] [htn_executor]: HTN PRIMITIVE SUCCESS: navigate [WP29]
[INFO] [1788011151.633806797] [htn_executor]: HTN PRIMITIVE RUNNING: navigate [WP30]
[INFO] [1788011151.834122542] [htn_executor]: HTN PRIMITIVE SUCCESS: navigate [WP30]
[INFO] [1788011151.851988740] [htn_executor]: HTN PRIMITIVE RUNNING: navigate [WP31]
[INFO] [1788011152.054304746] [htn_executor]: HTN PRIMITIVE SUCCESS: navigate [WP31]
[INFO] [1788011152.072874330] [htn_executor]: HTN PRIMITIVE RUNNING: navigate [WP32]
[INFO] [1788011152.272700239] [htn_executor]: HTN PRIMITIVE SUCCESS: navigate [WP32]
[INFO] [1788011152.292935543] [htn_executor]: HTN PRIMITIVE RUNNING: navigate [WP33]
[INFO] [1788011152.496507954] [htn_executor]: HTN PRIMITIVE SUCCESS: navigate [WP33]
[INFO] [1788011152.513261219] [htn_executor]: HTN PRIMITIVE RUNNING: navigate [WP34]
[INFO] [1788011152.715865682] [htn_executor]: HTN PRIMITIVE SUCCESS: navigate [WP34]
[INFO] [1788011152.739973375] [htn_executor]: HTN PRIMITIVE RUNNING: navigate [WP35]
[INFO] [1788011152.933367461] [htn_executor]: HTN PRIMITIVE SUCCESS: navigate [WP35]
[INFO] [1788011152.951363336] [htn_executor]: HTN PRIMITIVE RUNNING: navigate [WP36]
[INFO] [1788011153.154881075] [htn_executor]: HTN PRIMITIVE SUCCESS: navigate [WP36]
[INFO] [1788011153.173859854] [htn_executor]: HTN PRIMITIVE RUNNING: navigate [WP37]
[INFO] [1788011153.374697974] [htn_executor]: HTN PRIMITIVE SUCCESS: navigate [WP37]
[INFO] [1788011153.394639048] [htn_executor]: HTN PRIMITIVE RUNNING: navigate [WP38]
[INFO] [1788011153.595318134] [htn_executor]: HTN PRIMITIVE SUCCESS: navigate [WP38]
[INFO] [1788011153.613601022] [htn_executor]: HTN PRIMITIVE RUNNING: navigate [WP39]
[INFO] [1788011153.813469466] [htn_executor]: HTN PRIMITIVE SUCCESS: navigate [WP39]
[INFO] [1788011153.832576597] [htn_executor]: HTN PRIMITIVE RUNNING: navigate [WP40]
[INFO] [1788011154.033110397] [htn_executor]: HTN PRIMITIVE SUCCESS: navigate [WP40]
[INFO] [1788011154.052680885] [htn_executor]: HTN PRIMITIVE RUNNING: navigate [WP41]
[INFO] [1788011154.256827850] [htn_executor]: HTN PRIMITIVE SUCCESS: navigate [WP41]
[INFO] [1788011154.272799671] [htn_executor]: HTN PRIMITIVE RUNNING: navigate [WP42]
[INFO] [1788011154.473829178] [htn_executor]: HTN PRIMITIVE SUCCESS: navigate [WP42]
[INFO] [1788011154.493673646] [htn_executor]: HTN PRIMITIVE RUNNING: navigate [WP43]
[INFO] [1788011154.694931637] [htn_executor]: HTN PRIMITIVE SUCCESS: navigate [WP43]
[INFO] [1788011154.712766653] [htn_executor]: HTN PRIMITIVE RUNNING: navigate [WP44]
[INFO] [1788011154.915235281] [htn_executor]: HTN PRIMITIVE SUCCESS: navigate [WP44]
[INFO] [1788011154.934083564] [htn_executor]: HTN PRIMITIVE RUNNING: navigate [WP45]
[INFO] [1788011155.135269874] [htn_executor]: HTN PRIMITIVE SUCCESS: navigate [WP45]
[INFO] [1788011155.153347305] [htn_executor]: HTN PRIMITIVE RUNNING: navigate [WP46]
[INFO] [1788011155.354256082] [htn_executor]: HTN PRIMITIVE SUCCESS: navigate [WP46]
[INFO] [1788011155.373504616] [htn_executor]: HTN PRIMITIVE RUNNING: navigate [WP47]
[INFO] [1788011155.571286215] [htn_executor]: HTN PRIMITIVE SUCCESS: navigate [WP47]
[INFO] [1788011155.591175285] [htn_executor]: HTN PRIMITIVE RUNNING: navigate [WP48]
[INFO] [1788011155.791321435] [htn_executor]: HTN PRIMITIVE SUCCESS: navigate [WP48]
[INFO] [1788011155.811170207] [htn_executor]: HTN PRIMITIVE RUNNING: navigate [WP49]
[INFO] [1788011156.014706355] [htn_executor]: HTN PRIMITIVE SUCCESS: navigate [WP49]
[INFO] [1788011156.031999957] [htn_executor]: HTN PRIMITIVE RUNNING: navigate [WP50]
[INFO] [1788011156.233908471] [htn_executor]: HTN PRIMITIVE SUCCESS: navigate [WP50]
[INFO] [1788011156.252678394] [htn_executor]: HTN PRIMITIVE RUNNING: navigate [WP51]
[INFO] [1788011156.453558814] [htn_executor]: HTN PRIMITIVE SUCCESS: navigate [WP51]
[INFO] [1788011156.472782976] [htn_executor]: HTN PRIMITIVE RUNNING: navigate [WP52]
[INFO] [1788011156.673497862] [htn_executor]: HTN PRIMITIVE SUCCESS: navigate [WP52]
[INFO] [1788011156.692944130] [htn_executor]: HTN PRIMITIVE RUNNING: navigate [WP53]
[INFO] [1788011156.896453943] [htn_executor]: HTN PRIMITIVE SUCCESS: navigate [WP53]
[INFO] [1788011156.919970760] [htn_executor]: HTN PRIMITIVE RUNNING: navigate [WP54]
[INFO] [1788011157.116279435] [htn_executor]: HTN PRIMITIVE SUCCESS: navigate [WP54]
[INFO] [1788011157.138008514] [htn_executor]: HTN PRIMITIVE RUNNING: navigate [WP55]
[INFO] [1788011157.334269072] [htn_executor]: HTN PRIMITIVE SUCCESS: navigate [WP55]
[INFO] [1788011157.353850626] [htn_executor]: HTN PRIMITIVE RUNNING: navigate [WP56]
[INFO] [1788011157.552429443] [htn_executor]: HTN PRIMITIVE SUCCESS: navigate [WP56]
[INFO] [1788011157.571763464] [htn_executor]: HTN PRIMITIVE RUNNING: navigate [WP57]
[INFO] [1788011157.775443947] [htn_executor]: HTN PRIMITIVE SUCCESS: navigate [WP57]
[INFO] [1788011157.797250050] [htn_executor]: HTN PRIMITIVE RUNNING: navigate [WP58]
[INFO] [1788011157.994690831] [htn_executor]: HTN PRIMITIVE SUCCESS: navigate [WP58]
[INFO] [1788011158.015069129] [htn_executor]: HTN PRIMITIVE RUNNING: navigate [WP59]
[INFO] [1788011158.213763068] [htn_executor]: HTN PRIMITIVE SUCCESS: navigate [WP59]
[INFO] [1788011158.234670972] [htn_executor]: HTN PRIMITIVE RUNNING: navigate [WP60]
[INFO] [1788011158.434177451] [htn_executor]: HTN PRIMITIVE SUCCESS: navigate [WP60]
[INFO] [1788011158.452740798] [htn_executor]: HTN PRIMITIVE RUNNING: navigate [WP61]
[INFO] [1788011158.654000711] [htn_executor]: HTN PRIMITIVE SUCCESS: navigate [WP61]
[INFO] [1788011158.673172602] [htn_executor]: HTN PRIMITIVE RUNNING: navigate [WP62]
[INFO] [1788011158.878910623] [htn_executor]: HTN PRIMITIVE SUCCESS: navigate [WP62]
[INFO] [1788011158.894660305] [htn_executor]: HTN PRIMITIVE RUNNING: navigate [WP63]
[INFO] [1788011159.092247174] [htn_executor]: HTN PRIMITIVE SUCCESS: navigate [WP63]
[INFO] [1788011159.111676274] [htn_executor]: HTN PRIMITIVE RUNNING: navigate [WP64]
[INFO] [1788011159.326856361] [htn_executor]: HTN PRIMITIVE SUCCESS: navigate [WP64]
[INFO] [1788011159.340803101] [htn_executor]: HTN PRIMITIVE RUNNING: navigate [WP65]
[INFO] [1788011159.531825951] [htn_executor]: HTN PRIMITIVE SUCCESS: navigate [WP65]
[INFO] [1788011159.554646403] [htn_executor]: HTN PRIMITIVE RUNNING: navigate [WP66]
[INFO] [1788011159.753952441] [htn_executor]: HTN PRIMITIVE SUCCESS: navigate [WP66]
[INFO] [1788011159.771815401] [htn_executor]: HTN PRIMITIVE RUNNING: navigate [WP67]
[INFO] [1788011159.976441663] [htn_executor]: HTN PRIMITIVE SUCCESS: navigate [WP67]
[INFO] [1788011159.995238545] [htn_executor]: HTN PRIMITIVE RUNNING: navigate [WP68]
[INFO] [1788011160.192530121] [htn_executor]: HTN PRIMITIVE SUCCESS: navigate [WP68]
[INFO] [1788011160.211651959] [htn_executor]: HTN PRIMITIVE RUNNING: navigate [WP69]
[INFO] [1788011160.413370211] [htn_executor]: HTN PRIMITIVE SUCCESS: navigate [WP69]
[INFO] [1788011160.434495617] [htn_executor]: HTN PRIMITIVE RUNNING: navigate [WP70]
[INFO] [1788011160.633963549] [htn_executor]: HTN PRIMITIVE SUCCESS: navigate [WP70]
[INFO] [1788011160.652742066] [htn_executor]: HTN PRIMITIVE RUNNING: navigate [WP71]
[INFO] [1788011160.853730236] [htn_executor]: HTN PRIMITIVE SUCCESS: navigate [WP71]
[INFO] [1788011160.873637720] [htn_executor]: HTN PRIMITIVE RUNNING: navigate [WP72]
[INFO] [1788011161.072744207] [htn_executor]: HTN PRIMITIVE SUCCESS: navigate [WP72]
[INFO] [1788011161.091797767] [htn_executor]: HTN PRIMITIVE RUNNING: navigate [WP73]
[INFO] [1788011161.294647628] [htn_executor]: HTN PRIMITIVE SUCCESS: navigate [WP73]
[INFO] [1788011161.312687387] [htn_executor]: HTN PRIMITIVE RUNNING: navigate [WP74]
[INFO] [1788011161.513705930] [htn_executor]: HTN PRIMITIVE SUCCESS: navigate [WP74]
[INFO] [1788011161.533361213] [htn_executor]: HTN PRIMITIVE RUNNING: navigate [WP75]
[INFO] [1788011161.733482924] [htn_executor]: HTN PRIMITIVE SUCCESS: navigate [WP75]
[INFO] [1788011161.753256939] [htn_executor]: HTN PRIMITIVE RUNNING: navigate [WP76]
[INFO] [1788011161.952714814] [htn_executor]: HTN PRIMITIVE SUCCESS: navigate [WP76]
[INFO] [1788011161.971589046] [htn_executor]: HTN PRIMITIVE RUNNING: navigate [WP77]
[INFO] [1788011162.171860659] [htn_executor]: HTN PRIMITIVE SUCCESS: navigate [WP77]
[INFO] [1788011162.191642565] [htn_executor]: HTN PRIMITIVE RUNNING: navigate [WP78]
[INFO] [1788011162.391601945] [htn_executor]: HTN PRIMITIVE SUCCESS: navigate [WP78]
[INFO] [1788011162.412686347] [htn_executor]: HTN PRIMITIVE RUNNING: navigate [WP79]
[INFO] [1788011162.612350702] [htn_executor]: HTN PRIMITIVE SUCCESS: navigate [WP79]
[INFO] [1788011162.631657029] [htn_executor]: HTN PRIMITIVE RUNNING: navigate [WP80]
[INFO] [1788011162.831705377] [htn_executor]: HTN PRIMITIVE SUCCESS: navigate [WP80]
[INFO] [1788011162.851306389] [htn_executor]: HTN PRIMITIVE RUNNING: navigate [WP81]
[INFO] [1788011163.054833547] [htn_executor]: HTN PRIMITIVE SUCCESS: navigate [WP81]
[INFO] [1788011163.072943164] [htn_executor]: HTN PRIMITIVE RUNNING: navigate [WP82]
[INFO] [1788011163.272966264] [htn_executor]: HTN PRIMITIVE SUCCESS: navigate [WP82]
[INFO] [1788011163.291944269] [htn_executor]: HTN PRIMITIVE RUNNING: navigate [WP83]
[INFO] [1788011163.491348987] [htn_executor]: HTN PRIMITIVE SUCCESS: navigate [WP83]
[INFO] [1788011163.511335023] [htn_executor]: HTN PRIMITIVE RUNNING: navigate [WP84]
[INFO] [1788011163.712705740] [htn_executor]: HTN PRIMITIVE SUCCESS: navigate [WP84]
[INFO] [1788011163.733001919] [htn_executor]: HTN PRIMITIVE RUNNING: navigate [WP85]
[INFO] [1788011163.931875904] [htn_executor]: HTN PRIMITIVE SUCCESS: navigate [WP85]
[INFO] [1788011163.951617031] [htn_executor]: HTN PRIMITIVE RUNNING: navigate [WP86]
[INFO] [1788011164.151400185] [htn_executor]: HTN PRIMITIVE SUCCESS: navigate [WP86]
[INFO] [1788011164.171231222] [htn_executor]: HTN PRIMITIVE RUNNING: navigate [WP87]
[INFO] [1788011164.374878759] [htn_executor]: HTN PRIMITIVE SUCCESS: navigate [WP87]
[INFO] [1788011164.392690753] [htn_executor]: HTN PRIMITIVE RUNNING: navigate [WP88]
[INFO] [1788011164.594368526] [htn_executor]: HTN PRIMITIVE SUCCESS: navigate [WP88]
[INFO] [1788011164.613080648] [htn_executor]: HTN PRIMITIVE RUNNING: navigate [WP89]
[INFO] [1788011164.815446697] [htn_executor]: HTN PRIMITIVE SUCCESS: navigate [WP89]
[INFO] [1788011164.833817055] [htn_executor]: HTN PRIMITIVE RUNNING: navigate [WP90]
[INFO] [1788011165.032168983] [htn_executor]: HTN PRIMITIVE SUCCESS: navigate [WP90]
[INFO] [1788011165.051405403] [htn_executor]: HTN PRIMITIVE RUNNING: navigate [WP91]
[INFO] [1788011165.254651392] [htn_executor]: HTN PRIMITIVE SUCCESS: navigate [WP91]
[INFO] [1788011165.272689398] [htn_executor]: HTN PRIMITIVE RUNNING: navigate [WP92]
[INFO] [1788011165.473940990] [htn_executor]: HTN PRIMITIVE SUCCESS: navigate [WP92]
[INFO] [1788011165.492714027] [htn_executor]: HTN PRIMITIVE RUNNING: navigate [WP93]
[INFO] [1788011165.697970981] [htn_executor]: HTN PRIMITIVE SUCCESS: navigate [WP93]
[INFO] [1788011165.714897384] [htn_executor]: HTN PRIMITIVE RUNNING: navigate [WP94]
[INFO] [1788011165.912517186] [htn_executor]: HTN PRIMITIVE SUCCESS: navigate [WP94]
[INFO] [1788011165.932285054] [htn_executor]: HTN PRIMITIVE RUNNING: navigate [WP95]
[INFO] [1788011166.131391488] [htn_executor]: HTN PRIMITIVE SUCCESS: navigate [WP95]
[INFO] [1788011166.151555840] [htn_executor]: HTN PRIMITIVE RUNNING: navigate [WP96]
[INFO] [1788011166.354867102] [htn_executor]: HTN PRIMITIVE SUCCESS: navigate [WP96]
[INFO] [1788011166.372753839] [htn_executor]: HTN PRIMITIVE RUNNING: navigate [WP97]
[INFO] [1788011166.574593989] [htn_executor]: HTN PRIMITIVE SUCCESS: navigate [WP97]
[INFO] [1788011166.592750972] [htn_executor]: HTN PRIMITIVE RUNNING: navigate [WP98]
[INFO] [1788011166.792643409] [htn_executor]: HTN PRIMITIVE SUCCESS: navigate [WP98]
[INFO] [1788011166.811130064] [htn_executor]: HTN PRIMITIVE RUNNING: navigate [WP99]
[INFO] [1788011167.015197715] [htn_executor]: HTN PRIMITIVE SUCCESS: navigate [WP99]
[INFO] [1788011167.033293233] [htn_executor]: HTN PRIMITIVE RUNNING: navigate [WP100]
[INFO] [1788011167.232420856] [htn_executor]: HTN PRIMITIVE SUCCESS: navigate [WP100]
[INFO] [1788011167.251967340] [htn_executor]: HTN PRIMITIVE RUNNING: navigate [WP99]
[INFO] [1788011167.454604824] [htn_executor]: HTN PRIMITIVE SUCCESS: navigate [WP99]
[INFO] [1788011167.473423301] [htn_executor]: HTN PRIMITIVE RUNNING: navigate [WP98]
[INFO] [1788011167.675158202] [htn_executor]: HTN PRIMITIVE SUCCESS: navigate [WP98]
[INFO] [1788011167.693591202] [htn_executor]: HTN PRIMITIVE RUNNING: navigate [WP97]
[INFO] [1788011167.895726335] [htn_executor]: HTN PRIMITIVE SUCCESS: navigate [WP97]
[INFO] [1788011167.912082995] [htn_executor]: HTN PRIMITIVE RUNNING: navigate [WP96]
[INFO] [1788011168.111552519] [htn_executor]: HTN PRIMITIVE SUCCESS: navigate [WP96]
[INFO] [1788011168.131460026] [htn_executor]: HTN PRIMITIVE RUNNING: navigate [WP95]
[INFO] [1788011168.334122730] [htn_executor]: HTN PRIMITIVE SUCCESS: navigate [WP95]
[INFO] [1788011168.352719841] [htn_executor]: HTN PRIMITIVE RUNNING: navigate [WP94]
[INFO] [1788011168.552413018] [htn_executor]: HTN PRIMITIVE SUCCESS: navigate [WP94]
[INFO] [1788011168.572037539] [htn_executor]: HTN PRIMITIVE RUNNING: navigate [WP93]
[INFO] [1788011168.776433631] [htn_executor]: HTN PRIMITIVE SUCCESS: navigate [WP93]
[INFO] [1788011168.794474274] [htn_executor]: HTN PRIMITIVE RUNNING: navigate [WP92]
[INFO] [1788011168.994842123] [htn_executor]: HTN PRIMITIVE SUCCESS: navigate [WP92]
[INFO] [1788011169.012711506] [htn_executor]: HTN PRIMITIVE RUNNING: navigate [WP91]
[INFO] [1788011169.211930584] [htn_executor]: HTN PRIMITIVE SUCCESS: navigate [WP91]
[INFO] [1788011169.231915798] [htn_executor]: HTN PRIMITIVE RUNNING: navigate [WP90]
[INFO] [1788011169.435184941] [htn_executor]: HTN PRIMITIVE SUCCESS: navigate [WP90]
[INFO] [1788011169.452726533] [htn_executor]: HTN PRIMITIVE RUNNING: navigate [WP89]
[INFO] [1788011169.655435000] [htn_executor]: HTN PRIMITIVE SUCCESS: navigate [WP89]
[INFO] [1788011169.672666810] [htn_executor]: HTN PRIMITIVE RUNNING: navigate [WP88]
[INFO] [1788011169.875008813] [htn_executor]: HTN PRIMITIVE SUCCESS: navigate [WP88]
[INFO] [1788011169.893337816] [htn_executor]: HTN PRIMITIVE RUNNING: navigate [WP87]
[INFO] [1788011170.093640799] [htn_executor]: HTN PRIMITIVE SUCCESS: navigate [WP87]
[INFO] [1788011170.112684039] [htn_executor]: HTN PRIMITIVE RUNNING: navigate [WP86]
[INFO] [1788011170.312368532] [htn_executor]: HTN PRIMITIVE SUCCESS: navigate [WP86]
[INFO] [1788011170.331702708] [htn_executor]: HTN PRIMITIVE RUNNING: navigate [WP85]
[INFO] [1788011170.534288088] [htn_executor]: HTN PRIMITIVE SUCCESS: navigate [WP85]
[INFO] [1788011170.553327653] [htn_executor]: HTN PRIMITIVE RUNNING: navigate [WP84]
[INFO] [1788011170.753852716] [htn_executor]: HTN PRIMITIVE SUCCESS: navigate [WP84]
[INFO] [1788011170.771581823] [htn_executor]: HTN PRIMITIVE RUNNING: navigate [WP83]
[INFO] [1788011170.972730481] [htn_executor]: HTN PRIMITIVE SUCCESS: navigate [WP83]
[INFO] [1788011170.992162588] [htn_executor]: HTN PRIMITIVE RUNNING: navigate [WP82]
[INFO] [1788011171.194130418] [htn_executor]: HTN PRIMITIVE SUCCESS: navigate [WP82]
[INFO] [1788011171.212832563] [htn_executor]: HTN PRIMITIVE RUNNING: navigate [WP81]
[INFO] [1788011171.413335645] [htn_executor]: HTN PRIMITIVE SUCCESS: navigate [WP81]
[INFO] [1788011171.433125858] [htn_executor]: HTN PRIMITIVE RUNNING: navigate [WP80]
[INFO] [1788011171.633371220] [htn_executor]: HTN PRIMITIVE SUCCESS: navigate [WP80]
[INFO] [1788011171.652526614] [htn_executor]: HTN PRIMITIVE RUNNING: navigate [WP79]
[INFO] [1788011171.853488390] [htn_executor]: HTN PRIMITIVE SUCCESS: navigate [WP79]
[INFO] [1788011171.872787900] [htn_executor]: HTN PRIMITIVE RUNNING: navigate [WP78]
[INFO] [1788011172.074244363] [htn_executor]: HTN PRIMITIVE SUCCESS: navigate [WP78]
[INFO] [1788011172.092808550] [htn_executor]: HTN PRIMITIVE RUNNING: navigate [WP77]
[INFO] [1788011172.294715403] [htn_executor]: HTN PRIMITIVE SUCCESS: navigate [WP77]
[INFO] [1788011172.312650177] [htn_executor]: HTN PRIMITIVE RUNNING: navigate [WP76]
[INFO] [1788011172.515135268] [htn_executor]: HTN PRIMITIVE SUCCESS: navigate [WP76]
[INFO] [1788011172.531946311] [htn_executor]: HTN PRIMITIVE RUNNING: navigate [WP75]
[INFO] [1788011172.733954903] [htn_executor]: HTN PRIMITIVE SUCCESS: navigate [WP75]
[INFO] [1788011172.752849515] [htn_executor]: HTN PRIMITIVE RUNNING: navigate [WP74]
[INFO] [1788011172.953600968] [htn_executor]: HTN PRIMITIVE SUCCESS: navigate [WP74]
[INFO] [1788011172.974359159] [htn_executor]: HTN PRIMITIVE RUNNING: navigate [WP73]
[INFO] [1788011173.174446331] [htn_executor]: HTN PRIMITIVE SUCCESS: navigate [WP73]
[INFO] [1788011173.191764418] [htn_executor]: HTN PRIMITIVE RUNNING: navigate [WP72]
[INFO] [1788011173.393273954] [htn_executor]: HTN PRIMITIVE SUCCESS: navigate [WP72]
[INFO] [1788011173.412265707] [htn_executor]: HTN PRIMITIVE RUNNING: navigate [WP71]
[INFO] [1788011173.612596331] [htn_executor]: HTN PRIMITIVE SUCCESS: navigate [WP71]
[INFO] [1788011173.631903726] [htn_executor]: HTN PRIMITIVE RUNNING: navigate [WP70]
[INFO] [1788011173.832068173] [htn_executor]: HTN PRIMITIVE SUCCESS: navigate [WP70]
[INFO] [1788011173.851846737] [htn_executor]: HTN PRIMITIVE RUNNING: navigate [WP69]
[INFO] [1788011174.055428331] [htn_executor]: HTN PRIMITIVE SUCCESS: navigate [WP69]
[INFO] [1788011174.073426241] [htn_executor]: HTN PRIMITIVE RUNNING: navigate [WP68]
[INFO] [1788011174.274928585] [htn_executor]: HTN PRIMITIVE SUCCESS: navigate [WP68]
[INFO] [1788011174.293220108] [htn_executor]: HTN PRIMITIVE RUNNING: navigate [WP67]
[INFO] [1788011174.493841584] [htn_executor]: HTN PRIMITIVE SUCCESS: navigate [WP67]
[INFO] [1788011174.512921682] [htn_executor]: HTN PRIMITIVE RUNNING: navigate [WP66]
[INFO] [1788011174.713433600] [htn_executor]: HTN PRIMITIVE SUCCESS: navigate [WP66]
[INFO] [1788011174.732952165] [htn_executor]: HTN PRIMITIVE RUNNING: navigate [WP65]
[INFO] [1788011174.934852489] [htn_executor]: HTN PRIMITIVE SUCCESS: navigate [WP65]
[INFO] [1788011174.952778579] [htn_executor]: HTN PRIMITIVE RUNNING: navigate [WP64]
[INFO] [1788011175.154848830] [htn_executor]: HTN PRIMITIVE SUCCESS: navigate [WP64]
[INFO] [1788011175.172758544] [htn_executor]: HTN PRIMITIVE RUNNING: navigate [WP63]
[INFO] [1788011175.374350995] [htn_executor]: HTN PRIMITIVE SUCCESS: navigate [WP63]
[INFO] [1788011175.392717757] [htn_executor]: HTN PRIMITIVE RUNNING: navigate [WP62]
[INFO] [1788011175.596473356] [htn_executor]: HTN PRIMITIVE SUCCESS: navigate [WP62]
[INFO] [1788011175.613190476] [htn_executor]: HTN PRIMITIVE RUNNING: navigate [WP61]
[INFO] [1788011175.815454861] [htn_executor]: HTN PRIMITIVE SUCCESS: navigate [WP61]
[INFO] [1788011175.834656890] [htn_executor]: HTN PRIMITIVE RUNNING: navigate [WP60]
[INFO] [1788011176.034225457] [htn_executor]: HTN PRIMITIVE SUCCESS: navigate [WP60]
[INFO] [1788011176.051974019] [htn_executor]: HTN PRIMITIVE RUNNING: navigate [WP59]
[INFO] [1788011176.252583457] [htn_executor]: HTN PRIMITIVE SUCCESS: navigate [WP59]
[INFO] [1788011176.271927054] [htn_executor]: HTN PRIMITIVE RUNNING: navigate [WP58]
[INFO] [1788011176.473895721] [htn_executor]: HTN PRIMITIVE SUCCESS: navigate [WP58]
[INFO] [1788011176.492717331] [htn_executor]: HTN PRIMITIVE RUNNING: navigate [WP57]
[INFO] [1788011176.694743952] [htn_executor]: HTN PRIMITIVE SUCCESS: navigate [WP57]
[INFO] [1788011176.712710381] [htn_executor]: HTN PRIMITIVE RUNNING: navigate [WP56]
[INFO] [1788011176.913512183] [htn_executor]: HTN PRIMITIVE SUCCESS: navigate [WP56]
[INFO] [1788011176.933366575] [htn_executor]: HTN PRIMITIVE RUNNING: navigate [WP55]
[INFO] [1788011177.133566469] [htn_executor]: HTN PRIMITIVE SUCCESS: navigate [WP55]
[INFO] [1788011177.152723037] [htn_executor]: HTN PRIMITIVE RUNNING: navigate [WP54]
[INFO] [1788011177.354682685] [htn_executor]: HTN PRIMITIVE SUCCESS: navigate [WP54]
[INFO] [1788011177.372857528] [htn_executor]: HTN PRIMITIVE RUNNING: navigate [WP53]
[INFO] [1788011177.573973168] [htn_executor]: HTN PRIMITIVE SUCCESS: navigate [WP53]
[INFO] [1788011177.592734323] [htn_executor]: HTN PRIMITIVE RUNNING: navigate [WP52]
[INFO] [1788011177.795170250] [htn_executor]: HTN PRIMITIVE SUCCESS: navigate [WP52]
[INFO] [1788011177.812750453] [htn_executor]: HTN PRIMITIVE RUNNING: navigate [WP51]
[INFO] [1788011178.013608240] [htn_executor]: HTN PRIMITIVE SUCCESS: navigate [WP51]
[INFO] [1788011178.033144224] [htn_executor]: HTN PRIMITIVE RUNNING: navigate [WP50]
[WARN] [1788011178.039044481] [htn_executor]: RUNTIME EVENT RECEIVED: COMMUNICATION_LOST
[WARN] [1788011178.041454653] [htn_executor]: HTN PAUSED: navigate [WP50]
[WARN] [1788011178.044260069] [htn_executor]: HTN REPLANNING
[WARN] [1788011178.045777589] [htn_executor]: Selected method: m_communication_lost
[WARN] [1788011178.047416460] [htn_executor]: Recovery plan: wait_for_communication
[INFO] [1788011178.051865090] [htn_executor]: HTN RECOVERY RUNNING: wait_for_communication
[WARN] [1788011181.991239401] [htn_executor]: RUNTIME EVENT RECEIVED: COMMUNICATION_RESTORED
[WARN] [1788011181.992328618] [htn_executor]: HTN REPLANNING
[WARN] [1788011181.993335852] [htn_executor]: Selected method: m_communication_restored
[WARN] [1788011181.994440681] [htn_executor]: Recovery plan: resume_mission
[INFO] [1788011181.995465494] [htn_executor]: HTN RECOVERY RUNNING: resume_mission
[INFO] [1788011182.191413139] [htn_executor]: HTN PRIMITIVE SUCCESS: resume_mission
[INFO] [1788011182.211172704] [htn_executor]: HTN RESUMED: navigate [WP50]
[INFO] [1788011182.411619924] [htn_executor]: HTN PRIMITIVE SUCCESS: navigate [WP50]
[INFO] [1788011182.431378943] [htn_executor]: HTN PRIMITIVE RUNNING: navigate [WP49]
[INFO] [1788011182.633949377] [htn_executor]: HTN PRIMITIVE SUCCESS: navigate [WP49]
[INFO] [1788011182.654222911] [htn_executor]: HTN PRIMITIVE RUNNING: navigate [WP48]
[INFO] [1788011182.851701164] [htn_executor]: HTN PRIMITIVE SUCCESS: navigate [WP48]
[INFO] [1788011182.871103918] [htn_executor]: HTN PRIMITIVE RUNNING: navigate [WP47]
[INFO] [1788011183.071602083] [htn_executor]: HTN PRIMITIVE SUCCESS: navigate [WP47]
[INFO] [1788011183.091095367] [htn_executor]: HTN PRIMITIVE RUNNING: navigate [WP46]
[INFO] [1788011183.291278710] [htn_executor]: HTN PRIMITIVE SUCCESS: navigate [WP46]
[INFO] [1788011183.311113564] [htn_executor]: HTN PRIMITIVE RUNNING: navigate [WP45]
[INFO] [1788011183.513503177] [htn_executor]: HTN PRIMITIVE SUCCESS: navigate [WP45]
[INFO] [1788011183.532664191] [htn_executor]: HTN PRIMITIVE RUNNING: navigate [WP44]
[INFO] [1788011183.733731330] [htn_executor]: HTN PRIMITIVE SUCCESS: navigate [WP44]
[INFO] [1788011183.753060391] [htn_executor]: HTN PRIMITIVE RUNNING: navigate [WP43]
[INFO] [1788011183.954246618] [htn_executor]: HTN PRIMITIVE SUCCESS: navigate [WP43]
[INFO] [1788011183.973152351] [htn_executor]: HTN PRIMITIVE RUNNING: navigate [WP42]
[INFO] [1788011184.173944012] [htn_executor]: HTN PRIMITIVE SUCCESS: navigate [WP42]
[INFO] [1788011184.192806897] [htn_executor]: HTN PRIMITIVE RUNNING: navigate [WP41]
[INFO] [1788011184.393811510] [htn_executor]: HTN PRIMITIVE SUCCESS: navigate [WP41]
[INFO] [1788011184.412883764] [htn_executor]: HTN PRIMITIVE RUNNING: navigate [WP40]
[INFO] [1788011184.613462889] [htn_executor]: HTN PRIMITIVE SUCCESS: navigate [WP40]
[INFO] [1788011184.632985968] [htn_executor]: HTN PRIMITIVE RUNNING: navigate [WP39]
[INFO] [1788011184.833971464] [htn_executor]: HTN PRIMITIVE SUCCESS: navigate [WP39]
[INFO] [1788011184.854230951] [htn_executor]: HTN PRIMITIVE RUNNING: navigate [WP38]
[INFO] [1788011185.053723775] [htn_executor]: HTN PRIMITIVE SUCCESS: navigate [WP38]
[INFO] [1788011185.073143222] [htn_executor]: HTN PRIMITIVE RUNNING: navigate [WP37]
[INFO] [1788011185.275833751] [htn_executor]: HTN PRIMITIVE SUCCESS: navigate [WP37]
[INFO] [1788011185.291631952] [htn_executor]: HTN PRIMITIVE RUNNING: navigate [WP36]
[INFO] [1788011185.492218798] [htn_executor]: HTN PRIMITIVE SUCCESS: navigate [WP36]
[INFO] [1788011185.511408146] [htn_executor]: HTN PRIMITIVE RUNNING: navigate [WP35]
[INFO] [1788011185.713585137] [htn_executor]: HTN PRIMITIVE SUCCESS: navigate [WP35]
[INFO] [1788011185.732814732] [htn_executor]: HTN PRIMITIVE RUNNING: navigate [WP34]
[INFO] [1788011185.933774703] [htn_executor]: HTN PRIMITIVE SUCCESS: navigate [WP34]
[INFO] [1788011185.952915505] [htn_executor]: HTN PRIMITIVE RUNNING: navigate [WP33]
[INFO] [1788011186.153408237] [htn_executor]: HTN PRIMITIVE SUCCESS: navigate [WP33]
[INFO] [1788011186.172350397] [htn_executor]: HTN PRIMITIVE RUNNING: navigate [WP32]
[INFO] [1788011186.374575285] [htn_executor]: HTN PRIMITIVE SUCCESS: navigate [WP32]
[INFO] [1788011186.392772852] [htn_executor]: HTN PRIMITIVE RUNNING: navigate [WP31]
[INFO] [1788011186.594848161] [htn_executor]: HTN PRIMITIVE SUCCESS: navigate [WP31]
[INFO] [1788011186.612785370] [htn_executor]: HTN PRIMITIVE RUNNING: navigate [WP30]
[INFO] [1788011186.813372730] [htn_executor]: HTN PRIMITIVE SUCCESS: navigate [WP30]
[INFO] [1788011186.832923355] [htn_executor]: HTN PRIMITIVE RUNNING: navigate [WP29]
[INFO] [1788011187.044658343] [htn_executor]: HTN PRIMITIVE SUCCESS: navigate [WP29]
[INFO] [1788011187.053096731] [htn_executor]: HTN PRIMITIVE RUNNING: navigate [WP28]
[INFO] [1788011187.255070717] [htn_executor]: HTN PRIMITIVE SUCCESS: navigate [WP28]
[INFO] [1788011187.273271189] [htn_executor]: HTN PRIMITIVE RUNNING: navigate [WP27]
[INFO] [1788011187.474421787] [htn_executor]: HTN PRIMITIVE SUCCESS: navigate [WP27]
[INFO] [1788011187.494472401] [htn_executor]: HTN PRIMITIVE RUNNING: navigate [WP26]
[INFO] [1788011187.693559209] [htn_executor]: HTN PRIMITIVE SUCCESS: navigate [WP26]
[INFO] [1788011187.711910427] [htn_executor]: HTN PRIMITIVE RUNNING: navigate [WP25]
[INFO] [1788011187.912726089] [htn_executor]: HTN PRIMITIVE SUCCESS: navigate [WP25]
[INFO] [1788011187.932772671] [htn_executor]: HTN PRIMITIVE RUNNING: navigate [WP24]
[INFO] [1788011188.134742750] [htn_executor]: HTN PRIMITIVE SUCCESS: navigate [WP24]
[INFO] [1788011188.152750988] [htn_executor]: HTN PRIMITIVE RUNNING: navigate [WP23]
[INFO] [1788011188.355143939] [htn_executor]: HTN PRIMITIVE SUCCESS: navigate [WP23]
[INFO] [1788011188.374508800] [htn_executor]: HTN PRIMITIVE RUNNING: navigate [WP22]
[INFO] [1788011188.575270804] [htn_executor]: HTN PRIMITIVE SUCCESS: navigate [WP22]
[INFO] [1788011188.592729611] [htn_executor]: HTN PRIMITIVE RUNNING: navigate [WP21]
[INFO] [1788011188.793868747] [htn_executor]: HTN PRIMITIVE SUCCESS: navigate [WP21]
[INFO] [1788011188.812711696] [htn_executor]: HTN PRIMITIVE RUNNING: navigate [WP20]
[INFO] [1788011189.014811281] [htn_executor]: HTN PRIMITIVE SUCCESS: navigate [WP20]
[INFO] [1788011189.032933721] [htn_executor]: HTN PRIMITIVE RUNNING: navigate [WP19]
[INFO] [1788011189.234820433] [htn_executor]: HTN PRIMITIVE SUCCESS: navigate [WP19]
[INFO] [1788011189.254192368] [htn_executor]: HTN PRIMITIVE RUNNING: navigate [WP18]
[INFO] [1788011189.454144941] [htn_executor]: HTN PRIMITIVE SUCCESS: navigate [WP18]
[INFO] [1788011189.472005129] [htn_executor]: HTN PRIMITIVE RUNNING: navigate [WP17]
[INFO] [1788011189.675329346] [htn_executor]: HTN PRIMITIVE SUCCESS: navigate [WP17]
[INFO] [1788011189.692804852] [htn_executor]: HTN PRIMITIVE RUNNING: navigate [WP16]
[INFO] [1788011189.893506517] [htn_executor]: HTN PRIMITIVE SUCCESS: navigate [WP16]
[INFO] [1788011189.912716867] [htn_executor]: HTN PRIMITIVE RUNNING: navigate [WP15]
[INFO] [1788011190.114836258] [htn_executor]: HTN PRIMITIVE SUCCESS: navigate [WP15]
[INFO] [1788011190.132977503] [htn_executor]: HTN PRIMITIVE RUNNING: navigate [WP14]
[INFO] [1788011190.334956274] [htn_executor]: HTN PRIMITIVE SUCCESS: navigate [WP14]
[INFO] [1788011190.352829129] [htn_executor]: HTN PRIMITIVE RUNNING: navigate [WP13]
[INFO] [1788011190.553426300] [htn_executor]: HTN PRIMITIVE SUCCESS: navigate [WP13]
[INFO] [1788011190.573899406] [htn_executor]: HTN PRIMITIVE RUNNING: navigate [WP12]
[INFO] [1788011190.775147715] [htn_executor]: HTN PRIMITIVE SUCCESS: navigate [WP12]
[INFO] [1788011190.792748620] [htn_executor]: HTN PRIMITIVE RUNNING: navigate [WP11]
[INFO] [1788011190.993719220] [htn_executor]: HTN PRIMITIVE SUCCESS: navigate [WP11]
[INFO] [1788011191.012839204] [htn_executor]: HTN PRIMITIVE RUNNING: navigate [WP10]
[INFO] [1788011191.213523131] [htn_executor]: HTN PRIMITIVE SUCCESS: navigate [WP10]
[INFO] [1788011191.233079348] [htn_executor]: HTN PRIMITIVE RUNNING: navigate [WP9]
[INFO] [1788011191.434942238] [htn_executor]: HTN PRIMITIVE SUCCESS: navigate [WP9]
[INFO] [1788011191.452728987] [htn_executor]: HTN PRIMITIVE RUNNING: navigate [WP8]
[INFO] [1788011191.654958633] [htn_executor]: HTN PRIMITIVE SUCCESS: navigate [WP8]
[INFO] [1788011191.674712475] [htn_executor]: HTN PRIMITIVE RUNNING: navigate [WP7]
[INFO] [1788011191.873786628] [htn_executor]: HTN PRIMITIVE SUCCESS: navigate [WP7]
[INFO] [1788011191.892102252] [htn_executor]: HTN PRIMITIVE RUNNING: navigate [WP6]
[INFO] [1788011192.093616159] [htn_executor]: HTN PRIMITIVE SUCCESS: navigate [WP6]
[INFO] [1788011192.112763837] [htn_executor]: HTN PRIMITIVE RUNNING: navigate [WP5]
[INFO] [1788011192.313434314] [htn_executor]: HTN PRIMITIVE SUCCESS: navigate [WP5]
[INFO] [1788011192.332275969] [htn_executor]: HTN PRIMITIVE RUNNING: navigate [WP4]
[INFO] [1788011192.534191867] [htn_executor]: HTN PRIMITIVE SUCCESS: navigate [WP4]
[INFO] [1788011192.552857587] [htn_executor]: HTN PRIMITIVE RUNNING: navigate [WP3]
[INFO] [1788011192.754903925] [htn_executor]: HTN PRIMITIVE SUCCESS: navigate [WP3]
[INFO] [1788011192.773099805] [htn_executor]: HTN PRIMITIVE RUNNING: navigate [WP2]
[INFO] [1788011192.971947557] [htn_executor]: HTN PRIMITIVE SUCCESS: navigate [WP2]
[INFO] [1788011192.991253611] [htn_executor]: HTN PRIMITIVE RUNNING: navigate [WP1]
[INFO] [1788011193.193413620] [htn_executor]: HTN PRIMITIVE SUCCESS: navigate [WP1]
[INFO] [1788011193.213050946] [htn_executor]: HTN PRIMITIVE RUNNING: land
[INFO] [1788011193.413669369] [htn_executor]: HTN PRIMITIVE SUCCESS: land
[INFO] [1788011193.433468046] [htn_executor]: ================================
[INFO] [1788011193.435365286] [htn_executor]: MISSION COMPLETED
[INFO] [1788011193.437192637] [htn_executor]: Completed tasks: 201
[INFO] [1788011193.439352517] [htn_executor]: Completed navigation tasks: 199
[INFO] [1788011193.441474449] [htn_executor]: ================================
