[INFO] [1788011248.092292272] [htn_executor]: Loading mission: /home/bishal/ros2_ws/install/mission_formalism_evaluation/share/mission_formalism_evaluation/missions/mission_4.yaml
[INFO] [1788011248.664553165] [htn_executor]: ================================
[INFO] [1788011248.665214015] [htn_executor]: HTN Mission Executor
[INFO] [1788011248.665839882] [htn_executor]: Mode: FINAL_SCENARIO_CAPABLE
[INFO] [1788011248.666470396] [htn_executor]: Model: Totally Ordered State-Based HTN
[INFO] [1788011248.667083814] [htn_executor]: Mission ID: M4
[INFO] [1788011248.667654954] [htn_executor]: Mission Name: Zigzag and Return
[INFO] [1788011248.668435514] [htn_executor]: Mission Items: 201
[INFO] [1788011248.669445489] [htn_executor]: HTN Primitive Operators: 12
[INFO] [1788011248.670351279] [htn_executor]: HTN Compound Tasks: 4
[INFO] [1788011248.671070153] [htn_executor]: HTN Methods: 16
[INFO] [1788011248.671776813] [htn_executor]: Mission Method Applications: 203
[INFO] [1788011248.673058078] [htn_executor]: Generated Primitive Plan: 201
[INFO] [1788011248.674214265] [htn_executor]: ================================
[INFO] [1788011248.695684671] [htn_executor]: HTN PRIMITIVE RUNNING: takeoff
[INFO] [1788011248.899101591] [htn_executor]: HTN PRIMITIVE SUCCESS: takeoff
[INFO] [1788011248.915555495] [htn_executor]: HTN PRIMITIVE RUNNING: navigate [WP1]
[INFO] [1788011249.117764531] [htn_executor]: HTN PRIMITIVE SUCCESS: navigate [WP1]
[INFO] [1788011249.137833512] [htn_executor]: HTN PRIMITIVE RUNNING: navigate [WP2]
[INFO] [1788011249.338471460] [htn_executor]: HTN PRIMITIVE SUCCESS: navigate [WP2]
[INFO] [1788011249.357052645] [htn_executor]: HTN PRIMITIVE RUNNING: navigate [WP3]
[INFO] [1788011249.557467865] [htn_executor]: HTN PRIMITIVE SUCCESS: navigate [WP3]
[INFO] [1788011249.577848234] [htn_executor]: HTN PRIMITIVE RUNNING: navigate [WP4]
[INFO] [1788011249.777172879] [htn_executor]: HTN PRIMITIVE SUCCESS: navigate [WP4]
[INFO] [1788011249.796806045] [htn_executor]: HTN PRIMITIVE RUNNING: navigate [WP5]
[INFO] [1788011249.995470255] [htn_executor]: HTN PRIMITIVE SUCCESS: navigate [WP5]
[INFO] [1788011250.016057467] [htn_executor]: HTN PRIMITIVE RUNNING: navigate [WP6]
[INFO] [1788011250.215563993] [htn_executor]: HTN PRIMITIVE SUCCESS: navigate [WP6]
[INFO] [1788011250.235343771] [htn_executor]: HTN PRIMITIVE RUNNING: navigate [WP7]
[INFO] [1788011250.435688265] [htn_executor]: HTN PRIMITIVE SUCCESS: navigate [WP7]
[INFO] [1788011250.455521799] [htn_executor]: HTN PRIMITIVE RUNNING: navigate [WP8]
[INFO] [1788011250.656657227] [htn_executor]: HTN PRIMITIVE SUCCESS: navigate [WP8]
[INFO] [1788011250.675657956] [htn_executor]: HTN PRIMITIVE RUNNING: navigate [WP9]
[INFO] [1788011250.876119309] [htn_executor]: HTN PRIMITIVE SUCCESS: navigate [WP9]
[INFO] [1788011250.895826967] [htn_executor]: HTN PRIMITIVE RUNNING: navigate [WP10]
[INFO] [1788011251.096506635] [htn_executor]: HTN PRIMITIVE SUCCESS: navigate [WP10]
[INFO] [1788011251.116502465] [htn_executor]: HTN PRIMITIVE RUNNING: navigate [WP11]
[INFO] [1788011251.316864205] [htn_executor]: HTN PRIMITIVE SUCCESS: navigate [WP11]
[INFO] [1788011251.336288690] [htn_executor]: HTN PRIMITIVE RUNNING: navigate [WP12]
[INFO] [1788011251.536820065] [htn_executor]: HTN PRIMITIVE SUCCESS: navigate [WP12]
[INFO] [1788011251.555652000] [htn_executor]: HTN PRIMITIVE RUNNING: navigate [WP13]
[INFO] [1788011251.756004840] [htn_executor]: HTN PRIMITIVE SUCCESS: navigate [WP13]
[INFO] [1788011251.775705533] [htn_executor]: HTN PRIMITIVE RUNNING: navigate [WP14]
[INFO] [1788011251.975956340] [htn_executor]: HTN PRIMITIVE SUCCESS: navigate [WP14]
[INFO] [1788011251.995185526] [htn_executor]: HTN PRIMITIVE RUNNING: navigate [WP15]
[INFO] [1788011252.197834630] [htn_executor]: HTN PRIMITIVE SUCCESS: navigate [WP15]
[INFO] [1788011252.217096471] [htn_executor]: HTN PRIMITIVE RUNNING: navigate [WP16]
[INFO] [1788011252.417839828] [htn_executor]: HTN PRIMITIVE SUCCESS: navigate [WP16]
[INFO] [1788011252.437204672] [htn_executor]: HTN PRIMITIVE RUNNING: navigate [WP17]
[INFO] [1788011252.638977031] [htn_executor]: HTN PRIMITIVE SUCCESS: navigate [WP17]
[INFO] [1788011252.656815849] [htn_executor]: HTN PRIMITIVE RUNNING: navigate [WP18]
[INFO] [1788011252.858933477] [htn_executor]: HTN PRIMITIVE SUCCESS: navigate [WP18]
[INFO] [1788011252.878443942] [htn_executor]: HTN PRIMITIVE RUNNING: navigate [WP19]
[INFO] [1788011253.080341552] [htn_executor]: HTN PRIMITIVE SUCCESS: navigate [WP19]
[INFO] [1788011253.096703080] [htn_executor]: HTN PRIMITIVE RUNNING: navigate [WP20]
[INFO] [1788011253.298686086] [htn_executor]: HTN PRIMITIVE SUCCESS: navigate [WP20]
[INFO] [1788011253.317351298] [htn_executor]: HTN PRIMITIVE RUNNING: navigate [WP21]
[INFO] [1788011253.515728555] [htn_executor]: HTN PRIMITIVE SUCCESS: navigate [WP21]
[INFO] [1788011253.535129764] [htn_executor]: HTN PRIMITIVE RUNNING: navigate [WP22]
[INFO] [1788011253.737596348] [htn_executor]: HTN PRIMITIVE SUCCESS: navigate [WP22]
[INFO] [1788011253.756262564] [htn_executor]: HTN PRIMITIVE RUNNING: navigate [WP23]
[INFO] [1788011253.957443214] [htn_executor]: HTN PRIMITIVE SUCCESS: navigate [WP23]
[INFO] [1788011253.976699498] [htn_executor]: HTN PRIMITIVE RUNNING: navigate [WP24]
[INFO] [1788011254.177485654] [htn_executor]: HTN PRIMITIVE SUCCESS: navigate [WP24]
[INFO] [1788011254.196747350] [htn_executor]: HTN PRIMITIVE RUNNING: navigate [WP25]
[INFO] [1788011254.395806975] [htn_executor]: HTN PRIMITIVE SUCCESS: navigate [WP25]
[INFO] [1788011254.415509899] [htn_executor]: HTN PRIMITIVE RUNNING: navigate [WP26]
[INFO] [1788011254.615486570] [htn_executor]: HTN PRIMITIVE SUCCESS: navigate [WP26]
[INFO] [1788011254.635568653] [htn_executor]: HTN PRIMITIVE RUNNING: navigate [WP27]
[INFO] [1788011254.836899685] [htn_executor]: HTN PRIMITIVE SUCCESS: navigate [WP27]
[INFO] [1788011254.856198908] [htn_executor]: HTN PRIMITIVE RUNNING: navigate [WP28]
[INFO] [1788011255.058687992] [htn_executor]: HTN PRIMITIVE SUCCESS: navigate [WP28]
[INFO] [1788011255.077234855] [htn_executor]: HTN PRIMITIVE RUNNING: navigate [WP29]
[INFO] [1788011255.279242155] [htn_executor]: HTN PRIMITIVE SUCCESS: navigate [WP29]
[INFO] [1788011255.296480882] [htn_executor]: HTN PRIMITIVE RUNNING: navigate [WP30]
[INFO] [1788011255.498929701] [htn_executor]: HTN PRIMITIVE SUCCESS: navigate [WP30]
[INFO] [1788011255.516401126] [htn_executor]: HTN PRIMITIVE RUNNING: navigate [WP31]
[INFO] [1788011255.715724831] [htn_executor]: HTN PRIMITIVE SUCCESS: navigate [WP31]
[INFO] [1788011255.735394986] [htn_executor]: HTN PRIMITIVE RUNNING: navigate [WP32]
[INFO] [1788011255.935856950] [htn_executor]: HTN PRIMITIVE SUCCESS: navigate [WP32]
[INFO] [1788011255.955611940] [htn_executor]: HTN PRIMITIVE RUNNING: navigate [WP33]
[INFO] [1788011256.155799823] [htn_executor]: HTN PRIMITIVE SUCCESS: navigate [WP33]
[INFO] [1788011256.175522931] [htn_executor]: HTN PRIMITIVE RUNNING: navigate [WP34]
[INFO] [1788011256.380238259] [htn_executor]: HTN PRIMITIVE SUCCESS: navigate [WP34]
[INFO] [1788011256.395793539] [htn_executor]: HTN PRIMITIVE RUNNING: navigate [WP35]
[INFO] [1788011256.595404589] [htn_executor]: HTN PRIMITIVE SUCCESS: navigate [WP35]
[INFO] [1788011256.615356023] [htn_executor]: HTN PRIMITIVE RUNNING: navigate [WP36]
[INFO] [1788011256.815669881] [htn_executor]: HTN PRIMITIVE SUCCESS: navigate [WP36]
[INFO] [1788011256.838718307] [htn_executor]: HTN PRIMITIVE RUNNING: navigate [WP37]
[INFO] [1788011257.035400508] [htn_executor]: HTN PRIMITIVE SUCCESS: navigate [WP37]
[INFO] [1788011257.055265400] [htn_executor]: HTN PRIMITIVE RUNNING: navigate [WP38]
[INFO] [1788011257.256149174] [htn_executor]: HTN PRIMITIVE SUCCESS: navigate [WP38]
[INFO] [1788011257.275596679] [htn_executor]: HTN PRIMITIVE RUNNING: navigate [WP39]
[INFO] [1788011257.478613970] [htn_executor]: HTN PRIMITIVE SUCCESS: navigate [WP39]
[INFO] [1788011257.499259889] [htn_executor]: HTN PRIMITIVE RUNNING: navigate [WP40]
[INFO] [1788011257.695981107] [htn_executor]: HTN PRIMITIVE SUCCESS: navigate [WP40]
[INFO] [1788011257.715145174] [htn_executor]: HTN PRIMITIVE RUNNING: navigate [WP41]
[INFO] [1788011257.916888698] [htn_executor]: HTN PRIMITIVE SUCCESS: navigate [WP41]
[INFO] [1788011257.935745277] [htn_executor]: HTN PRIMITIVE RUNNING: navigate [WP42]
[INFO] [1788011258.138740416] [htn_executor]: HTN PRIMITIVE SUCCESS: navigate [WP42]
[INFO] [1788011258.157795079] [htn_executor]: HTN PRIMITIVE RUNNING: navigate [WP43]
[INFO] [1788011258.357670464] [htn_executor]: HTN PRIMITIVE SUCCESS: navigate [WP43]
[INFO] [1788011258.376730104] [htn_executor]: HTN PRIMITIVE RUNNING: navigate [WP44]
[INFO] [1788011258.578824842] [htn_executor]: HTN PRIMITIVE SUCCESS: navigate [WP44]
[INFO] [1788011258.596747195] [htn_executor]: HTN PRIMITIVE RUNNING: navigate [WP45]
[INFO] [1788011258.798720921] [htn_executor]: HTN PRIMITIVE SUCCESS: navigate [WP45]
[INFO] [1788011258.817539788] [htn_executor]: HTN PRIMITIVE RUNNING: navigate [WP46]
[INFO] [1788011259.017977465] [htn_executor]: HTN PRIMITIVE SUCCESS: navigate [WP46]
[INFO] [1788011259.036955776] [htn_executor]: HTN PRIMITIVE RUNNING: navigate [WP47]
[INFO] [1788011259.238984837] [htn_executor]: HTN PRIMITIVE SUCCESS: navigate [WP47]
[INFO] [1788011259.259157243] [htn_executor]: HTN PRIMITIVE RUNNING: navigate [WP48]
[INFO] [1788011259.458613299] [htn_executor]: HTN PRIMITIVE SUCCESS: navigate [WP48]
[INFO] [1788011259.477719547] [htn_executor]: HTN PRIMITIVE RUNNING: navigate [WP49]
[INFO] [1788011259.677610694] [htn_executor]: HTN PRIMITIVE SUCCESS: navigate [WP49]
[INFO] [1788011259.696733540] [htn_executor]: HTN PRIMITIVE RUNNING: navigate [WP50]
[INFO] [1788011259.898943543] [htn_executor]: HTN PRIMITIVE SUCCESS: navigate [WP50]
[INFO] [1788011259.917081717] [htn_executor]: HTN PRIMITIVE RUNNING: navigate [WP51]
[INFO] [1788011260.118922390] [htn_executor]: HTN PRIMITIVE SUCCESS: navigate [WP51]
[INFO] [1788011260.137901724] [htn_executor]: HTN PRIMITIVE RUNNING: navigate [WP52]
[INFO] [1788011260.336448403] [htn_executor]: HTN PRIMITIVE SUCCESS: navigate [WP52]
[INFO] [1788011260.355737939] [htn_executor]: HTN PRIMITIVE RUNNING: navigate [WP53]
[INFO] [1788011260.558701683] [htn_executor]: HTN PRIMITIVE SUCCESS: navigate [WP53]
[INFO] [1788011260.576765820] [htn_executor]: HTN PRIMITIVE RUNNING: navigate [WP54]
[INFO] [1788011260.778802679] [htn_executor]: HTN PRIMITIVE SUCCESS: navigate [WP54]
[INFO] [1788011260.796882850] [htn_executor]: HTN PRIMITIVE RUNNING: navigate [WP55]
[INFO] [1788011260.997604577] [htn_executor]: HTN PRIMITIVE SUCCESS: navigate [WP55]
[INFO] [1788011261.017164897] [htn_executor]: HTN PRIMITIVE RUNNING: navigate [WP56]
[INFO] [1788011261.217812481] [htn_executor]: HTN PRIMITIVE SUCCESS: navigate [WP56]
[INFO] [1788011261.237134034] [htn_executor]: HTN PRIMITIVE RUNNING: navigate [WP57]
[INFO] [1788011261.439009230] [htn_executor]: HTN PRIMITIVE SUCCESS: navigate [WP57]
[INFO] [1788011261.456753485] [htn_executor]: HTN PRIMITIVE RUNNING: navigate [WP58]
[INFO] [1788011261.660399719] [htn_executor]: HTN PRIMITIVE SUCCESS: navigate [WP58]
[INFO] [1788011261.677969548] [htn_executor]: HTN PRIMITIVE RUNNING: navigate [WP59]
[INFO] [1788011261.875738804] [htn_executor]: HTN PRIMITIVE SUCCESS: navigate [WP59]
[INFO] [1788011261.895451896] [htn_executor]: HTN PRIMITIVE RUNNING: navigate [WP60]
[INFO] [1788011262.096518894] [htn_executor]: HTN PRIMITIVE SUCCESS: navigate [WP60]
[INFO] [1788011262.115705095] [htn_executor]: HTN PRIMITIVE RUNNING: navigate [WP61]
[INFO] [1788011262.318938989] [htn_executor]: HTN PRIMITIVE SUCCESS: navigate [WP61]
[INFO] [1788011262.338310223] [htn_executor]: HTN PRIMITIVE RUNNING: navigate [WP62]
[INFO] [1788011262.538541311] [htn_executor]: HTN PRIMITIVE SUCCESS: navigate [WP62]
[INFO] [1788011262.556694201] [htn_executor]: HTN PRIMITIVE RUNNING: navigate [WP63]
[INFO] [1788011262.757526993] [htn_executor]: HTN PRIMITIVE SUCCESS: navigate [WP63]
[INFO] [1788011262.776715220] [htn_executor]: HTN PRIMITIVE RUNNING: navigate [WP64]
[INFO] [1788011262.975679861] [htn_executor]: HTN PRIMITIVE SUCCESS: navigate [WP64]
[INFO] [1788011262.995395257] [htn_executor]: HTN PRIMITIVE RUNNING: navigate [WP65]
[INFO] [1788011263.199188543] [htn_executor]: HTN PRIMITIVE SUCCESS: navigate [WP65]
[INFO] [1788011263.217057703] [htn_executor]: HTN PRIMITIVE RUNNING: navigate [WP66]
[INFO] [1788011263.417748801] [htn_executor]: HTN PRIMITIVE SUCCESS: navigate [WP66]
[INFO] [1788011263.438096198] [htn_executor]: HTN PRIMITIVE RUNNING: navigate [WP67]
[INFO] [1788011263.639150903] [htn_executor]: HTN PRIMITIVE SUCCESS: navigate [WP67]
[INFO] [1788011263.657359702] [htn_executor]: HTN PRIMITIVE RUNNING: navigate [WP68]
[INFO] [1788011263.859189496] [htn_executor]: HTN PRIMITIVE SUCCESS: navigate [WP68]
[INFO] [1788011263.878448269] [htn_executor]: HTN PRIMITIVE RUNNING: navigate [WP69]
[INFO] [1788011264.079150917] [htn_executor]: HTN PRIMITIVE SUCCESS: navigate [WP69]
[INFO] [1788011264.100582608] [htn_executor]: HTN PRIMITIVE RUNNING: navigate [WP70]
[INFO] [1788011264.295571048] [htn_executor]: HTN PRIMITIVE SUCCESS: navigate [WP70]
[INFO] [1788011264.316022704] [htn_executor]: HTN PRIMITIVE RUNNING: navigate [WP71]
[INFO] [1788011264.516676134] [htn_executor]: HTN PRIMITIVE SUCCESS: navigate [WP71]
[INFO] [1788011264.535410982] [htn_executor]: HTN PRIMITIVE RUNNING: navigate [WP72]
[INFO] [1788011264.739554622] [htn_executor]: HTN PRIMITIVE SUCCESS: navigate [WP72]
[INFO] [1788011264.758692182] [htn_executor]: HTN PRIMITIVE RUNNING: navigate [WP73]
[INFO] [1788011264.958565474] [htn_executor]: HTN PRIMITIVE SUCCESS: navigate [WP73]
[INFO] [1788011264.976802909] [htn_executor]: HTN PRIMITIVE RUNNING: navigate [WP74]
[INFO] [1788011265.182846106] [htn_executor]: HTN PRIMITIVE SUCCESS: navigate [WP74]
[INFO] [1788011265.200753349] [htn_executor]: HTN PRIMITIVE RUNNING: navigate [WP75]
[INFO] [1788011265.395735252] [htn_executor]: HTN PRIMITIVE SUCCESS: navigate [WP75]
[INFO] [1788011265.415642033] [htn_executor]: HTN PRIMITIVE RUNNING: navigate [WP76]
[INFO] [1788011265.617503976] [htn_executor]: HTN PRIMITIVE SUCCESS: navigate [WP76]
[INFO] [1788011265.637302956] [htn_executor]: HTN PRIMITIVE RUNNING: navigate [WP77]
[INFO] [1788011265.837961889] [htn_executor]: HTN PRIMITIVE SUCCESS: navigate [WP77]
[INFO] [1788011265.857199208] [htn_executor]: HTN PRIMITIVE RUNNING: navigate [WP78]
[INFO] [1788011266.059300818] [htn_executor]: HTN PRIMITIVE SUCCESS: navigate [WP78]
[INFO] [1788011266.077618809] [htn_executor]: HTN PRIMITIVE RUNNING: navigate [WP79]
[INFO] [1788011266.278796198] [htn_executor]: HTN PRIMITIVE SUCCESS: navigate [WP79]
[INFO] [1788011266.297414064] [htn_executor]: HTN PRIMITIVE RUNNING: navigate [WP80]
[INFO] [1788011266.500364037] [htn_executor]: HTN PRIMITIVE SUCCESS: navigate [WP80]
[INFO] [1788011266.520545435] [htn_executor]: HTN PRIMITIVE RUNNING: navigate [WP81]
[INFO] [1788011266.719280033] [htn_executor]: HTN PRIMITIVE SUCCESS: navigate [WP81]
[INFO] [1788011266.737832351] [htn_executor]: HTN PRIMITIVE RUNNING: navigate [WP82]
[INFO] [1788011266.935548028] [htn_executor]: HTN PRIMITIVE SUCCESS: navigate [WP82]
[INFO] [1788011266.955051810] [htn_executor]: HTN PRIMITIVE RUNNING: navigate [WP83]
[INFO] [1788011267.156279168] [htn_executor]: HTN PRIMITIVE SUCCESS: navigate [WP83]
[INFO] [1788011267.175477847] [htn_executor]: HTN PRIMITIVE RUNNING: navigate [WP84]
[INFO] [1788011267.378741975] [htn_executor]: HTN PRIMITIVE SUCCESS: navigate [WP84]
[INFO] [1788011267.397402479] [htn_executor]: HTN PRIMITIVE RUNNING: navigate [WP85]
[INFO] [1788011267.598821272] [htn_executor]: HTN PRIMITIVE SUCCESS: navigate [WP85]
[INFO] [1788011267.618057822] [htn_executor]: HTN PRIMITIVE RUNNING: navigate [WP86]
[INFO] [1788011267.815837609] [htn_executor]: HTN PRIMITIVE SUCCESS: navigate [WP86]
[INFO] [1788011267.835424787] [htn_executor]: HTN PRIMITIVE RUNNING: navigate [WP87]
[INFO] [1788011268.038444677] [htn_executor]: HTN PRIMITIVE SUCCESS: navigate [WP87]
[INFO] [1788011268.056706077] [htn_executor]: HTN PRIMITIVE RUNNING: navigate [WP88]
[INFO] [1788011268.258692958] [htn_executor]: HTN PRIMITIVE SUCCESS: navigate [WP88]
[INFO] [1788011268.277147507] [htn_executor]: HTN PRIMITIVE RUNNING: navigate [WP89]
[INFO] [1788011268.480826974] [htn_executor]: HTN PRIMITIVE SUCCESS: navigate [WP89]
[INFO] [1788011268.498122504] [htn_executor]: HTN PRIMITIVE RUNNING: navigate [WP90]
[INFO] [1788011268.695762704] [htn_executor]: HTN PRIMITIVE SUCCESS: navigate [WP90]
[INFO] [1788011268.715406287] [htn_executor]: HTN PRIMITIVE RUNNING: navigate [WP91]
[INFO] [1788011268.917378035] [htn_executor]: HTN PRIMITIVE SUCCESS: navigate [WP91]
[INFO] [1788011268.936893274] [htn_executor]: HTN PRIMITIVE RUNNING: navigate [WP92]
[INFO] [1788011269.139092115] [htn_executor]: HTN PRIMITIVE SUCCESS: navigate [WP92]
[INFO] [1788011269.156729901] [htn_executor]: HTN PRIMITIVE RUNNING: navigate [WP93]
[INFO] [1788011269.357328994] [htn_executor]: HTN PRIMITIVE SUCCESS: navigate [WP93]
[INFO] [1788011269.376821884] [htn_executor]: HTN PRIMITIVE RUNNING: navigate [WP94]
[INFO] [1788011269.578826745] [htn_executor]: HTN PRIMITIVE SUCCESS: navigate [WP94]
[INFO] [1788011269.596717019] [htn_executor]: HTN PRIMITIVE RUNNING: navigate [WP95]
[INFO] [1788011269.797037185] [htn_executor]: HTN PRIMITIVE SUCCESS: navigate [WP95]
[INFO] [1788011269.815660843] [htn_executor]: HTN PRIMITIVE RUNNING: navigate [WP96]
[INFO] [1788011270.017761408] [htn_executor]: HTN PRIMITIVE SUCCESS: navigate [WP96]
[INFO] [1788011270.036327439] [htn_executor]: HTN PRIMITIVE RUNNING: navigate [WP97]
[INFO] [1788011270.238277809] [htn_executor]: HTN PRIMITIVE SUCCESS: navigate [WP97]
[INFO] [1788011270.256729372] [htn_executor]: HTN PRIMITIVE RUNNING: navigate [WP98]
[INFO] [1788011270.456388209] [htn_executor]: HTN PRIMITIVE SUCCESS: navigate [WP98]
[INFO] [1788011270.475516768] [htn_executor]: HTN PRIMITIVE RUNNING: navigate [WP99]
[INFO] [1788011270.676684324] [htn_executor]: HTN PRIMITIVE SUCCESS: navigate [WP99]
[INFO] [1788011270.696243027] [htn_executor]: HTN PRIMITIVE RUNNING: navigate [WP100]
[INFO] [1788011270.899445293] [htn_executor]: HTN PRIMITIVE SUCCESS: navigate [WP100]
[INFO] [1788011270.917186292] [htn_executor]: HTN PRIMITIVE RUNNING: navigate [WP99]
[INFO] [1788011271.117643814] [htn_executor]: HTN PRIMITIVE SUCCESS: navigate [WP99]
[INFO] [1788011271.138258164] [htn_executor]: HTN PRIMITIVE RUNNING: navigate [WP98]
[INFO] [1788011271.336982488] [htn_executor]: HTN PRIMITIVE SUCCESS: navigate [WP98]
[INFO] [1788011271.355949349] [htn_executor]: HTN PRIMITIVE RUNNING: navigate [WP97]
[INFO] [1788011271.555947891] [htn_executor]: HTN PRIMITIVE SUCCESS: navigate [WP97]
[INFO] [1788011271.575474265] [htn_executor]: HTN PRIMITIVE RUNNING: navigate [WP96]
[INFO] [1788011271.776230656] [htn_executor]: HTN PRIMITIVE SUCCESS: navigate [WP96]
[INFO] [1788011271.795138690] [htn_executor]: HTN PRIMITIVE RUNNING: navigate [WP95]
[INFO] [1788011271.998782599] [htn_executor]: HTN PRIMITIVE SUCCESS: navigate [WP95]
[INFO] [1788011272.017059734] [htn_executor]: HTN PRIMITIVE RUNNING: navigate [WP94]
[INFO] [1788011272.217881943] [htn_executor]: HTN PRIMITIVE SUCCESS: navigate [WP94]
[INFO] [1788011272.237559819] [htn_executor]: HTN PRIMITIVE RUNNING: navigate [WP93]
[INFO] [1788011272.438359272] [htn_executor]: HTN PRIMITIVE SUCCESS: navigate [WP93]
[INFO] [1788011272.456700262] [htn_executor]: HTN PRIMITIVE RUNNING: navigate [WP92]
[INFO] [1788011272.658747817] [htn_executor]: HTN PRIMITIVE SUCCESS: navigate [WP92]
[INFO] [1788011272.678226504] [htn_executor]: HTN PRIMITIVE RUNNING: navigate [WP91]
[INFO] [1788011272.877428487] [htn_executor]: HTN PRIMITIVE SUCCESS: navigate [WP91]
[INFO] [1788011272.896890945] [htn_executor]: HTN PRIMITIVE RUNNING: navigate [WP90]
[INFO] [1788011273.099177515] [htn_executor]: HTN PRIMITIVE SUCCESS: navigate [WP90]
[INFO] [1788011273.118319192] [htn_executor]: HTN PRIMITIVE RUNNING: navigate [WP89]
[INFO] [1788011273.318926315] [htn_executor]: HTN PRIMITIVE SUCCESS: navigate [WP89]
[INFO] [1788011273.337457315] [htn_executor]: HTN PRIMITIVE RUNNING: navigate [WP88]
[INFO] [1788011273.540914422] [htn_executor]: HTN PRIMITIVE SUCCESS: navigate [WP88]
[INFO] [1788011273.556118910] [htn_executor]: HTN PRIMITIVE RUNNING: navigate [WP87]
[INFO] [1788011273.757372164] [htn_executor]: HTN PRIMITIVE SUCCESS: navigate [WP87]
[INFO] [1788011273.776690233] [htn_executor]: HTN PRIMITIVE RUNNING: navigate [WP86]
[INFO] [1788011273.975923010] [htn_executor]: HTN PRIMITIVE SUCCESS: navigate [WP86]
[INFO] [1788011273.995626888] [htn_executor]: HTN PRIMITIVE RUNNING: navigate [WP85]
[INFO] [1788011274.198863334] [htn_executor]: HTN PRIMITIVE SUCCESS: navigate [WP85]
[INFO] [1788011274.217127067] [htn_executor]: HTN PRIMITIVE RUNNING: navigate [WP84]
[INFO] [1788011274.418949529] [htn_executor]: HTN PRIMITIVE SUCCESS: navigate [WP84]
[INFO] [1788011274.437248759] [htn_executor]: HTN PRIMITIVE RUNNING: navigate [WP83]
[INFO] [1788011274.638143944] [htn_executor]: HTN PRIMITIVE SUCCESS: navigate [WP83]
[INFO] [1788011274.656663072] [htn_executor]: HTN PRIMITIVE RUNNING: navigate [WP82]
[INFO] [1788011274.858719809] [htn_executor]: HTN PRIMITIVE SUCCESS: navigate [WP82]
[INFO] [1788011274.876769752] [htn_executor]: HTN PRIMITIVE RUNNING: navigate [WP81]
[INFO] [1788011275.079281280] [htn_executor]: HTN PRIMITIVE SUCCESS: navigate [WP81]
[INFO] [1788011275.096706258] [htn_executor]: HTN PRIMITIVE RUNNING: navigate [WP80]
[INFO] [1788011275.298837979] [htn_executor]: HTN PRIMITIVE SUCCESS: navigate [WP80]
[INFO] [1788011275.317053810] [htn_executor]: HTN PRIMITIVE RUNNING: navigate [WP79]
[INFO] [1788011275.517673106] [htn_executor]: HTN PRIMITIVE SUCCESS: navigate [WP79]
[INFO] [1788011275.537274375] [htn_executor]: HTN PRIMITIVE RUNNING: navigate [WP78]
[INFO] [1788011275.739488104] [htn_executor]: HTN PRIMITIVE SUCCESS: navigate [WP78]
[INFO] [1788011275.756765896] [htn_executor]: HTN PRIMITIVE RUNNING: navigate [WP77]
[INFO] [1788011275.957411249] [htn_executor]: HTN PRIMITIVE SUCCESS: navigate [WP77]
[INFO] [1788011275.976955307] [htn_executor]: HTN PRIMITIVE RUNNING: navigate [WP76]
[INFO] [1788011276.177469941] [htn_executor]: HTN PRIMITIVE SUCCESS: navigate [WP76]
[INFO] [1788011276.196743300] [htn_executor]: HTN PRIMITIVE RUNNING: navigate [WP75]
[INFO] [1788011276.397899488] [htn_executor]: HTN PRIMITIVE SUCCESS: navigate [WP75]
[INFO] [1788011276.417439601] [htn_executor]: HTN PRIMITIVE RUNNING: navigate [WP74]
[INFO] [1788011276.621102015] [htn_executor]: HTN PRIMITIVE SUCCESS: navigate [WP74]
[INFO] [1788011276.637920695] [htn_executor]: HTN PRIMITIVE RUNNING: navigate [WP73]
[INFO] [1788011276.838410230] [htn_executor]: HTN PRIMITIVE SUCCESS: navigate [WP73]
[INFO] [1788011276.856670012] [htn_executor]: HTN PRIMITIVE RUNNING: navigate [WP72]
[INFO] [1788011277.058813085] [htn_executor]: HTN PRIMITIVE SUCCESS: navigate [WP72]
[INFO] [1788011277.076741946] [htn_executor]: HTN PRIMITIVE RUNNING: navigate [WP71]
[INFO] [1788011277.276008685] [htn_executor]: HTN PRIMITIVE SUCCESS: navigate [WP71]
[INFO] [1788011277.295316378] [htn_executor]: HTN PRIMITIVE RUNNING: navigate [WP70]
[INFO] [1788011277.497484286] [htn_executor]: HTN PRIMITIVE SUCCESS: navigate [WP70]
[INFO] [1788011277.516883568] [htn_executor]: HTN PRIMITIVE RUNNING: navigate [WP69]
[INFO] [1788011277.715932821] [htn_executor]: HTN PRIMITIVE SUCCESS: navigate [WP69]
[INFO] [1788011277.735948274] [htn_executor]: HTN PRIMITIVE RUNNING: navigate [WP68]
[INFO] [1788011277.939109586] [htn_executor]: HTN PRIMITIVE SUCCESS: navigate [WP68]
[INFO] [1788011277.956704352] [htn_executor]: HTN PRIMITIVE RUNNING: navigate [WP67]
[INFO] [1788011278.158918397] [htn_executor]: HTN PRIMITIVE SUCCESS: navigate [WP67]
[INFO] [1788011278.176924445] [htn_executor]: HTN PRIMITIVE RUNNING: navigate [WP66]
[INFO] [1788011278.376282013] [htn_executor]: HTN PRIMITIVE SUCCESS: navigate [WP66]
[INFO] [1788011278.395094615] [htn_executor]: HTN PRIMITIVE RUNNING: navigate [WP65]
[INFO] [1788011278.598837709] [htn_executor]: HTN PRIMITIVE SUCCESS: navigate [WP65]
[INFO] [1788011278.616935959] [htn_executor]: HTN PRIMITIVE RUNNING: navigate [WP64]
[INFO] [1788011278.817806667] [htn_executor]: HTN PRIMITIVE SUCCESS: navigate [WP64]
[INFO] [1788011278.837510781] [htn_executor]: HTN PRIMITIVE RUNNING: navigate [WP63]
[INFO] [1788011279.039592741] [htn_executor]: HTN PRIMITIVE SUCCESS: navigate [WP63]
[INFO] [1788011279.055469694] [htn_executor]: HTN PRIMITIVE RUNNING: navigate [WP62]
[INFO] [1788011279.257316423] [htn_executor]: HTN PRIMITIVE SUCCESS: navigate [WP62]
[INFO] [1788011279.276046508] [htn_executor]: HTN PRIMITIVE RUNNING: navigate [WP61]
[INFO] [1788011279.478924980] [htn_executor]: HTN PRIMITIVE SUCCESS: navigate [WP61]
[INFO] [1788011279.496700801] [htn_executor]: HTN PRIMITIVE RUNNING: navigate [WP60]
[INFO] [1788011279.697364138] [htn_executor]: HTN PRIMITIVE SUCCESS: navigate [WP60]
[INFO] [1788011279.716896492] [htn_executor]: HTN PRIMITIVE RUNNING: navigate [WP59]
[INFO] [1788011279.917821514] [htn_executor]: HTN PRIMITIVE SUCCESS: navigate [WP59]
[INFO] [1788011279.938033236] [htn_executor]: HTN PRIMITIVE RUNNING: navigate [WP58]
[INFO] [1788011280.139210156] [htn_executor]: HTN PRIMITIVE SUCCESS: navigate [WP58]
[INFO] [1788011280.156887589] [htn_executor]: HTN PRIMITIVE RUNNING: navigate [WP57]
[INFO] [1788011280.358888063] [htn_executor]: HTN PRIMITIVE SUCCESS: navigate [WP57]
[INFO] [1788011280.376749164] [htn_executor]: HTN PRIMITIVE RUNNING: navigate [WP56]
[INFO] [1788011280.577467865] [htn_executor]: HTN PRIMITIVE SUCCESS: navigate [WP56]
[INFO] [1788011280.596688771] [htn_executor]: HTN PRIMITIVE RUNNING: navigate [WP55]
[INFO] [1788011280.798839376] [htn_executor]: HTN PRIMITIVE SUCCESS: navigate [WP55]
[INFO] [1788011280.816760509] [htn_executor]: HTN PRIMITIVE RUNNING: navigate [WP54]
[INFO] [1788011281.017946985] [htn_executor]: HTN PRIMITIVE SUCCESS: navigate [WP54]
[INFO] [1788011281.035988139] [htn_executor]: HTN PRIMITIVE RUNNING: navigate [WP53]
[INFO] [1788011281.238134842] [htn_executor]: HTN PRIMITIVE SUCCESS: navigate [WP53]
[INFO] [1788011281.256813560] [htn_executor]: HTN PRIMITIVE RUNNING: navigate [WP52]
[INFO] [1788011281.459070279] [htn_executor]: HTN PRIMITIVE SUCCESS: navigate [WP52]
[INFO] [1788011281.479097204] [htn_executor]: HTN PRIMITIVE RUNNING: navigate [WP51]
[INFO] [1788011281.679996854] [htn_executor]: HTN PRIMITIVE SUCCESS: navigate [WP51]
[INFO] [1788011281.696750264] [htn_executor]: HTN PRIMITIVE RUNNING: navigate [WP50]
[WARN] [1788011281.702894240] [htn_executor]: RUNTIME EVENT RECEIVED: COMMUNICATION_LOST
[WARN] [1788011281.707105768] [htn_executor]: HTN PAUSED: navigate [WP50]
[WARN] [1788011281.711496311] [htn_executor]: HTN REPLANNING
[WARN] [1788011281.714903458] [htn_executor]: Selected method: m_communication_lost
[WARN] [1788011281.718506032] [htn_executor]: Recovery plan: wait_for_communication
[INFO] [1788011281.722262516] [htn_executor]: HTN RECOVERY RUNNING: wait_for_communication
[WARN] [1788011297.717321589] [htn_executor]: RUNTIME EVENT RECEIVED: COMMUNICATION_RECOVERY_FAILED
[WARN] [1788011297.718690245] [htn_executor]: HTN REPLANNING
[WARN] [1788011297.719782386] [htn_executor]: Selected method: m_communication_recovery_failed
[WARN] [1788011297.720787445] [htn_executor]: Recovery plan: return_to_home -> safe_terminate
[INFO] [1788011297.735147819] [htn_executor]: HTN RECOVERY RUNNING: return_to_home
[INFO] [1788011297.935742491] [htn_executor]: HTN PRIMITIVE SUCCESS: return_to_home
[INFO] [1788011297.955138452] [htn_executor]: HTN RECOVERY RUNNING: safe_terminate
[INFO] [1788011298.156379069] [htn_executor]: HTN PRIMITIVE SUCCESS: safe_terminate
[WARN] [1788011298.157270531] [htn_executor]: ================================
[WARN] [1788011298.157981641] [htn_executor]: MISSION SAFE TERMINATED
[WARN] [1788011298.158719541] [htn_executor]: Reason: COMMUNICATION_RECOVERY_FAILED
[WARN] [1788011298.159384660] [htn_executor]: ================================
