[INFO] [1788010415.024821505] [htn_executor]: Loading mission: /home/bishal/ros2_ws/install/mission_formalism_evaluation/share/mission_formalism_evaluation/missions/mission_4.yaml
[INFO] [1788010415.593726795] [htn_executor]: ================================
[INFO] [1788010415.594419434] [htn_executor]: HTN Mission Executor
[INFO] [1788010415.595028423] [htn_executor]: Mode: FINAL_SCENARIO_CAPABLE
[INFO] [1788010415.595908392] [htn_executor]: Model: Totally Ordered State-Based HTN
[INFO] [1788010415.596826491] [htn_executor]: Mission ID: M4
[INFO] [1788010415.598141970] [htn_executor]: Mission Name: Zigzag and Return
[INFO] [1788010415.598815017] [htn_executor]: Mission Items: 201
[INFO] [1788010415.599745196] [htn_executor]: HTN Primitive Operators: 12
[INFO] [1788010415.600788095] [htn_executor]: HTN Compound Tasks: 4
[INFO] [1788010415.601990721] [htn_executor]: HTN Methods: 16
[INFO] [1788010415.602807389] [htn_executor]: Mission Method Applications: 203
[INFO] [1788010415.603802780] [htn_executor]: Generated Primitive Plan: 201
[INFO] [1788010415.604955105] [htn_executor]: ================================
[INFO] [1788010415.626397294] [htn_executor]: HTN PRIMITIVE RUNNING: takeoff
[INFO] [1788010415.829492393] [htn_executor]: HTN PRIMITIVE SUCCESS: takeoff
[INFO] [1788010415.847685266] [htn_executor]: HTN PRIMITIVE RUNNING: navigate [WP1]
[INFO] [1788010416.048176476] [htn_executor]: HTN PRIMITIVE SUCCESS: navigate [WP1]
[INFO] [1788010416.067398761] [htn_executor]: HTN PRIMITIVE RUNNING: navigate [WP2]
[INFO] [1788010416.268329714] [htn_executor]: HTN PRIMITIVE SUCCESS: navigate [WP2]
[INFO] [1788010416.287837118] [htn_executor]: HTN PRIMITIVE RUNNING: navigate [WP3]
[INFO] [1788010416.486425244] [htn_executor]: HTN PRIMITIVE SUCCESS: navigate [WP3]
[INFO] [1788010416.505880556] [htn_executor]: HTN PRIMITIVE RUNNING: navigate [WP4]
[INFO] [1788010416.709578822] [htn_executor]: HTN PRIMITIVE SUCCESS: navigate [WP4]
[INFO] [1788010416.727426783] [htn_executor]: HTN PRIMITIVE RUNNING: navigate [WP5]
[INFO] [1788010416.926084615] [htn_executor]: HTN PRIMITIVE SUCCESS: navigate [WP5]
[INFO] [1788010416.945971548] [htn_executor]: HTN PRIMITIVE RUNNING: navigate [WP6]
[INFO] [1788010417.146309376] [htn_executor]: HTN PRIMITIVE SUCCESS: navigate [WP6]
[INFO] [1788010417.165798970] [htn_executor]: HTN PRIMITIVE RUNNING: navigate [WP7]
[INFO] [1788010417.366537961] [htn_executor]: HTN PRIMITIVE SUCCESS: navigate [WP7]
[INFO] [1788010417.387344293] [htn_executor]: HTN PRIMITIVE RUNNING: navigate [WP8]
[INFO] [1788010417.591658269] [htn_executor]: HTN PRIMITIVE SUCCESS: navigate [WP8]
[INFO] [1788010417.609511789] [htn_executor]: HTN PRIMITIVE RUNNING: navigate [WP9]
[INFO] [1788010417.808891553] [htn_executor]: HTN PRIMITIVE SUCCESS: navigate [WP9]
[INFO] [1788010417.825788155] [htn_executor]: HTN PRIMITIVE RUNNING: navigate [WP10]
[INFO] [1788010418.028231908] [htn_executor]: HTN PRIMITIVE SUCCESS: navigate [WP10]
[INFO] [1788010418.046961582] [htn_executor]: HTN PRIMITIVE RUNNING: navigate [WP11]
[INFO] [1788010418.246641167] [htn_executor]: HTN PRIMITIVE SUCCESS: navigate [WP11]
[INFO] [1788010418.266364296] [htn_executor]: HTN PRIMITIVE RUNNING: navigate [WP12]
[INFO] [1788010418.469358191] [htn_executor]: HTN PRIMITIVE SUCCESS: navigate [WP12]
[INFO] [1788010418.486830007] [htn_executor]: HTN PRIMITIVE RUNNING: navigate [WP13]
[INFO] [1788010418.690317763] [htn_executor]: HTN PRIMITIVE SUCCESS: navigate [WP13]
[INFO] [1788010418.707963085] [htn_executor]: HTN PRIMITIVE RUNNING: navigate [WP14]
[INFO] [1788010418.909770045] [htn_executor]: HTN PRIMITIVE SUCCESS: navigate [WP14]
[INFO] [1788010418.927473239] [htn_executor]: HTN PRIMITIVE RUNNING: navigate [WP15]
[INFO] [1788010419.128645203] [htn_executor]: HTN PRIMITIVE SUCCESS: navigate [WP15]
[INFO] [1788010419.147476923] [htn_executor]: HTN PRIMITIVE RUNNING: navigate [WP16]
[INFO] [1788010419.348060135] [htn_executor]: HTN PRIMITIVE SUCCESS: navigate [WP16]
[INFO] [1788010419.367477164] [htn_executor]: HTN PRIMITIVE RUNNING: navigate [WP17]
[INFO] [1788010419.568370646] [htn_executor]: HTN PRIMITIVE SUCCESS: navigate [WP17]
[INFO] [1788010419.587510455] [htn_executor]: HTN PRIMITIVE RUNNING: navigate [WP18]
[INFO] [1788010419.789331158] [htn_executor]: HTN PRIMITIVE SUCCESS: navigate [WP18]
[INFO] [1788010419.807643497] [htn_executor]: HTN PRIMITIVE RUNNING: navigate [WP19]
[INFO] [1788010420.009551889] [htn_executor]: HTN PRIMITIVE SUCCESS: navigate [WP19]
[INFO] [1788010420.027555394] [htn_executor]: HTN PRIMITIVE RUNNING: navigate [WP20]
[INFO] [1788010420.229027705] [htn_executor]: HTN PRIMITIVE SUCCESS: navigate [WP20]
[INFO] [1788010420.246649375] [htn_executor]: HTN PRIMITIVE RUNNING: navigate [WP21]
[INFO] [1788010420.449915773] [htn_executor]: HTN PRIMITIVE SUCCESS: navigate [WP21]
[INFO] [1788010420.467525305] [htn_executor]: HTN PRIMITIVE RUNNING: navigate [WP22]
[INFO] [1788010420.667163112] [htn_executor]: HTN PRIMITIVE SUCCESS: navigate [WP22]
[INFO] [1788010420.686058678] [htn_executor]: HTN PRIMITIVE RUNNING: navigate [WP23]
[INFO] [1788010420.890006938] [htn_executor]: HTN PRIMITIVE SUCCESS: navigate [WP23]
[INFO] [1788010420.907679116] [htn_executor]: HTN PRIMITIVE RUNNING: navigate [WP24]
[INFO] [1788010421.109991595] [htn_executor]: HTN PRIMITIVE SUCCESS: navigate [WP24]
[INFO] [1788010421.126465612] [htn_executor]: HTN PRIMITIVE RUNNING: navigate [WP25]
[INFO] [1788010421.328097953] [htn_executor]: HTN PRIMITIVE SUCCESS: navigate [WP25]
[INFO] [1788010421.347456937] [htn_executor]: HTN PRIMITIVE RUNNING: navigate [WP26]
[INFO] [1788010421.547513030] [htn_executor]: HTN PRIMITIVE SUCCESS: navigate [WP26]
[INFO] [1788010421.565791851] [htn_executor]: HTN PRIMITIVE RUNNING: navigate [WP27]
[INFO] [1788010421.771751950] [htn_executor]: HTN PRIMITIVE SUCCESS: navigate [WP27]
[INFO] [1788010421.787308909] [htn_executor]: HTN PRIMITIVE RUNNING: navigate [WP28]
[INFO] [1788010421.988233459] [htn_executor]: HTN PRIMITIVE SUCCESS: navigate [WP28]
[INFO] [1788010422.007821076] [htn_executor]: HTN PRIMITIVE RUNNING: navigate [WP29]
[INFO] [1788010422.207615479] [htn_executor]: HTN PRIMITIVE SUCCESS: navigate [WP29]
[INFO] [1788010422.226331644] [htn_executor]: HTN PRIMITIVE RUNNING: navigate [WP30]
[INFO] [1788010422.428837234] [htn_executor]: HTN PRIMITIVE SUCCESS: navigate [WP30]
[INFO] [1788010422.447379374] [htn_executor]: HTN PRIMITIVE RUNNING: navigate [WP31]
[INFO] [1788010422.648908829] [htn_executor]: HTN PRIMITIVE SUCCESS: navigate [WP31]
[INFO] [1788010422.669440261] [htn_executor]: HTN PRIMITIVE RUNNING: navigate [WP32]
[INFO] [1788010422.869630447] [htn_executor]: HTN PRIMITIVE SUCCESS: navigate [WP32]
[INFO] [1788010422.888594665] [htn_executor]: HTN PRIMITIVE RUNNING: navigate [WP33]
[INFO] [1788010423.090435164] [htn_executor]: HTN PRIMITIVE SUCCESS: navigate [WP33]
[INFO] [1788010423.107176530] [htn_executor]: HTN PRIMITIVE RUNNING: navigate [WP34]
[INFO] [1788010423.308435840] [htn_executor]: HTN PRIMITIVE SUCCESS: navigate [WP34]
[INFO] [1788010423.327449247] [htn_executor]: HTN PRIMITIVE RUNNING: navigate [WP35]
[INFO] [1788010423.528617792] [htn_executor]: HTN PRIMITIVE SUCCESS: navigate [WP35]
[INFO] [1788010423.547291071] [htn_executor]: HTN PRIMITIVE RUNNING: navigate [WP36]
[INFO] [1788010423.746501451] [htn_executor]: HTN PRIMITIVE SUCCESS: navigate [WP36]
[INFO] [1788010423.766196290] [htn_executor]: HTN PRIMITIVE RUNNING: navigate [WP37]
[INFO] [1788010423.966133136] [htn_executor]: HTN PRIMITIVE SUCCESS: navigate [WP37]
[INFO] [1788010423.985908685] [htn_executor]: HTN PRIMITIVE RUNNING: navigate [WP38]
[INFO] [1788010424.188705134] [htn_executor]: HTN PRIMITIVE SUCCESS: navigate [WP38]
[INFO] [1788010424.206851879] [htn_executor]: HTN PRIMITIVE RUNNING: navigate [WP39]
[INFO] [1788010424.408941162] [htn_executor]: HTN PRIMITIVE SUCCESS: navigate [WP39]
[INFO] [1788010424.427493011] [htn_executor]: HTN PRIMITIVE RUNNING: navigate [WP40]
[INFO] [1788010424.629423606] [htn_executor]: HTN PRIMITIVE SUCCESS: navigate [WP40]
[INFO] [1788010424.647420955] [htn_executor]: HTN PRIMITIVE RUNNING: navigate [WP41]
[INFO] [1788010424.849830340] [htn_executor]: HTN PRIMITIVE SUCCESS: navigate [WP41]
[INFO] [1788010424.872054072] [htn_executor]: HTN PRIMITIVE RUNNING: navigate [WP42]
[INFO] [1788010425.066704194] [htn_executor]: HTN PRIMITIVE SUCCESS: navigate [WP42]
[INFO] [1788010425.085847831] [htn_executor]: HTN PRIMITIVE RUNNING: navigate [WP43]
[INFO] [1788010425.286248432] [htn_executor]: HTN PRIMITIVE SUCCESS: navigate [WP43]
[INFO] [1788010425.305942781] [htn_executor]: HTN PRIMITIVE RUNNING: navigate [WP44]
[INFO] [1788010425.506761817] [htn_executor]: HTN PRIMITIVE SUCCESS: navigate [WP44]
[INFO] [1788010425.525789325] [htn_executor]: HTN PRIMITIVE RUNNING: navigate [WP45]
[INFO] [1788010425.727062311] [htn_executor]: HTN PRIMITIVE SUCCESS: navigate [WP45]
[INFO] [1788010425.747376984] [htn_executor]: HTN PRIMITIVE RUNNING: navigate [WP46]
[INFO] [1788010425.946890992] [htn_executor]: HTN PRIMITIVE SUCCESS: navigate [WP46]
[INFO] [1788010425.966379739] [htn_executor]: HTN PRIMITIVE RUNNING: navigate [WP47]
[INFO] [1788010426.166381303] [htn_executor]: HTN PRIMITIVE SUCCESS: navigate [WP47]
[INFO] [1788010426.187785507] [htn_executor]: HTN PRIMITIVE RUNNING: navigate [WP48]
[INFO] [1788010426.388890410] [htn_executor]: HTN PRIMITIVE SUCCESS: navigate [WP48]
[INFO] [1788010426.407753337] [htn_executor]: HTN PRIMITIVE RUNNING: navigate [WP49]
[INFO] [1788010426.608535591] [htn_executor]: HTN PRIMITIVE SUCCESS: navigate [WP49]
[INFO] [1788010426.630619691] [htn_executor]: HTN PRIMITIVE RUNNING: navigate [WP50]
[INFO] [1788010426.828212640] [htn_executor]: HTN PRIMITIVE SUCCESS: navigate [WP50]
[INFO] [1788010426.847466495] [htn_executor]: HTN PRIMITIVE RUNNING: navigate [WP51]
[INFO] [1788010427.049701811] [htn_executor]: HTN PRIMITIVE SUCCESS: navigate [WP51]
[INFO] [1788010427.068123822] [htn_executor]: HTN PRIMITIVE RUNNING: navigate [WP52]
[INFO] [1788010427.268661735] [htn_executor]: HTN PRIMITIVE SUCCESS: navigate [WP52]
[INFO] [1788010427.287243826] [htn_executor]: HTN PRIMITIVE RUNNING: navigate [WP53]
[INFO] [1788010427.486880560] [htn_executor]: HTN PRIMITIVE SUCCESS: navigate [WP53]
[INFO] [1788010427.506308851] [htn_executor]: HTN PRIMITIVE RUNNING: navigate [WP54]
[INFO] [1788010427.706355522] [htn_executor]: HTN PRIMITIVE SUCCESS: navigate [WP54]
[INFO] [1788010427.725798726] [htn_executor]: HTN PRIMITIVE RUNNING: navigate [WP55]
[INFO] [1788010427.926293697] [htn_executor]: HTN PRIMITIVE SUCCESS: navigate [WP55]
[INFO] [1788010427.946431415] [htn_executor]: HTN PRIMITIVE RUNNING: navigate [WP56]
[INFO] [1788010428.146562955] [htn_executor]: HTN PRIMITIVE SUCCESS: navigate [WP56]
[INFO] [1788010428.166160944] [htn_executor]: HTN PRIMITIVE RUNNING: navigate [WP57]
[INFO] [1788010428.368427833] [htn_executor]: HTN PRIMITIVE SUCCESS: navigate [WP57]
[INFO] [1788010428.387252346] [htn_executor]: HTN PRIMITIVE RUNNING: navigate [WP58]
[INFO] [1788010428.588255821] [htn_executor]: HTN PRIMITIVE SUCCESS: navigate [WP58]
[INFO] [1788010428.606923136] [htn_executor]: HTN PRIMITIVE RUNNING: navigate [WP59]
[INFO] [1788010428.807626012] [htn_executor]: HTN PRIMITIVE SUCCESS: navigate [WP59]
[INFO] [1788010428.826384267] [htn_executor]: HTN PRIMITIVE RUNNING: navigate [WP60]
[INFO] [1788010429.027875220] [htn_executor]: HTN PRIMITIVE SUCCESS: navigate [WP60]
[INFO] [1788010429.046601177] [htn_executor]: HTN PRIMITIVE RUNNING: navigate [WP61]
[INFO] [1788010429.246185656] [htn_executor]: HTN PRIMITIVE SUCCESS: navigate [WP61]
[INFO] [1788010429.265737152] [htn_executor]: HTN PRIMITIVE RUNNING: navigate [WP62]
[INFO] [1788010429.466506416] [htn_executor]: HTN PRIMITIVE SUCCESS: navigate [WP62]
[INFO] [1788010429.486105587] [htn_executor]: HTN PRIMITIVE RUNNING: navigate [WP63]
[INFO] [1788010429.687974618] [htn_executor]: HTN PRIMITIVE SUCCESS: navigate [WP63]
[INFO] [1788010429.707597526] [htn_executor]: HTN PRIMITIVE RUNNING: navigate [WP64]
[INFO] [1788010429.909218145] [htn_executor]: HTN PRIMITIVE SUCCESS: navigate [WP64]
[INFO] [1788010429.926326445] [htn_executor]: HTN PRIMITIVE RUNNING: navigate [WP65]
[INFO] [1788010430.130802131] [htn_executor]: HTN PRIMITIVE SUCCESS: navigate [WP65]
[INFO] [1788010430.146050851] [htn_executor]: HTN PRIMITIVE RUNNING: navigate [WP66]
[INFO] [1788010430.347068466] [htn_executor]: HTN PRIMITIVE SUCCESS: navigate [WP66]
[INFO] [1788010430.366237547] [htn_executor]: HTN PRIMITIVE RUNNING: navigate [WP67]
[INFO] [1788010430.568316787] [htn_executor]: HTN PRIMITIVE SUCCESS: navigate [WP67]
[INFO] [1788010430.587755472] [htn_executor]: HTN PRIMITIVE RUNNING: navigate [WP68]
[INFO] [1788010430.789460459] [htn_executor]: HTN PRIMITIVE SUCCESS: navigate [WP68]
[INFO] [1788010430.807791797] [htn_executor]: HTN PRIMITIVE RUNNING: navigate [WP69]
[INFO] [1788010431.010008226] [htn_executor]: HTN PRIMITIVE SUCCESS: navigate [WP69]
[INFO] [1788010431.027410241] [htn_executor]: HTN PRIMITIVE RUNNING: navigate [WP70]
[INFO] [1788010431.229369851] [htn_executor]: HTN PRIMITIVE SUCCESS: navigate [WP70]
[INFO] [1788010431.247860499] [htn_executor]: HTN PRIMITIVE RUNNING: navigate [WP71]
[INFO] [1788010431.448611587] [htn_executor]: HTN PRIMITIVE SUCCESS: navigate [WP71]
[INFO] [1788010431.467693325] [htn_executor]: HTN PRIMITIVE RUNNING: navigate [WP72]
[INFO] [1788010431.668194938] [htn_executor]: HTN PRIMITIVE SUCCESS: navigate [WP72]
[INFO] [1788010431.686155999] [htn_executor]: HTN PRIMITIVE RUNNING: navigate [WP73]
[INFO] [1788010431.889410208] [htn_executor]: HTN PRIMITIVE SUCCESS: navigate [WP73]
[INFO] [1788010431.909410817] [htn_executor]: HTN PRIMITIVE RUNNING: navigate [WP74]
[INFO] [1788010432.109608433] [htn_executor]: HTN PRIMITIVE SUCCESS: navigate [WP74]
[INFO] [1788010432.128915062] [htn_executor]: HTN PRIMITIVE RUNNING: navigate [WP75]
[INFO] [1788010432.329886482] [htn_executor]: HTN PRIMITIVE SUCCESS: navigate [WP75]
[INFO] [1788010432.347663778] [htn_executor]: HTN PRIMITIVE RUNNING: navigate [WP76]
[INFO] [1788010432.546608624] [htn_executor]: HTN PRIMITIVE SUCCESS: navigate [WP76]
[INFO] [1788010432.566177552] [htn_executor]: HTN PRIMITIVE RUNNING: navigate [WP77]
[INFO] [1788010432.766622041] [htn_executor]: HTN PRIMITIVE SUCCESS: navigate [WP77]
[INFO] [1788010432.785892718] [htn_executor]: HTN PRIMITIVE RUNNING: navigate [WP78]
[INFO] [1788010432.986430157] [htn_executor]: HTN PRIMITIVE SUCCESS: navigate [WP78]
[INFO] [1788010433.005828249] [htn_executor]: HTN PRIMITIVE RUNNING: navigate [WP79]
[INFO] [1788010433.206334337] [htn_executor]: HTN PRIMITIVE SUCCESS: navigate [WP79]
[INFO] [1788010433.225966765] [htn_executor]: HTN PRIMITIVE RUNNING: navigate [WP80]
[INFO] [1788010433.426568826] [htn_executor]: HTN PRIMITIVE SUCCESS: navigate [WP80]
[INFO] [1788010433.446199412] [htn_executor]: HTN PRIMITIVE RUNNING: navigate [WP81]
[INFO] [1788010433.648148334] [htn_executor]: HTN PRIMITIVE SUCCESS: navigate [WP81]
[INFO] [1788010433.667124506] [htn_executor]: HTN PRIMITIVE RUNNING: navigate [WP82]
[INFO] [1788010433.870137329] [htn_executor]: HTN PRIMITIVE SUCCESS: navigate [WP82]
[INFO] [1788010433.889084550] [htn_executor]: HTN PRIMITIVE RUNNING: navigate [WP83]
[INFO] [1788010434.090141771] [htn_executor]: HTN PRIMITIVE SUCCESS: navigate [WP83]
[INFO] [1788010434.109503880] [htn_executor]: HTN PRIMITIVE RUNNING: navigate [WP84]
[INFO] [1788010434.309818737] [htn_executor]: HTN PRIMITIVE SUCCESS: navigate [WP84]
[INFO] [1788010434.327473379] [htn_executor]: HTN PRIMITIVE RUNNING: navigate [WP85]
[INFO] [1788010434.530633593] [htn_executor]: HTN PRIMITIVE SUCCESS: navigate [WP85]
[INFO] [1788010434.548473477] [htn_executor]: HTN PRIMITIVE RUNNING: navigate [WP86]
[INFO] [1788010434.748530149] [htn_executor]: HTN PRIMITIVE SUCCESS: navigate [WP86]
[INFO] [1788010434.768368172] [htn_executor]: HTN PRIMITIVE RUNNING: navigate [WP87]
[INFO] [1788010434.968261089] [htn_executor]: HTN PRIMITIVE SUCCESS: navigate [WP87]
[INFO] [1788010434.987653639] [htn_executor]: HTN PRIMITIVE RUNNING: navigate [WP88]
[INFO] [1788010435.189496775] [htn_executor]: HTN PRIMITIVE SUCCESS: navigate [WP88]
[INFO] [1788010435.208498178] [htn_executor]: HTN PRIMITIVE RUNNING: navigate [WP89]
[INFO] [1788010435.409882196] [htn_executor]: HTN PRIMITIVE SUCCESS: navigate [WP89]
[INFO] [1788010435.428517885] [htn_executor]: HTN PRIMITIVE RUNNING: navigate [WP90]
[INFO] [1788010435.626675829] [htn_executor]: HTN PRIMITIVE SUCCESS: navigate [WP90]
[INFO] [1788010435.647368080] [htn_executor]: HTN PRIMITIVE RUNNING: navigate [WP91]
[INFO] [1788010435.849410078] [htn_executor]: HTN PRIMITIVE SUCCESS: navigate [WP91]
[INFO] [1788010435.868441474] [htn_executor]: HTN PRIMITIVE RUNNING: navigate [WP92]
[INFO] [1788010436.069512932] [htn_executor]: HTN PRIMITIVE SUCCESS: navigate [WP92]
[INFO] [1788010436.088424372] [htn_executor]: HTN PRIMITIVE RUNNING: navigate [WP93]
[INFO] [1788010436.290786743] [htn_executor]: HTN PRIMITIVE SUCCESS: navigate [WP93]
[INFO] [1788010436.306741116] [htn_executor]: HTN PRIMITIVE RUNNING: navigate [WP94]
[INFO] [1788010436.508034431] [htn_executor]: HTN PRIMITIVE SUCCESS: navigate [WP94]
[INFO] [1788010436.527382750] [htn_executor]: HTN PRIMITIVE RUNNING: navigate [WP95]
[INFO] [1788010436.728413665] [htn_executor]: HTN PRIMITIVE SUCCESS: navigate [WP95]
[INFO] [1788010436.747436527] [htn_executor]: HTN PRIMITIVE RUNNING: navigate [WP96]
[INFO] [1788010436.948211085] [htn_executor]: HTN PRIMITIVE SUCCESS: navigate [WP96]
[INFO] [1788010436.967424179] [htn_executor]: HTN PRIMITIVE RUNNING: navigate [WP97]
[INFO] [1788010437.169876545] [htn_executor]: HTN PRIMITIVE SUCCESS: navigate [WP97]
[INFO] [1788010437.187087222] [htn_executor]: HTN PRIMITIVE RUNNING: navigate [WP98]
[INFO] [1788010437.388134631] [htn_executor]: HTN PRIMITIVE SUCCESS: navigate [WP98]
[INFO] [1788010437.408446841] [htn_executor]: HTN PRIMITIVE RUNNING: navigate [WP99]
[INFO] [1788010437.609517168] [htn_executor]: HTN PRIMITIVE SUCCESS: navigate [WP99]
[INFO] [1788010437.627352773] [htn_executor]: HTN PRIMITIVE RUNNING: navigate [WP100]
[INFO] [1788010437.829258832] [htn_executor]: HTN PRIMITIVE SUCCESS: navigate [WP100]
[INFO] [1788010437.847727223] [htn_executor]: HTN PRIMITIVE RUNNING: navigate [WP99]
[INFO] [1788010438.049422576] [htn_executor]: HTN PRIMITIVE SUCCESS: navigate [WP99]
[INFO] [1788010438.067412903] [htn_executor]: HTN PRIMITIVE RUNNING: navigate [WP98]
[INFO] [1788010438.268606146] [htn_executor]: HTN PRIMITIVE SUCCESS: navigate [WP98]
[INFO] [1788010438.288775302] [htn_executor]: HTN PRIMITIVE RUNNING: navigate [WP97]
[INFO] [1788010438.490975828] [htn_executor]: HTN PRIMITIVE SUCCESS: navigate [WP97]
[INFO] [1788010438.507480075] [htn_executor]: HTN PRIMITIVE RUNNING: navigate [WP96]
[INFO] [1788010438.709044668] [htn_executor]: HTN PRIMITIVE SUCCESS: navigate [WP96]
[INFO] [1788010438.727450771] [htn_executor]: HTN PRIMITIVE RUNNING: navigate [WP95]
[INFO] [1788010438.928381415] [htn_executor]: HTN PRIMITIVE SUCCESS: navigate [WP95]
[INFO] [1788010438.947420161] [htn_executor]: HTN PRIMITIVE RUNNING: navigate [WP94]
[INFO] [1788010439.148082619] [htn_executor]: HTN PRIMITIVE SUCCESS: navigate [WP94]
[INFO] [1788010439.166665024] [htn_executor]: HTN PRIMITIVE RUNNING: navigate [WP93]
[INFO] [1788010439.369461862] [htn_executor]: HTN PRIMITIVE SUCCESS: navigate [WP93]
[INFO] [1788010439.387444837] [htn_executor]: HTN PRIMITIVE RUNNING: navigate [WP92]
[INFO] [1788010439.587983003] [htn_executor]: HTN PRIMITIVE SUCCESS: navigate [WP92]
[INFO] [1788010439.607788482] [htn_executor]: HTN PRIMITIVE RUNNING: navigate [WP91]
[INFO] [1788010439.808745125] [htn_executor]: HTN PRIMITIVE SUCCESS: navigate [WP91]
[INFO] [1788010439.827453029] [htn_executor]: HTN PRIMITIVE RUNNING: navigate [WP90]
[INFO] [1788010440.028145837] [htn_executor]: HTN PRIMITIVE SUCCESS: navigate [WP90]
[INFO] [1788010440.047390685] [htn_executor]: HTN PRIMITIVE RUNNING: navigate [WP89]
[INFO] [1788010440.248311545] [htn_executor]: HTN PRIMITIVE SUCCESS: navigate [WP89]
[INFO] [1788010440.267424466] [htn_executor]: HTN PRIMITIVE RUNNING: navigate [WP88]
[INFO] [1788010440.468286100] [htn_executor]: HTN PRIMITIVE SUCCESS: navigate [WP88]
[INFO] [1788010440.488078104] [htn_executor]: HTN PRIMITIVE RUNNING: navigate [WP87]
[INFO] [1788010440.689890208] [htn_executor]: HTN PRIMITIVE SUCCESS: navigate [WP87]
[INFO] [1788010440.707562791] [htn_executor]: HTN PRIMITIVE RUNNING: navigate [WP86]
[INFO] [1788010440.908485647] [htn_executor]: HTN PRIMITIVE SUCCESS: navigate [WP86]
[INFO] [1788010440.927387146] [htn_executor]: HTN PRIMITIVE RUNNING: navigate [WP85]
[INFO] [1788010441.128232560] [htn_executor]: HTN PRIMITIVE SUCCESS: navigate [WP85]
[INFO] [1788010441.147379149] [htn_executor]: HTN PRIMITIVE RUNNING: navigate [WP84]
[INFO] [1788010441.348172324] [htn_executor]: HTN PRIMITIVE SUCCESS: navigate [WP84]
[INFO] [1788010441.367349370] [htn_executor]: HTN PRIMITIVE RUNNING: navigate [WP83]
[INFO] [1788010441.569544056] [htn_executor]: HTN PRIMITIVE SUCCESS: navigate [WP83]
[INFO] [1788010441.587500049] [htn_executor]: HTN PRIMITIVE RUNNING: navigate [WP82]
[INFO] [1788010441.785958204] [htn_executor]: HTN PRIMITIVE SUCCESS: navigate [WP82]
[INFO] [1788010441.805779719] [htn_executor]: HTN PRIMITIVE RUNNING: navigate [WP81]
[INFO] [1788010442.008580879] [htn_executor]: HTN PRIMITIVE SUCCESS: navigate [WP81]
[INFO] [1788010442.027392083] [htn_executor]: HTN PRIMITIVE RUNNING: navigate [WP80]
[INFO] [1788010442.229458802] [htn_executor]: HTN PRIMITIVE SUCCESS: navigate [WP80]
[INFO] [1788010442.247776523] [htn_executor]: HTN PRIMITIVE RUNNING: navigate [WP79]
[INFO] [1788010442.448175389] [htn_executor]: HTN PRIMITIVE SUCCESS: navigate [WP79]
[INFO] [1788010442.467546987] [htn_executor]: HTN PRIMITIVE RUNNING: navigate [WP78]
[INFO] [1788010442.669191035] [htn_executor]: HTN PRIMITIVE SUCCESS: navigate [WP78]
[INFO] [1788010442.688944142] [htn_executor]: HTN PRIMITIVE RUNNING: navigate [WP77]
[INFO] [1788010442.889572143] [htn_executor]: HTN PRIMITIVE SUCCESS: navigate [WP77]
[INFO] [1788010442.908648332] [htn_executor]: HTN PRIMITIVE RUNNING: navigate [WP76]
[INFO] [1788010443.109396194] [htn_executor]: HTN PRIMITIVE SUCCESS: navigate [WP76]
[INFO] [1788010443.126618055] [htn_executor]: HTN PRIMITIVE RUNNING: navigate [WP75]
[INFO] [1788010443.328109154] [htn_executor]: HTN PRIMITIVE SUCCESS: navigate [WP75]
[INFO] [1788010443.348415913] [htn_executor]: HTN PRIMITIVE RUNNING: navigate [WP74]
[INFO] [1788010443.546864613] [htn_executor]: HTN PRIMITIVE SUCCESS: navigate [WP74]
[INFO] [1788010443.566471100] [htn_executor]: HTN PRIMITIVE RUNNING: navigate [WP73]
[INFO] [1788010443.769336908] [htn_executor]: HTN PRIMITIVE SUCCESS: navigate [WP73]
[INFO] [1788010443.787718073] [htn_executor]: HTN PRIMITIVE RUNNING: navigate [WP72]
[INFO] [1788010443.989508764] [htn_executor]: HTN PRIMITIVE SUCCESS: navigate [WP72]
[INFO] [1788010444.007588970] [htn_executor]: HTN PRIMITIVE RUNNING: navigate [WP71]
[INFO] [1788010444.208415955] [htn_executor]: HTN PRIMITIVE SUCCESS: navigate [WP71]
[INFO] [1788010444.227404202] [htn_executor]: HTN PRIMITIVE RUNNING: navigate [WP70]
[INFO] [1788010444.426480659] [htn_executor]: HTN PRIMITIVE SUCCESS: navigate [WP70]
[INFO] [1788010444.445945017] [htn_executor]: HTN PRIMITIVE RUNNING: navigate [WP69]
[INFO] [1788010444.648271142] [htn_executor]: HTN PRIMITIVE SUCCESS: navigate [WP69]
[INFO] [1788010444.667401955] [htn_executor]: HTN PRIMITIVE RUNNING: navigate [WP68]
[INFO] [1788010444.868375369] [htn_executor]: HTN PRIMITIVE SUCCESS: navigate [WP68]
[INFO] [1788010444.889059661] [htn_executor]: HTN PRIMITIVE RUNNING: navigate [WP67]
[INFO] [1788010445.089128169] [htn_executor]: HTN PRIMITIVE SUCCESS: navigate [WP67]
[INFO] [1788010445.109454666] [htn_executor]: HTN PRIMITIVE RUNNING: navigate [WP66]
[INFO] [1788010445.309674770] [htn_executor]: HTN PRIMITIVE SUCCESS: navigate [WP66]
[INFO] [1788010445.327356436] [htn_executor]: HTN PRIMITIVE RUNNING: navigate [WP65]
[INFO] [1788010445.528324227] [htn_executor]: HTN PRIMITIVE SUCCESS: navigate [WP65]
[INFO] [1788010445.548726849] [htn_executor]: HTN PRIMITIVE RUNNING: navigate [WP64]
[INFO] [1788010445.749462666] [htn_executor]: HTN PRIMITIVE SUCCESS: navigate [WP64]
[INFO] [1788010445.767378848] [htn_executor]: HTN PRIMITIVE RUNNING: navigate [WP63]
[INFO] [1788010445.968220256] [htn_executor]: HTN PRIMITIVE SUCCESS: navigate [WP63]
[INFO] [1788010445.987778972] [htn_executor]: HTN PRIMITIVE RUNNING: navigate [WP62]
[INFO] [1788010446.189618723] [htn_executor]: HTN PRIMITIVE SUCCESS: navigate [WP62]
[INFO] [1788010446.208212898] [htn_executor]: HTN PRIMITIVE RUNNING: navigate [WP61]
[INFO] [1788010446.409766035] [htn_executor]: HTN PRIMITIVE SUCCESS: navigate [WP61]
[INFO] [1788010446.427519136] [htn_executor]: HTN PRIMITIVE RUNNING: navigate [WP60]
[INFO] [1788010446.626311899] [htn_executor]: HTN PRIMITIVE SUCCESS: navigate [WP60]
[INFO] [1788010446.646139979] [htn_executor]: HTN PRIMITIVE RUNNING: navigate [WP59]
[INFO] [1788010446.849428868] [htn_executor]: HTN PRIMITIVE SUCCESS: navigate [WP59]
[INFO] [1788010446.867367728] [htn_executor]: HTN PRIMITIVE RUNNING: navigate [WP58]
[INFO] [1788010447.069547878] [htn_executor]: HTN PRIMITIVE SUCCESS: navigate [WP58]
[INFO] [1788010447.088381848] [htn_executor]: HTN PRIMITIVE RUNNING: navigate [WP57]
[INFO] [1788010447.289679334] [htn_executor]: HTN PRIMITIVE SUCCESS: navigate [WP57]
[INFO] [1788010447.308054979] [htn_executor]: HTN PRIMITIVE RUNNING: navigate [WP56]
[INFO] [1788010447.508998303] [htn_executor]: HTN PRIMITIVE SUCCESS: navigate [WP56]
[INFO] [1788010447.527350670] [htn_executor]: HTN PRIMITIVE RUNNING: navigate [WP55]
[INFO] [1788010447.728232418] [htn_executor]: HTN PRIMITIVE SUCCESS: navigate [WP55]
[INFO] [1788010447.746595347] [htn_executor]: HTN PRIMITIVE RUNNING: navigate [WP54]
[INFO] [1788010447.949437588] [htn_executor]: HTN PRIMITIVE SUCCESS: navigate [WP54]
[INFO] [1788010447.967410245] [htn_executor]: HTN PRIMITIVE RUNNING: navigate [WP53]
[INFO] [1788010448.168213925] [htn_executor]: HTN PRIMITIVE SUCCESS: navigate [WP53]
[INFO] [1788010448.187521292] [htn_executor]: HTN PRIMITIVE RUNNING: navigate [WP52]
[INFO] [1788010448.387822289] [htn_executor]: HTN PRIMITIVE SUCCESS: navigate [WP52]
[INFO] [1788010448.407793165] [htn_executor]: HTN PRIMITIVE RUNNING: navigate [WP51]
[INFO] [1788010448.609667271] [htn_executor]: HTN PRIMITIVE SUCCESS: navigate [WP51]
[INFO] [1788010448.627403731] [htn_executor]: HTN PRIMITIVE RUNNING: navigate [WP50]
[WARN] [1788010448.635324150] [htn_executor]: RUNTIME EVENT RECEIVED: PROPULSION_FAILURE
[WARN] [1788010448.638694923] [htn_executor]: HTN PAUSED: navigate [WP50]
[WARN] [1788010448.641870020] [htn_executor]: HTN REPLANNING
[WARN] [1788010448.644146502] [htn_executor]: Selected method: m_propulsion_failure
[WARN] [1788010448.645728345] [htn_executor]: Recovery plan: emergency_land -> safe_terminate
[INFO] [1788010448.647393232] [htn_executor]: HTN RECOVERY RUNNING: emergency_land
[INFO] [1788010448.849896404] [htn_executor]: HTN PRIMITIVE SUCCESS: emergency_land
[INFO] [1788010448.867438263] [htn_executor]: HTN RECOVERY RUNNING: safe_terminate
[INFO] [1788010449.067326786] [htn_executor]: HTN PRIMITIVE SUCCESS: safe_terminate
[WARN] [1788010449.069665785] [htn_executor]: ================================
[WARN] [1788010449.070947796] [htn_executor]: MISSION SAFE TERMINATED
[WARN] [1788010449.073274733] [htn_executor]: Reason: PROPULSION_FAILURE
[WARN] [1788010449.076440355] [htn_executor]: ================================
