[INFO] [1788194743.754328455] [waypoint_executor]: Loading mission: /home/bishal/ros2_ws/install/mission_formalism_evaluation/share/mission_formalism_evaluation/missions/mission_4.yaml
[INFO] [1788194743.786297034] [waypoint_executor]: Mission ID: M4
[INFO] [1788194743.786936074] [waypoint_executor]: Mission Name: Zigzag and Return
[INFO] [1788194743.787681739] [waypoint_executor]: Mission Items: 201
[INFO] [1788194743.788481898] [waypoint_executor]: [1/201] TAKEOFF
[INFO] [1788194743.789124741] [waypoint_executor]: [2/201] NAVIGATE -> WP1
[INFO] [1788194743.789749633] [waypoint_executor]: [3/201] NAVIGATE -> WP2
[INFO] [1788194743.790230776] [waypoint_executor]: [4/201] NAVIGATE -> WP3
[INFO] [1788194743.790755060] [waypoint_executor]: [5/201] NAVIGATE -> WP4
[INFO] [1788194743.791650574] [waypoint_executor]: [6/201] NAVIGATE -> WP5
[INFO] [1788194743.792793565] [waypoint_executor]: [7/201] NAVIGATE -> WP6
[INFO] [1788194743.793640263] [waypoint_executor]: [8/201] NAVIGATE -> WP7
[INFO] [1788194743.794279330] [waypoint_executor]: [9/201] NAVIGATE -> WP8
[INFO] [1788194743.794812732] [waypoint_executor]: [10/201] NAVIGATE -> WP9
[INFO] [1788194743.795361557] [waypoint_executor]: [11/201] NAVIGATE -> WP10
[INFO] [1788194743.796118071] [waypoint_executor]: [12/201] NAVIGATE -> WP11
[INFO] [1788194743.796962969] [waypoint_executor]: [13/201] NAVIGATE -> WP12
[INFO] [1788194743.797735049] [waypoint_executor]: [14/201] NAVIGATE -> WP13
[INFO] [1788194743.798232980] [waypoint_executor]: [15/201] NAVIGATE -> WP14
[INFO] [1788194743.798752618] [waypoint_executor]: [16/201] NAVIGATE -> WP15
[INFO] [1788194743.799234551] [waypoint_executor]: [17/201] NAVIGATE -> WP16
[INFO] [1788194743.799749922] [waypoint_executor]: [18/201] NAVIGATE -> WP17
[INFO] [1788194743.800240918] [waypoint_executor]: [19/201] NAVIGATE -> WP18
[INFO] [1788194743.800721804] [waypoint_executor]: [20/201] NAVIGATE -> WP19
[INFO] [1788194743.801164596] [waypoint_executor]: [21/201] NAVIGATE -> WP20
[INFO] [1788194743.801672340] [waypoint_executor]: [22/201] NAVIGATE -> WP21
[INFO] [1788194743.802156994] [waypoint_executor]: [23/201] NAVIGATE -> WP22
[INFO] [1788194743.802696850] [waypoint_executor]: [24/201] NAVIGATE -> WP23
[INFO] [1788194743.803143149] [waypoint_executor]: [25/201] NAVIGATE -> WP24
[INFO] [1788194743.803659264] [waypoint_executor]: [26/201] NAVIGATE -> WP25
[INFO] [1788194743.804096918] [waypoint_executor]: [27/201] NAVIGATE -> WP26
[INFO] [1788194743.804544630] [waypoint_executor]: [28/201] NAVIGATE -> WP27
[INFO] [1788194743.804979978] [waypoint_executor]: [29/201] NAVIGATE -> WP28
[INFO] [1788194743.805424483] [waypoint_executor]: [30/201] NAVIGATE -> WP29
[INFO] [1788194743.805864213] [waypoint_executor]: [31/201] NAVIGATE -> WP30
[INFO] [1788194743.806296214] [waypoint_executor]: [32/201] NAVIGATE -> WP31
[INFO] [1788194743.806738816] [waypoint_executor]: [33/201] NAVIGATE -> WP32
[INFO] [1788194743.807171437] [waypoint_executor]: [34/201] NAVIGATE -> WP33
[INFO] [1788194743.807730449] [waypoint_executor]: [35/201] NAVIGATE -> WP34
[INFO] [1788194743.808432236] [waypoint_executor]: [36/201] NAVIGATE -> WP35
[INFO] [1788194743.809466433] [waypoint_executor]: [37/201] NAVIGATE -> WP36
[INFO] [1788194743.810661623] [waypoint_executor]: [38/201] NAVIGATE -> WP37
[INFO] [1788194743.811387061] [waypoint_executor]: [39/201] NAVIGATE -> WP38
[INFO] [1788194743.811863850] [waypoint_executor]: [40/201] NAVIGATE -> WP39
[INFO] [1788194743.812553654] [waypoint_executor]: [41/201] NAVIGATE -> WP40
[INFO] [1788194743.813383051] [waypoint_executor]: [42/201] NAVIGATE -> WP41
[INFO] [1788194743.813884415] [waypoint_executor]: [43/201] NAVIGATE -> WP42
[INFO] [1788194743.814316609] [waypoint_executor]: [44/201] NAVIGATE -> WP43
[INFO] [1788194743.814778938] [waypoint_executor]: [45/201] NAVIGATE -> WP44
[INFO] [1788194743.815215768] [waypoint_executor]: [46/201] NAVIGATE -> WP45
[INFO] [1788194743.815723824] [waypoint_executor]: [47/201] NAVIGATE -> WP46
[INFO] [1788194743.816151287] [waypoint_executor]: [48/201] NAVIGATE -> WP47
[INFO] [1788194743.816622391] [waypoint_executor]: [49/201] NAVIGATE -> WP48
[INFO] [1788194743.817130047] [waypoint_executor]: [50/201] NAVIGATE -> WP49
[INFO] [1788194743.817588108] [waypoint_executor]: [51/201] NAVIGATE -> WP50
[INFO] [1788194743.818127642] [waypoint_executor]: [52/201] NAVIGATE -> WP51
[INFO] [1788194743.818891708] [waypoint_executor]: [53/201] NAVIGATE -> WP52
[INFO] [1788194743.819648787] [waypoint_executor]: [54/201] NAVIGATE -> WP53
[INFO] [1788194743.820137742] [waypoint_executor]: [55/201] NAVIGATE -> WP54
[INFO] [1788194743.820821580] [waypoint_executor]: [56/201] NAVIGATE -> WP55
[INFO] [1788194743.821702488] [waypoint_executor]: [57/201] NAVIGATE -> WP56
[INFO] [1788194743.822177350] [waypoint_executor]: [58/201] NAVIGATE -> WP57
[INFO] [1788194743.822919998] [waypoint_executor]: [59/201] NAVIGATE -> WP58
[INFO] [1788194743.823551054] [waypoint_executor]: [60/201] NAVIGATE -> WP59
[INFO] [1788194743.823969556] [waypoint_executor]: [61/201] NAVIGATE -> WP60
[INFO] [1788194743.824587585] [waypoint_executor]: [62/201] NAVIGATE -> WP61
[INFO] [1788194743.825022185] [waypoint_executor]: [63/201] NAVIGATE -> WP62
[INFO] [1788194743.825861691] [waypoint_executor]: [64/201] NAVIGATE -> WP63
[INFO] [1788194743.826339597] [waypoint_executor]: [65/201] NAVIGATE -> WP64
[INFO] [1788194743.827141182] [waypoint_executor]: [66/201] NAVIGATE -> WP65
[INFO] [1788194743.827747114] [waypoint_executor]: [67/201] NAVIGATE -> WP66
[INFO] [1788194743.828178855] [waypoint_executor]: [68/201] NAVIGATE -> WP67
[INFO] [1788194743.828957195] [waypoint_executor]: [69/201] NAVIGATE -> WP68
[INFO] [1788194743.829603342] [waypoint_executor]: [70/201] NAVIGATE -> WP69
[INFO] [1788194743.830058067] [waypoint_executor]: [71/201] NAVIGATE -> WP70
[INFO] [1788194743.830512919] [waypoint_executor]: [72/201] NAVIGATE -> WP71
[INFO] [1788194743.830949544] [waypoint_executor]: [73/201] NAVIGATE -> WP72
[INFO] [1788194743.831383366] [waypoint_executor]: [74/201] NAVIGATE -> WP73
[INFO] [1788194743.831826599] [waypoint_executor]: [75/201] NAVIGATE -> WP74
[INFO] [1788194743.832258675] [waypoint_executor]: [76/201] NAVIGATE -> WP75
[INFO] [1788194743.832716761] [waypoint_executor]: [77/201] NAVIGATE -> WP76
[INFO] [1788194743.833150167] [waypoint_executor]: [78/201] NAVIGATE -> WP77
[INFO] [1788194743.833665853] [waypoint_executor]: [79/201] NAVIGATE -> WP78
[INFO] [1788194743.834099957] [waypoint_executor]: [80/201] NAVIGATE -> WP79
[INFO] [1788194743.834633566] [waypoint_executor]: [81/201] NAVIGATE -> WP80
[INFO] [1788194743.835067875] [waypoint_executor]: [82/201] NAVIGATE -> WP81
[INFO] [1788194743.835616828] [waypoint_executor]: [83/201] NAVIGATE -> WP82
[INFO] [1788194743.836393712] [waypoint_executor]: [84/201] NAVIGATE -> WP83
[INFO] [1788194743.836940786] [waypoint_executor]: [85/201] NAVIGATE -> WP84
[INFO] [1788194743.837387089] [waypoint_executor]: [86/201] NAVIGATE -> WP85
[INFO] [1788194743.837840443] [waypoint_executor]: [87/201] NAVIGATE -> WP86
[INFO] [1788194743.838495681] [waypoint_executor]: [88/201] NAVIGATE -> WP87
[INFO] [1788194743.838937800] [waypoint_executor]: [89/201] NAVIGATE -> WP88
[INFO] [1788194743.839373759] [waypoint_executor]: [90/201] NAVIGATE -> WP89
[INFO] [1788194743.839817668] [waypoint_executor]: [91/201] NAVIGATE -> WP90
[INFO] [1788194743.840250589] [waypoint_executor]: [92/201] NAVIGATE -> WP91
[INFO] [1788194743.840989288] [waypoint_executor]: [93/201] NAVIGATE -> WP92
[INFO] [1788194743.841676616] [waypoint_executor]: [94/201] NAVIGATE -> WP93
[INFO] [1788194743.842613588] [waypoint_executor]: [95/201] NAVIGATE -> WP94
[INFO] [1788194743.843563829] [waypoint_executor]: [96/201] NAVIGATE -> WP95
[INFO] [1788194743.844054839] [waypoint_executor]: [97/201] NAVIGATE -> WP96
[INFO] [1788194743.844678261] [waypoint_executor]: [98/201] NAVIGATE -> WP97
[INFO] [1788194743.845124740] [waypoint_executor]: [99/201] NAVIGATE -> WP98
[INFO] [1788194743.845884465] [waypoint_executor]: [100/201] NAVIGATE -> WP99
[INFO] [1788194743.846576775] [waypoint_executor]: [101/201] NAVIGATE -> WP100
[INFO] [1788194743.847034586] [waypoint_executor]: [102/201] NAVIGATE -> WP99
[INFO] [1788194743.847504673] [waypoint_executor]: [103/201] NAVIGATE -> WP98
[INFO] [1788194743.847949614] [waypoint_executor]: [104/201] NAVIGATE -> WP97
[INFO] [1788194743.848367719] [waypoint_executor]: [105/201] NAVIGATE -> WP96
[INFO] [1788194743.848788584] [waypoint_executor]: [106/201] NAVIGATE -> WP95
[INFO] [1788194743.849195848] [waypoint_executor]: [107/201] NAVIGATE -> WP94
[INFO] [1788194743.849677930] [waypoint_executor]: [108/201] NAVIGATE -> WP93
[INFO] [1788194743.850085985] [waypoint_executor]: [109/201] NAVIGATE -> WP92
[INFO] [1788194743.850503958] [waypoint_executor]: [110/201] NAVIGATE -> WP91
[INFO] [1788194743.850912820] [waypoint_executor]: [111/201] NAVIGATE -> WP90
[INFO] [1788194743.851318131] [waypoint_executor]: [112/201] NAVIGATE -> WP89
[INFO] [1788194743.851741655] [waypoint_executor]: [113/201] NAVIGATE -> WP88
[INFO] [1788194743.852216387] [waypoint_executor]: [114/201] NAVIGATE -> WP87
[INFO] [1788194743.852998390] [waypoint_executor]: [115/201] NAVIGATE -> WP86
[INFO] [1788194743.853632349] [waypoint_executor]: [116/201] NAVIGATE -> WP85
[INFO] [1788194743.854095632] [waypoint_executor]: [117/201] NAVIGATE -> WP84
[INFO] [1788194743.854637548] [waypoint_executor]: [118/201] NAVIGATE -> WP83
[INFO] [1788194743.855078498] [waypoint_executor]: [119/201] NAVIGATE -> WP82
[INFO] [1788194743.855531058] [waypoint_executor]: [120/201] NAVIGATE -> WP81
[INFO] [1788194743.855967438] [waypoint_executor]: [121/201] NAVIGATE -> WP80
[INFO] [1788194743.856409745] [waypoint_executor]: [122/201] NAVIGATE -> WP79
[INFO] [1788194743.856843791] [waypoint_executor]: [123/201] NAVIGATE -> WP78
[INFO] [1788194743.857278170] [waypoint_executor]: [124/201] NAVIGATE -> WP77
[INFO] [1788194743.857973178] [waypoint_executor]: [125/201] NAVIGATE -> WP76
[INFO] [1788194743.858773907] [waypoint_executor]: [126/201] NAVIGATE -> WP75
[INFO] [1788194743.859750924] [waypoint_executor]: [127/201] NAVIGATE -> WP74
[INFO] [1788194743.860663588] [waypoint_executor]: [128/201] NAVIGATE -> WP73
[INFO] [1788194743.861208739] [waypoint_executor]: [129/201] NAVIGATE -> WP72
[INFO] [1788194743.861733597] [waypoint_executor]: [130/201] NAVIGATE -> WP71
[INFO] [1788194743.862463529] [waypoint_executor]: [131/201] NAVIGATE -> WP70
[INFO] [1788194743.863197463] [waypoint_executor]: [132/201] NAVIGATE -> WP69
[INFO] [1788194743.863713452] [waypoint_executor]: [133/201] NAVIGATE -> WP68
[INFO] [1788194743.864162746] [waypoint_executor]: [134/201] NAVIGATE -> WP67
[INFO] [1788194743.864671785] [waypoint_executor]: [135/201] NAVIGATE -> WP66
[INFO] [1788194743.865107610] [waypoint_executor]: [136/201] NAVIGATE -> WP65
[INFO] [1788194743.865643903] [waypoint_executor]: [137/201] NAVIGATE -> WP64
[INFO] [1788194743.866086634] [waypoint_executor]: [138/201] NAVIGATE -> WP63
[INFO] [1788194743.866514932] [waypoint_executor]: [139/201] NAVIGATE -> WP62
[INFO] [1788194743.866926399] [waypoint_executor]: [140/201] NAVIGATE -> WP61
[INFO] [1788194743.867334867] [waypoint_executor]: [141/201] NAVIGATE -> WP60
[INFO] [1788194743.867751165] [waypoint_executor]: [142/201] NAVIGATE -> WP59
[INFO] [1788194743.868158155] [waypoint_executor]: [143/201] NAVIGATE -> WP58
[INFO] [1788194743.868658022] [waypoint_executor]: [144/201] NAVIGATE -> WP57
[INFO] [1788194743.869134178] [waypoint_executor]: [145/201] NAVIGATE -> WP56
[INFO] [1788194743.869660098] [waypoint_executor]: [146/201] NAVIGATE -> WP55
[INFO] [1788194743.870074555] [waypoint_executor]: [147/201] NAVIGATE -> WP54
[INFO] [1788194743.870496901] [waypoint_executor]: [148/201] NAVIGATE -> WP53
[INFO] [1788194743.870907537] [waypoint_executor]: [149/201] NAVIGATE -> WP52
[INFO] [1788194743.871313222] [waypoint_executor]: [150/201] NAVIGATE -> WP51
[INFO] [1788194743.871739807] [waypoint_executor]: [151/201] NAVIGATE -> WP50
[INFO] [1788194743.872144938] [waypoint_executor]: [152/201] NAVIGATE -> WP49
[INFO] [1788194743.872647717] [waypoint_executor]: [153/201] NAVIGATE -> WP48
[INFO] [1788194743.873052830] [waypoint_executor]: [154/201] NAVIGATE -> WP47
[INFO] [1788194743.873495512] [waypoint_executor]: [155/201] NAVIGATE -> WP46
[INFO] [1788194743.873905679] [waypoint_executor]: [156/201] NAVIGATE -> WP45
[INFO] [1788194743.874523879] [waypoint_executor]: [157/201] NAVIGATE -> WP44
[INFO] [1788194743.875176537] [waypoint_executor]: [158/201] NAVIGATE -> WP43
[INFO] [1788194743.876044965] [waypoint_executor]: [159/201] NAVIGATE -> WP42
[INFO] [1788194743.877007260] [waypoint_executor]: [160/201] NAVIGATE -> WP41
[INFO] [1788194743.877913329] [waypoint_executor]: [161/201] NAVIGATE -> WP40
[INFO] [1788194743.878692686] [waypoint_executor]: [162/201] NAVIGATE -> WP39
[INFO] [1788194743.879233882] [waypoint_executor]: [163/201] NAVIGATE -> WP38
[INFO] [1788194743.879763949] [waypoint_executor]: [164/201] NAVIGATE -> WP37
[INFO] [1788194743.880273010] [waypoint_executor]: [165/201] NAVIGATE -> WP36
[INFO] [1788194743.880723376] [waypoint_executor]: [166/201] NAVIGATE -> WP35
[INFO] [1788194743.881137756] [waypoint_executor]: [167/201] NAVIGATE -> WP34
[INFO] [1788194743.881562678] [waypoint_executor]: [168/201] NAVIGATE -> WP33
[INFO] [1788194743.881973746] [waypoint_executor]: [169/201] NAVIGATE -> WP32
[INFO] [1788194743.882380852] [waypoint_executor]: [170/201] NAVIGATE -> WP31
[INFO] [1788194743.882800191] [waypoint_executor]: [171/201] NAVIGATE -> WP30
[INFO] [1788194743.883211460] [waypoint_executor]: [172/201] NAVIGATE -> WP29
[INFO] [1788194743.883637294] [waypoint_executor]: [173/201] NAVIGATE -> WP28
[INFO] [1788194743.884046776] [waypoint_executor]: [174/201] NAVIGATE -> WP27
[INFO] [1788194743.884465983] [waypoint_executor]: [175/201] NAVIGATE -> WP26
[INFO] [1788194743.884880886] [waypoint_executor]: [176/201] NAVIGATE -> WP25
[INFO] [1788194743.885352010] [waypoint_executor]: [177/201] NAVIGATE -> WP24
[INFO] [1788194743.885840045] [waypoint_executor]: [178/201] NAVIGATE -> WP23
[INFO] [1788194743.886292175] [waypoint_executor]: [179/201] NAVIGATE -> WP22
[INFO] [1788194743.886753556] [waypoint_executor]: [180/201] NAVIGATE -> WP21
[INFO] [1788194743.887189600] [waypoint_executor]: [181/201] NAVIGATE -> WP20
[INFO] [1788194743.887688728] [waypoint_executor]: [182/201] NAVIGATE -> WP19
[INFO] [1788194743.888130608] [waypoint_executor]: [183/201] NAVIGATE -> WP18
[INFO] [1788194743.888586391] [waypoint_executor]: [184/201] NAVIGATE -> WP17
[INFO] [1788194743.889022275] [waypoint_executor]: [185/201] NAVIGATE -> WP16
[INFO] [1788194743.889473149] [waypoint_executor]: [186/201] NAVIGATE -> WP15
[INFO] [1788194743.889909829] [waypoint_executor]: [187/201] NAVIGATE -> WP14
[INFO] [1788194743.890342444] [waypoint_executor]: [188/201] NAVIGATE -> WP13
[INFO] [1788194743.890781339] [waypoint_executor]: [189/201] NAVIGATE -> WP12
[INFO] [1788194743.891216864] [waypoint_executor]: [190/201] NAVIGATE -> WP11
[INFO] [1788194743.891727558] [waypoint_executor]: [191/201] NAVIGATE -> WP10
[INFO] [1788194743.892473574] [waypoint_executor]: [192/201] NAVIGATE -> WP9
[INFO] [1788194743.893480206] [waypoint_executor]: [193/201] NAVIGATE -> WP8
[INFO] [1788194743.894413314] [waypoint_executor]: [194/201] NAVIGATE -> WP7
[INFO] [1788194743.895212204] [waypoint_executor]: [195/201] NAVIGATE -> WP6
[INFO] [1788194743.895853005] [waypoint_executor]: [196/201] NAVIGATE -> WP5
[INFO] [1788194743.896353045] [waypoint_executor]: [197/201] NAVIGATE -> WP4
[INFO] [1788194743.896840879] [waypoint_executor]: [198/201] NAVIGATE -> WP3
[INFO] [1788194743.897304226] [waypoint_executor]: [199/201] NAVIGATE -> WP2
[INFO] [1788194743.897752170] [waypoint_executor]: [200/201] NAVIGATE -> WP1
[INFO] [1788194743.898183507] [waypoint_executor]: [201/201] LAND
[INFO] [1788194743.898705390] [waypoint_executor]: Mission completed.
