[INFO] [1788011363.705171492] [htn_executor]: Loading mission: /home/bishal/ros2_ws/install/mission_formalism_evaluation/share/mission_formalism_evaluation/missions/mission_4.yaml
[INFO] [1788011364.251773916] [htn_executor]: ================================
[INFO] [1788011364.252692442] [htn_executor]: HTN Mission Executor
[INFO] [1788011364.253713484] [htn_executor]: Mode: FINAL_SCENARIO_CAPABLE
[INFO] [1788011364.254535599] [htn_executor]: Model: Totally Ordered State-Based HTN
[INFO] [1788011364.255238571] [htn_executor]: Mission ID: M4
[INFO] [1788011364.256273689] [htn_executor]: Mission Name: Zigzag and Return
[INFO] [1788011364.257385264] [htn_executor]: Mission Items: 201
[INFO] [1788011364.258427523] [htn_executor]: HTN Primitive Operators: 12
[INFO] [1788011364.259533363] [htn_executor]: HTN Compound Tasks: 4
[INFO] [1788011364.260304966] [htn_executor]: HTN Methods: 16
[INFO] [1788011364.261306114] [htn_executor]: Mission Method Applications: 203
[INFO] [1788011364.262295818] [htn_executor]: Generated Primitive Plan: 201
[INFO] [1788011364.262968277] [htn_executor]: ================================
[INFO] [1788011364.283819619] [htn_executor]: HTN PRIMITIVE RUNNING: takeoff
[INFO] [1788011364.483974670] [htn_executor]: HTN PRIMITIVE SUCCESS: takeoff
[INFO] [1788011364.503840374] [htn_executor]: HTN PRIMITIVE RUNNING: navigate [WP1]
[INFO] [1788011364.707005102] [htn_executor]: HTN PRIMITIVE SUCCESS: navigate [WP1]
[INFO] [1788011364.725271116] [htn_executor]: HTN PRIMITIVE RUNNING: navigate [WP2]
[INFO] [1788011364.925800104] [htn_executor]: HTN PRIMITIVE SUCCESS: navigate [WP2]
[INFO] [1788011364.945196827] [htn_executor]: HTN PRIMITIVE RUNNING: navigate [WP3]
[INFO] [1788011365.146472816] [htn_executor]: HTN PRIMITIVE SUCCESS: navigate [WP3]
[INFO] [1788011365.166052428] [htn_executor]: HTN PRIMITIVE RUNNING: navigate [WP4]
[INFO] [1788011365.366474202] [htn_executor]: HTN PRIMITIVE SUCCESS: navigate [WP4]
[INFO] [1788011365.384455151] [htn_executor]: HTN PRIMITIVE RUNNING: navigate [WP5]
[INFO] [1788011365.587426842] [htn_executor]: HTN PRIMITIVE SUCCESS: navigate [WP5]
[INFO] [1788011365.606882060] [htn_executor]: HTN PRIMITIVE RUNNING: navigate [WP6]
[INFO] [1788011365.805996080] [htn_executor]: HTN PRIMITIVE SUCCESS: navigate [WP6]
[INFO] [1788011365.824609511] [htn_executor]: HTN PRIMITIVE RUNNING: navigate [WP7]
[INFO] [1788011366.027561859] [htn_executor]: HTN PRIMITIVE SUCCESS: navigate [WP7]
[INFO] [1788011366.046172694] [htn_executor]: HTN PRIMITIVE RUNNING: navigate [WP8]
[INFO] [1788011366.244589438] [htn_executor]: HTN PRIMITIVE SUCCESS: navigate [WP8]
[INFO] [1788011366.263834834] [htn_executor]: HTN PRIMITIVE RUNNING: navigate [WP9]
[INFO] [1788011366.464616001] [htn_executor]: HTN PRIMITIVE SUCCESS: navigate [WP9]
[INFO] [1788011366.484138717] [htn_executor]: HTN PRIMITIVE RUNNING: navigate [WP10]
[INFO] [1788011366.686162636] [htn_executor]: HTN PRIMITIVE SUCCESS: navigate [WP10]
[INFO] [1788011366.705371388] [htn_executor]: HTN PRIMITIVE RUNNING: navigate [WP11]
[INFO] [1788011366.906662746] [htn_executor]: HTN PRIMITIVE SUCCESS: navigate [WP11]
[INFO] [1788011366.926566645] [htn_executor]: HTN PRIMITIVE RUNNING: navigate [WP12]
[INFO] [1788011367.125988483] [htn_executor]: HTN PRIMITIVE SUCCESS: navigate [WP12]
[INFO] [1788011367.144799376] [htn_executor]: HTN PRIMITIVE RUNNING: navigate [WP13]
[INFO] [1788011367.349083728] [htn_executor]: HTN PRIMITIVE SUCCESS: navigate [WP13]
[INFO] [1788011367.364840257] [htn_executor]: HTN PRIMITIVE RUNNING: navigate [WP14]
[INFO] [1788011367.566439202] [htn_executor]: HTN PRIMITIVE SUCCESS: navigate [WP14]
[INFO] [1788011367.585898191] [htn_executor]: HTN PRIMITIVE RUNNING: navigate [WP15]
[INFO] [1788011367.785281251] [htn_executor]: HTN PRIMITIVE SUCCESS: navigate [WP15]
[INFO] [1788011367.804755334] [htn_executor]: HTN PRIMITIVE RUNNING: navigate [WP16]
[INFO] [1788011368.007470964] [htn_executor]: HTN PRIMITIVE SUCCESS: navigate [WP16]
[INFO] [1788011368.025539938] [htn_executor]: HTN PRIMITIVE RUNNING: navigate [WP17]
[INFO] [1788011368.226316135] [htn_executor]: HTN PRIMITIVE SUCCESS: navigate [WP17]
[INFO] [1788011368.246808118] [htn_executor]: HTN PRIMITIVE RUNNING: navigate [WP18]
[INFO] [1788011368.444510754] [htn_executor]: HTN PRIMITIVE SUCCESS: navigate [WP18]
[INFO] [1788011368.463821291] [htn_executor]: HTN PRIMITIVE RUNNING: navigate [WP19]
[INFO] [1788011368.665993426] [htn_executor]: HTN PRIMITIVE SUCCESS: navigate [WP19]
[INFO] [1788011368.684559090] [htn_executor]: HTN PRIMITIVE RUNNING: navigate [WP20]
[INFO] [1788011368.886885061] [htn_executor]: HTN PRIMITIVE SUCCESS: navigate [WP20]
[INFO] [1788011368.906367273] [htn_executor]: HTN PRIMITIVE RUNNING: navigate [WP21]
[INFO] [1788011369.106137043] [htn_executor]: HTN PRIMITIVE SUCCESS: navigate [WP21]
[INFO] [1788011369.125176021] [htn_executor]: HTN PRIMITIVE RUNNING: navigate [WP22]
[INFO] [1788011369.324600025] [htn_executor]: HTN PRIMITIVE SUCCESS: navigate [WP22]
[INFO] [1788011369.343784140] [htn_executor]: HTN PRIMITIVE RUNNING: navigate [WP23]
[INFO] [1788011369.544503640] [htn_executor]: HTN PRIMITIVE SUCCESS: navigate [WP23]
[INFO] [1788011369.564325510] [htn_executor]: HTN PRIMITIVE RUNNING: navigate [WP24]
[INFO] [1788011369.764266005] [htn_executor]: HTN PRIMITIVE SUCCESS: navigate [WP24]
[INFO] [1788011369.783729420] [htn_executor]: HTN PRIMITIVE RUNNING: navigate [WP25]
[INFO] [1788011369.986897527] [htn_executor]: HTN PRIMITIVE SUCCESS: navigate [WP25]
[INFO] [1788011370.004985599] [htn_executor]: HTN PRIMITIVE RUNNING: navigate [WP26]
[INFO] [1788011370.205607320] [htn_executor]: HTN PRIMITIVE SUCCESS: navigate [WP26]
[INFO] [1788011370.224660257] [htn_executor]: HTN PRIMITIVE RUNNING: navigate [WP27]
[INFO] [1788011370.427532970] [htn_executor]: HTN PRIMITIVE SUCCESS: navigate [WP27]
[INFO] [1788011370.445340472] [htn_executor]: HTN PRIMITIVE RUNNING: navigate [WP28]
[INFO] [1788011370.646224275] [htn_executor]: HTN PRIMITIVE SUCCESS: navigate [WP28]
[INFO] [1788011370.666708135] [htn_executor]: HTN PRIMITIVE RUNNING: navigate [WP29]
[INFO] [1788011370.867788673] [htn_executor]: HTN PRIMITIVE SUCCESS: navigate [WP29]
[INFO] [1788011370.885512465] [htn_executor]: HTN PRIMITIVE RUNNING: navigate [WP30]
[INFO] [1788011371.086956779] [htn_executor]: HTN PRIMITIVE SUCCESS: navigate [WP30]
[INFO] [1788011371.104395586] [htn_executor]: HTN PRIMITIVE RUNNING: navigate [WP31]
[INFO] [1788011371.307861981] [htn_executor]: HTN PRIMITIVE SUCCESS: navigate [WP31]
[INFO] [1788011371.325889335] [htn_executor]: HTN PRIMITIVE RUNNING: navigate [WP32]
[INFO] [1788011371.525307479] [htn_executor]: HTN PRIMITIVE SUCCESS: navigate [WP32]
[INFO] [1788011371.545183569] [htn_executor]: HTN PRIMITIVE RUNNING: navigate [WP33]
[INFO] [1788011371.744283614] [htn_executor]: HTN PRIMITIVE SUCCESS: navigate [WP33]
[INFO] [1788011371.763798189] [htn_executor]: HTN PRIMITIVE RUNNING: navigate [WP34]
[INFO] [1788011371.968358341] [htn_executor]: HTN PRIMITIVE SUCCESS: navigate [WP34]
[INFO] [1788011371.988509029] [htn_executor]: HTN PRIMITIVE RUNNING: navigate [WP35]
[INFO] [1788011372.184705456] [htn_executor]: HTN PRIMITIVE SUCCESS: navigate [WP35]
[INFO] [1788011372.204261242] [htn_executor]: HTN PRIMITIVE RUNNING: navigate [WP36]
[INFO] [1788011372.404276086] [htn_executor]: HTN PRIMITIVE SUCCESS: navigate [WP36]
[INFO] [1788011372.424211443] [htn_executor]: HTN PRIMITIVE RUNNING: navigate [WP37]
[INFO] [1788011372.629660180] [htn_executor]: HTN PRIMITIVE SUCCESS: navigate [WP37]
[INFO] [1788011372.654215767] [htn_executor]: HTN PRIMITIVE RUNNING: navigate [WP38]
[INFO] [1788011372.844227445] [htn_executor]: HTN PRIMITIVE SUCCESS: navigate [WP38]
[INFO] [1788011372.863875716] [htn_executor]: HTN PRIMITIVE RUNNING: navigate [WP39]
[INFO] [1788011373.067715693] [htn_executor]: HTN PRIMITIVE SUCCESS: navigate [WP39]
[INFO] [1788011373.087114496] [htn_executor]: HTN PRIMITIVE RUNNING: navigate [WP40]
[INFO] [1788011373.289297228] [htn_executor]: HTN PRIMITIVE SUCCESS: navigate [WP40]
[INFO] [1788011373.307882228] [htn_executor]: HTN PRIMITIVE RUNNING: navigate [WP41]
[INFO] [1788011373.506875098] [htn_executor]: HTN PRIMITIVE SUCCESS: navigate [WP41]
[INFO] [1788011373.527594278] [htn_executor]: HTN PRIMITIVE RUNNING: navigate [WP42]
[INFO] [1788011373.730198560] [htn_executor]: HTN PRIMITIVE SUCCESS: navigate [WP42]
[INFO] [1788011373.746619255] [htn_executor]: HTN PRIMITIVE RUNNING: navigate [WP43]
[INFO] [1788011373.945893511] [htn_executor]: HTN PRIMITIVE SUCCESS: navigate [WP43]
[INFO] [1788011373.964801545] [htn_executor]: HTN PRIMITIVE RUNNING: navigate [WP44]
[INFO] [1788011374.164354267] [htn_executor]: HTN PRIMITIVE SUCCESS: navigate [WP44]
[INFO] [1788011374.183788898] [htn_executor]: HTN PRIMITIVE RUNNING: navigate [WP45]
[INFO] [1788011374.384521465] [htn_executor]: HTN PRIMITIVE SUCCESS: navigate [WP45]
[INFO] [1788011374.404736640] [htn_executor]: HTN PRIMITIVE RUNNING: navigate [WP46]
[INFO] [1788011374.608427193] [htn_executor]: HTN PRIMITIVE SUCCESS: navigate [WP46]
[INFO] [1788011374.625477328] [htn_executor]: HTN PRIMITIVE RUNNING: navigate [WP47]
[INFO] [1788011374.827482931] [htn_executor]: HTN PRIMITIVE SUCCESS: navigate [WP47]
[INFO] [1788011374.845870439] [htn_executor]: HTN PRIMITIVE RUNNING: navigate [WP48]
[INFO] [1788011375.046073192] [htn_executor]: HTN PRIMITIVE SUCCESS: navigate [WP48]
[INFO] [1788011375.066400082] [htn_executor]: HTN PRIMITIVE RUNNING: navigate [WP49]
[INFO] [1788011375.267824891] [htn_executor]: HTN PRIMITIVE SUCCESS: navigate [WP49]
[INFO] [1788011375.287199541] [htn_executor]: HTN PRIMITIVE RUNNING: navigate [WP50]
[INFO] [1788011375.486729550] [htn_executor]: HTN PRIMITIVE SUCCESS: navigate [WP50]
[INFO] [1788011375.506402867] [htn_executor]: HTN PRIMITIVE RUNNING: navigate [WP51]
[INFO] [1788011375.707772623] [htn_executor]: HTN PRIMITIVE SUCCESS: navigate [WP51]
[INFO] [1788011375.726208696] [htn_executor]: HTN PRIMITIVE RUNNING: navigate [WP52]
[INFO] [1788011375.926931002] [htn_executor]: HTN PRIMITIVE SUCCESS: navigate [WP52]
[INFO] [1788011375.946588868] [htn_executor]: HTN PRIMITIVE RUNNING: navigate [WP53]
[INFO] [1788011376.154849889] [htn_executor]: HTN PRIMITIVE SUCCESS: navigate [WP53]
[INFO] [1788011376.169448757] [htn_executor]: HTN PRIMITIVE RUNNING: navigate [WP54]
[INFO] [1788011376.366189162] [htn_executor]: HTN PRIMITIVE SUCCESS: navigate [WP54]
[INFO] [1788011376.386840882] [htn_executor]: HTN PRIMITIVE RUNNING: navigate [WP55]
[INFO] [1788011376.587840901] [htn_executor]: HTN PRIMITIVE SUCCESS: navigate [WP55]
[INFO] [1788011376.605635155] [htn_executor]: HTN PRIMITIVE RUNNING: navigate [WP56]
[INFO] [1788011376.807732977] [htn_executor]: HTN PRIMITIVE SUCCESS: navigate [WP56]
[INFO] [1788011376.825761293] [htn_executor]: HTN PRIMITIVE RUNNING: navigate [WP57]
[INFO] [1788011377.027285113] [htn_executor]: HTN PRIMITIVE SUCCESS: navigate [WP57]
[INFO] [1788011377.045606539] [htn_executor]: HTN PRIMITIVE RUNNING: navigate [WP58]
[INFO] [1788011377.245943860] [htn_executor]: HTN PRIMITIVE SUCCESS: navigate [WP58]
[INFO] [1788011377.266781544] [htn_executor]: HTN PRIMITIVE RUNNING: navigate [WP59]
[INFO] [1788011377.467642650] [htn_executor]: HTN PRIMITIVE SUCCESS: navigate [WP59]
[INFO] [1788011377.486070211] [htn_executor]: HTN PRIMITIVE RUNNING: navigate [WP60]
[INFO] [1788011377.686326642] [htn_executor]: HTN PRIMITIVE SUCCESS: navigate [WP60]
[INFO] [1788011377.705429230] [htn_executor]: HTN PRIMITIVE RUNNING: navigate [WP61]
[INFO] [1788011377.907485445] [htn_executor]: HTN PRIMITIVE SUCCESS: navigate [WP61]
[INFO] [1788011377.925376377] [htn_executor]: HTN PRIMITIVE RUNNING: navigate [WP62]
[INFO] [1788011378.127497273] [htn_executor]: HTN PRIMITIVE SUCCESS: navigate [WP62]
[INFO] [1788011378.147897980] [htn_executor]: HTN PRIMITIVE RUNNING: navigate [WP63]
[INFO] [1788011378.346301428] [htn_executor]: HTN PRIMITIVE SUCCESS: navigate [WP63]
[INFO] [1788011378.366558831] [htn_executor]: HTN PRIMITIVE RUNNING: navigate [WP64]
[INFO] [1788011378.566679739] [htn_executor]: HTN PRIMITIVE SUCCESS: navigate [WP64]
[INFO] [1788011378.586870203] [htn_executor]: HTN PRIMITIVE RUNNING: navigate [WP65]
[INFO] [1788011378.787893297] [htn_executor]: HTN PRIMITIVE SUCCESS: navigate [WP65]
[INFO] [1788011378.806650007] [htn_executor]: HTN PRIMITIVE RUNNING: navigate [WP66]
[INFO] [1788011379.011236253] [htn_executor]: HTN PRIMITIVE SUCCESS: navigate [WP66]
[INFO] [1788011379.027336617] [htn_executor]: HTN PRIMITIVE RUNNING: navigate [WP67]
[INFO] [1788011379.225551542] [htn_executor]: HTN PRIMITIVE SUCCESS: navigate [WP67]
[INFO] [1788011379.244821274] [htn_executor]: HTN PRIMITIVE RUNNING: navigate [WP68]
[INFO] [1788011379.444155455] [htn_executor]: HTN PRIMITIVE SUCCESS: navigate [WP68]
[INFO] [1788011379.463741035] [htn_executor]: HTN PRIMITIVE RUNNING: navigate [WP69]
[INFO] [1788011379.666949826] [htn_executor]: HTN PRIMITIVE SUCCESS: navigate [WP69]
[INFO] [1788011379.685365841] [htn_executor]: HTN PRIMITIVE RUNNING: navigate [WP70]
[INFO] [1788011379.887226491] [htn_executor]: HTN PRIMITIVE SUCCESS: navigate [WP70]
[INFO] [1788011379.905351229] [htn_executor]: HTN PRIMITIVE RUNNING: navigate [WP71]
[INFO] [1788011380.106123476] [htn_executor]: HTN PRIMITIVE SUCCESS: navigate [WP71]
[INFO] [1788011380.125402265] [htn_executor]: HTN PRIMITIVE RUNNING: navigate [WP72]
[INFO] [1788011380.328257824] [htn_executor]: HTN PRIMITIVE SUCCESS: navigate [WP72]
[INFO] [1788011380.345140946] [htn_executor]: HTN PRIMITIVE RUNNING: navigate [WP73]
[INFO] [1788011380.547608756] [htn_executor]: HTN PRIMITIVE SUCCESS: navigate [WP73]
[INFO] [1788011380.565917417] [htn_executor]: HTN PRIMITIVE RUNNING: navigate [WP74]
[INFO] [1788011380.768001892] [htn_executor]: HTN PRIMITIVE SUCCESS: navigate [WP74]
[INFO] [1788011380.786830839] [htn_executor]: HTN PRIMITIVE RUNNING: navigate [WP75]
[INFO] [1788011380.987676497] [htn_executor]: HTN PRIMITIVE SUCCESS: navigate [WP75]
[INFO] [1788011381.006612487] [htn_executor]: HTN PRIMITIVE RUNNING: navigate [WP76]
[INFO] [1788011381.207378929] [htn_executor]: HTN PRIMITIVE SUCCESS: navigate [WP76]
[INFO] [1788011381.227256706] [htn_executor]: HTN PRIMITIVE RUNNING: navigate [WP77]
[INFO] [1788011381.427548780] [htn_executor]: HTN PRIMITIVE SUCCESS: navigate [WP77]
[INFO] [1788011381.445798771] [htn_executor]: HTN PRIMITIVE RUNNING: navigate [WP78]
[INFO] [1788011381.646556591] [htn_executor]: HTN PRIMITIVE SUCCESS: navigate [WP78]
[INFO] [1788011381.665656072] [htn_executor]: HTN PRIMITIVE RUNNING: navigate [WP79]
[INFO] [1788011381.867804039] [htn_executor]: HTN PRIMITIVE SUCCESS: navigate [WP79]
[INFO] [1788011381.885364533] [htn_executor]: HTN PRIMITIVE RUNNING: navigate [WP80]
[INFO] [1788011382.086954673] [htn_executor]: HTN PRIMITIVE SUCCESS: navigate [WP80]
[INFO] [1788011382.105357028] [htn_executor]: HTN PRIMITIVE RUNNING: navigate [WP81]
[INFO] [1788011382.306151225] [htn_executor]: HTN PRIMITIVE SUCCESS: navigate [WP81]
[INFO] [1788011382.325386025] [htn_executor]: HTN PRIMITIVE RUNNING: navigate [WP82]
[INFO] [1788011382.527798733] [htn_executor]: HTN PRIMITIVE SUCCESS: navigate [WP82]
[INFO] [1788011382.545393983] [htn_executor]: HTN PRIMITIVE RUNNING: navigate [WP83]
[INFO] [1788011382.747553291] [htn_executor]: HTN PRIMITIVE SUCCESS: navigate [WP83]
[INFO] [1788011382.766091045] [htn_executor]: HTN PRIMITIVE RUNNING: navigate [WP84]
[INFO] [1788011382.968009337] [htn_executor]: HTN PRIMITIVE SUCCESS: navigate [WP84]
[INFO] [1788011382.985347878] [htn_executor]: HTN PRIMITIVE RUNNING: navigate [WP85]
[INFO] [1788011383.184409171] [htn_executor]: HTN PRIMITIVE SUCCESS: navigate [WP85]
[INFO] [1788011383.204153795] [htn_executor]: HTN PRIMITIVE RUNNING: navigate [WP86]
[INFO] [1788011383.407743408] [htn_executor]: HTN PRIMITIVE SUCCESS: navigate [WP86]
[INFO] [1788011383.425600460] [htn_executor]: HTN PRIMITIVE RUNNING: navigate [WP87]
[INFO] [1788011383.624378619] [htn_executor]: HTN PRIMITIVE SUCCESS: navigate [WP87]
[INFO] [1788011383.644349768] [htn_executor]: HTN PRIMITIVE RUNNING: navigate [WP88]
[INFO] [1788011383.844580527] [htn_executor]: HTN PRIMITIVE SUCCESS: navigate [WP88]
[INFO] [1788011383.864876712] [htn_executor]: HTN PRIMITIVE RUNNING: navigate [WP89]
[INFO] [1788011384.067734067] [htn_executor]: HTN PRIMITIVE SUCCESS: navigate [WP89]
[INFO] [1788011384.084594837] [htn_executor]: HTN PRIMITIVE RUNNING: navigate [WP90]
[INFO] [1788011384.287387662] [htn_executor]: HTN PRIMITIVE SUCCESS: navigate [WP90]
[INFO] [1788011384.305707673] [htn_executor]: HTN PRIMITIVE RUNNING: navigate [WP91]
[INFO] [1788011384.506249287] [htn_executor]: HTN PRIMITIVE SUCCESS: navigate [WP91]
[INFO] [1788011384.525387201] [htn_executor]: HTN PRIMITIVE RUNNING: navigate [WP92]
[INFO] [1788011384.727454300] [htn_executor]: HTN PRIMITIVE SUCCESS: navigate [WP92]
[INFO] [1788011384.745380564] [htn_executor]: HTN PRIMITIVE RUNNING: navigate [WP93]
[INFO] [1788011384.946215015] [htn_executor]: HTN PRIMITIVE SUCCESS: navigate [WP93]
[INFO] [1788011384.965885333] [htn_executor]: HTN PRIMITIVE RUNNING: navigate [WP94]
[INFO] [1788011385.168006587] [htn_executor]: HTN PRIMITIVE SUCCESS: navigate [WP94]
[INFO] [1788011385.185447917] [htn_executor]: HTN PRIMITIVE RUNNING: navigate [WP95]
[INFO] [1788011385.387331378] [htn_executor]: HTN PRIMITIVE SUCCESS: navigate [WP95]
[INFO] [1788011385.404794709] [htn_executor]: HTN PRIMITIVE RUNNING: navigate [WP96]
[INFO] [1788011385.607748465] [htn_executor]: HTN PRIMITIVE SUCCESS: navigate [WP96]
[INFO] [1788011385.626109083] [htn_executor]: HTN PRIMITIVE RUNNING: navigate [WP97]
[INFO] [1788011385.826252712] [htn_executor]: HTN PRIMITIVE SUCCESS: navigate [WP97]
[INFO] [1788011385.844695673] [htn_executor]: HTN PRIMITIVE RUNNING: navigate [WP98]
[INFO] [1788011386.046927560] [htn_executor]: HTN PRIMITIVE SUCCESS: navigate [WP98]
[INFO] [1788011386.065944231] [htn_executor]: HTN PRIMITIVE RUNNING: navigate [WP99]
[INFO] [1788011386.266813855] [htn_executor]: HTN PRIMITIVE SUCCESS: navigate [WP99]
[INFO] [1788011386.285799247] [htn_executor]: HTN PRIMITIVE RUNNING: navigate [WP100]
[INFO] [1788011386.487339382] [htn_executor]: HTN PRIMITIVE SUCCESS: navigate [WP100]
[INFO] [1788011386.505354403] [htn_executor]: HTN PRIMITIVE RUNNING: navigate [WP99]
[INFO] [1788011386.706180004] [htn_executor]: HTN PRIMITIVE SUCCESS: navigate [WP99]
[INFO] [1788011386.725414378] [htn_executor]: HTN PRIMITIVE RUNNING: navigate [WP98]
[INFO] [1788011386.928119705] [htn_executor]: HTN PRIMITIVE SUCCESS: navigate [WP98]
[INFO] [1788011386.945380216] [htn_executor]: HTN PRIMITIVE RUNNING: navigate [WP97]
[INFO] [1788011387.146321567] [htn_executor]: HTN PRIMITIVE SUCCESS: navigate [WP97]
[INFO] [1788011387.167327705] [htn_executor]: HTN PRIMITIVE RUNNING: navigate [WP96]
[INFO] [1788011387.367483169] [htn_executor]: HTN PRIMITIVE SUCCESS: navigate [WP96]
[INFO] [1788011387.385704307] [htn_executor]: HTN PRIMITIVE RUNNING: navigate [WP95]
[INFO] [1788011387.587488401] [htn_executor]: HTN PRIMITIVE SUCCESS: navigate [WP95]
[INFO] [1788011387.605337280] [htn_executor]: HTN PRIMITIVE RUNNING: navigate [WP94]
[INFO] [1788011387.806215228] [htn_executor]: HTN PRIMITIVE SUCCESS: navigate [WP94]
[INFO] [1788011387.825606614] [htn_executor]: HTN PRIMITIVE RUNNING: navigate [WP93]
[INFO] [1788011388.026085199] [htn_executor]: HTN PRIMITIVE SUCCESS: navigate [WP93]
[INFO] [1788011388.045878529] [htn_executor]: HTN PRIMITIVE RUNNING: navigate [WP92]
[INFO] [1788011388.246554713] [htn_executor]: HTN PRIMITIVE SUCCESS: navigate [WP92]
[INFO] [1788011388.266407826] [htn_executor]: HTN PRIMITIVE RUNNING: navigate [WP91]
[INFO] [1788011388.466764627] [htn_executor]: HTN PRIMITIVE SUCCESS: navigate [WP91]
[INFO] [1788011388.485374353] [htn_executor]: HTN PRIMITIVE RUNNING: navigate [WP90]
[INFO] [1788011388.685225724] [htn_executor]: HTN PRIMITIVE SUCCESS: navigate [WP90]
[INFO] [1788011388.704693129] [htn_executor]: HTN PRIMITIVE RUNNING: navigate [WP89]
[INFO] [1788011388.906259115] [htn_executor]: HTN PRIMITIVE SUCCESS: navigate [WP89]
[INFO] [1788011388.925344899] [htn_executor]: HTN PRIMITIVE RUNNING: navigate [WP88]
[INFO] [1788011389.125995028] [htn_executor]: HTN PRIMITIVE SUCCESS: navigate [WP88]
[INFO] [1788011389.144710597] [htn_executor]: HTN PRIMITIVE RUNNING: navigate [WP87]
[INFO] [1788011389.346780974] [htn_executor]: HTN PRIMITIVE SUCCESS: navigate [WP87]
[INFO] [1788011389.365615332] [htn_executor]: HTN PRIMITIVE RUNNING: navigate [WP86]
[INFO] [1788011389.567230302] [htn_executor]: HTN PRIMITIVE SUCCESS: navigate [WP86]
[INFO] [1788011389.585149248] [htn_executor]: HTN PRIMITIVE RUNNING: navigate [WP85]
[INFO] [1788011389.786277202] [htn_executor]: HTN PRIMITIVE SUCCESS: navigate [WP85]
[INFO] [1788011389.805471048] [htn_executor]: HTN PRIMITIVE RUNNING: navigate [WP84]
[INFO] [1788011390.006942667] [htn_executor]: HTN PRIMITIVE SUCCESS: navigate [WP84]
[INFO] [1788011390.025455928] [htn_executor]: HTN PRIMITIVE RUNNING: navigate [WP83]
[INFO] [1788011390.226537954] [htn_executor]: HTN PRIMITIVE SUCCESS: navigate [WP83]
[INFO] [1788011390.245826120] [htn_executor]: HTN PRIMITIVE RUNNING: navigate [WP82]
[INFO] [1788011390.446188086] [htn_executor]: HTN PRIMITIVE SUCCESS: navigate [WP82]
[INFO] [1788011390.465634419] [htn_executor]: HTN PRIMITIVE RUNNING: navigate [WP81]
[INFO] [1788011390.667687552] [htn_executor]: HTN PRIMITIVE SUCCESS: navigate [WP81]
[INFO] [1788011390.684214921] [htn_executor]: HTN PRIMITIVE RUNNING: navigate [WP80]
[INFO] [1788011390.886204094] [htn_executor]: HTN PRIMITIVE SUCCESS: navigate [WP80]
[INFO] [1788011390.905510611] [htn_executor]: HTN PRIMITIVE RUNNING: navigate [WP79]
[INFO] [1788011391.106062594] [htn_executor]: HTN PRIMITIVE SUCCESS: navigate [WP79]
[INFO] [1788011391.125426246] [htn_executor]: HTN PRIMITIVE RUNNING: navigate [WP78]
[INFO] [1788011391.327573990] [htn_executor]: HTN PRIMITIVE SUCCESS: navigate [WP78]
[INFO] [1788011391.345455678] [htn_executor]: HTN PRIMITIVE RUNNING: navigate [WP77]
[INFO] [1788011391.546357079] [htn_executor]: HTN PRIMITIVE SUCCESS: navigate [WP77]
[INFO] [1788011391.566932560] [htn_executor]: HTN PRIMITIVE RUNNING: navigate [WP76]
[INFO] [1788011391.767579271] [htn_executor]: HTN PRIMITIVE SUCCESS: navigate [WP76]
[INFO] [1788011391.785354589] [htn_executor]: HTN PRIMITIVE RUNNING: navigate [WP75]
[INFO] [1788011391.986196349] [htn_executor]: HTN PRIMITIVE SUCCESS: navigate [WP75]
[INFO] [1788011392.005223752] [htn_executor]: HTN PRIMITIVE RUNNING: navigate [WP74]
[INFO] [1788011392.206157334] [htn_executor]: HTN PRIMITIVE SUCCESS: navigate [WP74]
[INFO] [1788011392.225506668] [htn_executor]: HTN PRIMITIVE RUNNING: navigate [WP73]
[INFO] [1788011392.427616467] [htn_executor]: HTN PRIMITIVE SUCCESS: navigate [WP73]
[INFO] [1788011392.445878870] [htn_executor]: HTN PRIMITIVE RUNNING: navigate [WP72]
[INFO] [1788011392.647175231] [htn_executor]: HTN PRIMITIVE SUCCESS: navigate [WP72]
[INFO] [1788011392.665712811] [htn_executor]: HTN PRIMITIVE RUNNING: navigate [WP71]
[INFO] [1788011392.866168607] [htn_executor]: HTN PRIMITIVE SUCCESS: navigate [WP71]
[INFO] [1788011392.884116087] [htn_executor]: HTN PRIMITIVE RUNNING: navigate [WP70]
[INFO] [1788011393.087534310] [htn_executor]: HTN PRIMITIVE SUCCESS: navigate [WP70]
[INFO] [1788011393.105396567] [htn_executor]: HTN PRIMITIVE RUNNING: navigate [WP69]
[INFO] [1788011393.307488066] [htn_executor]: HTN PRIMITIVE SUCCESS: navigate [WP69]
[INFO] [1788011393.325341824] [htn_executor]: HTN PRIMITIVE RUNNING: navigate [WP68]
[INFO] [1788011393.526179746] [htn_executor]: HTN PRIMITIVE SUCCESS: navigate [WP68]
[INFO] [1788011393.545446046] [htn_executor]: HTN PRIMITIVE RUNNING: navigate [WP67]
[INFO] [1788011393.746080101] [htn_executor]: HTN PRIMITIVE SUCCESS: navigate [WP67]
[INFO] [1788011393.766966907] [htn_executor]: HTN PRIMITIVE RUNNING: navigate [WP66]
[INFO] [1788011393.967692403] [htn_executor]: HTN PRIMITIVE SUCCESS: navigate [WP66]
[INFO] [1788011393.985611435] [htn_executor]: HTN PRIMITIVE RUNNING: navigate [WP65]
[INFO] [1788011394.187356581] [htn_executor]: HTN PRIMITIVE SUCCESS: navigate [WP65]
[INFO] [1788011394.205588620] [htn_executor]: HTN PRIMITIVE RUNNING: navigate [WP64]
[INFO] [1788011394.407731468] [htn_executor]: HTN PRIMITIVE SUCCESS: navigate [WP64]
[INFO] [1788011394.426620050] [htn_executor]: HTN PRIMITIVE RUNNING: navigate [WP63]
[INFO] [1788011394.626181708] [htn_executor]: HTN PRIMITIVE SUCCESS: navigate [WP63]
[INFO] [1788011394.646951445] [htn_executor]: HTN PRIMITIVE RUNNING: navigate [WP62]
[INFO] [1788011394.847604810] [htn_executor]: HTN PRIMITIVE SUCCESS: navigate [WP62]
[INFO] [1788011394.866918528] [htn_executor]: HTN PRIMITIVE RUNNING: navigate [WP61]
[INFO] [1788011395.067124229] [htn_executor]: HTN PRIMITIVE SUCCESS: navigate [WP61]
[INFO] [1788011395.085655282] [htn_executor]: HTN PRIMITIVE RUNNING: navigate [WP60]
[INFO] [1788011395.286560017] [htn_executor]: HTN PRIMITIVE SUCCESS: navigate [WP60]
[INFO] [1788011395.305410956] [htn_executor]: HTN PRIMITIVE RUNNING: navigate [WP59]
[INFO] [1788011395.507320608] [htn_executor]: HTN PRIMITIVE SUCCESS: navigate [WP59]
[INFO] [1788011395.525269260] [htn_executor]: HTN PRIMITIVE RUNNING: navigate [WP58]
[INFO] [1788011395.725948941] [htn_executor]: HTN PRIMITIVE SUCCESS: navigate [WP58]
[INFO] [1788011395.744702628] [htn_executor]: HTN PRIMITIVE RUNNING: navigate [WP57]
[INFO] [1788011395.947575645] [htn_executor]: HTN PRIMITIVE SUCCESS: navigate [WP57]
[INFO] [1788011395.965784457] [htn_executor]: HTN PRIMITIVE RUNNING: navigate [WP56]
[INFO] [1788011396.167745299] [htn_executor]: HTN PRIMITIVE SUCCESS: navigate [WP56]
[INFO] [1788011396.185529109] [htn_executor]: HTN PRIMITIVE RUNNING: navigate [WP55]
[INFO] [1788011396.385771337] [htn_executor]: HTN PRIMITIVE SUCCESS: navigate [WP55]
[INFO] [1788011396.405142348] [htn_executor]: HTN PRIMITIVE RUNNING: navigate [WP54]
[INFO] [1788011396.604687341] [htn_executor]: HTN PRIMITIVE SUCCESS: navigate [WP54]
[INFO] [1788011396.623793754] [htn_executor]: HTN PRIMITIVE RUNNING: navigate [WP53]
[INFO] [1788011396.826641073] [htn_executor]: HTN PRIMITIVE SUCCESS: navigate [WP53]
[INFO] [1788011396.846107117] [htn_executor]: HTN PRIMITIVE RUNNING: navigate [WP52]
[INFO] [1788011397.047868565] [htn_executor]: HTN PRIMITIVE SUCCESS: navigate [WP52]
[INFO] [1788011397.064525904] [htn_executor]: HTN PRIMITIVE RUNNING: navigate [WP51]
[INFO] [1788011397.267877945] [htn_executor]: HTN PRIMITIVE SUCCESS: navigate [WP51]
[INFO] [1788011397.285589101] [htn_executor]: HTN PRIMITIVE RUNNING: navigate [WP50]
[WARN] [1788011397.289541618] [htn_executor]: RUNTIME EVENT RECEIVED: WIND_UNSAFE
[WARN] [1788011397.291400264] [htn_executor]: HTN PAUSED: navigate [WP50]
[WARN] [1788011397.293546568] [htn_executor]: HTN REPLANNING
[WARN] [1788011397.296182433] [htn_executor]: Selected method: m_wind_unsafe
[WARN] [1788011397.298048935] [htn_executor]: Recovery plan: abort_mission -> safe_land -> safe_terminate
[INFO] [1788011397.304150758] [htn_executor]: HTN RECOVERY RUNNING: abort_mission
[INFO] [1788011397.505738175] [htn_executor]: HTN PRIMITIVE SUCCESS: abort_mission
[INFO] [1788011397.524719956] [htn_executor]: HTN RECOVERY RUNNING: safe_land
[INFO] [1788011397.726690496] [htn_executor]: HTN PRIMITIVE SUCCESS: safe_land
[INFO] [1788011397.745439442] [htn_executor]: HTN RECOVERY RUNNING: safe_terminate
[INFO] [1788011397.946122658] [htn_executor]: HTN PRIMITIVE SUCCESS: safe_terminate
[WARN] [1788011397.948945017] [htn_executor]: ================================
[WARN] [1788011397.952146693] [htn_executor]: MISSION SAFE TERMINATED
[WARN] [1788011397.954224884] [htn_executor]: Reason: WIND_UNSAFE
[WARN] [1788011397.957468910] [htn_executor]: ================================
