[INFO] [1786474865.554161537] [fsm_executor]: Loading mission: /home/bishal/ros2_ws/install/mission_formalism_evaluation/share/mission_formalism_evaluation/missions/mission_3.yaml
[INFO] [1786474865.572370704] [fsm_executor]: Mission ID: M3
[INFO] [1786474865.572867218] [fsm_executor]: Mission Name: Zigzag Navigation
[INFO] [1786474865.573316044] [fsm_executor]: Mission Items: 102
[INFO] [1786474865.573778684] [fsm_executor]: FSM States: 104
[INFO] [1786474865.574243200] [fsm_executor]: FSM Transitions: 103
[INFO] [1786474865.574707242] [fsm_executor]: TRANSITION: IDLE --[START]--> TAKEOFF_0
[INFO] [1786474865.575098202] [fsm_executor]: STATE: TAKEOFF_0 | ACTION: TAKEOFF
[INFO] [1786474865.676572809] [fsm_executor]: EVENT: TASK_COMPLETED in TAKEOFF_0
[INFO] [1786474865.678254298] [fsm_executor]: TRANSITION: TAKEOFF_0 --[TASK_COMPLETED]--> NAV_1_WP1
[INFO] [1786474865.680195197] [fsm_executor]: STATE: NAV_1_WP1 | ACTION: NAVIGATE -> WP1
[INFO] [1786474865.775140737] [fsm_executor]: EVENT: TASK_COMPLETED in NAV_1_WP1
[INFO] [1786474865.775696572] [fsm_executor]: TRANSITION: NAV_1_WP1 --[TASK_COMPLETED]--> NAV_2_WP2
[INFO] [1786474865.776195582] [fsm_executor]: STATE: NAV_2_WP2 | ACTION: NAVIGATE -> WP2
[INFO] [1786474865.876453460] [fsm_executor]: EVENT: TASK_COMPLETED in NAV_2_WP2
[INFO] [1786474865.879106761] [fsm_executor]: TRANSITION: NAV_2_WP2 --[TASK_COMPLETED]--> NAV_3_WP3
[INFO] [1786474865.882119947] [fsm_executor]: STATE: NAV_3_WP3 | ACTION: NAVIGATE -> WP3
[INFO] [1786474865.976385818] [fsm_executor]: EVENT: TASK_COMPLETED in NAV_3_WP3
[INFO] [1786474865.979077625] [fsm_executor]: TRANSITION: NAV_3_WP3 --[TASK_COMPLETED]--> NAV_4_WP4
[INFO] [1786474865.981926281] [fsm_executor]: STATE: NAV_4_WP4 | ACTION: NAVIGATE -> WP4
[INFO] [1786474866.076571568] [fsm_executor]: EVENT: TASK_COMPLETED in NAV_4_WP4
[INFO] [1786474866.079241149] [fsm_executor]: TRANSITION: NAV_4_WP4 --[TASK_COMPLETED]--> NAV_5_WP5
[INFO] [1786474866.083148200] [fsm_executor]: STATE: NAV_5_WP5 | ACTION: NAVIGATE -> WP5
[INFO] [1786474866.176554368] [fsm_executor]: EVENT: TASK_COMPLETED in NAV_5_WP5
[INFO] [1786474866.179222085] [fsm_executor]: TRANSITION: NAV_5_WP5 --[TASK_COMPLETED]--> NAV_6_WP6
[INFO] [1786474866.182148590] [fsm_executor]: STATE: NAV_6_WP6 | ACTION: NAVIGATE -> WP6
[INFO] [1786474866.275575393] [fsm_executor]: EVENT: TASK_COMPLETED in NAV_6_WP6
[INFO] [1786474866.276301069] [fsm_executor]: TRANSITION: NAV_6_WP6 --[TASK_COMPLETED]--> NAV_7_WP7
[INFO] [1786474866.277095272] [fsm_executor]: STATE: NAV_7_WP7 | ACTION: NAVIGATE -> WP7
[INFO] [1786474866.375326256] [fsm_executor]: EVENT: TASK_COMPLETED in NAV_7_WP7
[INFO] [1786474866.376130014] [fsm_executor]: TRANSITION: NAV_7_WP7 --[TASK_COMPLETED]--> NAV_8_WP8
[INFO] [1786474866.376938645] [fsm_executor]: STATE: NAV_8_WP8 | ACTION: NAVIGATE -> WP8
[INFO] [1786474866.475249216] [fsm_executor]: EVENT: TASK_COMPLETED in NAV_8_WP8
[INFO] [1786474866.475961880] [fsm_executor]: TRANSITION: NAV_8_WP8 --[TASK_COMPLETED]--> NAV_9_WP9
[INFO] [1786474866.477787961] [fsm_executor]: STATE: NAV_9_WP9 | ACTION: NAVIGATE -> WP9
[INFO] [1786474866.575341055] [fsm_executor]: EVENT: TASK_COMPLETED in NAV_9_WP9
[INFO] [1786474866.576124514] [fsm_executor]: TRANSITION: NAV_9_WP9 --[TASK_COMPLETED]--> NAV_10_WP10
[INFO] [1786474866.576910899] [fsm_executor]: STATE: NAV_10_WP10 | ACTION: NAVIGATE -> WP10
[INFO] [1786474866.675210234] [fsm_executor]: EVENT: TASK_COMPLETED in NAV_10_WP10
[INFO] [1786474866.675927590] [fsm_executor]: TRANSITION: NAV_10_WP10 --[TASK_COMPLETED]--> NAV_11_WP11
[INFO] [1786474866.676641607] [fsm_executor]: STATE: NAV_11_WP11 | ACTION: NAVIGATE -> WP11
[INFO] [1786474866.776512926] [fsm_executor]: EVENT: TASK_COMPLETED in NAV_11_WP11
[INFO] [1786474866.778162986] [fsm_executor]: TRANSITION: NAV_11_WP11 --[TASK_COMPLETED]--> NAV_12_WP12
[INFO] [1786474866.780080795] [fsm_executor]: STATE: NAV_12_WP12 | ACTION: NAVIGATE -> WP12
[INFO] [1786474866.875510092] [fsm_executor]: EVENT: TASK_COMPLETED in NAV_12_WP12
[INFO] [1786474866.876327352] [fsm_executor]: TRANSITION: NAV_12_WP12 --[TASK_COMPLETED]--> NAV_13_WP13
[INFO] [1786474866.877201201] [fsm_executor]: STATE: NAV_13_WP13 | ACTION: NAVIGATE -> WP13
[INFO] [1786474866.976563976] [fsm_executor]: EVENT: TASK_COMPLETED in NAV_13_WP13
[INFO] [1786474866.978232341] [fsm_executor]: TRANSITION: NAV_13_WP13 --[TASK_COMPLETED]--> NAV_14_WP14
[INFO] [1786474866.980216491] [fsm_executor]: STATE: NAV_14_WP14 | ACTION: NAVIGATE -> WP14
[INFO] [1786474867.077272655] [fsm_executor]: EVENT: TASK_COMPLETED in NAV_14_WP14
[INFO] [1786474867.079381722] [fsm_executor]: TRANSITION: NAV_14_WP14 --[TASK_COMPLETED]--> NAV_15_WP15
[INFO] [1786474867.083264922] [fsm_executor]: STATE: NAV_15_WP15 | ACTION: NAVIGATE -> WP15
[INFO] [1786474867.176440931] [fsm_executor]: EVENT: TASK_COMPLETED in NAV_15_WP15
[INFO] [1786474867.179202778] [fsm_executor]: TRANSITION: NAV_15_WP15 --[TASK_COMPLETED]--> NAV_16_WP16
[INFO] [1786474867.182073282] [fsm_executor]: STATE: NAV_16_WP16 | ACTION: NAVIGATE -> WP16
[INFO] [1786474867.276129701] [fsm_executor]: EVENT: TASK_COMPLETED in NAV_16_WP16
[INFO] [1786474867.277218851] [fsm_executor]: TRANSITION: NAV_16_WP16 --[TASK_COMPLETED]--> NAV_17_WP17
[INFO] [1786474867.278643617] [fsm_executor]: STATE: NAV_17_WP17 | ACTION: NAVIGATE -> WP17
[INFO] [1786474867.376445920] [fsm_executor]: EVENT: TASK_COMPLETED in NAV_17_WP17
[INFO] [1786474867.379135630] [fsm_executor]: TRANSITION: NAV_17_WP17 --[TASK_COMPLETED]--> NAV_18_WP18
[INFO] [1786474867.382162553] [fsm_executor]: STATE: NAV_18_WP18 | ACTION: NAVIGATE -> WP18
[INFO] [1786474867.476615279] [fsm_executor]: EVENT: TASK_COMPLETED in NAV_18_WP18
[INFO] [1786474867.478619566] [fsm_executor]: TRANSITION: NAV_18_WP18 --[TASK_COMPLETED]--> NAV_19_WP19
[INFO] [1786474867.481107966] [fsm_executor]: STATE: NAV_19_WP19 | ACTION: NAVIGATE -> WP19
[INFO] [1786474867.575256214] [fsm_executor]: EVENT: TASK_COMPLETED in NAV_19_WP19
[INFO] [1786474867.576292484] [fsm_executor]: TRANSITION: NAV_19_WP19 --[TASK_COMPLETED]--> NAV_20_WP20
[INFO] [1786474867.577367258] [fsm_executor]: STATE: NAV_20_WP20 | ACTION: NAVIGATE -> WP20
[INFO] [1786474867.676909097] [fsm_executor]: EVENT: TASK_COMPLETED in NAV_20_WP20
[INFO] [1786474867.679238104] [fsm_executor]: TRANSITION: NAV_20_WP20 --[TASK_COMPLETED]--> NAV_21_WP21
[INFO] [1786474867.681563765] [fsm_executor]: STATE: NAV_21_WP21 | ACTION: NAVIGATE -> WP21
[INFO] [1786474867.776548066] [fsm_executor]: EVENT: TASK_COMPLETED in NAV_21_WP21
[INFO] [1786474867.778205382] [fsm_executor]: TRANSITION: NAV_21_WP21 --[TASK_COMPLETED]--> NAV_22_WP22
[INFO] [1786474867.780616444] [fsm_executor]: STATE: NAV_22_WP22 | ACTION: NAVIGATE -> WP22
[INFO] [1786474867.876594099] [fsm_executor]: EVENT: TASK_COMPLETED in NAV_22_WP22
[INFO] [1786474867.878329283] [fsm_executor]: TRANSITION: NAV_22_WP22 --[TASK_COMPLETED]--> NAV_23_WP23
[INFO] [1786474867.880449602] [fsm_executor]: STATE: NAV_23_WP23 | ACTION: NAVIGATE -> WP23
[INFO] [1786474867.976555391] [fsm_executor]: EVENT: TASK_COMPLETED in NAV_23_WP23
[INFO] [1786474867.978232019] [fsm_executor]: TRANSITION: NAV_23_WP23 --[TASK_COMPLETED]--> NAV_24_WP24
[INFO] [1786474867.980680524] [fsm_executor]: STATE: NAV_24_WP24 | ACTION: NAVIGATE -> WP24
[INFO] [1786474868.076566467] [fsm_executor]: EVENT: TASK_COMPLETED in NAV_24_WP24
[INFO] [1786474868.078244137] [fsm_executor]: TRANSITION: NAV_24_WP24 --[TASK_COMPLETED]--> NAV_25_WP25
[INFO] [1786474868.080698537] [fsm_executor]: STATE: NAV_25_WP25 | ACTION: NAVIGATE -> WP25
[INFO] [1786474868.176559452] [fsm_executor]: EVENT: TASK_COMPLETED in NAV_25_WP25
[INFO] [1786474868.178230576] [fsm_executor]: TRANSITION: NAV_25_WP25 --[TASK_COMPLETED]--> NAV_26_WP26
[INFO] [1786474868.180667470] [fsm_executor]: STATE: NAV_26_WP26 | ACTION: NAVIGATE -> WP26
[INFO] [1786474868.276550490] [fsm_executor]: EVENT: TASK_COMPLETED in NAV_26_WP26
[INFO] [1786474868.279222565] [fsm_executor]: TRANSITION: NAV_26_WP26 --[TASK_COMPLETED]--> NAV_27_WP27
[INFO] [1786474868.282172499] [fsm_executor]: STATE: NAV_27_WP27 | ACTION: NAVIGATE -> WP27
[INFO] [1786474868.375819469] [fsm_executor]: EVENT: TASK_COMPLETED in NAV_27_WP27
[INFO] [1786474868.377891742] [fsm_executor]: TRANSITION: NAV_27_WP27 --[TASK_COMPLETED]--> NAV_28_WP28
[INFO] [1786474868.380014598] [fsm_executor]: STATE: NAV_28_WP28 | ACTION: NAVIGATE -> WP28
[INFO] [1786474868.476534819] [fsm_executor]: EVENT: TASK_COMPLETED in NAV_28_WP28
[INFO] [1786474868.478191980] [fsm_executor]: TRANSITION: NAV_28_WP28 --[TASK_COMPLETED]--> NAV_29_WP29
[INFO] [1786474868.480806785] [fsm_executor]: STATE: NAV_29_WP29 | ACTION: NAVIGATE -> WP29
[INFO] [1786474868.575741939] [fsm_executor]: EVENT: TASK_COMPLETED in NAV_29_WP29
[INFO] [1786474868.576935060] [fsm_executor]: TRANSITION: NAV_29_WP29 --[TASK_COMPLETED]--> NAV_30_WP30
[INFO] [1786474868.578454731] [fsm_executor]: STATE: NAV_30_WP30 | ACTION: NAVIGATE -> WP30
[INFO] [1786474868.676833842] [fsm_executor]: EVENT: TASK_COMPLETED in NAV_30_WP30
[INFO] [1786474868.678529341] [fsm_executor]: TRANSITION: NAV_30_WP30 --[TASK_COMPLETED]--> NAV_31_WP31
[INFO] [1786474868.680593204] [fsm_executor]: STATE: NAV_31_WP31 | ACTION: NAVIGATE -> WP31
[INFO] [1786474868.775513950] [fsm_executor]: EVENT: TASK_COMPLETED in NAV_31_WP31
[INFO] [1786474868.776339170] [fsm_executor]: TRANSITION: NAV_31_WP31 --[TASK_COMPLETED]--> NAV_32_WP32
[INFO] [1786474868.777290668] [fsm_executor]: STATE: NAV_32_WP32 | ACTION: NAVIGATE -> WP32
[INFO] [1786474868.876538442] [fsm_executor]: EVENT: TASK_COMPLETED in NAV_32_WP32
[INFO] [1786474868.878181405] [fsm_executor]: TRANSITION: NAV_32_WP32 --[TASK_COMPLETED]--> NAV_33_WP33
[INFO] [1786474868.880415026] [fsm_executor]: STATE: NAV_33_WP33 | ACTION: NAVIGATE -> WP33
[INFO] [1786474868.975323400] [fsm_executor]: EVENT: TASK_COMPLETED in NAV_33_WP33
[INFO] [1786474868.976077040] [fsm_executor]: TRANSITION: NAV_33_WP33 --[TASK_COMPLETED]--> NAV_34_WP34
[INFO] [1786474868.976778806] [fsm_executor]: STATE: NAV_34_WP34 | ACTION: NAVIGATE -> WP34
[INFO] [1786474869.076524298] [fsm_executor]: EVENT: TASK_COMPLETED in NAV_34_WP34
[INFO] [1786474869.078206109] [fsm_executor]: TRANSITION: NAV_34_WP34 --[TASK_COMPLETED]--> NAV_35_WP35
[INFO] [1786474869.080751389] [fsm_executor]: STATE: NAV_35_WP35 | ACTION: NAVIGATE -> WP35
[INFO] [1786474869.175230706] [fsm_executor]: EVENT: TASK_COMPLETED in NAV_35_WP35
[INFO] [1786474869.175934601] [fsm_executor]: TRANSITION: NAV_35_WP35 --[TASK_COMPLETED]--> NAV_36_WP36
[INFO] [1786474869.176547951] [fsm_executor]: STATE: NAV_36_WP36 | ACTION: NAVIGATE -> WP36
[INFO] [1786474869.276606348] [fsm_executor]: EVENT: TASK_COMPLETED in NAV_36_WP36
[INFO] [1786474869.278278033] [fsm_executor]: TRANSITION: NAV_36_WP36 --[TASK_COMPLETED]--> NAV_37_WP37
[INFO] [1786474869.280379529] [fsm_executor]: STATE: NAV_37_WP37 | ACTION: NAVIGATE -> WP37
[INFO] [1786474869.376519056] [fsm_executor]: EVENT: TASK_COMPLETED in NAV_37_WP37
[INFO] [1786474869.378198062] [fsm_executor]: TRANSITION: NAV_37_WP37 --[TASK_COMPLETED]--> NAV_38_WP38
[INFO] [1786474869.380233270] [fsm_executor]: STATE: NAV_38_WP38 | ACTION: NAVIGATE -> WP38
[INFO] [1786474869.476577518] [fsm_executor]: EVENT: TASK_COMPLETED in NAV_38_WP38
[INFO] [1786474869.478265575] [fsm_executor]: TRANSITION: NAV_38_WP38 --[TASK_COMPLETED]--> NAV_39_WP39
[INFO] [1786474869.480690289] [fsm_executor]: STATE: NAV_39_WP39 | ACTION: NAVIGATE -> WP39
[INFO] [1786474869.576560116] [fsm_executor]: EVENT: TASK_COMPLETED in NAV_39_WP39
[INFO] [1786474869.578235127] [fsm_executor]: TRANSITION: NAV_39_WP39 --[TASK_COMPLETED]--> NAV_40_WP40
[INFO] [1786474869.580283704] [fsm_executor]: STATE: NAV_40_WP40 | ACTION: NAVIGATE -> WP40
[INFO] [1786474869.676547016] [fsm_executor]: EVENT: TASK_COMPLETED in NAV_40_WP40
[INFO] [1786474869.678236644] [fsm_executor]: TRANSITION: NAV_40_WP40 --[TASK_COMPLETED]--> NAV_41_WP41
[INFO] [1786474869.680753202] [fsm_executor]: STATE: NAV_41_WP41 | ACTION: NAVIGATE -> WP41
[INFO] [1786474869.775438625] [fsm_executor]: EVENT: TASK_COMPLETED in NAV_41_WP41
[INFO] [1786474869.776762695] [fsm_executor]: TRANSITION: NAV_41_WP41 --[TASK_COMPLETED]--> NAV_42_WP42
[INFO] [1786474869.778181829] [fsm_executor]: STATE: NAV_42_WP42 | ACTION: NAVIGATE -> WP42
[INFO] [1786474869.876387159] [fsm_executor]: EVENT: TASK_COMPLETED in NAV_42_WP42
[INFO] [1786474869.879175846] [fsm_executor]: TRANSITION: NAV_42_WP42 --[TASK_COMPLETED]--> NAV_43_WP43
[INFO] [1786474869.882098945] [fsm_executor]: STATE: NAV_43_WP43 | ACTION: NAVIGATE -> WP43
[INFO] [1786474869.976314065] [fsm_executor]: EVENT: TASK_COMPLETED in NAV_43_WP43
[INFO] [1786474869.979062462] [fsm_executor]: TRANSITION: NAV_43_WP43 --[TASK_COMPLETED]--> NAV_44_WP44
[INFO] [1786474869.981130811] [fsm_executor]: STATE: NAV_44_WP44 | ACTION: NAVIGATE -> WP44
[INFO] [1786474870.076431386] [fsm_executor]: EVENT: TASK_COMPLETED in NAV_44_WP44
[INFO] [1786474870.079179896] [fsm_executor]: TRANSITION: NAV_44_WP44 --[TASK_COMPLETED]--> NAV_45_WP45
[INFO] [1786474870.082126582] [fsm_executor]: STATE: NAV_45_WP45 | ACTION: NAVIGATE -> WP45
[INFO] [1786474870.176631094] [fsm_executor]: EVENT: TASK_COMPLETED in NAV_45_WP45
[INFO] [1786474870.178262456] [fsm_executor]: TRANSITION: NAV_45_WP45 --[TASK_COMPLETED]--> NAV_46_WP46
[INFO] [1786474870.180865722] [fsm_executor]: STATE: NAV_46_WP46 | ACTION: NAVIGATE -> WP46
[INFO] [1786474870.276750804] [fsm_executor]: EVENT: TASK_COMPLETED in NAV_46_WP46
[INFO] [1786474870.278442304] [fsm_executor]: TRANSITION: NAV_46_WP46 --[TASK_COMPLETED]--> NAV_47_WP47
[INFO] [1786474870.281097188] [fsm_executor]: STATE: NAV_47_WP47 | ACTION: NAVIGATE -> WP47
[INFO] [1786474870.376447509] [fsm_executor]: EVENT: TASK_COMPLETED in NAV_47_WP47
[INFO] [1786474870.379241262] [fsm_executor]: TRANSITION: NAV_47_WP47 --[TASK_COMPLETED]--> NAV_48_WP48
[INFO] [1786474870.382631312] [fsm_executor]: STATE: NAV_48_WP48 | ACTION: NAVIGATE -> WP48
[INFO] [1786474870.476125272] [fsm_executor]: EVENT: TASK_COMPLETED in NAV_48_WP48
[INFO] [1786474870.477239113] [fsm_executor]: TRANSITION: NAV_48_WP48 --[TASK_COMPLETED]--> NAV_49_WP49
[INFO] [1786474870.478351575] [fsm_executor]: STATE: NAV_49_WP49 | ACTION: NAVIGATE -> WP49
[INFO] [1786474870.576799869] [fsm_executor]: EVENT: TASK_COMPLETED in NAV_49_WP49
[INFO] [1786474870.579758217] [fsm_executor]: TRANSITION: NAV_49_WP49 --[TASK_COMPLETED]--> NAV_50_WP50
[INFO] [1786474870.582984975] [fsm_executor]: STATE: NAV_50_WP50 | ACTION: NAVIGATE -> WP50
[INFO] [1786474870.676482707] [fsm_executor]: EVENT: TASK_COMPLETED in NAV_50_WP50
[INFO] [1786474870.679256580] [fsm_executor]: TRANSITION: NAV_50_WP50 --[TASK_COMPLETED]--> NAV_51_WP51
[INFO] [1786474870.682224982] [fsm_executor]: STATE: NAV_51_WP51 | ACTION: NAVIGATE -> WP51
[INFO] [1786474870.776896549] [fsm_executor]: EVENT: TASK_COMPLETED in NAV_51_WP51
[INFO] [1786474870.778718127] [fsm_executor]: TRANSITION: NAV_51_WP51 --[TASK_COMPLETED]--> NAV_52_WP52
[INFO] [1786474870.781967441] [fsm_executor]: STATE: NAV_52_WP52 | ACTION: NAVIGATE -> WP52
[INFO] [1786474870.877561514] [fsm_executor]: EVENT: TASK_COMPLETED in NAV_52_WP52
[INFO] [1786474870.883971101] [fsm_executor]: TRANSITION: NAV_52_WP52 --[TASK_COMPLETED]--> NAV_53_WP53
[INFO] [1786474870.886844742] [fsm_executor]: STATE: NAV_53_WP53 | ACTION: NAVIGATE -> WP53
[INFO] [1786474870.975263603] [fsm_executor]: EVENT: TASK_COMPLETED in NAV_53_WP53
[INFO] [1786474870.978242707] [fsm_executor]: TRANSITION: NAV_53_WP53 --[TASK_COMPLETED]--> NAV_54_WP54
[INFO] [1786474870.978952542] [fsm_executor]: STATE: NAV_54_WP54 | ACTION: NAVIGATE -> WP54
[INFO] [1786474871.075142116] [fsm_executor]: EVENT: TASK_COMPLETED in NAV_54_WP54
[INFO] [1786474871.076028813] [fsm_executor]: TRANSITION: NAV_54_WP54 --[TASK_COMPLETED]--> NAV_55_WP55
[INFO] [1786474871.076891582] [fsm_executor]: STATE: NAV_55_WP55 | ACTION: NAVIGATE -> WP55
[INFO] [1786474871.175248112] [fsm_executor]: EVENT: TASK_COMPLETED in NAV_55_WP55
[INFO] [1786474871.176193852] [fsm_executor]: TRANSITION: NAV_55_WP55 --[TASK_COMPLETED]--> NAV_56_WP56
[INFO] [1786474871.177157820] [fsm_executor]: STATE: NAV_56_WP56 | ACTION: NAVIGATE -> WP56
[INFO] [1786474871.275284413] [fsm_executor]: EVENT: TASK_COMPLETED in NAV_56_WP56
[INFO] [1786474871.276399352] [fsm_executor]: TRANSITION: NAV_56_WP56 --[TASK_COMPLETED]--> NAV_57_WP57
[INFO] [1786474871.277622272] [fsm_executor]: STATE: NAV_57_WP57 | ACTION: NAVIGATE -> WP57
[INFO] [1786474871.376456266] [fsm_executor]: EVENT: TASK_COMPLETED in NAV_57_WP57
[INFO] [1786474871.378109043] [fsm_executor]: TRANSITION: NAV_57_WP57 --[TASK_COMPLETED]--> NAV_58_WP58
[INFO] [1786474871.380066545] [fsm_executor]: STATE: NAV_58_WP58 | ACTION: NAVIGATE -> WP58
[INFO] [1786474871.476802809] [fsm_executor]: EVENT: TASK_COMPLETED in NAV_58_WP58
[INFO] [1786474871.478845520] [fsm_executor]: TRANSITION: NAV_58_WP58 --[TASK_COMPLETED]--> NAV_59_WP59
[INFO] [1786474871.481688836] [fsm_executor]: STATE: NAV_59_WP59 | ACTION: NAVIGATE -> WP59
[INFO] [1786474871.575775264] [fsm_executor]: EVENT: TASK_COMPLETED in NAV_59_WP59
[INFO] [1786474871.577408524] [fsm_executor]: TRANSITION: NAV_59_WP59 --[TASK_COMPLETED]--> NAV_60_WP60
[INFO] [1786474871.579241062] [fsm_executor]: STATE: NAV_60_WP60 | ACTION: NAVIGATE -> WP60
[INFO] [1786474871.677693730] [fsm_executor]: EVENT: TASK_COMPLETED in NAV_60_WP60
[INFO] [1786474871.680585910] [fsm_executor]: TRANSITION: NAV_60_WP60 --[TASK_COMPLETED]--> NAV_61_WP61
[INFO] [1786474871.682544327] [fsm_executor]: STATE: NAV_61_WP61 | ACTION: NAVIGATE -> WP61
[INFO] [1786474871.776503287] [fsm_executor]: EVENT: TASK_COMPLETED in NAV_61_WP61
[INFO] [1786474871.778149250] [fsm_executor]: TRANSITION: NAV_61_WP61 --[TASK_COMPLETED]--> NAV_62_WP62
[INFO] [1786474871.780363173] [fsm_executor]: STATE: NAV_62_WP62 | ACTION: NAVIGATE -> WP62
[INFO] [1786474871.876745831] [fsm_executor]: EVENT: TASK_COMPLETED in NAV_62_WP62
[INFO] [1786474871.878851487] [fsm_executor]: TRANSITION: NAV_62_WP62 --[TASK_COMPLETED]--> NAV_63_WP63
[INFO] [1786474871.880609269] [fsm_executor]: STATE: NAV_63_WP63 | ACTION: NAVIGATE -> WP63
[INFO] [1786474871.976988670] [fsm_executor]: EVENT: TASK_COMPLETED in NAV_63_WP63
[INFO] [1786474871.980079530] [fsm_executor]: TRANSITION: NAV_63_WP63 --[TASK_COMPLETED]--> NAV_64_WP64
[INFO] [1786474871.983048923] [fsm_executor]: STATE: NAV_64_WP64 | ACTION: NAVIGATE -> WP64
[INFO] [1786474872.076444594] [fsm_executor]: EVENT: TASK_COMPLETED in NAV_64_WP64
[INFO] [1786474872.078108822] [fsm_executor]: TRANSITION: NAV_64_WP64 --[TASK_COMPLETED]--> NAV_65_WP65
[INFO] [1786474872.079800964] [fsm_executor]: STATE: NAV_65_WP65 | ACTION: NAVIGATE -> WP65
[INFO] [1786474872.176916732] [fsm_executor]: EVENT: TASK_COMPLETED in NAV_65_WP65
[INFO] [1786474872.178636055] [fsm_executor]: TRANSITION: NAV_65_WP65 --[TASK_COMPLETED]--> NAV_66_WP66
[INFO] [1786474872.180729783] [fsm_executor]: STATE: NAV_66_WP66 | ACTION: NAVIGATE -> WP66
[INFO] [1786474872.276740213] [fsm_executor]: EVENT: TASK_COMPLETED in NAV_66_WP66
[INFO] [1786474872.278775225] [fsm_executor]: TRANSITION: NAV_66_WP66 --[TASK_COMPLETED]--> NAV_67_WP67
[INFO] [1786474872.280827641] [fsm_executor]: STATE: NAV_67_WP67 | ACTION: NAVIGATE -> WP67
[INFO] [1786474872.376449930] [fsm_executor]: EVENT: TASK_COMPLETED in NAV_67_WP67
[INFO] [1786474872.378154207] [fsm_executor]: TRANSITION: NAV_67_WP67 --[TASK_COMPLETED]--> NAV_68_WP68
[INFO] [1786474872.380260415] [fsm_executor]: STATE: NAV_68_WP68 | ACTION: NAVIGATE -> WP68
[INFO] [1786474872.476598396] [fsm_executor]: EVENT: TASK_COMPLETED in NAV_68_WP68
[INFO] [1786474872.478255036] [fsm_executor]: TRANSITION: NAV_68_WP68 --[TASK_COMPLETED]--> NAV_69_WP69
[INFO] [1786474872.480401366] [fsm_executor]: STATE: NAV_69_WP69 | ACTION: NAVIGATE -> WP69
[INFO] [1786474872.576507002] [fsm_executor]: EVENT: TASK_COMPLETED in NAV_69_WP69
[INFO] [1786474872.578531377] [fsm_executor]: TRANSITION: NAV_69_WP69 --[TASK_COMPLETED]--> NAV_70_WP70
[INFO] [1786474872.580598545] [fsm_executor]: STATE: NAV_70_WP70 | ACTION: NAVIGATE -> WP70
[INFO] [1786474872.676506906] [fsm_executor]: EVENT: TASK_COMPLETED in NAV_70_WP70
[INFO] [1786474872.678207690] [fsm_executor]: TRANSITION: NAV_70_WP70 --[TASK_COMPLETED]--> NAV_71_WP71
[INFO] [1786474872.680703846] [fsm_executor]: STATE: NAV_71_WP71 | ACTION: NAVIGATE -> WP71
[INFO] [1786474872.775608921] [fsm_executor]: EVENT: TASK_COMPLETED in NAV_71_WP71
[INFO] [1786474872.776488975] [fsm_executor]: TRANSITION: NAV_71_WP71 --[TASK_COMPLETED]--> NAV_72_WP72
[INFO] [1786474872.777356967] [fsm_executor]: STATE: NAV_72_WP72 | ACTION: NAVIGATE -> WP72
[INFO] [1786474872.876534721] [fsm_executor]: EVENT: TASK_COMPLETED in NAV_72_WP72
[INFO] [1786474872.878180326] [fsm_executor]: TRANSITION: NAV_72_WP72 --[TASK_COMPLETED]--> NAV_73_WP73
[INFO] [1786474872.880748750] [fsm_executor]: STATE: NAV_73_WP73 | ACTION: NAVIGATE -> WP73
[INFO] [1786474872.975172797] [fsm_executor]: EVENT: TASK_COMPLETED in NAV_73_WP73
[INFO] [1786474872.975822939] [fsm_executor]: TRANSITION: NAV_73_WP73 --[TASK_COMPLETED]--> NAV_74_WP74
[INFO] [1786474872.976302942] [fsm_executor]: STATE: NAV_74_WP74 | ACTION: NAVIGATE -> WP74
[INFO] [1786474873.076519576] [fsm_executor]: EVENT: TASK_COMPLETED in NAV_74_WP74
[INFO] [1786474873.078171387] [fsm_executor]: TRANSITION: NAV_74_WP74 --[TASK_COMPLETED]--> NAV_75_WP75
[INFO] [1786474873.080416037] [fsm_executor]: STATE: NAV_75_WP75 | ACTION: NAVIGATE -> WP75
[INFO] [1786474873.175194704] [fsm_executor]: EVENT: TASK_COMPLETED in NAV_75_WP75
[INFO] [1786474873.175843118] [fsm_executor]: TRANSITION: NAV_75_WP75 --[TASK_COMPLETED]--> NAV_76_WP76
[INFO] [1786474873.176332816] [fsm_executor]: STATE: NAV_76_WP76 | ACTION: NAVIGATE -> WP76
[INFO] [1786474873.276423178] [fsm_executor]: EVENT: TASK_COMPLETED in NAV_76_WP76
[INFO] [1786474873.278088825] [fsm_executor]: TRANSITION: NAV_76_WP76 --[TASK_COMPLETED]--> NAV_77_WP77
[INFO] [1786474873.280451700] [fsm_executor]: STATE: NAV_77_WP77 | ACTION: NAVIGATE -> WP77
[INFO] [1786474873.375392183] [fsm_executor]: EVENT: TASK_COMPLETED in NAV_77_WP77
[INFO] [1786474873.376144770] [fsm_executor]: TRANSITION: NAV_77_WP77 --[TASK_COMPLETED]--> NAV_78_WP78
[INFO] [1786474873.376861514] [fsm_executor]: STATE: NAV_78_WP78 | ACTION: NAVIGATE -> WP78
[INFO] [1786474873.476873246] [fsm_executor]: EVENT: TASK_COMPLETED in NAV_78_WP78
[INFO] [1786474873.480126306] [fsm_executor]: TRANSITION: NAV_78_WP78 --[TASK_COMPLETED]--> NAV_79_WP79
[INFO] [1786474873.483545267] [fsm_executor]: STATE: NAV_79_WP79 | ACTION: NAVIGATE -> WP79
[INFO] [1786474873.575212082] [fsm_executor]: EVENT: TASK_COMPLETED in NAV_79_WP79
[INFO] [1786474873.576203317] [fsm_executor]: TRANSITION: NAV_79_WP79 --[TASK_COMPLETED]--> NAV_80_WP80
[INFO] [1786474873.577183270] [fsm_executor]: STATE: NAV_80_WP80 | ACTION: NAVIGATE -> WP80
[INFO] [1786474873.676437616] [fsm_executor]: EVENT: TASK_COMPLETED in NAV_80_WP80
[INFO] [1786474873.679309046] [fsm_executor]: TRANSITION: NAV_80_WP80 --[TASK_COMPLETED]--> NAV_81_WP81
[INFO] [1786474873.682359045] [fsm_executor]: STATE: NAV_81_WP81 | ACTION: NAVIGATE -> WP81
[INFO] [1786474873.776517197] [fsm_executor]: EVENT: TASK_COMPLETED in NAV_81_WP81
[INFO] [1786474873.779619890] [fsm_executor]: TRANSITION: NAV_81_WP81 --[TASK_COMPLETED]--> NAV_82_WP82
[INFO] [1786474873.782765422] [fsm_executor]: STATE: NAV_82_WP82 | ACTION: NAVIGATE -> WP82
[INFO] [1786474873.876486160] [fsm_executor]: EVENT: TASK_COMPLETED in NAV_82_WP82
[INFO] [1786474873.878140789] [fsm_executor]: TRANSITION: NAV_82_WP82 --[TASK_COMPLETED]--> NAV_83_WP83
[INFO] [1786474873.880360034] [fsm_executor]: STATE: NAV_83_WP83 | ACTION: NAVIGATE -> WP83
[INFO] [1786474873.975534804] [fsm_executor]: EVENT: TASK_COMPLETED in NAV_83_WP83
[INFO] [1786474873.976875677] [fsm_executor]: TRANSITION: NAV_83_WP83 --[TASK_COMPLETED]--> NAV_84_WP84
[INFO] [1786474873.978291371] [fsm_executor]: STATE: NAV_84_WP84 | ACTION: NAVIGATE -> WP84
[INFO] [1786474874.076448951] [fsm_executor]: EVENT: TASK_COMPLETED in NAV_84_WP84
[INFO] [1786474874.079193601] [fsm_executor]: TRANSITION: NAV_84_WP84 --[TASK_COMPLETED]--> NAV_85_WP85
[INFO] [1786474874.082143187] [fsm_executor]: STATE: NAV_85_WP85 | ACTION: NAVIGATE -> WP85
[INFO] [1786474874.175846858] [fsm_executor]: EVENT: TASK_COMPLETED in NAV_85_WP85
[INFO] [1786474874.176977587] [fsm_executor]: TRANSITION: NAV_85_WP85 --[TASK_COMPLETED]--> NAV_86_WP86
[INFO] [1786474874.178104088] [fsm_executor]: STATE: NAV_86_WP86 | ACTION: NAVIGATE -> WP86
[INFO] [1786474874.275187190] [fsm_executor]: EVENT: TASK_COMPLETED in NAV_86_WP86
[INFO] [1786474874.276165066] [fsm_executor]: TRANSITION: NAV_86_WP86 --[TASK_COMPLETED]--> NAV_87_WP87
[INFO] [1786474874.277106374] [fsm_executor]: STATE: NAV_87_WP87 | ACTION: NAVIGATE -> WP87
[INFO] [1786474874.376369040] [fsm_executor]: EVENT: TASK_COMPLETED in NAV_87_WP87
[INFO] [1786474874.378016966] [fsm_executor]: TRANSITION: NAV_87_WP87 --[TASK_COMPLETED]--> NAV_88_WP88
[INFO] [1786474874.379659124] [fsm_executor]: STATE: NAV_88_WP88 | ACTION: NAVIGATE -> WP88
[INFO] [1786474874.476457391] [fsm_executor]: EVENT: TASK_COMPLETED in NAV_88_WP88
[INFO] [1786474874.478179563] [fsm_executor]: TRANSITION: NAV_88_WP88 --[TASK_COMPLETED]--> NAV_89_WP89
[INFO] [1786474874.480278881] [fsm_executor]: STATE: NAV_89_WP89 | ACTION: NAVIGATE -> WP89
[INFO] [1786474874.576581287] [fsm_executor]: EVENT: TASK_COMPLETED in NAV_89_WP89
[INFO] [1786474874.578236976] [fsm_executor]: TRANSITION: NAV_89_WP89 --[TASK_COMPLETED]--> NAV_90_WP90
[INFO] [1786474874.580186693] [fsm_executor]: STATE: NAV_90_WP90 | ACTION: NAVIGATE -> WP90
[INFO] [1786474874.675660697] [fsm_executor]: EVENT: TASK_COMPLETED in NAV_90_WP90
[INFO] [1786474874.676672776] [fsm_executor]: TRANSITION: NAV_90_WP90 --[TASK_COMPLETED]--> NAV_91_WP91
[INFO] [1786474874.677718503] [fsm_executor]: STATE: NAV_91_WP91 | ACTION: NAVIGATE -> WP91
[INFO] [1786474874.776510146] [fsm_executor]: EVENT: TASK_COMPLETED in NAV_91_WP91
[INFO] [1786474874.778208808] [fsm_executor]: TRANSITION: NAV_91_WP91 --[TASK_COMPLETED]--> NAV_92_WP92
[INFO] [1786474874.780301894] [fsm_executor]: STATE: NAV_92_WP92 | ACTION: NAVIGATE -> WP92
[INFO] [1786474874.875826348] [fsm_executor]: EVENT: TASK_COMPLETED in NAV_92_WP92
[INFO] [1786474874.877667671] [fsm_executor]: TRANSITION: NAV_92_WP92 --[TASK_COMPLETED]--> NAV_93_WP93
[INFO] [1786474874.880214203] [fsm_executor]: STATE: NAV_93_WP93 | ACTION: NAVIGATE -> WP93
[INFO] [1786474874.976439685] [fsm_executor]: EVENT: TASK_COMPLETED in NAV_93_WP93
[INFO] [1786474874.978299180] [fsm_executor]: TRANSITION: NAV_93_WP93 --[TASK_COMPLETED]--> NAV_94_WP94
[INFO] [1786474874.981369559] [fsm_executor]: STATE: NAV_94_WP94 | ACTION: NAVIGATE -> WP94
[INFO] [1786474875.075373287] [fsm_executor]: EVENT: TASK_COMPLETED in NAV_94_WP94
[INFO] [1786474875.076412067] [fsm_executor]: TRANSITION: NAV_94_WP94 --[TASK_COMPLETED]--> NAV_95_WP95
[INFO] [1786474875.077526811] [fsm_executor]: STATE: NAV_95_WP95 | ACTION: NAVIGATE -> WP95
[INFO] [1786474875.176830543] [fsm_executor]: EVENT: TASK_COMPLETED in NAV_95_WP95
[INFO] [1786474875.178813846] [fsm_executor]: TRANSITION: NAV_95_WP95 --[TASK_COMPLETED]--> NAV_96_WP96
[INFO] [1786474875.182217179] [fsm_executor]: STATE: NAV_96_WP96 | ACTION: NAVIGATE -> WP96
[INFO] [1786474875.275333666] [fsm_executor]: EVENT: TASK_COMPLETED in NAV_96_WP96
[INFO] [1786474875.276455827] [fsm_executor]: TRANSITION: NAV_96_WP96 --[TASK_COMPLETED]--> NAV_97_WP97
[INFO] [1786474875.277625572] [fsm_executor]: STATE: NAV_97_WP97 | ACTION: NAVIGATE -> WP97
[INFO] [1786474875.376453012] [fsm_executor]: EVENT: TASK_COMPLETED in NAV_97_WP97
[INFO] [1786474875.379154295] [fsm_executor]: TRANSITION: NAV_97_WP97 --[TASK_COMPLETED]--> NAV_98_WP98
[INFO] [1786474875.382079173] [fsm_executor]: STATE: NAV_98_WP98 | ACTION: NAVIGATE -> WP98
[INFO] [1786474875.476411939] [fsm_executor]: EVENT: TASK_COMPLETED in NAV_98_WP98
[INFO] [1786474875.481774578] [fsm_executor]: TRANSITION: NAV_98_WP98 --[TASK_COMPLETED]--> NAV_99_WP99
[INFO] [1786474875.484736199] [fsm_executor]: STATE: NAV_99_WP99 | ACTION: NAVIGATE -> WP99
[INFO] [1786474875.576667077] [fsm_executor]: EVENT: TASK_COMPLETED in NAV_99_WP99
[INFO] [1786474875.578318269] [fsm_executor]: TRANSITION: NAV_99_WP99 --[TASK_COMPLETED]--> NAV_100_WP100
[INFO] [1786474875.580322320] [fsm_executor]: STATE: NAV_100_WP100 | ACTION: NAVIGATE -> WP100
[INFO] [1786474875.677451940] [fsm_executor]: EVENT: TASK_COMPLETED in NAV_100_WP100
[INFO] [1786474875.680254140] [fsm_executor]: TRANSITION: NAV_100_WP100 --[TASK_COMPLETED]--> LAND_101
[INFO] [1786474875.683027248] [fsm_executor]: STATE: LAND_101 | ACTION: LAND
[INFO] [1786474875.776535186] [fsm_executor]: EVENT: TASK_COMPLETED in LAND_101
[INFO] [1786474875.779188254] [fsm_executor]: TRANSITION: LAND_101 --[TASK_COMPLETED]--> COMPLETED
[INFO] [1786474875.782166306] [fsm_executor]: FSM mission completed successfully.
