[INFO] [1787159163.885213707] [fsm_executor]: Loading mission: /home/bishal/ros2_ws/install/mission_formalism_evaluation/share/mission_formalism_evaluation/missions/mission_4.yaml
[INFO] [1787159163.932112266] [fsm_executor]: Mission ID: M4
[INFO] [1787159163.932911283] [fsm_executor]: Mission Name: Zigzag and Return
[INFO] [1787159163.933684633] [fsm_executor]: Mission Items: 201
[INFO] [1787159163.934807234] [fsm_executor]: FSM States: 210
[INFO] [1787159163.936033938] [fsm_executor]: FSM Transitions: 1402
[INFO] [1787159163.937191444] [fsm_executor]: TRANSITION: IDLE --[START]--> TAKEOFF_0
[INFO] [1787159163.938209825] [fsm_executor]: STATE: TAKEOFF_0 | ACTION: TAKEOFF
[INFO] [1787159164.038693970] [fsm_executor]: EVENT: TASK_COMPLETED in TAKEOFF_0
[INFO] [1787159164.040646024] [fsm_executor]: TRANSITION: TAKEOFF_0 --[TASK_COMPLETED]--> NAV_1_WP1
[INFO] [1787159164.044020326] [fsm_executor]: STATE: NAV_1_WP1 | ACTION: NAVIGATE -> WP1
[INFO] [1787159164.139318538] [fsm_executor]: EVENT: TASK_COMPLETED in NAV_1_WP1
[INFO] [1787159164.141879032] [fsm_executor]: TRANSITION: NAV_1_WP1 --[TASK_COMPLETED]--> NAV_2_WP2
[INFO] [1787159164.145037744] [fsm_executor]: STATE: NAV_2_WP2 | ACTION: NAVIGATE -> WP2
[INFO] [1787159164.240076749] [fsm_executor]: EVENT: TASK_COMPLETED in NAV_2_WP2
[INFO] [1787159164.242597215] [fsm_executor]: TRANSITION: NAV_2_WP2 --[TASK_COMPLETED]--> NAV_3_WP3
[INFO] [1787159164.246165144] [fsm_executor]: STATE: NAV_3_WP3 | ACTION: NAVIGATE -> WP3
[INFO] [1787159164.341354581] [fsm_executor]: EVENT: TASK_COMPLETED in NAV_3_WP3
[INFO] [1787159164.344412826] [fsm_executor]: TRANSITION: NAV_3_WP3 --[TASK_COMPLETED]--> NAV_4_WP4
[INFO] [1787159164.348719129] [fsm_executor]: STATE: NAV_4_WP4 | ACTION: NAVIGATE -> WP4
[INFO] [1787159164.440177526] [fsm_executor]: EVENT: TASK_COMPLETED in NAV_4_WP4
[INFO] [1787159164.441764557] [fsm_executor]: TRANSITION: NAV_4_WP4 --[TASK_COMPLETED]--> NAV_5_WP5
[INFO] [1787159164.443443532] [fsm_executor]: STATE: NAV_5_WP5 | ACTION: NAVIGATE -> WP5
[INFO] [1787159164.542613168] [fsm_executor]: EVENT: TASK_COMPLETED in NAV_5_WP5
[INFO] [1787159164.545675425] [fsm_executor]: TRANSITION: NAV_5_WP5 --[TASK_COMPLETED]--> NAV_6_WP6
[INFO] [1787159164.549537683] [fsm_executor]: STATE: NAV_6_WP6 | ACTION: NAVIGATE -> WP6
[INFO] [1787159164.641668379] [fsm_executor]: EVENT: TASK_COMPLETED in NAV_6_WP6
[INFO] [1787159164.643484649] [fsm_executor]: TRANSITION: NAV_6_WP6 --[TASK_COMPLETED]--> NAV_7_WP7
[INFO] [1787159164.646083576] [fsm_executor]: STATE: NAV_7_WP7 | ACTION: NAVIGATE -> WP7
[INFO] [1787159164.740800332] [fsm_executor]: EVENT: TASK_COMPLETED in NAV_7_WP7
[INFO] [1787159164.742642325] [fsm_executor]: TRANSITION: NAV_7_WP7 --[TASK_COMPLETED]--> NAV_8_WP8
[INFO] [1787159164.744538094] [fsm_executor]: STATE: NAV_8_WP8 | ACTION: NAVIGATE -> WP8
[INFO] [1787159164.840784048] [fsm_executor]: EVENT: TASK_COMPLETED in NAV_8_WP8
[INFO] [1787159164.842568623] [fsm_executor]: TRANSITION: NAV_8_WP8 --[TASK_COMPLETED]--> NAV_9_WP9
[INFO] [1787159164.845687265] [fsm_executor]: STATE: NAV_9_WP9 | ACTION: NAVIGATE -> WP9
[INFO] [1787159164.940759232] [fsm_executor]: EVENT: TASK_COMPLETED in NAV_9_WP9
[INFO] [1787159164.942547991] [fsm_executor]: TRANSITION: NAV_9_WP9 --[TASK_COMPLETED]--> NAV_10_WP10
[INFO] [1787159164.944443412] [fsm_executor]: STATE: NAV_10_WP10 | ACTION: NAVIGATE -> WP10
[INFO] [1787159165.041092021] [fsm_executor]: EVENT: TASK_COMPLETED in NAV_10_WP10
[INFO] [1787159165.044327676] [fsm_executor]: TRANSITION: NAV_10_WP10 --[TASK_COMPLETED]--> NAV_11_WP11
[INFO] [1787159165.048272404] [fsm_executor]: STATE: NAV_11_WP11 | ACTION: NAVIGATE -> WP11
[INFO] [1787159165.140636419] [fsm_executor]: EVENT: TASK_COMPLETED in NAV_11_WP11
[INFO] [1787159165.143679269] [fsm_executor]: TRANSITION: NAV_11_WP11 --[TASK_COMPLETED]--> NAV_12_WP12
[INFO] [1787159165.147910452] [fsm_executor]: STATE: NAV_12_WP12 | ACTION: NAVIGATE -> WP12
[INFO] [1787159165.240866192] [fsm_executor]: EVENT: TASK_COMPLETED in NAV_12_WP12
[INFO] [1787159165.244430442] [fsm_executor]: TRANSITION: NAV_12_WP12 --[TASK_COMPLETED]--> NAV_13_WP13
[INFO] [1787159165.248509972] [fsm_executor]: STATE: NAV_13_WP13 | ACTION: NAVIGATE -> WP13
[INFO] [1787159165.340792385] [fsm_executor]: EVENT: TASK_COMPLETED in NAV_13_WP13
[INFO] [1787159165.342565672] [fsm_executor]: TRANSITION: NAV_13_WP13 --[TASK_COMPLETED]--> NAV_14_WP14
[INFO] [1787159165.344460083] [fsm_executor]: STATE: NAV_14_WP14 | ACTION: NAVIGATE -> WP14
[INFO] [1787159165.440593290] [fsm_executor]: EVENT: TASK_COMPLETED in NAV_14_WP14
[INFO] [1787159165.443097249] [fsm_executor]: TRANSITION: NAV_14_WP14 --[TASK_COMPLETED]--> NAV_15_WP15
[INFO] [1787159165.445083164] [fsm_executor]: STATE: NAV_15_WP15 | ACTION: NAVIGATE -> WP15
[INFO] [1787159165.540470765] [fsm_executor]: EVENT: TASK_COMPLETED in NAV_15_WP15
[INFO] [1787159165.543344396] [fsm_executor]: TRANSITION: NAV_15_WP15 --[TASK_COMPLETED]--> NAV_16_WP16
[INFO] [1787159165.550034363] [fsm_executor]: STATE: NAV_16_WP16 | ACTION: NAVIGATE -> WP16
[INFO] [1787159165.640625896] [fsm_executor]: EVENT: TASK_COMPLETED in NAV_16_WP16
[INFO] [1787159165.643369494] [fsm_executor]: TRANSITION: NAV_16_WP16 --[TASK_COMPLETED]--> NAV_17_WP17
[INFO] [1787159165.645894096] [fsm_executor]: STATE: NAV_17_WP17 | ACTION: NAVIGATE -> WP17
[INFO] [1787159165.740645198] [fsm_executor]: EVENT: TASK_COMPLETED in NAV_17_WP17
[INFO] [1787159165.742576772] [fsm_executor]: TRANSITION: NAV_17_WP17 --[TASK_COMPLETED]--> NAV_18_WP18
[INFO] [1787159165.745622504] [fsm_executor]: STATE: NAV_18_WP18 | ACTION: NAVIGATE -> WP18
[INFO] [1787159165.839575681] [fsm_executor]: EVENT: TASK_COMPLETED in NAV_18_WP18
[INFO] [1787159165.843078781] [fsm_executor]: TRANSITION: NAV_18_WP18 --[TASK_COMPLETED]--> NAV_19_WP19
[INFO] [1787159165.846067302] [fsm_executor]: STATE: NAV_19_WP19 | ACTION: NAVIGATE -> WP19
[INFO] [1787159165.940664369] [fsm_executor]: EVENT: TASK_COMPLETED in NAV_19_WP19
[INFO] [1787159165.942459004] [fsm_executor]: TRANSITION: NAV_19_WP19 --[TASK_COMPLETED]--> NAV_20_WP20
[INFO] [1787159165.945166765] [fsm_executor]: STATE: NAV_20_WP20 | ACTION: NAVIGATE -> WP20
[INFO] [1787159166.041769181] [fsm_executor]: EVENT: TASK_COMPLETED in NAV_20_WP20
[INFO] [1787159166.044878238] [fsm_executor]: TRANSITION: NAV_20_WP20 --[TASK_COMPLETED]--> NAV_21_WP21
[INFO] [1787159166.048476780] [fsm_executor]: STATE: NAV_21_WP21 | ACTION: NAVIGATE -> WP21
[INFO] [1787159166.145059148] [fsm_executor]: EVENT: TASK_COMPLETED in NAV_21_WP21
[INFO] [1787159166.147744521] [fsm_executor]: TRANSITION: NAV_21_WP21 --[TASK_COMPLETED]--> NAV_22_WP22
[INFO] [1787159166.150093747] [fsm_executor]: STATE: NAV_22_WP22 | ACTION: NAVIGATE -> WP22
[INFO] [1787159166.240608065] [fsm_executor]: EVENT: TASK_COMPLETED in NAV_22_WP22
[INFO] [1787159166.243727765] [fsm_executor]: TRANSITION: NAV_22_WP22 --[TASK_COMPLETED]--> NAV_23_WP23
[INFO] [1787159166.247063825] [fsm_executor]: STATE: NAV_23_WP23 | ACTION: NAVIGATE -> WP23
[INFO] [1787159166.340703540] [fsm_executor]: EVENT: TASK_COMPLETED in NAV_23_WP23
[INFO] [1787159166.344123210] [fsm_executor]: TRANSITION: NAV_23_WP23 --[TASK_COMPLETED]--> NAV_24_WP24
[INFO] [1787159166.347576302] [fsm_executor]: STATE: NAV_24_WP24 | ACTION: NAVIGATE -> WP24
[INFO] [1787159166.442046660] [fsm_executor]: EVENT: TASK_COMPLETED in NAV_24_WP24
[INFO] [1787159166.445187710] [fsm_executor]: TRANSITION: NAV_24_WP24 --[TASK_COMPLETED]--> NAV_25_WP25
[INFO] [1787159166.447904617] [fsm_executor]: STATE: NAV_25_WP25 | ACTION: NAVIGATE -> WP25
[INFO] [1787159166.541660681] [fsm_executor]: EVENT: TASK_COMPLETED in NAV_25_WP25
[INFO] [1787159166.545453000] [fsm_executor]: TRANSITION: NAV_25_WP25 --[TASK_COMPLETED]--> NAV_26_WP26
[INFO] [1787159166.549190690] [fsm_executor]: STATE: NAV_26_WP26 | ACTION: NAVIGATE -> WP26
[INFO] [1787159166.640804730] [fsm_executor]: EVENT: TASK_COMPLETED in NAV_26_WP26
[INFO] [1787159166.644693496] [fsm_executor]: TRANSITION: NAV_26_WP26 --[TASK_COMPLETED]--> NAV_27_WP27
[INFO] [1787159166.654083208] [fsm_executor]: STATE: NAV_27_WP27 | ACTION: NAVIGATE -> WP27
[INFO] [1787159166.743600744] [fsm_executor]: EVENT: TASK_COMPLETED in NAV_27_WP27
[INFO] [1787159166.748168496] [fsm_executor]: TRANSITION: NAV_27_WP27 --[TASK_COMPLETED]--> NAV_28_WP28
[INFO] [1787159166.751471053] [fsm_executor]: STATE: NAV_28_WP28 | ACTION: NAVIGATE -> WP28
[INFO] [1787159166.845714906] [fsm_executor]: EVENT: TASK_COMPLETED in NAV_28_WP28
[INFO] [1787159166.849523879] [fsm_executor]: TRANSITION: NAV_28_WP28 --[TASK_COMPLETED]--> NAV_29_WP29
[INFO] [1787159166.853047731] [fsm_executor]: STATE: NAV_29_WP29 | ACTION: NAVIGATE -> WP29
[INFO] [1787159166.940625798] [fsm_executor]: EVENT: TASK_COMPLETED in NAV_29_WP29
[INFO] [1787159166.944010519] [fsm_executor]: TRANSITION: NAV_29_WP29 --[TASK_COMPLETED]--> NAV_30_WP30
[INFO] [1787159166.948090405] [fsm_executor]: STATE: NAV_30_WP30 | ACTION: NAVIGATE -> WP30
[INFO] [1787159167.041731011] [fsm_executor]: EVENT: TASK_COMPLETED in NAV_30_WP30
[INFO] [1787159167.044406383] [fsm_executor]: TRANSITION: NAV_30_WP30 --[TASK_COMPLETED]--> NAV_31_WP31
[INFO] [1787159167.046370024] [fsm_executor]: STATE: NAV_31_WP31 | ACTION: NAVIGATE -> WP31
[INFO] [1787159167.143256417] [fsm_executor]: EVENT: TASK_COMPLETED in NAV_31_WP31
[INFO] [1787159167.145101651] [fsm_executor]: TRANSITION: NAV_31_WP31 --[TASK_COMPLETED]--> NAV_32_WP32
[INFO] [1787159167.147071897] [fsm_executor]: STATE: NAV_32_WP32 | ACTION: NAVIGATE -> WP32
[INFO] [1787159167.242056810] [fsm_executor]: EVENT: TASK_COMPLETED in NAV_32_WP32
[INFO] [1787159167.244850072] [fsm_executor]: TRANSITION: NAV_32_WP32 --[TASK_COMPLETED]--> NAV_33_WP33
[INFO] [1787159167.247212821] [fsm_executor]: STATE: NAV_33_WP33 | ACTION: NAVIGATE -> WP33
[INFO] [1787159167.340697829] [fsm_executor]: EVENT: TASK_COMPLETED in NAV_33_WP33
[INFO] [1787159167.346884657] [fsm_executor]: TRANSITION: NAV_33_WP33 --[TASK_COMPLETED]--> NAV_34_WP34
[INFO] [1787159167.349503281] [fsm_executor]: STATE: NAV_34_WP34 | ACTION: NAVIGATE -> WP34
[INFO] [1787159167.440616508] [fsm_executor]: EVENT: TASK_COMPLETED in NAV_34_WP34
[INFO] [1787159167.443887460] [fsm_executor]: TRANSITION: NAV_34_WP34 --[TASK_COMPLETED]--> NAV_35_WP35
[INFO] [1787159167.447638355] [fsm_executor]: STATE: NAV_35_WP35 | ACTION: NAVIGATE -> WP35
[INFO] [1787159167.541172530] [fsm_executor]: EVENT: TASK_COMPLETED in NAV_35_WP35
[INFO] [1787159167.544595772] [fsm_executor]: TRANSITION: NAV_35_WP35 --[TASK_COMPLETED]--> NAV_36_WP36
[INFO] [1787159167.548128366] [fsm_executor]: STATE: NAV_36_WP36 | ACTION: NAVIGATE -> WP36
[INFO] [1787159167.640645301] [fsm_executor]: EVENT: TASK_COMPLETED in NAV_36_WP36
[INFO] [1787159167.643381216] [fsm_executor]: TRANSITION: NAV_36_WP36 --[TASK_COMPLETED]--> NAV_37_WP37
[INFO] [1787159167.645789121] [fsm_executor]: STATE: NAV_37_WP37 | ACTION: NAVIGATE -> WP37
[INFO] [1787159167.740976760] [fsm_executor]: EVENT: TASK_COMPLETED in NAV_37_WP37
[INFO] [1787159167.744011876] [fsm_executor]: TRANSITION: NAV_37_WP37 --[TASK_COMPLETED]--> NAV_38_WP38
[INFO] [1787159167.747983538] [fsm_executor]: STATE: NAV_38_WP38 | ACTION: NAVIGATE -> WP38
[INFO] [1787159167.841287125] [fsm_executor]: EVENT: TASK_COMPLETED in NAV_38_WP38
[INFO] [1787159167.843173788] [fsm_executor]: TRANSITION: NAV_38_WP38 --[TASK_COMPLETED]--> NAV_39_WP39
[INFO] [1787159167.846433672] [fsm_executor]: STATE: NAV_39_WP39 | ACTION: NAVIGATE -> WP39
[INFO] [1787159167.940628948] [fsm_executor]: EVENT: TASK_COMPLETED in NAV_39_WP39
[INFO] [1787159167.943838258] [fsm_executor]: TRANSITION: NAV_39_WP39 --[TASK_COMPLETED]--> NAV_40_WP40
[INFO] [1787159167.946325598] [fsm_executor]: STATE: NAV_40_WP40 | ACTION: NAVIGATE -> WP40
[INFO] [1787159168.040077708] [fsm_executor]: EVENT: TASK_COMPLETED in NAV_40_WP40
[INFO] [1787159168.042627859] [fsm_executor]: TRANSITION: NAV_40_WP40 --[TASK_COMPLETED]--> NAV_41_WP41
[INFO] [1787159168.045746670] [fsm_executor]: STATE: NAV_41_WP41 | ACTION: NAVIGATE -> WP41
[INFO] [1787159168.141470444] [fsm_executor]: EVENT: TASK_COMPLETED in NAV_41_WP41
[INFO] [1787159168.145708159] [fsm_executor]: TRANSITION: NAV_41_WP41 --[TASK_COMPLETED]--> NAV_42_WP42
[INFO] [1787159168.149456531] [fsm_executor]: STATE: NAV_42_WP42 | ACTION: NAVIGATE -> WP42
[INFO] [1787159168.240609899] [fsm_executor]: EVENT: TASK_COMPLETED in NAV_42_WP42
[INFO] [1787159168.244704562] [fsm_executor]: TRANSITION: NAV_42_WP42 --[TASK_COMPLETED]--> NAV_43_WP43
[INFO] [1787159168.248135981] [fsm_executor]: STATE: NAV_43_WP43 | ACTION: NAVIGATE -> WP43
[INFO] [1787159168.340760800] [fsm_executor]: EVENT: TASK_COMPLETED in NAV_43_WP43
[INFO] [1787159168.344480442] [fsm_executor]: TRANSITION: NAV_43_WP43 --[TASK_COMPLETED]--> NAV_44_WP44
[INFO] [1787159168.347801200] [fsm_executor]: STATE: NAV_44_WP44 | ACTION: NAVIGATE -> WP44
[INFO] [1787159168.440093926] [fsm_executor]: EVENT: TASK_COMPLETED in NAV_44_WP44
[INFO] [1787159168.442733258] [fsm_executor]: TRANSITION: NAV_44_WP44 --[TASK_COMPLETED]--> NAV_45_WP45
[INFO] [1787159168.445133951] [fsm_executor]: STATE: NAV_45_WP45 | ACTION: NAVIGATE -> WP45
[INFO] [1787159168.540612973] [fsm_executor]: EVENT: TASK_COMPLETED in NAV_45_WP45
[INFO] [1787159168.544019953] [fsm_executor]: TRANSITION: NAV_45_WP45 --[TASK_COMPLETED]--> NAV_46_WP46
[INFO] [1787159168.548217829] [fsm_executor]: STATE: NAV_46_WP46 | ACTION: NAVIGATE -> WP46
[INFO] [1787159168.639915772] [fsm_executor]: EVENT: TASK_COMPLETED in NAV_46_WP46
[INFO] [1787159168.641063551] [fsm_executor]: TRANSITION: NAV_46_WP46 --[TASK_COMPLETED]--> NAV_47_WP47
[INFO] [1787159168.642325487] [fsm_executor]: STATE: NAV_47_WP47 | ACTION: NAVIGATE -> WP47
[INFO] [1787159168.738623316] [fsm_executor]: EVENT: TASK_COMPLETED in NAV_47_WP47
[INFO] [1787159168.740430259] [fsm_executor]: TRANSITION: NAV_47_WP47 --[TASK_COMPLETED]--> NAV_48_WP48
[INFO] [1787159168.742870535] [fsm_executor]: STATE: NAV_48_WP48 | ACTION: NAVIGATE -> WP48
[INFO] [1787159168.841259564] [fsm_executor]: EVENT: TASK_COMPLETED in NAV_48_WP48
[INFO] [1787159168.843154282] [fsm_executor]: TRANSITION: NAV_48_WP48 --[TASK_COMPLETED]--> NAV_49_WP49
[INFO] [1787159168.846519275] [fsm_executor]: STATE: NAV_49_WP49 | ACTION: NAVIGATE -> WP49
[INFO] [1787159168.940640595] [fsm_executor]: EVENT: TASK_COMPLETED in NAV_49_WP49
[INFO] [1787159168.942992664] [fsm_executor]: TRANSITION: NAV_49_WP49 --[TASK_COMPLETED]--> NAV_50_WP50
[INFO] [1787159168.945056237] [fsm_executor]: STATE: NAV_50_WP50 | ACTION: NAVIGATE -> WP50
[INFO] [1787159169.040661237] [fsm_executor]: EVENT: TASK_COMPLETED in NAV_50_WP50
[INFO] [1787159169.044391684] [fsm_executor]: TRANSITION: NAV_50_WP50 --[TASK_COMPLETED]--> NAV_51_WP51
[INFO] [1787159169.047774335] [fsm_executor]: STATE: NAV_51_WP51 | ACTION: NAVIGATE -> WP51
[INFO] [1787159169.139859299] [fsm_executor]: EVENT: TASK_COMPLETED in NAV_51_WP51
[INFO] [1787159169.143516618] [fsm_executor]: TRANSITION: NAV_51_WP51 --[TASK_COMPLETED]--> NAV_52_WP52
[INFO] [1787159169.145979506] [fsm_executor]: STATE: NAV_52_WP52 | ACTION: NAVIGATE -> WP52
[INFO] [1787159169.240649252] [fsm_executor]: EVENT: TASK_COMPLETED in NAV_52_WP52
[INFO] [1787159169.244630095] [fsm_executor]: TRANSITION: NAV_52_WP52 --[TASK_COMPLETED]--> NAV_53_WP53
[INFO] [1787159169.248265125] [fsm_executor]: STATE: NAV_53_WP53 | ACTION: NAVIGATE -> WP53
[INFO] [1787159169.340585147] [fsm_executor]: EVENT: TASK_COMPLETED in NAV_53_WP53
[INFO] [1787159169.344181627] [fsm_executor]: TRANSITION: NAV_53_WP53 --[TASK_COMPLETED]--> NAV_54_WP54
[INFO] [1787159169.347965366] [fsm_executor]: STATE: NAV_54_WP54 | ACTION: NAVIGATE -> WP54
[INFO] [1787159169.441588391] [fsm_executor]: EVENT: TASK_COMPLETED in NAV_54_WP54
[INFO] [1787159169.445702315] [fsm_executor]: TRANSITION: NAV_54_WP54 --[TASK_COMPLETED]--> NAV_55_WP55
[INFO] [1787159169.449657022] [fsm_executor]: STATE: NAV_55_WP55 | ACTION: NAVIGATE -> WP55
[INFO] [1787159169.539569329] [fsm_executor]: EVENT: TASK_COMPLETED in NAV_55_WP55
[INFO] [1787159169.541322113] [fsm_executor]: TRANSITION: NAV_55_WP55 --[TASK_COMPLETED]--> NAV_56_WP56
[INFO] [1787159169.543172186] [fsm_executor]: STATE: NAV_56_WP56 | ACTION: NAVIGATE -> WP56
[INFO] [1787159169.641450280] [fsm_executor]: EVENT: TASK_COMPLETED in NAV_56_WP56
[INFO] [1787159169.645811438] [fsm_executor]: TRANSITION: NAV_56_WP56 --[TASK_COMPLETED]--> NAV_57_WP57
[INFO] [1787159169.647860942] [fsm_executor]: STATE: NAV_57_WP57 | ACTION: NAVIGATE -> WP57
[INFO] [1787159169.740638688] [fsm_executor]: EVENT: TASK_COMPLETED in NAV_57_WP57
[INFO] [1787159169.743204762] [fsm_executor]: TRANSITION: NAV_57_WP57 --[TASK_COMPLETED]--> NAV_58_WP58
[INFO] [1787159169.745840257] [fsm_executor]: STATE: NAV_58_WP58 | ACTION: NAVIGATE -> WP58
[INFO] [1787159169.841388567] [fsm_executor]: EVENT: TASK_COMPLETED in NAV_58_WP58
[INFO] [1787159169.844913363] [fsm_executor]: TRANSITION: NAV_58_WP58 --[TASK_COMPLETED]--> NAV_59_WP59
[INFO] [1787159169.847390886] [fsm_executor]: STATE: NAV_59_WP59 | ACTION: NAVIGATE -> WP59
[INFO] [1787159169.940604568] [fsm_executor]: EVENT: TASK_COMPLETED in NAV_59_WP59
[INFO] [1787159169.942656236] [fsm_executor]: TRANSITION: NAV_59_WP59 --[TASK_COMPLETED]--> NAV_60_WP60
[INFO] [1787159169.945384313] [fsm_executor]: STATE: NAV_60_WP60 | ACTION: NAVIGATE -> WP60
[INFO] [1787159170.041030471] [fsm_executor]: EVENT: TASK_COMPLETED in NAV_60_WP60
[INFO] [1787159170.044702527] [fsm_executor]: TRANSITION: NAV_60_WP60 --[TASK_COMPLETED]--> NAV_61_WP61
[INFO] [1787159170.046814114] [fsm_executor]: STATE: NAV_61_WP61 | ACTION: NAVIGATE -> WP61
[INFO] [1787159170.140654902] [fsm_executor]: EVENT: TASK_COMPLETED in NAV_61_WP61
[INFO] [1787159170.143145465] [fsm_executor]: TRANSITION: NAV_61_WP61 --[TASK_COMPLETED]--> NAV_62_WP62
[INFO] [1787159170.145885453] [fsm_executor]: STATE: NAV_62_WP62 | ACTION: NAVIGATE -> WP62
[INFO] [1787159170.242250412] [fsm_executor]: EVENT: TASK_COMPLETED in NAV_62_WP62
[INFO] [1787159170.245885067] [fsm_executor]: TRANSITION: NAV_62_WP62 --[TASK_COMPLETED]--> NAV_63_WP63
[INFO] [1787159170.249229350] [fsm_executor]: STATE: NAV_63_WP63 | ACTION: NAVIGATE -> WP63
[INFO] [1787159170.340646917] [fsm_executor]: EVENT: TASK_COMPLETED in NAV_63_WP63
[INFO] [1787159170.343899354] [fsm_executor]: TRANSITION: NAV_63_WP63 --[TASK_COMPLETED]--> NAV_64_WP64
[INFO] [1787159170.347276564] [fsm_executor]: STATE: NAV_64_WP64 | ACTION: NAVIGATE -> WP64
[INFO] [1787159170.441435273] [fsm_executor]: EVENT: TASK_COMPLETED in NAV_64_WP64
[INFO] [1787159170.445060790] [fsm_executor]: TRANSITION: NAV_64_WP64 --[TASK_COMPLETED]--> NAV_65_WP65
[INFO] [1787159170.448813492] [fsm_executor]: STATE: NAV_65_WP65 | ACTION: NAVIGATE -> WP65
[INFO] [1787159170.540652564] [fsm_executor]: EVENT: TASK_COMPLETED in NAV_65_WP65
[INFO] [1787159170.544619009] [fsm_executor]: TRANSITION: NAV_65_WP65 --[TASK_COMPLETED]--> NAV_66_WP66
[INFO] [1787159170.547913845] [fsm_executor]: STATE: NAV_66_WP66 | ACTION: NAVIGATE -> WP66
[INFO] [1787159170.641695284] [fsm_executor]: EVENT: TASK_COMPLETED in NAV_66_WP66
[INFO] [1787159170.645836721] [fsm_executor]: TRANSITION: NAV_66_WP66 --[TASK_COMPLETED]--> NAV_67_WP67
[INFO] [1787159170.649819101] [fsm_executor]: STATE: NAV_67_WP67 | ACTION: NAVIGATE -> WP67
[INFO] [1787159170.740997595] [fsm_executor]: EVENT: TASK_COMPLETED in NAV_67_WP67
[INFO] [1787159170.745101701] [fsm_executor]: TRANSITION: NAV_67_WP67 --[TASK_COMPLETED]--> NAV_68_WP68
[INFO] [1787159170.747097203] [fsm_executor]: STATE: NAV_68_WP68 | ACTION: NAVIGATE -> WP68
[INFO] [1787159170.841431848] [fsm_executor]: EVENT: TASK_COMPLETED in NAV_68_WP68
[INFO] [1787159170.846948006] [fsm_executor]: TRANSITION: NAV_68_WP68 --[TASK_COMPLETED]--> NAV_69_WP69
[INFO] [1787159170.852913602] [fsm_executor]: STATE: NAV_69_WP69 | ACTION: NAVIGATE -> WP69
[INFO] [1787159170.941436878] [fsm_executor]: EVENT: TASK_COMPLETED in NAV_69_WP69
[INFO] [1787159170.946972007] [fsm_executor]: TRANSITION: NAV_69_WP69 --[TASK_COMPLETED]--> NAV_70_WP70
[INFO] [1787159170.950165602] [fsm_executor]: STATE: NAV_70_WP70 | ACTION: NAVIGATE -> WP70
[INFO] [1787159171.041517824] [fsm_executor]: EVENT: TASK_COMPLETED in NAV_70_WP70
[INFO] [1787159171.044587585] [fsm_executor]: TRANSITION: NAV_70_WP70 --[TASK_COMPLETED]--> NAV_71_WP71
[INFO] [1787159171.047982482] [fsm_executor]: STATE: NAV_71_WP71 | ACTION: NAVIGATE -> WP71
[INFO] [1787159171.140006153] [fsm_executor]: EVENT: TASK_COMPLETED in NAV_71_WP71
[INFO] [1787159171.141810813] [fsm_executor]: TRANSITION: NAV_71_WP71 --[TASK_COMPLETED]--> NAV_72_WP72
[INFO] [1787159171.145004886] [fsm_executor]: STATE: NAV_72_WP72 | ACTION: NAVIGATE -> WP72
[INFO] [1787159171.239554510] [fsm_executor]: EVENT: TASK_COMPLETED in NAV_72_WP72
[INFO] [1787159171.242487808] [fsm_executor]: TRANSITION: NAV_72_WP72 --[TASK_COMPLETED]--> NAV_73_WP73
[INFO] [1787159171.245985868] [fsm_executor]: STATE: NAV_73_WP73 | ACTION: NAVIGATE -> WP73
[INFO] [1787159171.341177877] [fsm_executor]: EVENT: TASK_COMPLETED in NAV_73_WP73
[INFO] [1787159171.343955917] [fsm_executor]: TRANSITION: NAV_73_WP73 --[TASK_COMPLETED]--> NAV_74_WP74
[INFO] [1787159171.347191948] [fsm_executor]: STATE: NAV_74_WP74 | ACTION: NAVIGATE -> WP74
[INFO] [1787159171.441089315] [fsm_executor]: EVENT: TASK_COMPLETED in NAV_74_WP74
[INFO] [1787159171.443942840] [fsm_executor]: TRANSITION: NAV_74_WP74 --[TASK_COMPLETED]--> NAV_75_WP75
[INFO] [1787159171.447213053] [fsm_executor]: STATE: NAV_75_WP75 | ACTION: NAVIGATE -> WP75
[INFO] [1787159171.540680911] [fsm_executor]: EVENT: TASK_COMPLETED in NAV_75_WP75
[INFO] [1787159171.542940471] [fsm_executor]: TRANSITION: NAV_75_WP75 --[TASK_COMPLETED]--> NAV_76_WP76
[INFO] [1787159171.546174348] [fsm_executor]: STATE: NAV_76_WP76 | ACTION: NAVIGATE -> WP76
[INFO] [1787159171.640629834] [fsm_executor]: EVENT: TASK_COMPLETED in NAV_76_WP76
[INFO] [1787159171.643175556] [fsm_executor]: TRANSITION: NAV_76_WP76 --[TASK_COMPLETED]--> NAV_77_WP77
[INFO] [1787159171.646629652] [fsm_executor]: STATE: NAV_77_WP77 | ACTION: NAVIGATE -> WP77
[INFO] [1787159171.741195695] [fsm_executor]: EVENT: TASK_COMPLETED in NAV_77_WP77
[INFO] [1787159171.743284524] [fsm_executor]: TRANSITION: NAV_77_WP77 --[TASK_COMPLETED]--> NAV_78_WP78
[INFO] [1787159171.745252605] [fsm_executor]: STATE: NAV_78_WP78 | ACTION: NAVIGATE -> WP78
[INFO] [1787159171.840845099] [fsm_executor]: EVENT: TASK_COMPLETED in NAV_78_WP78
[INFO] [1787159171.843222571] [fsm_executor]: TRANSITION: NAV_78_WP78 --[TASK_COMPLETED]--> NAV_79_WP79
[INFO] [1787159171.846627891] [fsm_executor]: STATE: NAV_79_WP79 | ACTION: NAVIGATE -> WP79
[INFO] [1787159171.941919252] [fsm_executor]: EVENT: TASK_COMPLETED in NAV_79_WP79
[INFO] [1787159171.944970795] [fsm_executor]: TRANSITION: NAV_79_WP79 --[TASK_COMPLETED]--> NAV_80_WP80
[INFO] [1787159171.948351065] [fsm_executor]: STATE: NAV_80_WP80 | ACTION: NAVIGATE -> WP80
[INFO] [1787159172.041419863] [fsm_executor]: EVENT: TASK_COMPLETED in NAV_80_WP80
[INFO] [1787159172.044335570] [fsm_executor]: TRANSITION: NAV_80_WP80 --[TASK_COMPLETED]--> NAV_81_WP81
[INFO] [1787159172.047724986] [fsm_executor]: STATE: NAV_81_WP81 | ACTION: NAVIGATE -> WP81
[INFO] [1787159172.140646244] [fsm_executor]: EVENT: TASK_COMPLETED in NAV_81_WP81
[INFO] [1787159172.142395982] [fsm_executor]: TRANSITION: NAV_81_WP81 --[TASK_COMPLETED]--> NAV_82_WP82
[INFO] [1787159172.144319497] [fsm_executor]: STATE: NAV_82_WP82 | ACTION: NAVIGATE -> WP82
[INFO] [1787159172.240597947] [fsm_executor]: EVENT: TASK_COMPLETED in NAV_82_WP82
[INFO] [1787159172.243537991] [fsm_executor]: TRANSITION: NAV_82_WP82 --[TASK_COMPLETED]--> NAV_83_WP83
[INFO] [1787159172.246847260] [fsm_executor]: STATE: NAV_83_WP83 | ACTION: NAVIGATE -> WP83
[INFO] [1787159172.341771454] [fsm_executor]: EVENT: TASK_COMPLETED in NAV_83_WP83
[INFO] [1787159172.344713955] [fsm_executor]: TRANSITION: NAV_83_WP83 --[TASK_COMPLETED]--> NAV_84_WP84
[INFO] [1787159172.348018262] [fsm_executor]: STATE: NAV_84_WP84 | ACTION: NAVIGATE -> WP84
[INFO] [1787159172.441921707] [fsm_executor]: EVENT: TASK_COMPLETED in NAV_84_WP84
[INFO] [1787159172.443761212] [fsm_executor]: TRANSITION: NAV_84_WP84 --[TASK_COMPLETED]--> NAV_85_WP85
[INFO] [1787159172.445706079] [fsm_executor]: STATE: NAV_85_WP85 | ACTION: NAVIGATE -> WP85
[INFO] [1787159172.541973095] [fsm_executor]: EVENT: TASK_COMPLETED in NAV_85_WP85
[INFO] [1787159172.544926433] [fsm_executor]: TRANSITION: NAV_85_WP85 --[TASK_COMPLETED]--> NAV_86_WP86
[INFO] [1787159172.548135389] [fsm_executor]: STATE: NAV_86_WP86 | ACTION: NAVIGATE -> WP86
[INFO] [1787159172.641637131] [fsm_executor]: EVENT: TASK_COMPLETED in NAV_86_WP86
[INFO] [1787159172.644567604] [fsm_executor]: TRANSITION: NAV_86_WP86 --[TASK_COMPLETED]--> NAV_87_WP87
[INFO] [1787159172.647799206] [fsm_executor]: STATE: NAV_87_WP87 | ACTION: NAVIGATE -> WP87
[INFO] [1787159172.741406464] [fsm_executor]: EVENT: TASK_COMPLETED in NAV_87_WP87
[INFO] [1787159172.744286539] [fsm_executor]: TRANSITION: NAV_87_WP87 --[TASK_COMPLETED]--> NAV_88_WP88
[INFO] [1787159172.747533541] [fsm_executor]: STATE: NAV_88_WP88 | ACTION: NAVIGATE -> WP88
[INFO] [1787159172.841208839] [fsm_executor]: EVENT: TASK_COMPLETED in NAV_88_WP88
[INFO] [1787159172.843000832] [fsm_executor]: TRANSITION: NAV_88_WP88 --[TASK_COMPLETED]--> NAV_89_WP89
[INFO] [1787159172.844943722] [fsm_executor]: STATE: NAV_89_WP89 | ACTION: NAVIGATE -> WP89
[INFO] [1787159172.942735996] [fsm_executor]: EVENT: TASK_COMPLETED in NAV_89_WP89
[INFO] [1787159172.945620609] [fsm_executor]: TRANSITION: NAV_89_WP89 --[TASK_COMPLETED]--> NAV_90_WP90
[INFO] [1787159172.948854254] [fsm_executor]: STATE: NAV_90_WP90 | ACTION: NAVIGATE -> WP90
[INFO] [1787159173.041322942] [fsm_executor]: EVENT: TASK_COMPLETED in NAV_90_WP90
[INFO] [1787159173.044079305] [fsm_executor]: TRANSITION: NAV_90_WP90 --[TASK_COMPLETED]--> NAV_91_WP91
[INFO] [1787159173.048626980] [fsm_executor]: STATE: NAV_91_WP91 | ACTION: NAVIGATE -> WP91
[INFO] [1787159173.143015655] [fsm_executor]: EVENT: TASK_COMPLETED in NAV_91_WP91
[INFO] [1787159173.145961802] [fsm_executor]: TRANSITION: NAV_91_WP91 --[TASK_COMPLETED]--> NAV_92_WP92
[INFO] [1787159173.149337798] [fsm_executor]: STATE: NAV_92_WP92 | ACTION: NAVIGATE -> WP92
[INFO] [1787159173.238103506] [fsm_executor]: EVENT: TASK_COMPLETED in NAV_92_WP92
[INFO] [1787159173.239217104] [fsm_executor]: TRANSITION: NAV_92_WP92 --[TASK_COMPLETED]--> NAV_93_WP93
[INFO] [1787159173.240559308] [fsm_executor]: STATE: NAV_93_WP93 | ACTION: NAVIGATE -> WP93
[INFO] [1787159173.341768169] [fsm_executor]: EVENT: TASK_COMPLETED in NAV_93_WP93
[INFO] [1787159173.344701917] [fsm_executor]: TRANSITION: NAV_93_WP93 --[TASK_COMPLETED]--> NAV_94_WP94
[INFO] [1787159173.347947396] [fsm_executor]: STATE: NAV_94_WP94 | ACTION: NAVIGATE -> WP94
[INFO] [1787159173.441365634] [fsm_executor]: EVENT: TASK_COMPLETED in NAV_94_WP94
[INFO] [1787159173.443426224] [fsm_executor]: TRANSITION: NAV_94_WP94 --[TASK_COMPLETED]--> NAV_95_WP95
[INFO] [1787159173.445240711] [fsm_executor]: STATE: NAV_95_WP95 | ACTION: NAVIGATE -> WP95
[INFO] [1787159173.541476447] [fsm_executor]: EVENT: TASK_COMPLETED in NAV_95_WP95
[INFO] [1787159173.545215498] [fsm_executor]: TRANSITION: NAV_95_WP95 --[TASK_COMPLETED]--> NAV_96_WP96
[INFO] [1787159173.549170008] [fsm_executor]: STATE: NAV_96_WP96 | ACTION: NAVIGATE -> WP96
[INFO] [1787159173.642453582] [fsm_executor]: EVENT: TASK_COMPLETED in NAV_96_WP96
[INFO] [1787159173.644231978] [fsm_executor]: TRANSITION: NAV_96_WP96 --[TASK_COMPLETED]--> NAV_97_WP97
[INFO] [1787159173.646127587] [fsm_executor]: STATE: NAV_97_WP97 | ACTION: NAVIGATE -> WP97
[INFO] [1787159173.743781550] [fsm_executor]: EVENT: TASK_COMPLETED in NAV_97_WP97
[INFO] [1787159173.746833473] [fsm_executor]: TRANSITION: NAV_97_WP97 --[TASK_COMPLETED]--> NAV_98_WP98
[INFO] [1787159173.750133894] [fsm_executor]: STATE: NAV_98_WP98 | ACTION: NAVIGATE -> WP98
[INFO] [1787159173.841801197] [fsm_executor]: EVENT: TASK_COMPLETED in NAV_98_WP98
[INFO] [1787159173.843752148] [fsm_executor]: TRANSITION: NAV_98_WP98 --[TASK_COMPLETED]--> NAV_99_WP99
[INFO] [1787159173.845621291] [fsm_executor]: STATE: NAV_99_WP99 | ACTION: NAVIGATE -> WP99
[INFO] [1787159173.941587638] [fsm_executor]: EVENT: TASK_COMPLETED in NAV_99_WP99
[INFO] [1787159173.943542189] [fsm_executor]: TRANSITION: NAV_99_WP99 --[TASK_COMPLETED]--> NAV_100_WP100
[INFO] [1787159173.945586437] [fsm_executor]: STATE: NAV_100_WP100 | ACTION: NAVIGATE -> WP100
[INFO] [1787159174.043521473] [fsm_executor]: EVENT: TASK_COMPLETED in NAV_100_WP100
[INFO] [1787159174.046433068] [fsm_executor]: TRANSITION: NAV_100_WP100 --[TASK_COMPLETED]--> NAV_101_WP99
[INFO] [1787159174.049790329] [fsm_executor]: STATE: NAV_101_WP99 | ACTION: NAVIGATE -> WP99
[INFO] [1787159174.141586892] [fsm_executor]: EVENT: TASK_COMPLETED in NAV_101_WP99
[INFO] [1787159174.145143691] [fsm_executor]: TRANSITION: NAV_101_WP99 --[TASK_COMPLETED]--> NAV_102_WP98
[INFO] [1787159174.148390743] [fsm_executor]: STATE: NAV_102_WP98 | ACTION: NAVIGATE -> WP98
[INFO] [1787159174.241688127] [fsm_executor]: EVENT: TASK_COMPLETED in NAV_102_WP98
[INFO] [1787159174.244605109] [fsm_executor]: TRANSITION: NAV_102_WP98 --[TASK_COMPLETED]--> NAV_103_WP97
[INFO] [1787159174.247807631] [fsm_executor]: STATE: NAV_103_WP97 | ACTION: NAVIGATE -> WP97
[INFO] [1787159174.341733103] [fsm_executor]: EVENT: TASK_COMPLETED in NAV_103_WP97
[INFO] [1787159174.344079097] [fsm_executor]: TRANSITION: NAV_103_WP97 --[TASK_COMPLETED]--> NAV_104_WP96
[INFO] [1787159174.346263087] [fsm_executor]: STATE: NAV_104_WP96 | ACTION: NAVIGATE -> WP96
[INFO] [1787159174.441214067] [fsm_executor]: EVENT: TASK_COMPLETED in NAV_104_WP96
[INFO] [1787159174.443843132] [fsm_executor]: TRANSITION: NAV_104_WP96 --[TASK_COMPLETED]--> NAV_105_WP95
[INFO] [1787159174.445719015] [fsm_executor]: STATE: NAV_105_WP95 | ACTION: NAVIGATE -> WP95
[INFO] [1787159174.541729973] [fsm_executor]: EVENT: TASK_COMPLETED in NAV_105_WP95
[INFO] [1787159174.543905846] [fsm_executor]: TRANSITION: NAV_105_WP95 --[TASK_COMPLETED]--> NAV_106_WP94
[INFO] [1787159174.546230593] [fsm_executor]: STATE: NAV_106_WP94 | ACTION: NAVIGATE -> WP94
[INFO] [1787159174.641873751] [fsm_executor]: EVENT: TASK_COMPLETED in NAV_106_WP94
[INFO] [1787159174.644094533] [fsm_executor]: TRANSITION: NAV_106_WP94 --[TASK_COMPLETED]--> NAV_107_WP93
[INFO] [1787159174.646001684] [fsm_executor]: STATE: NAV_107_WP93 | ACTION: NAVIGATE -> WP93
[INFO] [1787159174.740670452] [fsm_executor]: EVENT: TASK_COMPLETED in NAV_107_WP93
[INFO] [1787159174.743569719] [fsm_executor]: TRANSITION: NAV_107_WP93 --[TASK_COMPLETED]--> NAV_108_WP92
[INFO] [1787159174.746029735] [fsm_executor]: STATE: NAV_108_WP92 | ACTION: NAVIGATE -> WP92
[INFO] [1787159174.841072832] [fsm_executor]: EVENT: TASK_COMPLETED in NAV_108_WP92
[INFO] [1787159174.844465896] [fsm_executor]: TRANSITION: NAV_108_WP92 --[TASK_COMPLETED]--> NAV_109_WP91
[INFO] [1787159174.847688115] [fsm_executor]: STATE: NAV_109_WP91 | ACTION: NAVIGATE -> WP91
[INFO] [1787159174.941360390] [fsm_executor]: EVENT: TASK_COMPLETED in NAV_109_WP91
[INFO] [1787159174.944095683] [fsm_executor]: TRANSITION: NAV_109_WP91 --[TASK_COMPLETED]--> NAV_110_WP90
[INFO] [1787159174.946205686] [fsm_executor]: STATE: NAV_110_WP90 | ACTION: NAVIGATE -> WP90
[INFO] [1787159175.041080422] [fsm_executor]: EVENT: TASK_COMPLETED in NAV_110_WP90
[INFO] [1787159175.044803411] [fsm_executor]: TRANSITION: NAV_110_WP90 --[TASK_COMPLETED]--> NAV_111_WP89
[INFO] [1787159175.048021127] [fsm_executor]: STATE: NAV_111_WP89 | ACTION: NAVIGATE -> WP89
[INFO] [1787159175.141656404] [fsm_executor]: EVENT: TASK_COMPLETED in NAV_111_WP89
[INFO] [1787159175.143509684] [fsm_executor]: TRANSITION: NAV_111_WP89 --[TASK_COMPLETED]--> NAV_112_WP88
[INFO] [1787159175.145687708] [fsm_executor]: STATE: NAV_112_WP88 | ACTION: NAVIGATE -> WP88
[INFO] [1787159175.241391254] [fsm_executor]: EVENT: TASK_COMPLETED in NAV_112_WP88
[INFO] [1787159175.244931354] [fsm_executor]: TRANSITION: NAV_112_WP88 --[TASK_COMPLETED]--> NAV_113_WP87
[INFO] [1787159175.248146397] [fsm_executor]: STATE: NAV_113_WP87 | ACTION: NAVIGATE -> WP87
[INFO] [1787159175.342263714] [fsm_executor]: EVENT: TASK_COMPLETED in NAV_113_WP87
[INFO] [1787159175.345820599] [fsm_executor]: TRANSITION: NAV_113_WP87 --[TASK_COMPLETED]--> NAV_114_WP86
[INFO] [1787159175.347981049] [fsm_executor]: STATE: NAV_114_WP86 | ACTION: NAVIGATE -> WP86
[INFO] [1787159175.441460139] [fsm_executor]: EVENT: TASK_COMPLETED in NAV_114_WP86
[INFO] [1787159175.445069477] [fsm_executor]: TRANSITION: NAV_114_WP86 --[TASK_COMPLETED]--> NAV_115_WP85
[INFO] [1787159175.448325866] [fsm_executor]: STATE: NAV_115_WP85 | ACTION: NAVIGATE -> WP85
[INFO] [1787159175.541376405] [fsm_executor]: EVENT: TASK_COMPLETED in NAV_115_WP85
[INFO] [1787159175.547017621] [fsm_executor]: TRANSITION: NAV_115_WP85 --[TASK_COMPLETED]--> NAV_116_WP84
[INFO] [1787159175.550808640] [fsm_executor]: STATE: NAV_116_WP84 | ACTION: NAVIGATE -> WP84
[INFO] [1787159175.639574408] [fsm_executor]: EVENT: TASK_COMPLETED in NAV_116_WP84
[INFO] [1787159175.642584830] [fsm_executor]: TRANSITION: NAV_116_WP84 --[TASK_COMPLETED]--> NAV_117_WP83
[INFO] [1787159175.646564834] [fsm_executor]: STATE: NAV_117_WP83 | ACTION: NAVIGATE -> WP83
[INFO] [1787159175.741532098] [fsm_executor]: EVENT: TASK_COMPLETED in NAV_117_WP83
[INFO] [1787159175.745347828] [fsm_executor]: TRANSITION: NAV_117_WP83 --[TASK_COMPLETED]--> NAV_118_WP82
[INFO] [1787159175.748915372] [fsm_executor]: STATE: NAV_118_WP82 | ACTION: NAVIGATE -> WP82
[INFO] [1787159175.841537326] [fsm_executor]: EVENT: TASK_COMPLETED in NAV_118_WP82
[INFO] [1787159175.843726115] [fsm_executor]: TRANSITION: NAV_118_WP82 --[TASK_COMPLETED]--> NAV_119_WP81
[INFO] [1787159175.845684611] [fsm_executor]: STATE: NAV_119_WP81 | ACTION: NAVIGATE -> WP81
[INFO] [1787159175.943800286] [fsm_executor]: EVENT: TASK_COMPLETED in NAV_119_WP81
[INFO] [1787159175.946650830] [fsm_executor]: TRANSITION: NAV_119_WP81 --[TASK_COMPLETED]--> NAV_120_WP80
[INFO] [1787159175.948653069] [fsm_executor]: STATE: NAV_120_WP80 | ACTION: NAVIGATE -> WP80
[INFO] [1787159176.041717353] [fsm_executor]: EVENT: TASK_COMPLETED in NAV_120_WP80
[INFO] [1787159176.044929219] [fsm_executor]: TRANSITION: NAV_120_WP80 --[TASK_COMPLETED]--> NAV_121_WP79
[INFO] [1787159176.046888016] [fsm_executor]: STATE: NAV_121_WP79 | ACTION: NAVIGATE -> WP79
[INFO] [1787159176.141557622] [fsm_executor]: EVENT: TASK_COMPLETED in NAV_121_WP79
[INFO] [1787159176.148963112] [fsm_executor]: TRANSITION: NAV_121_WP79 --[TASK_COMPLETED]--> NAV_122_WP78
[INFO] [1787159176.151878954] [fsm_executor]: STATE: NAV_122_WP78 | ACTION: NAVIGATE -> WP78
[INFO] [1787159176.240603810] [fsm_executor]: EVENT: TASK_COMPLETED in NAV_122_WP78
[INFO] [1787159176.244108139] [fsm_executor]: TRANSITION: NAV_122_WP78 --[TASK_COMPLETED]--> NAV_123_WP77
[INFO] [1787159176.246063276] [fsm_executor]: STATE: NAV_123_WP77 | ACTION: NAVIGATE -> WP77
[INFO] [1787159176.341511557] [fsm_executor]: EVENT: TASK_COMPLETED in NAV_123_WP77
[INFO] [1787159176.344579290] [fsm_executor]: TRANSITION: NAV_123_WP77 --[TASK_COMPLETED]--> NAV_124_WP76
[INFO] [1787159176.348867846] [fsm_executor]: STATE: NAV_124_WP76 | ACTION: NAVIGATE -> WP76
[INFO] [1787159176.441468428] [fsm_executor]: EVENT: TASK_COMPLETED in NAV_124_WP76
[INFO] [1787159176.444982126] [fsm_executor]: TRANSITION: NAV_124_WP76 --[TASK_COMPLETED]--> NAV_125_WP75
[INFO] [1787159176.447686909] [fsm_executor]: STATE: NAV_125_WP75 | ACTION: NAVIGATE -> WP75
[INFO] [1787159176.541426706] [fsm_executor]: EVENT: TASK_COMPLETED in NAV_125_WP75
[INFO] [1787159176.547449457] [fsm_executor]: TRANSITION: NAV_125_WP75 --[TASK_COMPLETED]--> NAV_126_WP74
[INFO] [1787159176.550943371] [fsm_executor]: STATE: NAV_126_WP74 | ACTION: NAVIGATE -> WP74
[INFO] [1787159176.640647485] [fsm_executor]: EVENT: TASK_COMPLETED in NAV_126_WP74
[INFO] [1787159176.642505034] [fsm_executor]: TRANSITION: NAV_126_WP74 --[TASK_COMPLETED]--> NAV_127_WP73
[INFO] [1787159176.644392389] [fsm_executor]: STATE: NAV_127_WP73 | ACTION: NAVIGATE -> WP73
[INFO] [1787159176.741441605] [fsm_executor]: EVENT: TASK_COMPLETED in NAV_127_WP73
[INFO] [1787159176.744443545] [fsm_executor]: TRANSITION: NAV_127_WP73 --[TASK_COMPLETED]--> NAV_128_WP72
[INFO] [1787159176.748067590] [fsm_executor]: STATE: NAV_128_WP72 | ACTION: NAVIGATE -> WP72
[INFO] [1787159176.840624564] [fsm_executor]: EVENT: TASK_COMPLETED in NAV_128_WP72
[INFO] [1787159176.842418485] [fsm_executor]: TRANSITION: NAV_128_WP72 --[TASK_COMPLETED]--> NAV_129_WP71
[INFO] [1787159176.845269472] [fsm_executor]: STATE: NAV_129_WP71 | ACTION: NAVIGATE -> WP71
[INFO] [1787159176.942084058] [fsm_executor]: EVENT: TASK_COMPLETED in NAV_129_WP71
[INFO] [1787159176.946377865] [fsm_executor]: TRANSITION: NAV_129_WP71 --[TASK_COMPLETED]--> NAV_130_WP70
[INFO] [1787159176.949830288] [fsm_executor]: STATE: NAV_130_WP70 | ACTION: NAVIGATE -> WP70
[INFO] [1787159177.040813014] [fsm_executor]: EVENT: TASK_COMPLETED in NAV_130_WP70
[INFO] [1787159177.045373592] [fsm_executor]: TRANSITION: NAV_130_WP70 --[TASK_COMPLETED]--> NAV_131_WP69
[INFO] [1787159177.049412065] [fsm_executor]: STATE: NAV_131_WP69 | ACTION: NAVIGATE -> WP69
[INFO] [1787159177.141392833] [fsm_executor]: EVENT: TASK_COMPLETED in NAV_131_WP69
[INFO] [1787159177.144354758] [fsm_executor]: TRANSITION: NAV_131_WP69 --[TASK_COMPLETED]--> NAV_132_WP68
[INFO] [1787159177.148538353] [fsm_executor]: STATE: NAV_132_WP68 | ACTION: NAVIGATE -> WP68
[INFO] [1787159177.242228838] [fsm_executor]: EVENT: TASK_COMPLETED in NAV_132_WP68
[INFO] [1787159177.245555905] [fsm_executor]: TRANSITION: NAV_132_WP68 --[TASK_COMPLETED]--> NAV_133_WP67
[INFO] [1787159177.249816243] [fsm_executor]: STATE: NAV_133_WP67 | ACTION: NAVIGATE -> WP67
[INFO] [1787159177.337813437] [fsm_executor]: EVENT: TASK_COMPLETED in NAV_133_WP67
[INFO] [1787159177.338665447] [fsm_executor]: TRANSITION: NAV_133_WP67 --[TASK_COMPLETED]--> NAV_134_WP66
[INFO] [1787159177.339263968] [fsm_executor]: STATE: NAV_134_WP66 | ACTION: NAVIGATE -> WP66
[INFO] [1787159177.440981600] [fsm_executor]: EVENT: TASK_COMPLETED in NAV_134_WP66
[INFO] [1787159177.442749325] [fsm_executor]: TRANSITION: NAV_134_WP66 --[TASK_COMPLETED]--> NAV_135_WP65
[INFO] [1787159177.444686722] [fsm_executor]: STATE: NAV_135_WP65 | ACTION: NAVIGATE -> WP65
[INFO] [1787159177.541872142] [fsm_executor]: EVENT: TASK_COMPLETED in NAV_135_WP65
[INFO] [1787159177.544741234] [fsm_executor]: TRANSITION: NAV_135_WP65 --[TASK_COMPLETED]--> NAV_136_WP64
[INFO] [1787159177.547987874] [fsm_executor]: STATE: NAV_136_WP64 | ACTION: NAVIGATE -> WP64
[INFO] [1787159177.641809116] [fsm_executor]: EVENT: TASK_COMPLETED in NAV_136_WP64
[INFO] [1787159177.644713747] [fsm_executor]: TRANSITION: NAV_136_WP64 --[TASK_COMPLETED]--> NAV_137_WP63
[INFO] [1787159177.647933750] [fsm_executor]: STATE: NAV_137_WP63 | ACTION: NAVIGATE -> WP63
[INFO] [1787159177.741895503] [fsm_executor]: EVENT: TASK_COMPLETED in NAV_137_WP63
[INFO] [1787159177.745162763] [fsm_executor]: TRANSITION: NAV_137_WP63 --[TASK_COMPLETED]--> NAV_138_WP62
[INFO] [1787159177.748201438] [fsm_executor]: STATE: NAV_138_WP62 | ACTION: NAVIGATE -> WP62
[INFO] [1787159177.841202864] [fsm_executor]: EVENT: TASK_COMPLETED in NAV_138_WP62
[INFO] [1787159177.843683026] [fsm_executor]: TRANSITION: NAV_138_WP62 --[TASK_COMPLETED]--> NAV_139_WP61
[INFO] [1787159177.845599713] [fsm_executor]: STATE: NAV_139_WP61 | ACTION: NAVIGATE -> WP61
[INFO] [1787159177.942771174] [fsm_executor]: EVENT: TASK_COMPLETED in NAV_139_WP61
[INFO] [1787159177.945624610] [fsm_executor]: TRANSITION: NAV_139_WP61 --[TASK_COMPLETED]--> NAV_140_WP60
[INFO] [1787159177.948848525] [fsm_executor]: STATE: NAV_140_WP60 | ACTION: NAVIGATE -> WP60
[INFO] [1787159178.041540715] [fsm_executor]: EVENT: TASK_COMPLETED in NAV_140_WP60
[INFO] [1787159178.043471431] [fsm_executor]: TRANSITION: NAV_140_WP60 --[TASK_COMPLETED]--> NAV_141_WP59
[INFO] [1787159178.045711139] [fsm_executor]: STATE: NAV_141_WP59 | ACTION: NAVIGATE -> WP59
[INFO] [1787159178.140937486] [fsm_executor]: EVENT: TASK_COMPLETED in NAV_141_WP59
[INFO] [1787159178.143867836] [fsm_executor]: TRANSITION: NAV_141_WP59 --[TASK_COMPLETED]--> NAV_142_WP58
[INFO] [1787159178.147140909] [fsm_executor]: STATE: NAV_142_WP58 | ACTION: NAVIGATE -> WP58
[INFO] [1787159178.241679960] [fsm_executor]: EVENT: TASK_COMPLETED in NAV_142_WP58
[INFO] [1787159178.245119740] [fsm_executor]: TRANSITION: NAV_142_WP58 --[TASK_COMPLETED]--> NAV_143_WP57
[INFO] [1787159178.248418732] [fsm_executor]: STATE: NAV_143_WP57 | ACTION: NAVIGATE -> WP57
[INFO] [1787159178.340599858] [fsm_executor]: EVENT: TASK_COMPLETED in NAV_143_WP57
[INFO] [1787159178.343252360] [fsm_executor]: TRANSITION: NAV_143_WP57 --[TASK_COMPLETED]--> NAV_144_WP56
[INFO] [1787159178.345343531] [fsm_executor]: STATE: NAV_144_WP56 | ACTION: NAVIGATE -> WP56
[INFO] [1787159178.440655627] [fsm_executor]: EVENT: TASK_COMPLETED in NAV_144_WP56
[INFO] [1787159178.444128342] [fsm_executor]: TRANSITION: NAV_144_WP56 --[TASK_COMPLETED]--> NAV_145_WP55
[INFO] [1787159178.448283510] [fsm_executor]: STATE: NAV_145_WP55 | ACTION: NAVIGATE -> WP55
[INFO] [1787159178.541247218] [fsm_executor]: EVENT: TASK_COMPLETED in NAV_145_WP55
[INFO] [1787159178.544167849] [fsm_executor]: TRANSITION: NAV_145_WP55 --[TASK_COMPLETED]--> NAV_146_WP54
[INFO] [1787159178.548081637] [fsm_executor]: STATE: NAV_146_WP54 | ACTION: NAVIGATE -> WP54
[INFO] [1787159178.641043013] [fsm_executor]: EVENT: TASK_COMPLETED in NAV_146_WP54
[INFO] [1787159178.644041575] [fsm_executor]: TRANSITION: NAV_146_WP54 --[TASK_COMPLETED]--> NAV_147_WP53
[INFO] [1787159178.647382014] [fsm_executor]: STATE: NAV_147_WP53 | ACTION: NAVIGATE -> WP53
[INFO] [1787159178.738202377] [fsm_executor]: EVENT: TASK_COMPLETED in NAV_147_WP53
[INFO] [1787159178.739832335] [fsm_executor]: TRANSITION: NAV_147_WP53 --[TASK_COMPLETED]--> NAV_148_WP52
[INFO] [1787159178.741397586] [fsm_executor]: STATE: NAV_148_WP52 | ACTION: NAVIGATE -> WP52
[INFO] [1787159178.840578346] [fsm_executor]: EVENT: TASK_COMPLETED in NAV_148_WP52
[INFO] [1787159178.843718179] [fsm_executor]: TRANSITION: NAV_148_WP52 --[TASK_COMPLETED]--> NAV_149_WP51
[INFO] [1787159178.847106059] [fsm_executor]: STATE: NAV_149_WP51 | ACTION: NAVIGATE -> WP51
[INFO] [1787159178.941912211] [fsm_executor]: EVENT: TASK_COMPLETED in NAV_149_WP51
[INFO] [1787159178.945642273] [fsm_executor]: TRANSITION: NAV_149_WP51 --[TASK_COMPLETED]--> NAV_150_WP50
[INFO] [1787159178.947576572] [fsm_executor]: STATE: NAV_150_WP50 | ACTION: NAVIGATE -> WP50
[WARN] [1787159178.953049500] [fsm_executor]: RUNTIME EVENT RECEIVED: PROPULSION_FAILURE
[INFO] [1787159178.955531633] [fsm_executor]: TRANSITION: NAV_150_WP50 --[PROPULSION_FAILURE]--> LAND
[INFO] [1787159178.957962002] [fsm_executor]: STATE: LAND | ACTION: LAND
[INFO] [1787159179.040650000] [fsm_executor]: EVENT: LAND_COMPLETED in LAND
[INFO] [1787159179.043800907] [fsm_executor]: TRANSITION: LAND --[LAND_COMPLETED]--> SAFE_TERMINATED
[INFO] [1787159179.047277571] [fsm_executor]: STATE: SAFE_TERMINATED
[WARN] [1787159179.049785704] [fsm_executor]: FSM mission terminated safely.
[WARN] [1787159179.051805747] [fsm_executor]: Reason: PROPULSION_FAILURE
