[INFO] [1788009063.972774507] [htn_executor]: Loading mission: /home/bishal/ros2_ws/install/mission_formalism_evaluation/share/mission_formalism_evaluation/missions/mission_3.yaml
[INFO] [1788009064.135386411] [htn_executor]: ================================
[INFO] [1788009064.136374914] [htn_executor]: HTN Mission Executor
[INFO] [1788009064.137456255] [htn_executor]: Mode: FINAL_SCENARIO_CAPABLE
[INFO] [1788009064.138118826] [htn_executor]: Model: Totally Ordered State-Based HTN
[INFO] [1788009064.138716018] [htn_executor]: Mission ID: M3
[INFO] [1788009064.139883282] [htn_executor]: Mission Name: Zigzag Navigation
[INFO] [1788009064.141063189] [htn_executor]: Mission Items: 102
[INFO] [1788009064.141838893] [htn_executor]: HTN Primitive Operators: 12
[INFO] [1788009064.142542863] [htn_executor]: HTN Compound Tasks: 4
[INFO] [1788009064.143404999] [htn_executor]: HTN Methods: 16
[INFO] [1788009064.144429827] [htn_executor]: Mission Method Applications: 104
[INFO] [1788009064.145209562] [htn_executor]: Generated Primitive Plan: 102
[INFO] [1788009064.145927666] [htn_executor]: ================================
[INFO] [1788009064.166856362] [htn_executor]: HTN PRIMITIVE RUNNING: takeoff
[INFO] [1788009064.367324510] [htn_executor]: HTN PRIMITIVE SUCCESS: takeoff
[INFO] [1788009064.386704778] [htn_executor]: HTN PRIMITIVE RUNNING: navigate [WP1]
[INFO] [1788009064.589529178] [htn_executor]: HTN PRIMITIVE SUCCESS: navigate [WP1]
[INFO] [1788009064.608288548] [htn_executor]: HTN PRIMITIVE RUNNING: navigate [WP2]
[INFO] [1788009064.809471532] [htn_executor]: HTN PRIMITIVE SUCCESS: navigate [WP2]
[INFO] [1788009064.828394998] [htn_executor]: HTN PRIMITIVE RUNNING: navigate [WP3]
[INFO] [1788009065.030447200] [htn_executor]: HTN PRIMITIVE SUCCESS: navigate [WP3]
[INFO] [1788009065.048342517] [htn_executor]: HTN PRIMITIVE RUNNING: navigate [WP4]
[INFO] [1788009065.249886602] [htn_executor]: HTN PRIMITIVE SUCCESS: navigate [WP4]
[INFO] [1788009065.268895387] [htn_executor]: HTN PRIMITIVE RUNNING: navigate [WP5]
[INFO] [1788009065.470442108] [htn_executor]: HTN PRIMITIVE SUCCESS: navigate [WP5]
[INFO] [1788009065.488779345] [htn_executor]: HTN PRIMITIVE RUNNING: navigate [WP6]
[INFO] [1788009065.689843306] [htn_executor]: HTN PRIMITIVE SUCCESS: navigate [WP6]
[INFO] [1788009065.710152633] [htn_executor]: HTN PRIMITIVE RUNNING: navigate [WP7]
[INFO] [1788009065.910897194] [htn_executor]: HTN PRIMITIVE SUCCESS: navigate [WP7]
[INFO] [1788009065.930970678] [htn_executor]: HTN PRIMITIVE RUNNING: navigate [WP8]
[INFO] [1788009066.130442092] [htn_executor]: HTN PRIMITIVE SUCCESS: navigate [WP8]
[INFO] [1788009066.147662240] [htn_executor]: HTN PRIMITIVE RUNNING: navigate [WP9]
[INFO] [1788009066.348221925] [htn_executor]: HTN PRIMITIVE SUCCESS: navigate [WP9]
[INFO] [1788009066.368551666] [htn_executor]: HTN PRIMITIVE RUNNING: navigate [WP10]
[INFO] [1788009066.570206246] [htn_executor]: HTN PRIMITIVE SUCCESS: navigate [WP10]
[INFO] [1788009066.589695078] [htn_executor]: HTN PRIMITIVE RUNNING: navigate [WP11]
[INFO] [1788009066.788124843] [htn_executor]: HTN PRIMITIVE SUCCESS: navigate [WP11]
[INFO] [1788009066.806845398] [htn_executor]: HTN PRIMITIVE RUNNING: navigate [WP12]
[INFO] [1788009067.008934548] [htn_executor]: HTN PRIMITIVE SUCCESS: navigate [WP12]
[INFO] [1788009067.027596683] [htn_executor]: HTN PRIMITIVE RUNNING: navigate [WP13]
[INFO] [1788009067.229374635] [htn_executor]: HTN PRIMITIVE SUCCESS: navigate [WP13]
[INFO] [1788009067.249380463] [htn_executor]: HTN PRIMITIVE RUNNING: navigate [WP14]
[INFO] [1788009067.447594422] [htn_executor]: HTN PRIMITIVE SUCCESS: navigate [WP14]
[INFO] [1788009067.466928734] [htn_executor]: HTN PRIMITIVE RUNNING: navigate [WP15]
[INFO] [1788009067.668638080] [htn_executor]: HTN PRIMITIVE SUCCESS: navigate [WP15]
[INFO] [1788009067.686994965] [htn_executor]: HTN PRIMITIVE RUNNING: navigate [WP16]
[INFO] [1788009067.887689702] [htn_executor]: HTN PRIMITIVE SUCCESS: navigate [WP16]
[INFO] [1788009067.906872086] [htn_executor]: HTN PRIMITIVE RUNNING: navigate [WP17]
[INFO] [1788009068.109059904] [htn_executor]: HTN PRIMITIVE SUCCESS: navigate [WP17]
[INFO] [1788009068.127588743] [htn_executor]: HTN PRIMITIVE RUNNING: navigate [WP18]
[INFO] [1788009068.327629009] [htn_executor]: HTN PRIMITIVE SUCCESS: navigate [WP18]
[INFO] [1788009068.347407447] [htn_executor]: HTN PRIMITIVE RUNNING: navigate [WP19]
[INFO] [1788009068.547482921] [htn_executor]: HTN PRIMITIVE SUCCESS: navigate [WP19]
[INFO] [1788009068.567783528] [htn_executor]: HTN PRIMITIVE RUNNING: navigate [WP20]
[INFO] [1788009068.767127802] [htn_executor]: HTN PRIMITIVE SUCCESS: navigate [WP20]
[INFO] [1788009068.787047146] [htn_executor]: HTN PRIMITIVE RUNNING: navigate [WP21]
[INFO] [1788009068.993528198] [htn_executor]: HTN PRIMITIVE SUCCESS: navigate [WP21]
[INFO] [1788009069.012789689] [htn_executor]: HTN PRIMITIVE RUNNING: navigate [WP22]
[INFO] [1788009069.207335021] [htn_executor]: HTN PRIMITIVE SUCCESS: navigate [WP22]
[INFO] [1788009069.226922454] [htn_executor]: HTN PRIMITIVE RUNNING: navigate [WP23]
[INFO] [1788009069.427467709] [htn_executor]: HTN PRIMITIVE SUCCESS: navigate [WP23]
[INFO] [1788009069.448588584] [htn_executor]: HTN PRIMITIVE RUNNING: navigate [WP24]
[INFO] [1788009069.648522055] [htn_executor]: HTN PRIMITIVE SUCCESS: navigate [WP24]
[INFO] [1788009069.667556818] [htn_executor]: HTN PRIMITIVE RUNNING: navigate [WP25]
[INFO] [1788009069.867995911] [htn_executor]: HTN PRIMITIVE SUCCESS: navigate [WP25]
[INFO] [1788009069.887526101] [htn_executor]: HTN PRIMITIVE RUNNING: navigate [WP26]
[INFO] [1788009070.088234055] [htn_executor]: HTN PRIMITIVE SUCCESS: navigate [WP26]
[INFO] [1788009070.107026727] [htn_executor]: HTN PRIMITIVE RUNNING: navigate [WP27]
[INFO] [1788009070.309189331] [htn_executor]: HTN PRIMITIVE SUCCESS: navigate [WP27]
[INFO] [1788009070.328355072] [htn_executor]: HTN PRIMITIVE RUNNING: navigate [WP28]
[INFO] [1788009070.531472685] [htn_executor]: HTN PRIMITIVE SUCCESS: navigate [WP28]
[INFO] [1788009070.556317568] [htn_executor]: HTN PRIMITIVE RUNNING: navigate [WP29]
[INFO] [1788009070.747626714] [htn_executor]: HTN PRIMITIVE SUCCESS: navigate [WP29]
[INFO] [1788009070.767449328] [htn_executor]: HTN PRIMITIVE RUNNING: navigate [WP30]
[INFO] [1788009070.971721994] [htn_executor]: HTN PRIMITIVE SUCCESS: navigate [WP30]
[INFO] [1788009070.990956935] [htn_executor]: HTN PRIMITIVE RUNNING: navigate [WP31]
[INFO] [1788009071.190596733] [htn_executor]: HTN PRIMITIVE SUCCESS: navigate [WP31]
[INFO] [1788009071.210067863] [htn_executor]: HTN PRIMITIVE RUNNING: navigate [WP32]
[INFO] [1788009071.409642560] [htn_executor]: HTN PRIMITIVE SUCCESS: navigate [WP32]
[INFO] [1788009071.428705837] [htn_executor]: HTN PRIMITIVE RUNNING: navigate [WP33]
[INFO] [1788009071.630589027] [htn_executor]: HTN PRIMITIVE SUCCESS: navigate [WP33]
[INFO] [1788009071.648713903] [htn_executor]: HTN PRIMITIVE RUNNING: navigate [WP34]
[INFO] [1788009071.850424339] [htn_executor]: HTN PRIMITIVE SUCCESS: navigate [WP34]
[INFO] [1788009071.868686678] [htn_executor]: HTN PRIMITIVE RUNNING: navigate [WP35]
[INFO] [1788009072.070851238] [htn_executor]: HTN PRIMITIVE SUCCESS: navigate [WP35]
[INFO] [1788009072.090645349] [htn_executor]: HTN PRIMITIVE RUNNING: navigate [WP36]
[INFO] [1788009072.290407239] [htn_executor]: HTN PRIMITIVE SUCCESS: navigate [WP36]
[INFO] [1788009072.310519039] [htn_executor]: HTN PRIMITIVE RUNNING: navigate [WP37]
[INFO] [1788009072.507593423] [htn_executor]: HTN PRIMITIVE SUCCESS: navigate [WP37]
[INFO] [1788009072.526870090] [htn_executor]: HTN PRIMITIVE RUNNING: navigate [WP38]
[INFO] [1788009072.729772295] [htn_executor]: HTN PRIMITIVE SUCCESS: navigate [WP38]
[INFO] [1788009072.750210759] [htn_executor]: HTN PRIMITIVE RUNNING: navigate [WP39]
[INFO] [1788009072.950936177] [htn_executor]: HTN PRIMITIVE SUCCESS: navigate [WP39]
[INFO] [1788009072.970433069] [htn_executor]: HTN PRIMITIVE RUNNING: navigate [WP40]
[INFO] [1788009073.167538362] [htn_executor]: HTN PRIMITIVE SUCCESS: navigate [WP40]
[INFO] [1788009073.188610305] [htn_executor]: HTN PRIMITIVE RUNNING: navigate [WP41]
[INFO] [1788009073.387052273] [htn_executor]: HTN PRIMITIVE SUCCESS: navigate [WP41]
[INFO] [1788009073.407171471] [htn_executor]: HTN PRIMITIVE RUNNING: navigate [WP42]
[INFO] [1788009073.608949622] [htn_executor]: HTN PRIMITIVE SUCCESS: navigate [WP42]
[INFO] [1788009073.628315918] [htn_executor]: HTN PRIMITIVE RUNNING: navigate [WP43]
[INFO] [1788009073.830634142] [htn_executor]: HTN PRIMITIVE SUCCESS: navigate [WP43]
[INFO] [1788009073.849453887] [htn_executor]: HTN PRIMITIVE RUNNING: navigate [WP44]
[INFO] [1788009074.047369175] [htn_executor]: HTN PRIMITIVE SUCCESS: navigate [WP44]
[INFO] [1788009074.066750842] [htn_executor]: HTN PRIMITIVE RUNNING: navigate [WP45]
[INFO] [1788009074.267451699] [htn_executor]: HTN PRIMITIVE SUCCESS: navigate [WP45]
[INFO] [1788009074.286792948] [htn_executor]: HTN PRIMITIVE RUNNING: navigate [WP46]
[INFO] [1788009074.487336873] [htn_executor]: HTN PRIMITIVE SUCCESS: navigate [WP46]
[INFO] [1788009074.506827029] [htn_executor]: HTN PRIMITIVE RUNNING: navigate [WP47]
[INFO] [1788009074.708032733] [htn_executor]: HTN PRIMITIVE SUCCESS: navigate [WP47]
[INFO] [1788009074.726705893] [htn_executor]: HTN PRIMITIVE RUNNING: navigate [WP48]
[INFO] [1788009074.930258242] [htn_executor]: HTN PRIMITIVE SUCCESS: navigate [WP48]
[INFO] [1788009074.949857458] [htn_executor]: HTN PRIMITIVE RUNNING: navigate [WP49]
[INFO] [1788009075.149249435] [htn_executor]: HTN PRIMITIVE SUCCESS: navigate [WP49]
[INFO] [1788009075.168389691] [htn_executor]: HTN PRIMITIVE RUNNING: navigate [WP50]
[WARN] [1788009075.175848104] [htn_executor]: RUNTIME EVENT RECEIVED: ABORT_REQUESTED
[WARN] [1788009075.178770789] [htn_executor]: HTN PAUSED: navigate [WP50]
[WARN] [1788009075.183323038] [htn_executor]: HTN REPLANNING
[WARN] [1788009075.186797005] [htn_executor]: Selected method: m_abort_requested
[WARN] [1788009075.190334418] [htn_executor]: Recovery plan: abort_mission -> return_to_home -> safe_terminate
[INFO] [1788009075.193867253] [htn_executor]: HTN RECOVERY RUNNING: abort_mission
[INFO] [1788009075.391307992] [htn_executor]: HTN PRIMITIVE SUCCESS: abort_mission
[INFO] [1788009075.408296677] [htn_executor]: HTN RECOVERY RUNNING: return_to_home
[INFO] [1788009075.610226137] [htn_executor]: HTN PRIMITIVE SUCCESS: return_to_home
[INFO] [1788009075.628917076] [htn_executor]: HTN RECOVERY RUNNING: safe_terminate
[INFO] [1788009075.828945945] [htn_executor]: HTN PRIMITIVE SUCCESS: safe_terminate
[WARN] [1788009075.830998463] [htn_executor]: ================================
[WARN] [1788009075.832725864] [htn_executor]: MISSION SAFE TERMINATED
[WARN] [1788009075.834496308] [htn_executor]: Reason: ABORT_REQUESTED
[WARN] [1788009075.836315553] [htn_executor]: ================================
