[INFO] [1786999011.508487704] [fsm_executor]: Loading mission: /home/bishal/ros2_ws/install/mission_formalism_evaluation/share/mission_formalism_evaluation/missions/mission_3.yaml
[INFO] [1786999011.529345620] [fsm_executor]: Mission ID: M3
[INFO] [1786999011.530192578] [fsm_executor]: Mission Name: Zigzag Navigation
[INFO] [1786999011.531074102] [fsm_executor]: Mission Items: 102
[INFO] [1786999011.531697044] [fsm_executor]: FSM States: 111
[INFO] [1786999011.532394127] [fsm_executor]: FSM Transitions: 709
[INFO] [1786999011.533478568] [fsm_executor]: TRANSITION: IDLE --[START]--> TAKEOFF_0
[INFO] [1786999011.534306837] [fsm_executor]: STATE: TAKEOFF_0 | ACTION: TAKEOFF
[INFO] [1786999012.534511183] [fsm_executor]: EVENT: TASK_COMPLETED in TAKEOFF_0
[INFO] [1786999012.535524132] [fsm_executor]: TRANSITION: TAKEOFF_0 --[TASK_COMPLETED]--> NAV_1_WP1
[INFO] [1786999012.537297989] [fsm_executor]: STATE: NAV_1_WP1 | ACTION: NAVIGATE -> WP1
[INFO] [1786999013.534143557] [fsm_executor]: EVENT: TASK_COMPLETED in NAV_1_WP1
[INFO] [1786999013.534874821] [fsm_executor]: TRANSITION: NAV_1_WP1 --[TASK_COMPLETED]--> NAV_2_WP2
[INFO] [1786999013.535654399] [fsm_executor]: STATE: NAV_2_WP2 | ACTION: NAVIGATE -> WP2
[INFO] [1786999014.534050098] [fsm_executor]: EVENT: TASK_COMPLETED in NAV_2_WP2
[INFO] [1786999014.536413197] [fsm_executor]: TRANSITION: NAV_2_WP2 --[TASK_COMPLETED]--> NAV_3_WP3
[INFO] [1786999014.537710654] [fsm_executor]: STATE: NAV_3_WP3 | ACTION: NAVIGATE -> WP3
[INFO] [1786999015.534073183] [fsm_executor]: EVENT: TASK_COMPLETED in NAV_3_WP3
[INFO] [1786999015.534955211] [fsm_executor]: TRANSITION: NAV_3_WP3 --[TASK_COMPLETED]--> NAV_4_WP4
[INFO] [1786999015.535563565] [fsm_executor]: STATE: NAV_4_WP4 | ACTION: NAVIGATE -> WP4
[INFO] [1786999016.534152461] [fsm_executor]: EVENT: TASK_COMPLETED in NAV_4_WP4
[INFO] [1786999016.534951597] [fsm_executor]: TRANSITION: NAV_4_WP4 --[TASK_COMPLETED]--> NAV_5_WP5
[INFO] [1786999016.535934594] [fsm_executor]: STATE: NAV_5_WP5 | ACTION: NAVIGATE -> WP5
[INFO] [1786999017.536739022] [fsm_executor]: EVENT: TASK_COMPLETED in NAV_5_WP5
[INFO] [1786999017.538199846] [fsm_executor]: TRANSITION: NAV_5_WP5 --[TASK_COMPLETED]--> NAV_6_WP6
[INFO] [1786999017.539737474] [fsm_executor]: STATE: NAV_6_WP6 | ACTION: NAVIGATE -> WP6
[INFO] [1786999018.534266683] [fsm_executor]: EVENT: TASK_COMPLETED in NAV_6_WP6
[INFO] [1786999018.535212165] [fsm_executor]: TRANSITION: NAV_6_WP6 --[TASK_COMPLETED]--> NAV_7_WP7
[INFO] [1786999018.536190908] [fsm_executor]: STATE: NAV_7_WP7 | ACTION: NAVIGATE -> WP7
[INFO] [1786999019.537189696] [fsm_executor]: EVENT: TASK_COMPLETED in NAV_7_WP7
[INFO] [1786999019.539684841] [fsm_executor]: TRANSITION: NAV_7_WP7 --[TASK_COMPLETED]--> NAV_8_WP8
[INFO] [1786999019.542483386] [fsm_executor]: STATE: NAV_8_WP8 | ACTION: NAVIGATE -> WP8
[INFO] [1786999020.536244917] [fsm_executor]: EVENT: TASK_COMPLETED in NAV_8_WP8
[INFO] [1786999020.537633992] [fsm_executor]: TRANSITION: NAV_8_WP8 --[TASK_COMPLETED]--> NAV_9_WP9
[INFO] [1786999020.538965316] [fsm_executor]: STATE: NAV_9_WP9 | ACTION: NAVIGATE -> WP9
[INFO] [1786999021.534361674] [fsm_executor]: EVENT: TASK_COMPLETED in NAV_9_WP9
[INFO] [1786999021.536167171] [fsm_executor]: TRANSITION: NAV_9_WP9 --[TASK_COMPLETED]--> NAV_10_WP10
[INFO] [1786999021.536928698] [fsm_executor]: STATE: NAV_10_WP10 | ACTION: NAVIGATE -> WP10
[INFO] [1786999022.537956008] [fsm_executor]: EVENT: TASK_COMPLETED in NAV_10_WP10
[INFO] [1786999022.541817725] [fsm_executor]: TRANSITION: NAV_10_WP10 --[TASK_COMPLETED]--> NAV_11_WP11
[INFO] [1786999022.544076106] [fsm_executor]: STATE: NAV_11_WP11 | ACTION: NAVIGATE -> WP11
[INFO] [1786999023.533942858] [fsm_executor]: EVENT: TASK_COMPLETED in NAV_11_WP11
[INFO] [1786999023.534447645] [fsm_executor]: TRANSITION: NAV_11_WP11 --[TASK_COMPLETED]--> NAV_12_WP12
[INFO] [1786999023.535218622] [fsm_executor]: STATE: NAV_12_WP12 | ACTION: NAVIGATE -> WP12
[INFO] [1786999024.534215368] [fsm_executor]: EVENT: TASK_COMPLETED in NAV_12_WP12
[INFO] [1786999024.534677098] [fsm_executor]: TRANSITION: NAV_12_WP12 --[TASK_COMPLETED]--> NAV_13_WP13
[INFO] [1786999024.535161046] [fsm_executor]: STATE: NAV_13_WP13 | ACTION: NAVIGATE -> WP13
[INFO] [1786999025.536221019] [fsm_executor]: EVENT: TASK_COMPLETED in NAV_13_WP13
[INFO] [1786999025.537615980] [fsm_executor]: TRANSITION: NAV_13_WP13 --[TASK_COMPLETED]--> NAV_14_WP14
[INFO] [1786999025.539328617] [fsm_executor]: STATE: NAV_14_WP14 | ACTION: NAVIGATE -> WP14
[INFO] [1786999026.537050444] [fsm_executor]: EVENT: TASK_COMPLETED in NAV_14_WP14
[INFO] [1786999026.538750108] [fsm_executor]: TRANSITION: NAV_14_WP14 --[TASK_COMPLETED]--> NAV_15_WP15
[INFO] [1786999026.540722131] [fsm_executor]: STATE: NAV_15_WP15 | ACTION: NAVIGATE -> WP15
[INFO] [1786999027.535865200] [fsm_executor]: EVENT: TASK_COMPLETED in NAV_15_WP15
[INFO] [1786999027.537238306] [fsm_executor]: TRANSITION: NAV_15_WP15 --[TASK_COMPLETED]--> NAV_16_WP16
[INFO] [1786999027.538904956] [fsm_executor]: STATE: NAV_16_WP16 | ACTION: NAVIGATE -> WP16
[INFO] [1786999028.535531567] [fsm_executor]: EVENT: TASK_COMPLETED in NAV_16_WP16
[INFO] [1786999028.537521803] [fsm_executor]: TRANSITION: NAV_16_WP16 --[TASK_COMPLETED]--> NAV_17_WP17
[INFO] [1786999028.539927192] [fsm_executor]: STATE: NAV_17_WP17 | ACTION: NAVIGATE -> WP17
[INFO] [1786999029.534829621] [fsm_executor]: EVENT: TASK_COMPLETED in NAV_17_WP17
[INFO] [1786999029.535960533] [fsm_executor]: TRANSITION: NAV_17_WP17 --[TASK_COMPLETED]--> NAV_18_WP18
[INFO] [1786999029.537196762] [fsm_executor]: STATE: NAV_18_WP18 | ACTION: NAVIGATE -> WP18
[INFO] [1786999030.537169623] [fsm_executor]: EVENT: TASK_COMPLETED in NAV_18_WP18
[INFO] [1786999030.539289870] [fsm_executor]: TRANSITION: NAV_18_WP18 --[TASK_COMPLETED]--> NAV_19_WP19
[INFO] [1786999030.540519749] [fsm_executor]: STATE: NAV_19_WP19 | ACTION: NAVIGATE -> WP19
[INFO] [1786999031.537443917] [fsm_executor]: EVENT: TASK_COMPLETED in NAV_19_WP19
[INFO] [1786999031.539804360] [fsm_executor]: TRANSITION: NAV_19_WP19 --[TASK_COMPLETED]--> NAV_20_WP20
[INFO] [1786999031.541700554] [fsm_executor]: STATE: NAV_20_WP20 | ACTION: NAVIGATE -> WP20
[INFO] [1786999032.536558658] [fsm_executor]: EVENT: TASK_COMPLETED in NAV_20_WP20
[INFO] [1786999032.539962843] [fsm_executor]: TRANSITION: NAV_20_WP20 --[TASK_COMPLETED]--> NAV_21_WP21
[INFO] [1786999032.542230517] [fsm_executor]: STATE: NAV_21_WP21 | ACTION: NAVIGATE -> WP21
[INFO] [1786999033.535834992] [fsm_executor]: EVENT: TASK_COMPLETED in NAV_21_WP21
[INFO] [1786999033.538567506] [fsm_executor]: TRANSITION: NAV_21_WP21 --[TASK_COMPLETED]--> NAV_22_WP22
[INFO] [1786999033.540703894] [fsm_executor]: STATE: NAV_22_WP22 | ACTION: NAVIGATE -> WP22
[INFO] [1786999034.534479517] [fsm_executor]: EVENT: TASK_COMPLETED in NAV_22_WP22
[INFO] [1786999034.535442111] [fsm_executor]: TRANSITION: NAV_22_WP22 --[TASK_COMPLETED]--> NAV_23_WP23
[INFO] [1786999034.536567713] [fsm_executor]: STATE: NAV_23_WP23 | ACTION: NAVIGATE -> WP23
[INFO] [1786999035.535502646] [fsm_executor]: EVENT: TASK_COMPLETED in NAV_23_WP23
[INFO] [1786999035.537322649] [fsm_executor]: TRANSITION: NAV_23_WP23 --[TASK_COMPLETED]--> NAV_24_WP24
[INFO] [1786999035.539501082] [fsm_executor]: STATE: NAV_24_WP24 | ACTION: NAVIGATE -> WP24
[INFO] [1786999036.534620030] [fsm_executor]: EVENT: TASK_COMPLETED in NAV_24_WP24
[INFO] [1786999036.535782460] [fsm_executor]: TRANSITION: NAV_24_WP24 --[TASK_COMPLETED]--> NAV_25_WP25
[INFO] [1786999036.537036640] [fsm_executor]: STATE: NAV_25_WP25 | ACTION: NAVIGATE -> WP25
[INFO] [1786999037.539086142] [fsm_executor]: EVENT: TASK_COMPLETED in NAV_25_WP25
[INFO] [1786999037.541785230] [fsm_executor]: TRANSITION: NAV_25_WP25 --[TASK_COMPLETED]--> NAV_26_WP26
[INFO] [1786999037.543146526] [fsm_executor]: STATE: NAV_26_WP26 | ACTION: NAVIGATE -> WP26
[INFO] [1786999038.536968056] [fsm_executor]: EVENT: TASK_COMPLETED in NAV_26_WP26
[INFO] [1786999038.538900168] [fsm_executor]: TRANSITION: NAV_26_WP26 --[TASK_COMPLETED]--> NAV_27_WP27
[INFO] [1786999038.540943408] [fsm_executor]: STATE: NAV_27_WP27 | ACTION: NAVIGATE -> WP27
[INFO] [1786999039.537123565] [fsm_executor]: EVENT: TASK_COMPLETED in NAV_27_WP27
[INFO] [1786999039.538959828] [fsm_executor]: TRANSITION: NAV_27_WP27 --[TASK_COMPLETED]--> NAV_28_WP28
[INFO] [1786999039.540971632] [fsm_executor]: STATE: NAV_28_WP28 | ACTION: NAVIGATE -> WP28
[INFO] [1786999040.535306768] [fsm_executor]: EVENT: TASK_COMPLETED in NAV_28_WP28
[INFO] [1786999040.536380034] [fsm_executor]: TRANSITION: NAV_28_WP28 --[TASK_COMPLETED]--> NAV_29_WP29
[INFO] [1786999040.537629394] [fsm_executor]: STATE: NAV_29_WP29 | ACTION: NAVIGATE -> WP29
[INFO] [1786999041.535622466] [fsm_executor]: EVENT: TASK_COMPLETED in NAV_29_WP29
[INFO] [1786999041.536774051] [fsm_executor]: TRANSITION: NAV_29_WP29 --[TASK_COMPLETED]--> NAV_30_WP30
[INFO] [1786999041.538237361] [fsm_executor]: STATE: NAV_30_WP30 | ACTION: NAVIGATE -> WP30
[INFO] [1786999042.534415668] [fsm_executor]: EVENT: TASK_COMPLETED in NAV_30_WP30
[INFO] [1786999042.535000939] [fsm_executor]: TRANSITION: NAV_30_WP30 --[TASK_COMPLETED]--> NAV_31_WP31
[INFO] [1786999042.535674728] [fsm_executor]: STATE: NAV_31_WP31 | ACTION: NAVIGATE -> WP31
[INFO] [1786999043.536473809] [fsm_executor]: EVENT: TASK_COMPLETED in NAV_31_WP31
[INFO] [1786999043.538056600] [fsm_executor]: TRANSITION: NAV_31_WP31 --[TASK_COMPLETED]--> NAV_32_WP32
[INFO] [1786999043.540207793] [fsm_executor]: STATE: NAV_32_WP32 | ACTION: NAVIGATE -> WP32
[INFO] [1786999044.537601556] [fsm_executor]: EVENT: TASK_COMPLETED in NAV_32_WP32
[INFO] [1786999044.539118236] [fsm_executor]: TRANSITION: NAV_32_WP32 --[TASK_COMPLETED]--> NAV_33_WP33
[INFO] [1786999044.540690919] [fsm_executor]: STATE: NAV_33_WP33 | ACTION: NAVIGATE -> WP33
[INFO] [1786999045.537159443] [fsm_executor]: EVENT: TASK_COMPLETED in NAV_33_WP33
[INFO] [1786999045.540381866] [fsm_executor]: TRANSITION: NAV_33_WP33 --[TASK_COMPLETED]--> NAV_34_WP34
[INFO] [1786999045.543950896] [fsm_executor]: STATE: NAV_34_WP34 | ACTION: NAVIGATE -> WP34
[INFO] [1786999046.537163341] [fsm_executor]: EVENT: TASK_COMPLETED in NAV_34_WP34
[INFO] [1786999046.540187874] [fsm_executor]: TRANSITION: NAV_34_WP34 --[TASK_COMPLETED]--> NAV_35_WP35
[INFO] [1786999046.543872510] [fsm_executor]: STATE: NAV_35_WP35 | ACTION: NAVIGATE -> WP35
[INFO] [1786999047.536281110] [fsm_executor]: EVENT: TASK_COMPLETED in NAV_35_WP35
[INFO] [1786999047.538711789] [fsm_executor]: TRANSITION: NAV_35_WP35 --[TASK_COMPLETED]--> NAV_36_WP36
[INFO] [1786999047.541625292] [fsm_executor]: STATE: NAV_36_WP36 | ACTION: NAVIGATE -> WP36
[INFO] [1786999048.535071132] [fsm_executor]: EVENT: TASK_COMPLETED in NAV_36_WP36
[INFO] [1786999048.536164507] [fsm_executor]: TRANSITION: NAV_36_WP36 --[TASK_COMPLETED]--> NAV_37_WP37
[INFO] [1786999048.537459773] [fsm_executor]: STATE: NAV_37_WP37 | ACTION: NAVIGATE -> WP37
[INFO] [1786999049.534827640] [fsm_executor]: EVENT: TASK_COMPLETED in NAV_37_WP37
[INFO] [1786999049.535895100] [fsm_executor]: TRANSITION: NAV_37_WP37 --[TASK_COMPLETED]--> NAV_38_WP38
[INFO] [1786999049.537336246] [fsm_executor]: STATE: NAV_38_WP38 | ACTION: NAVIGATE -> WP38
[INFO] [1786999050.536002010] [fsm_executor]: EVENT: TASK_COMPLETED in NAV_38_WP38
[INFO] [1786999050.537368585] [fsm_executor]: TRANSITION: NAV_38_WP38 --[TASK_COMPLETED]--> NAV_39_WP39
[INFO] [1786999050.538751852] [fsm_executor]: STATE: NAV_39_WP39 | ACTION: NAVIGATE -> WP39
[INFO] [1786999051.534766147] [fsm_executor]: EVENT: TASK_COMPLETED in NAV_39_WP39
[INFO] [1786999051.535960633] [fsm_executor]: TRANSITION: NAV_39_WP39 --[TASK_COMPLETED]--> NAV_40_WP40
[INFO] [1786999051.537304594] [fsm_executor]: STATE: NAV_40_WP40 | ACTION: NAVIGATE -> WP40
[INFO] [1786999052.536351320] [fsm_executor]: EVENT: TASK_COMPLETED in NAV_40_WP40
[INFO] [1786999052.538318106] [fsm_executor]: TRANSITION: NAV_40_WP40 --[TASK_COMPLETED]--> NAV_41_WP41
[INFO] [1786999052.540565637] [fsm_executor]: STATE: NAV_41_WP41 | ACTION: NAVIGATE -> WP41
[INFO] [1786999053.537634223] [fsm_executor]: EVENT: TASK_COMPLETED in NAV_41_WP41
[INFO] [1786999053.540666440] [fsm_executor]: TRANSITION: NAV_41_WP41 --[TASK_COMPLETED]--> NAV_42_WP42
[INFO] [1786999053.544470924] [fsm_executor]: STATE: NAV_42_WP42 | ACTION: NAVIGATE -> WP42
[INFO] [1786999054.536294250] [fsm_executor]: EVENT: TASK_COMPLETED in NAV_42_WP42
[INFO] [1786999054.538693075] [fsm_executor]: TRANSITION: NAV_42_WP42 --[TASK_COMPLETED]--> NAV_43_WP43
[INFO] [1786999054.541440007] [fsm_executor]: STATE: NAV_43_WP43 | ACTION: NAVIGATE -> WP43
[INFO] [1786999055.537006488] [fsm_executor]: EVENT: TASK_COMPLETED in NAV_43_WP43
[INFO] [1786999055.540890634] [fsm_executor]: TRANSITION: NAV_43_WP43 --[TASK_COMPLETED]--> NAV_44_WP44
[INFO] [1786999055.544879607] [fsm_executor]: STATE: NAV_44_WP44 | ACTION: NAVIGATE -> WP44
[INFO] [1786999056.535526578] [fsm_executor]: EVENT: TASK_COMPLETED in NAV_44_WP44
[INFO] [1786999056.537813560] [fsm_executor]: TRANSITION: NAV_44_WP44 --[TASK_COMPLETED]--> NAV_45_WP45
[INFO] [1786999056.539834277] [fsm_executor]: STATE: NAV_45_WP45 | ACTION: NAVIGATE -> WP45
[INFO] [1786999057.534939203] [fsm_executor]: EVENT: TASK_COMPLETED in NAV_45_WP45
[INFO] [1786999057.536446808] [fsm_executor]: TRANSITION: NAV_45_WP45 --[TASK_COMPLETED]--> NAV_46_WP46
[INFO] [1786999057.538517539] [fsm_executor]: STATE: NAV_46_WP46 | ACTION: NAVIGATE -> WP46
[INFO] [1786999058.534917449] [fsm_executor]: EVENT: TASK_COMPLETED in NAV_46_WP46
[INFO] [1786999058.537010384] [fsm_executor]: TRANSITION: NAV_46_WP46 --[TASK_COMPLETED]--> NAV_47_WP47
[INFO] [1786999058.539201392] [fsm_executor]: STATE: NAV_47_WP47 | ACTION: NAVIGATE -> WP47
[INFO] [1786999059.534139784] [fsm_executor]: EVENT: TASK_COMPLETED in NAV_47_WP47
[INFO] [1786999059.535111121] [fsm_executor]: TRANSITION: NAV_47_WP47 --[TASK_COMPLETED]--> NAV_48_WP48
[INFO] [1786999059.536161169] [fsm_executor]: STATE: NAV_48_WP48 | ACTION: NAVIGATE -> WP48
[INFO] [1786999060.537068322] [fsm_executor]: EVENT: TASK_COMPLETED in NAV_48_WP48
[INFO] [1786999060.538411730] [fsm_executor]: TRANSITION: NAV_48_WP48 --[TASK_COMPLETED]--> NAV_49_WP49
[INFO] [1786999060.539929459] [fsm_executor]: STATE: NAV_49_WP49 | ACTION: NAVIGATE -> WP49
[INFO] [1786999061.538815470] [fsm_executor]: EVENT: TASK_COMPLETED in NAV_49_WP49
[INFO] [1786999061.542035561] [fsm_executor]: TRANSITION: NAV_49_WP49 --[TASK_COMPLETED]--> NAV_50_WP50
[INFO] [1786999061.544586462] [fsm_executor]: STATE: NAV_50_WP50 | ACTION: NAVIGATE -> WP50
[WARN] [1786999061.548924639] [fsm_executor]: RUNTIME EVENT RECEIVED: ABORT_REQUESTED
[INFO] [1786999061.550717848] [fsm_executor]: TRANSITION: NAV_50_WP50 --[ABORT_REQUESTED]--> ABORT_MISSION
[INFO] [1786999061.552824659] [fsm_executor]: STATE: ABORT_MISSION | ACTION: ABORT_MISSION
[INFO] [1786999062.533769185] [fsm_executor]: EVENT: ABORT_COMPLETED in ABORT_MISSION
[INFO] [1786999062.535666181] [fsm_executor]: TRANSITION: ABORT_MISSION --[ABORT_COMPLETED]--> RTL
[INFO] [1786999062.536727040] [fsm_executor]: STATE: RTL | ACTION: RETURN_TO_HOME
[INFO] [1786999063.536334495] [fsm_executor]: EVENT: RTL_COMPLETED in RTL
[INFO] [1786999063.539929580] [fsm_executor]: TRANSITION: RTL --[RTL_COMPLETED]--> SAFE_TERMINATED
[INFO] [1786999063.542530820] [fsm_executor]: STATE: SAFE_TERMINATED
[WARN] [1786999063.544923386] [fsm_executor]: FSM mission terminated safely.
[WARN] [1786999063.546774485] [fsm_executor]: Reason: ABORT_REQUESTED
