[INFO] [1788011459.508929334] [htn_executor]: Loading mission: /home/bishal/ros2_ws/install/mission_formalism_evaluation/share/mission_formalism_evaluation/missions/mission_4.yaml
[INFO] [1788011460.156355759] [htn_executor]: ================================
[INFO] [1788011460.157237408] [htn_executor]: HTN Mission Executor
[INFO] [1788011460.158268275] [htn_executor]: Mode: FINAL_SCENARIO_CAPABLE
[INFO] [1788011460.159276562] [htn_executor]: Model: Totally Ordered State-Based HTN
[INFO] [1788011460.160003363] [htn_executor]: Mission ID: M4
[INFO] [1788011460.160640265] [htn_executor]: Mission Name: Zigzag and Return
[INFO] [1788011460.162107323] [htn_executor]: Mission Items: 201
[INFO] [1788011460.163373077] [htn_executor]: HTN Primitive Operators: 12
[INFO] [1788011460.164724176] [htn_executor]: HTN Compound Tasks: 4
[INFO] [1788011460.165494103] [htn_executor]: HTN Methods: 16
[INFO] [1788011460.166180404] [htn_executor]: Mission Method Applications: 203
[INFO] [1788011460.166868933] [htn_executor]: Generated Primitive Plan: 201
[INFO] [1788011460.167598844] [htn_executor]: ================================
[INFO] [1788011460.188609867] [htn_executor]: HTN PRIMITIVE RUNNING: takeoff
[INFO] [1788011460.390187522] [htn_executor]: HTN PRIMITIVE SUCCESS: takeoff
[INFO] [1788011460.409220288] [htn_executor]: HTN PRIMITIVE RUNNING: navigate [WP1]
[INFO] [1788011460.610084228] [htn_executor]: HTN PRIMITIVE SUCCESS: navigate [WP1]
[INFO] [1788011460.629416630] [htn_executor]: HTN PRIMITIVE RUNNING: navigate [WP2]
[INFO] [1788011460.830853125] [htn_executor]: HTN PRIMITIVE SUCCESS: navigate [WP2]
[INFO] [1788011460.849906223] [htn_executor]: HTN PRIMITIVE RUNNING: navigate [WP3]
[INFO] [1788011461.049528240] [htn_executor]: HTN PRIMITIVE SUCCESS: navigate [WP3]
[INFO] [1788011461.069207374] [htn_executor]: HTN PRIMITIVE RUNNING: navigate [WP4]
[INFO] [1788011461.269879273] [htn_executor]: HTN PRIMITIVE SUCCESS: navigate [WP4]
[INFO] [1788011461.289197081] [htn_executor]: HTN PRIMITIVE RUNNING: navigate [WP5]
[INFO] [1788011461.492218997] [htn_executor]: HTN PRIMITIVE SUCCESS: navigate [WP5]
[INFO] [1788011461.510524069] [htn_executor]: HTN PRIMITIVE RUNNING: navigate [WP6]
[INFO] [1788011461.711700073] [htn_executor]: HTN PRIMITIVE SUCCESS: navigate [WP6]
[INFO] [1788011461.729197883] [htn_executor]: HTN PRIMITIVE RUNNING: navigate [WP7]
[INFO] [1788011461.928631041] [htn_executor]: HTN PRIMITIVE SUCCESS: navigate [WP7]
[INFO] [1788011461.948543370] [htn_executor]: HTN PRIMITIVE RUNNING: navigate [WP8]
[INFO] [1788011462.150133060] [htn_executor]: HTN PRIMITIVE SUCCESS: navigate [WP8]
[INFO] [1788011462.169643828] [htn_executor]: HTN PRIMITIVE RUNNING: navigate [WP9]
[INFO] [1788011462.372039398] [htn_executor]: HTN PRIMITIVE SUCCESS: navigate [WP9]
[INFO] [1788011462.390047596] [htn_executor]: HTN PRIMITIVE RUNNING: navigate [WP10]
[INFO] [1788011462.590498628] [htn_executor]: HTN PRIMITIVE SUCCESS: navigate [WP10]
[INFO] [1788011462.608743467] [htn_executor]: HTN PRIMITIVE RUNNING: navigate [WP11]
[INFO] [1788011462.810808293] [htn_executor]: HTN PRIMITIVE SUCCESS: navigate [WP11]
[INFO] [1788011462.831763753] [htn_executor]: HTN PRIMITIVE RUNNING: navigate [WP12]
[INFO] [1788011463.029079683] [htn_executor]: HTN PRIMITIVE SUCCESS: navigate [WP12]
[INFO] [1788011463.049255159] [htn_executor]: HTN PRIMITIVE RUNNING: navigate [WP13]
[INFO] [1788011463.249715639] [htn_executor]: HTN PRIMITIVE SUCCESS: navigate [WP13]
[INFO] [1788011463.269450124] [htn_executor]: HTN PRIMITIVE RUNNING: navigate [WP14]
[INFO] [1788011463.470746097] [htn_executor]: HTN PRIMITIVE SUCCESS: navigate [WP14]
[INFO] [1788011463.490168744] [htn_executor]: HTN PRIMITIVE RUNNING: navigate [WP15]
[INFO] [1788011463.689263497] [htn_executor]: HTN PRIMITIVE SUCCESS: navigate [WP15]
[INFO] [1788011463.708804505] [htn_executor]: HTN PRIMITIVE RUNNING: navigate [WP16]
[INFO] [1788011463.914632505] [htn_executor]: HTN PRIMITIVE SUCCESS: navigate [WP16]
[INFO] [1788011463.928799260] [htn_executor]: HTN PRIMITIVE RUNNING: navigate [WP17]
[INFO] [1788011464.132247638] [htn_executor]: HTN PRIMITIVE SUCCESS: navigate [WP17]
[INFO] [1788011464.149286281] [htn_executor]: HTN PRIMITIVE RUNNING: navigate [WP18]
[INFO] [1788011464.349517872] [htn_executor]: HTN PRIMITIVE SUCCESS: navigate [WP18]
[INFO] [1788011464.368912208] [htn_executor]: HTN PRIMITIVE RUNNING: navigate [WP19]
[INFO] [1788011464.570863602] [htn_executor]: HTN PRIMITIVE SUCCESS: navigate [WP19]
[INFO] [1788011464.590105568] [htn_executor]: HTN PRIMITIVE RUNNING: navigate [WP20]
[INFO] [1788011464.791972135] [htn_executor]: HTN PRIMITIVE SUCCESS: navigate [WP20]
[INFO] [1788011464.809995757] [htn_executor]: HTN PRIMITIVE RUNNING: navigate [WP21]
[INFO] [1788011465.008845474] [htn_executor]: HTN PRIMITIVE SUCCESS: navigate [WP21]
[INFO] [1788011465.028930629] [htn_executor]: HTN PRIMITIVE RUNNING: navigate [WP22]
[INFO] [1788011465.232688267] [htn_executor]: HTN PRIMITIVE SUCCESS: navigate [WP22]
[INFO] [1788011465.248989384] [htn_executor]: HTN PRIMITIVE RUNNING: navigate [WP23]
[INFO] [1788011465.449921663] [htn_executor]: HTN PRIMITIVE SUCCESS: navigate [WP23]
[INFO] [1788011465.469543121] [htn_executor]: HTN PRIMITIVE RUNNING: navigate [WP24]
[INFO] [1788011465.670743842] [htn_executor]: HTN PRIMITIVE SUCCESS: navigate [WP24]
[INFO] [1788011465.690008865] [htn_executor]: HTN PRIMITIVE RUNNING: navigate [WP25]
[INFO] [1788011465.892101392] [htn_executor]: HTN PRIMITIVE SUCCESS: navigate [WP25]
[INFO] [1788011465.910123399] [htn_executor]: HTN PRIMITIVE RUNNING: navigate [WP26]
[INFO] [1788011466.110819569] [htn_executor]: HTN PRIMITIVE SUCCESS: navigate [WP26]
[INFO] [1788011466.131440466] [htn_executor]: HTN PRIMITIVE RUNNING: navigate [WP27]
[INFO] [1788011466.333125569] [htn_executor]: HTN PRIMITIVE SUCCESS: navigate [WP27]
[INFO] [1788011466.352150536] [htn_executor]: HTN PRIMITIVE RUNNING: navigate [WP28]
[INFO] [1788011466.550695659] [htn_executor]: HTN PRIMITIVE SUCCESS: navigate [WP28]
[INFO] [1788011466.570036875] [htn_executor]: HTN PRIMITIVE RUNNING: navigate [WP29]
[INFO] [1788011466.772053250] [htn_executor]: HTN PRIMITIVE SUCCESS: navigate [WP29]
[INFO] [1788011466.790239441] [htn_executor]: HTN PRIMITIVE RUNNING: navigate [WP30]
[INFO] [1788011466.989073782] [htn_executor]: HTN PRIMITIVE SUCCESS: navigate [WP30]
[INFO] [1788011467.009057011] [htn_executor]: HTN PRIMITIVE RUNNING: navigate [WP31]
[INFO] [1788011467.210875414] [htn_executor]: HTN PRIMITIVE SUCCESS: navigate [WP31]
[INFO] [1788011467.230607590] [htn_executor]: HTN PRIMITIVE RUNNING: navigate [WP32]
[INFO] [1788011467.432435819] [htn_executor]: HTN PRIMITIVE SUCCESS: navigate [WP32]
[INFO] [1788011467.450076621] [htn_executor]: HTN PRIMITIVE RUNNING: navigate [WP33]
[INFO] [1788011467.652260404] [htn_executor]: HTN PRIMITIVE SUCCESS: navigate [WP33]
[INFO] [1788011467.669848780] [htn_executor]: HTN PRIMITIVE RUNNING: navigate [WP34]
[INFO] [1788011467.871863931] [htn_executor]: HTN PRIMITIVE SUCCESS: navigate [WP34]
[INFO] [1788011467.890097813] [htn_executor]: HTN PRIMITIVE RUNNING: navigate [WP35]
[INFO] [1788011468.092158714] [htn_executor]: HTN PRIMITIVE SUCCESS: navigate [WP35]
[INFO] [1788011468.109989530] [htn_executor]: HTN PRIMITIVE RUNNING: navigate [WP36]
[INFO] [1788011468.312216981] [htn_executor]: HTN PRIMITIVE SUCCESS: navigate [WP36]
[INFO] [1788011468.330578597] [htn_executor]: HTN PRIMITIVE RUNNING: navigate [WP37]
[INFO] [1788011468.531224020] [htn_executor]: HTN PRIMITIVE SUCCESS: navigate [WP37]
[INFO] [1788011468.550990012] [htn_executor]: HTN PRIMITIVE RUNNING: navigate [WP38]
[INFO] [1788011468.752135003] [htn_executor]: HTN PRIMITIVE SUCCESS: navigate [WP38]
[INFO] [1788011468.769319125] [htn_executor]: HTN PRIMITIVE RUNNING: navigate [WP39]
[INFO] [1788011468.972104427] [htn_executor]: HTN PRIMITIVE SUCCESS: navigate [WP39]
[INFO] [1788011468.990103014] [htn_executor]: HTN PRIMITIVE RUNNING: navigate [WP40]
[INFO] [1788011469.190838221] [htn_executor]: HTN PRIMITIVE SUCCESS: navigate [WP40]
[INFO] [1788011469.210101646] [htn_executor]: HTN PRIMITIVE RUNNING: navigate [WP41]
[INFO] [1788011469.410940210] [htn_executor]: HTN PRIMITIVE SUCCESS: navigate [WP41]
[INFO] [1788011469.430335515] [htn_executor]: HTN PRIMITIVE RUNNING: navigate [WP42]
[INFO] [1788011469.632574597] [htn_executor]: HTN PRIMITIVE SUCCESS: navigate [WP42]
[INFO] [1788011469.650659967] [htn_executor]: HTN PRIMITIVE RUNNING: navigate [WP43]
[INFO] [1788011469.852006876] [htn_executor]: HTN PRIMITIVE SUCCESS: navigate [WP43]
[INFO] [1788011469.870077937] [htn_executor]: HTN PRIMITIVE RUNNING: navigate [WP44]
[INFO] [1788011470.070791879] [htn_executor]: HTN PRIMITIVE SUCCESS: navigate [WP44]
[INFO] [1788011470.090045916] [htn_executor]: HTN PRIMITIVE RUNNING: navigate [WP45]
[INFO] [1788011470.292441762] [htn_executor]: HTN PRIMITIVE SUCCESS: navigate [WP45]
[INFO] [1788011470.311989032] [htn_executor]: HTN PRIMITIVE RUNNING: navigate [WP46]
[INFO] [1788011470.511900559] [htn_executor]: HTN PRIMITIVE SUCCESS: navigate [WP46]
[INFO] [1788011470.530715303] [htn_executor]: HTN PRIMITIVE RUNNING: navigate [WP47]
[INFO] [1788011470.732556076] [htn_executor]: HTN PRIMITIVE SUCCESS: navigate [WP47]
[INFO] [1788011470.750364223] [htn_executor]: HTN PRIMITIVE RUNNING: navigate [WP48]
[INFO] [1788011470.951998582] [htn_executor]: HTN PRIMITIVE SUCCESS: navigate [WP48]
[INFO] [1788011470.972047530] [htn_executor]: HTN PRIMITIVE RUNNING: navigate [WP49]
[INFO] [1788011471.171991011] [htn_executor]: HTN PRIMITIVE SUCCESS: navigate [WP49]
[INFO] [1788011471.190417780] [htn_executor]: HTN PRIMITIVE RUNNING: navigate [WP50]
[INFO] [1788011471.392297144] [htn_executor]: HTN PRIMITIVE SUCCESS: navigate [WP50]
[INFO] [1788011471.409341483] [htn_executor]: HTN PRIMITIVE RUNNING: navigate [WP51]
[INFO] [1788011471.610647476] [htn_executor]: HTN PRIMITIVE SUCCESS: navigate [WP51]
[INFO] [1788011471.629300316] [htn_executor]: HTN PRIMITIVE RUNNING: navigate [WP52]
[INFO] [1788011471.831948885] [htn_executor]: HTN PRIMITIVE SUCCESS: navigate [WP52]
[INFO] [1788011471.850203907] [htn_executor]: HTN PRIMITIVE RUNNING: navigate [WP53]
[INFO] [1788011472.051124075] [htn_executor]: HTN PRIMITIVE SUCCESS: navigate [WP53]
[INFO] [1788011472.069972955] [htn_executor]: HTN PRIMITIVE RUNNING: navigate [WP54]
[INFO] [1788011472.271960804] [htn_executor]: HTN PRIMITIVE SUCCESS: navigate [WP54]
[INFO] [1788011472.290169557] [htn_executor]: HTN PRIMITIVE RUNNING: navigate [WP55]
[INFO] [1788011472.490853609] [htn_executor]: HTN PRIMITIVE SUCCESS: navigate [WP55]
[INFO] [1788011472.510991444] [htn_executor]: HTN PRIMITIVE RUNNING: navigate [WP56]
[INFO] [1788011472.710984969] [htn_executor]: HTN PRIMITIVE SUCCESS: navigate [WP56]
[INFO] [1788011472.730344362] [htn_executor]: HTN PRIMITIVE RUNNING: navigate [WP57]
[INFO] [1788011472.931689114] [htn_executor]: HTN PRIMITIVE SUCCESS: navigate [WP57]
[INFO] [1788011472.950213440] [htn_executor]: HTN PRIMITIVE RUNNING: navigate [WP58]
[INFO] [1788011473.152043205] [htn_executor]: HTN PRIMITIVE SUCCESS: navigate [WP58]
[INFO] [1788011473.170039123] [htn_executor]: HTN PRIMITIVE RUNNING: navigate [WP59]
[INFO] [1788011473.372529221] [htn_executor]: HTN PRIMITIVE SUCCESS: navigate [WP59]
[INFO] [1788011473.389632852] [htn_executor]: HTN PRIMITIVE RUNNING: navigate [WP60]
[INFO] [1788011473.591595668] [htn_executor]: HTN PRIMITIVE SUCCESS: navigate [WP60]
[INFO] [1788011473.609317471] [htn_executor]: HTN PRIMITIVE RUNNING: navigate [WP61]
[INFO] [1788011473.810870596] [htn_executor]: HTN PRIMITIVE SUCCESS: navigate [WP61]
[INFO] [1788011473.831293155] [htn_executor]: HTN PRIMITIVE RUNNING: navigate [WP62]
[INFO] [1788011474.032490504] [htn_executor]: HTN PRIMITIVE SUCCESS: navigate [WP62]
[INFO] [1788011474.050899675] [htn_executor]: HTN PRIMITIVE RUNNING: navigate [WP63]
[INFO] [1788011474.252529061] [htn_executor]: HTN PRIMITIVE SUCCESS: navigate [WP63]
[INFO] [1788011474.269554780] [htn_executor]: HTN PRIMITIVE RUNNING: navigate [WP64]
[INFO] [1788011474.470674355] [htn_executor]: HTN PRIMITIVE SUCCESS: navigate [WP64]
[INFO] [1788011474.490074822] [htn_executor]: HTN PRIMITIVE RUNNING: navigate [WP65]
[INFO] [1788011474.689546365] [htn_executor]: HTN PRIMITIVE SUCCESS: navigate [WP65]
[INFO] [1788011474.709632648] [htn_executor]: HTN PRIMITIVE RUNNING: navigate [WP66]
[INFO] [1788011474.911993283] [htn_executor]: HTN PRIMITIVE SUCCESS: navigate [WP66]
[INFO] [1788011474.930255534] [htn_executor]: HTN PRIMITIVE RUNNING: navigate [WP67]
[INFO] [1788011475.129869949] [htn_executor]: HTN PRIMITIVE SUCCESS: navigate [WP67]
[INFO] [1788011475.149572538] [htn_executor]: HTN PRIMITIVE RUNNING: navigate [WP68]
[INFO] [1788011475.350774566] [htn_executor]: HTN PRIMITIVE SUCCESS: navigate [WP68]
[INFO] [1788011475.370523247] [htn_executor]: HTN PRIMITIVE RUNNING: navigate [WP69]
[INFO] [1788011475.570794987] [htn_executor]: HTN PRIMITIVE SUCCESS: navigate [WP69]
[INFO] [1788011475.590143010] [htn_executor]: HTN PRIMITIVE RUNNING: navigate [WP70]
[INFO] [1788011475.792171379] [htn_executor]: HTN PRIMITIVE SUCCESS: navigate [WP70]
[INFO] [1788011475.810003911] [htn_executor]: HTN PRIMITIVE RUNNING: navigate [WP71]
[INFO] [1788011476.012081191] [htn_executor]: HTN PRIMITIVE SUCCESS: navigate [WP71]
[INFO] [1788011476.031321798] [htn_executor]: HTN PRIMITIVE RUNNING: navigate [WP72]
[INFO] [1788011476.232840680] [htn_executor]: HTN PRIMITIVE SUCCESS: navigate [WP72]
[INFO] [1788011476.250268056] [htn_executor]: HTN PRIMITIVE RUNNING: navigate [WP73]
[INFO] [1788011476.451234892] [htn_executor]: HTN PRIMITIVE SUCCESS: navigate [WP73]
[INFO] [1788011476.469971160] [htn_executor]: HTN PRIMITIVE RUNNING: navigate [WP74]
[INFO] [1788011476.672464980] [htn_executor]: HTN PRIMITIVE SUCCESS: navigate [WP74]
[INFO] [1788011476.690090119] [htn_executor]: HTN PRIMITIVE RUNNING: navigate [WP75]
[INFO] [1788011476.890801509] [htn_executor]: HTN PRIMITIVE SUCCESS: navigate [WP75]
[INFO] [1788011476.910181322] [htn_executor]: HTN PRIMITIVE RUNNING: navigate [WP76]
[INFO] [1788011477.110859067] [htn_executor]: HTN PRIMITIVE SUCCESS: navigate [WP76]
[INFO] [1788011477.130612783] [htn_executor]: HTN PRIMITIVE RUNNING: navigate [WP77]
[INFO] [1788011477.332696631] [htn_executor]: HTN PRIMITIVE SUCCESS: navigate [WP77]
[INFO] [1788011477.351992148] [htn_executor]: HTN PRIMITIVE RUNNING: navigate [WP78]
[INFO] [1788011477.553185919] [htn_executor]: HTN PRIMITIVE SUCCESS: navigate [WP78]
[INFO] [1788011477.570440660] [htn_executor]: HTN PRIMITIVE RUNNING: navigate [WP79]
[INFO] [1788011477.770471556] [htn_executor]: HTN PRIMITIVE SUCCESS: navigate [WP79]
[INFO] [1788011477.790254398] [htn_executor]: HTN PRIMITIVE RUNNING: navigate [WP80]
[INFO] [1788011477.989958578] [htn_executor]: HTN PRIMITIVE SUCCESS: navigate [WP80]
[INFO] [1788011478.009434401] [htn_executor]: HTN PRIMITIVE RUNNING: navigate [WP81]
[INFO] [1788011478.211183046] [htn_executor]: HTN PRIMITIVE SUCCESS: navigate [WP81]
[INFO] [1788011478.231472829] [htn_executor]: HTN PRIMITIVE RUNNING: navigate [WP82]
[INFO] [1788011478.432302443] [htn_executor]: HTN PRIMITIVE SUCCESS: navigate [WP82]
[INFO] [1788011478.450442125] [htn_executor]: HTN PRIMITIVE RUNNING: navigate [WP83]
[INFO] [1788011478.651259938] [htn_executor]: HTN PRIMITIVE SUCCESS: navigate [WP83]
[INFO] [1788011478.670112939] [htn_executor]: HTN PRIMITIVE RUNNING: navigate [WP84]
[INFO] [1788011478.872147313] [htn_executor]: HTN PRIMITIVE SUCCESS: navigate [WP84]
[INFO] [1788011478.890040173] [htn_executor]: HTN PRIMITIVE RUNNING: navigate [WP85]
[INFO] [1788011479.090820086] [htn_executor]: HTN PRIMITIVE SUCCESS: navigate [WP85]
[INFO] [1788011479.110148788] [htn_executor]: HTN PRIMITIVE RUNNING: navigate [WP86]
[INFO] [1788011479.311898576] [htn_executor]: HTN PRIMITIVE SUCCESS: navigate [WP86]
[INFO] [1788011479.331233151] [htn_executor]: HTN PRIMITIVE RUNNING: navigate [WP87]
[INFO] [1788011479.532497550] [htn_executor]: HTN PRIMITIVE SUCCESS: navigate [WP87]
[INFO] [1788011479.551407193] [htn_executor]: HTN PRIMITIVE RUNNING: navigate [WP88]
[INFO] [1788011479.752037915] [htn_executor]: HTN PRIMITIVE SUCCESS: navigate [WP88]
[INFO] [1788011479.770527723] [htn_executor]: HTN PRIMITIVE RUNNING: navigate [WP89]
[INFO] [1788011479.972120069] [htn_executor]: HTN PRIMITIVE SUCCESS: navigate [WP89]
[INFO] [1788011479.988962635] [htn_executor]: HTN PRIMITIVE RUNNING: navigate [WP90]
[INFO] [1788011480.192114388] [htn_executor]: HTN PRIMITIVE SUCCESS: navigate [WP90]
[INFO] [1788011480.210650330] [htn_executor]: HTN PRIMITIVE RUNNING: navigate [WP91]
[INFO] [1788011480.411978814] [htn_executor]: HTN PRIMITIVE SUCCESS: navigate [WP91]
[INFO] [1788011480.430106660] [htn_executor]: HTN PRIMITIVE RUNNING: navigate [WP92]
[INFO] [1788011480.630689727] [htn_executor]: HTN PRIMITIVE SUCCESS: navigate [WP92]
[INFO] [1788011480.650376804] [htn_executor]: HTN PRIMITIVE RUNNING: navigate [WP93]
[INFO] [1788011480.852191627] [htn_executor]: HTN PRIMITIVE SUCCESS: navigate [WP93]
[INFO] [1788011480.870497759] [htn_executor]: HTN PRIMITIVE RUNNING: navigate [WP94]
[INFO] [1788011481.071895456] [htn_executor]: HTN PRIMITIVE SUCCESS: navigate [WP94]
[INFO] [1788011481.090181849] [htn_executor]: HTN PRIMITIVE RUNNING: navigate [WP95]
[INFO] [1788011481.292165085] [htn_executor]: HTN PRIMITIVE SUCCESS: navigate [WP95]
[INFO] [1788011481.310105492] [htn_executor]: HTN PRIMITIVE RUNNING: navigate [WP96]
[INFO] [1788011481.510838745] [htn_executor]: HTN PRIMITIVE SUCCESS: navigate [WP96]
[INFO] [1788011481.530367950] [htn_executor]: HTN PRIMITIVE RUNNING: navigate [WP97]
[INFO] [1788011481.731941686] [htn_executor]: HTN PRIMITIVE SUCCESS: navigate [WP97]
[INFO] [1788011481.750279239] [htn_executor]: HTN PRIMITIVE RUNNING: navigate [WP98]
[INFO] [1788011481.952668067] [htn_executor]: HTN PRIMITIVE SUCCESS: navigate [WP98]
[INFO] [1788011481.970079834] [htn_executor]: HTN PRIMITIVE RUNNING: navigate [WP99]
[INFO] [1788011482.171005276] [htn_executor]: HTN PRIMITIVE SUCCESS: navigate [WP99]
[INFO] [1788011482.190869001] [htn_executor]: HTN PRIMITIVE RUNNING: navigate [WP100]
[INFO] [1788011482.392191400] [htn_executor]: HTN PRIMITIVE SUCCESS: navigate [WP100]
[INFO] [1788011482.411703708] [htn_executor]: HTN PRIMITIVE RUNNING: navigate [WP99]
[INFO] [1788011482.612358926] [htn_executor]: HTN PRIMITIVE SUCCESS: navigate [WP99]
[INFO] [1788011482.630207806] [htn_executor]: HTN PRIMITIVE RUNNING: navigate [WP98]
[INFO] [1788011482.828569848] [htn_executor]: HTN PRIMITIVE SUCCESS: navigate [WP98]
[INFO] [1788011482.848500370] [htn_executor]: HTN PRIMITIVE RUNNING: navigate [WP97]
[INFO] [1788011483.048607924] [htn_executor]: HTN PRIMITIVE SUCCESS: navigate [WP97]
[INFO] [1788011483.068404892] [htn_executor]: HTN PRIMITIVE RUNNING: navigate [WP96]
[INFO] [1788011483.269038082] [htn_executor]: HTN PRIMITIVE SUCCESS: navigate [WP96]
[INFO] [1788011483.288778347] [htn_executor]: HTN PRIMITIVE RUNNING: navigate [WP95]
[INFO] [1788011483.489215547] [htn_executor]: HTN PRIMITIVE SUCCESS: navigate [WP95]
[INFO] [1788011483.508940360] [htn_executor]: HTN PRIMITIVE RUNNING: navigate [WP94]
[INFO] [1788011483.711181650] [htn_executor]: HTN PRIMITIVE SUCCESS: navigate [WP94]
[INFO] [1788011483.730125454] [htn_executor]: HTN PRIMITIVE RUNNING: navigate [WP93]
[INFO] [1788011483.932329601] [htn_executor]: HTN PRIMITIVE SUCCESS: navigate [WP93]
[INFO] [1788011483.950278456] [htn_executor]: HTN PRIMITIVE RUNNING: navigate [WP92]
[INFO] [1788011484.152644844] [htn_executor]: HTN PRIMITIVE SUCCESS: navigate [WP92]
[INFO] [1788011484.170259479] [htn_executor]: HTN PRIMITIVE RUNNING: navigate [WP91]
[INFO] [1788011484.370729850] [htn_executor]: HTN PRIMITIVE SUCCESS: navigate [WP91]
[INFO] [1788011484.390339584] [htn_executor]: HTN PRIMITIVE RUNNING: navigate [WP90]
[INFO] [1788011484.590864759] [htn_executor]: HTN PRIMITIVE SUCCESS: navigate [WP90]
[INFO] [1788011484.608940981] [htn_executor]: HTN PRIMITIVE RUNNING: navigate [WP89]
[INFO] [1788011484.812324752] [htn_executor]: HTN PRIMITIVE SUCCESS: navigate [WP89]
[INFO] [1788011484.829283683] [htn_executor]: HTN PRIMITIVE RUNNING: navigate [WP88]
[INFO] [1788011485.031916982] [htn_executor]: HTN PRIMITIVE SUCCESS: navigate [WP88]
[INFO] [1788011485.050218899] [htn_executor]: HTN PRIMITIVE RUNNING: navigate [WP87]
[INFO] [1788011485.252050081] [htn_executor]: HTN PRIMITIVE SUCCESS: navigate [WP87]
[INFO] [1788011485.270098585] [htn_executor]: HTN PRIMITIVE RUNNING: navigate [WP86]
[INFO] [1788011485.470356003] [htn_executor]: HTN PRIMITIVE SUCCESS: navigate [WP86]
[INFO] [1788011485.489829064] [htn_executor]: HTN PRIMITIVE RUNNING: navigate [WP85]
[INFO] [1788011485.692089594] [htn_executor]: HTN PRIMITIVE SUCCESS: navigate [WP85]
[INFO] [1788011485.710072627] [htn_executor]: HTN PRIMITIVE RUNNING: navigate [WP84]
[INFO] [1788011485.911571226] [htn_executor]: HTN PRIMITIVE SUCCESS: navigate [WP84]
[INFO] [1788011485.930163048] [htn_executor]: HTN PRIMITIVE RUNNING: navigate [WP83]
[INFO] [1788011486.132004259] [htn_executor]: HTN PRIMITIVE SUCCESS: navigate [WP83]
[INFO] [1788011486.150450242] [htn_executor]: HTN PRIMITIVE RUNNING: navigate [WP82]
[INFO] [1788011486.351566299] [htn_executor]: HTN PRIMITIVE SUCCESS: navigate [WP82]
[INFO] [1788011486.370057807] [htn_executor]: HTN PRIMITIVE RUNNING: navigate [WP81]
[INFO] [1788011486.570986372] [htn_executor]: HTN PRIMITIVE SUCCESS: navigate [WP81]
[INFO] [1788011486.591465801] [htn_executor]: HTN PRIMITIVE RUNNING: navigate [WP80]
[INFO] [1788011486.792456098] [htn_executor]: HTN PRIMITIVE SUCCESS: navigate [WP80]
[INFO] [1788011486.810304600] [htn_executor]: HTN PRIMITIVE RUNNING: navigate [WP79]
[INFO] [1788011487.012591806] [htn_executor]: HTN PRIMITIVE SUCCESS: navigate [WP79]
[INFO] [1788011487.030353668] [htn_executor]: HTN PRIMITIVE RUNNING: navigate [WP78]
[INFO] [1788011487.229115876] [htn_executor]: HTN PRIMITIVE SUCCESS: navigate [WP78]
[INFO] [1788011487.248683206] [htn_executor]: HTN PRIMITIVE RUNNING: navigate [WP77]
[INFO] [1788011487.452185801] [htn_executor]: HTN PRIMITIVE SUCCESS: navigate [WP77]
[INFO] [1788011487.470113697] [htn_executor]: HTN PRIMITIVE RUNNING: navigate [WP76]
[INFO] [1788011487.672974885] [htn_executor]: HTN PRIMITIVE SUCCESS: navigate [WP76]
[INFO] [1788011487.690698386] [htn_executor]: HTN PRIMITIVE RUNNING: navigate [WP75]
[INFO] [1788011487.892213946] [htn_executor]: HTN PRIMITIVE SUCCESS: navigate [WP75]
[INFO] [1788011487.910101762] [htn_executor]: HTN PRIMITIVE RUNNING: navigate [WP74]
[INFO] [1788011488.111772653] [htn_executor]: HTN PRIMITIVE SUCCESS: navigate [WP74]
[INFO] [1788011488.130866809] [htn_executor]: HTN PRIMITIVE RUNNING: navigate [WP73]
[INFO] [1788011488.331587894] [htn_executor]: HTN PRIMITIVE SUCCESS: navigate [WP73]
[INFO] [1788011488.350249168] [htn_executor]: HTN PRIMITIVE RUNNING: navigate [WP72]
[INFO] [1788011488.554224468] [htn_executor]: HTN PRIMITIVE SUCCESS: navigate [WP72]
[INFO] [1788011488.572735405] [htn_executor]: HTN PRIMITIVE RUNNING: navigate [WP71]
[INFO] [1788011488.771041251] [htn_executor]: HTN PRIMITIVE SUCCESS: navigate [WP71]
[INFO] [1788011488.791527014] [htn_executor]: HTN PRIMITIVE RUNNING: navigate [WP70]
[INFO] [1788011488.992282806] [htn_executor]: HTN PRIMITIVE SUCCESS: navigate [WP70]
[INFO] [1788011489.010935525] [htn_executor]: HTN PRIMITIVE RUNNING: navigate [WP69]
[INFO] [1788011489.211979196] [htn_executor]: HTN PRIMITIVE SUCCESS: navigate [WP69]
[INFO] [1788011489.228955217] [htn_executor]: HTN PRIMITIVE RUNNING: navigate [WP68]
[INFO] [1788011489.430843440] [htn_executor]: HTN PRIMITIVE SUCCESS: navigate [WP68]
[INFO] [1788011489.450199820] [htn_executor]: HTN PRIMITIVE RUNNING: navigate [WP67]
[INFO] [1788011489.651268162] [htn_executor]: HTN PRIMITIVE SUCCESS: navigate [WP67]
[INFO] [1788011489.668941584] [htn_executor]: HTN PRIMITIVE RUNNING: navigate [WP66]
[INFO] [1788011489.870647419] [htn_executor]: HTN PRIMITIVE SUCCESS: navigate [WP66]
[INFO] [1788011489.890092139] [htn_executor]: HTN PRIMITIVE RUNNING: navigate [WP65]
[INFO] [1788011490.090841274] [htn_executor]: HTN PRIMITIVE SUCCESS: navigate [WP65]
[INFO] [1788011490.110037282] [htn_executor]: HTN PRIMITIVE RUNNING: navigate [WP64]
[INFO] [1788011490.312253537] [htn_executor]: HTN PRIMITIVE SUCCESS: navigate [WP64]
[INFO] [1788011490.330080446] [htn_executor]: HTN PRIMITIVE RUNNING: navigate [WP63]
[INFO] [1788011490.531071068] [htn_executor]: HTN PRIMITIVE SUCCESS: navigate [WP63]
[INFO] [1788011490.550200296] [htn_executor]: HTN PRIMITIVE RUNNING: navigate [WP62]
[INFO] [1788011490.752173830] [htn_executor]: HTN PRIMITIVE SUCCESS: navigate [WP62]
[INFO] [1788011490.769997145] [htn_executor]: HTN PRIMITIVE RUNNING: navigate [WP61]
[INFO] [1788011490.972064123] [htn_executor]: HTN PRIMITIVE SUCCESS: navigate [WP61]
[INFO] [1788011490.990482954] [htn_executor]: HTN PRIMITIVE RUNNING: navigate [WP60]
[INFO] [1788011491.192963681] [htn_executor]: HTN PRIMITIVE SUCCESS: navigate [WP60]
[INFO] [1788011491.212361877] [htn_executor]: HTN PRIMITIVE RUNNING: navigate [WP59]
[INFO] [1788011491.409837825] [htn_executor]: HTN PRIMITIVE SUCCESS: navigate [WP59]
[INFO] [1788011491.429395150] [htn_executor]: HTN PRIMITIVE RUNNING: navigate [WP58]
[INFO] [1788011491.630801434] [htn_executor]: HTN PRIMITIVE SUCCESS: navigate [WP58]
[INFO] [1788011491.650260512] [htn_executor]: HTN PRIMITIVE RUNNING: navigate [WP57]
[INFO] [1788011491.852180318] [htn_executor]: HTN PRIMITIVE SUCCESS: navigate [WP57]
[INFO] [1788011491.870119451] [htn_executor]: HTN PRIMITIVE RUNNING: navigate [WP56]
[INFO] [1788011492.071934407] [htn_executor]: HTN PRIMITIVE SUCCESS: navigate [WP56]
[INFO] [1788011492.090034428] [htn_executor]: HTN PRIMITIVE RUNNING: navigate [WP55]
[INFO] [1788011492.290848417] [htn_executor]: HTN PRIMITIVE SUCCESS: navigate [WP55]
[INFO] [1788011492.310255889] [htn_executor]: HTN PRIMITIVE RUNNING: navigate [WP54]
[INFO] [1788011492.511136685] [htn_executor]: HTN PRIMITIVE SUCCESS: navigate [WP54]
[INFO] [1788011492.530784061] [htn_executor]: HTN PRIMITIVE RUNNING: navigate [WP53]
[INFO] [1788011492.731516317] [htn_executor]: HTN PRIMITIVE SUCCESS: navigate [WP53]
[INFO] [1788011492.750653736] [htn_executor]: HTN PRIMITIVE RUNNING: navigate [WP52]
[INFO] [1788011492.952483819] [htn_executor]: HTN PRIMITIVE SUCCESS: navigate [WP52]
[INFO] [1788011492.970052303] [htn_executor]: HTN PRIMITIVE RUNNING: navigate [WP51]
[INFO] [1788011493.171113414] [htn_executor]: HTN PRIMITIVE SUCCESS: navigate [WP51]
[INFO] [1788011493.190074794] [htn_executor]: HTN PRIMITIVE RUNNING: navigate [WP50]
[WARN] [1788011493.194123258] [htn_executor]: RUNTIME EVENT RECEIVED: BATTERY_CRITICAL
[WARN] [1788011493.200194273] [htn_executor]: HTN PAUSED: navigate [WP50]
[WARN] [1788011493.204078666] [htn_executor]: HTN REPLANNING
[WARN] [1788011493.206457262] [htn_executor]: Selected method: m_battery_critical
[WARN] [1788011493.208607809] [htn_executor]: Recovery plan: emergency_land -> safe_terminate
[INFO] [1788011493.211060268] [htn_executor]: HTN RECOVERY RUNNING: emergency_land
[INFO] [1788011493.412615393] [htn_executor]: HTN PRIMITIVE SUCCESS: emergency_land
[INFO] [1788011493.429334345] [htn_executor]: HTN RECOVERY RUNNING: safe_terminate
[INFO] [1788011493.632103942] [htn_executor]: HTN PRIMITIVE SUCCESS: safe_terminate
[WARN] [1788011493.635483193] [htn_executor]: ================================
[WARN] [1788011493.638527077] [htn_executor]: MISSION SAFE TERMINATED
[WARN] [1788011493.641548173] [htn_executor]: Reason: BATTERY_CRITICAL
[WARN] [1788011493.644502185] [htn_executor]: ================================
