[INFO] [1788008809.736944821] [htn_executor]: Loading mission: /home/bishal/ros2_ws/install/mission_formalism_evaluation/share/mission_formalism_evaluation/missions/mission_3.yaml
[INFO] [1788008809.900195381] [htn_executor]: ================================
[INFO] [1788008809.900764511] [htn_executor]: HTN Mission Executor
[INFO] [1788008809.901381882] [htn_executor]: Mode: FINAL_SCENARIO_CAPABLE
[INFO] [1788008809.901987771] [htn_executor]: Model: Totally Ordered State-Based HTN
[INFO] [1788008809.902618997] [htn_executor]: Mission ID: M3
[INFO] [1788008809.903240536] [htn_executor]: Mission Name: Zigzag Navigation
[INFO] [1788008809.904270368] [htn_executor]: Mission Items: 102
[INFO] [1788008809.904975956] [htn_executor]: HTN Primitive Operators: 12
[INFO] [1788008809.905653089] [htn_executor]: HTN Compound Tasks: 4
[INFO] [1788008809.906643570] [htn_executor]: HTN Methods: 16
[INFO] [1788008809.907645517] [htn_executor]: Mission Method Applications: 104
[INFO] [1788008809.908549176] [htn_executor]: Generated Primitive Plan: 102
[INFO] [1788008809.909299750] [htn_executor]: ================================
[INFO] [1788008809.930242122] [htn_executor]: HTN PRIMITIVE RUNNING: takeoff
[INFO] [1788008810.132861587] [htn_executor]: HTN PRIMITIVE SUCCESS: takeoff
[INFO] [1788008810.151672135] [htn_executor]: HTN PRIMITIVE RUNNING: navigate [WP1]
[INFO] [1788008810.353290355] [htn_executor]: HTN PRIMITIVE SUCCESS: navigate [WP1]
[INFO] [1788008810.371497054] [htn_executor]: HTN PRIMITIVE RUNNING: navigate [WP2]
[INFO] [1788008810.572688836] [htn_executor]: HTN PRIMITIVE SUCCESS: navigate [WP2]
[INFO] [1788008810.591789028] [htn_executor]: HTN PRIMITIVE RUNNING: navigate [WP3]
[INFO] [1788008810.793831661] [htn_executor]: HTN PRIMITIVE SUCCESS: navigate [WP3]
[INFO] [1788008810.812799005] [htn_executor]: HTN PRIMITIVE RUNNING: navigate [WP4]
[INFO] [1788008811.010677009] [htn_executor]: HTN PRIMITIVE SUCCESS: navigate [WP4]
[INFO] [1788008811.031093398] [htn_executor]: HTN PRIMITIVE RUNNING: navigate [WP5]
[INFO] [1788008811.230402408] [htn_executor]: HTN PRIMITIVE SUCCESS: navigate [WP5]
[INFO] [1788008811.250302906] [htn_executor]: HTN PRIMITIVE RUNNING: navigate [WP6]
[INFO] [1788008811.452561180] [htn_executor]: HTN PRIMITIVE SUCCESS: navigate [WP6]
[INFO] [1788008811.471732800] [htn_executor]: HTN PRIMITIVE RUNNING: navigate [WP7]
[INFO] [1788008811.672573401] [htn_executor]: HTN PRIMITIVE SUCCESS: navigate [WP7]
[INFO] [1788008811.690657583] [htn_executor]: HTN PRIMITIVE RUNNING: navigate [WP8]
[INFO] [1788008811.890670633] [htn_executor]: HTN PRIMITIVE SUCCESS: navigate [WP8]
[INFO] [1788008811.910386483] [htn_executor]: HTN PRIMITIVE RUNNING: navigate [WP9]
[INFO] [1788008812.115185726] [htn_executor]: HTN PRIMITIVE SUCCESS: navigate [WP9]
[INFO] [1788008812.133069992] [htn_executor]: HTN PRIMITIVE RUNNING: navigate [WP10]
[INFO] [1788008812.333762373] [htn_executor]: HTN PRIMITIVE SUCCESS: navigate [WP10]
[INFO] [1788008812.351795508] [htn_executor]: HTN PRIMITIVE RUNNING: navigate [WP11]
[INFO] [1788008812.553208370] [htn_executor]: HTN PRIMITIVE SUCCESS: navigate [WP11]
[INFO] [1788008812.570345778] [htn_executor]: HTN PRIMITIVE RUNNING: navigate [WP12]
[INFO] [1788008812.772497027] [htn_executor]: HTN PRIMITIVE SUCCESS: navigate [WP12]
[INFO] [1788008812.791746404] [htn_executor]: HTN PRIMITIVE RUNNING: navigate [WP13]
[INFO] [1788008812.992292991] [htn_executor]: HTN PRIMITIVE SUCCESS: navigate [WP13]
[INFO] [1788008813.011044441] [htn_executor]: HTN PRIMITIVE RUNNING: navigate [WP14]
[INFO] [1788008813.213709962] [htn_executor]: HTN PRIMITIVE SUCCESS: navigate [WP14]
[INFO] [1788008813.231763867] [htn_executor]: HTN PRIMITIVE RUNNING: navigate [WP15]
[INFO] [1788008813.430387787] [htn_executor]: HTN PRIMITIVE SUCCESS: navigate [WP15]
[INFO] [1788008813.450300952] [htn_executor]: HTN PRIMITIVE RUNNING: navigate [WP16]
[INFO] [1788008813.653041883] [htn_executor]: HTN PRIMITIVE SUCCESS: navigate [WP16]
[INFO] [1788008813.671739205] [htn_executor]: HTN PRIMITIVE RUNNING: navigate [WP17]
[INFO] [1788008813.870706537] [htn_executor]: HTN PRIMITIVE SUCCESS: navigate [WP17]
[INFO] [1788008813.890149487] [htn_executor]: HTN PRIMITIVE RUNNING: navigate [WP18]
[INFO] [1788008814.091866995] [htn_executor]: HTN PRIMITIVE SUCCESS: navigate [WP18]
[INFO] [1788008814.110723042] [htn_executor]: HTN PRIMITIVE RUNNING: navigate [WP19]
[INFO] [1788008814.314311665] [htn_executor]: HTN PRIMITIVE SUCCESS: navigate [WP19]
[INFO] [1788008814.332191518] [htn_executor]: HTN PRIMITIVE RUNNING: navigate [WP20]
[INFO] [1788008814.533627986] [htn_executor]: HTN PRIMITIVE SUCCESS: navigate [WP20]
[INFO] [1788008814.551912569] [htn_executor]: HTN PRIMITIVE RUNNING: navigate [WP21]
[INFO] [1788008814.753875324] [htn_executor]: HTN PRIMITIVE SUCCESS: navigate [WP21]
[INFO] [1788008814.771745437] [htn_executor]: HTN PRIMITIVE RUNNING: navigate [WP22]
[INFO] [1788008814.973930517] [htn_executor]: HTN PRIMITIVE SUCCESS: navigate [WP22]
[INFO] [1788008814.991846000] [htn_executor]: HTN PRIMITIVE RUNNING: navigate [WP23]
[INFO] [1788008815.190803728] [htn_executor]: HTN PRIMITIVE SUCCESS: navigate [WP23]
[INFO] [1788008815.210719080] [htn_executor]: HTN PRIMITIVE RUNNING: navigate [WP24]
[INFO] [1788008815.415773693] [htn_executor]: HTN PRIMITIVE SUCCESS: navigate [WP24]
[INFO] [1788008815.433293011] [htn_executor]: HTN PRIMITIVE RUNNING: navigate [WP25]
[INFO] [1788008815.633182914] [htn_executor]: HTN PRIMITIVE SUCCESS: navigate [WP25]
[INFO] [1788008815.652632733] [htn_executor]: HTN PRIMITIVE RUNNING: navigate [WP26]
[INFO] [1788008815.850668055] [htn_executor]: HTN PRIMITIVE SUCCESS: navigate [WP26]
[INFO] [1788008815.870176522] [htn_executor]: HTN PRIMITIVE RUNNING: navigate [WP27]
[INFO] [1788008816.070945904] [htn_executor]: HTN PRIMITIVE SUCCESS: navigate [WP27]
[INFO] [1788008816.090497246] [htn_executor]: HTN PRIMITIVE RUNNING: navigate [WP28]
[INFO] [1788008816.292831568] [htn_executor]: HTN PRIMITIVE SUCCESS: navigate [WP28]
[INFO] [1788008816.311464396] [htn_executor]: HTN PRIMITIVE RUNNING: navigate [WP29]
[INFO] [1788008816.510767537] [htn_executor]: HTN PRIMITIVE SUCCESS: navigate [WP29]
[INFO] [1788008816.530533291] [htn_executor]: HTN PRIMITIVE RUNNING: navigate [WP30]
[INFO] [1788008816.732623976] [htn_executor]: HTN PRIMITIVE SUCCESS: navigate [WP30]
[INFO] [1788008816.751599960] [htn_executor]: HTN PRIMITIVE RUNNING: navigate [WP31]
[INFO] [1788008816.952631443] [htn_executor]: HTN PRIMITIVE SUCCESS: navigate [WP31]
[INFO] [1788008816.971840903] [htn_executor]: HTN PRIMITIVE RUNNING: navigate [WP32]
[INFO] [1788008817.172677585] [htn_executor]: HTN PRIMITIVE SUCCESS: navigate [WP32]
[INFO] [1788008817.191713812] [htn_executor]: HTN PRIMITIVE RUNNING: navigate [WP33]
[INFO] [1788008817.393588759] [htn_executor]: HTN PRIMITIVE SUCCESS: navigate [WP33]
[INFO] [1788008817.412366963] [htn_executor]: HTN PRIMITIVE RUNNING: navigate [WP34]
[INFO] [1788008817.612928199] [htn_executor]: HTN PRIMITIVE SUCCESS: navigate [WP34]
[INFO] [1788008817.632055843] [htn_executor]: HTN PRIMITIVE RUNNING: navigate [WP35]
[INFO] [1788008817.832887632] [htn_executor]: HTN PRIMITIVE SUCCESS: navigate [WP35]
[INFO] [1788008817.851348058] [htn_executor]: HTN PRIMITIVE RUNNING: navigate [WP36]
[INFO] [1788008818.054266462] [htn_executor]: HTN PRIMITIVE SUCCESS: navigate [WP36]
[INFO] [1788008818.071676112] [htn_executor]: HTN PRIMITIVE RUNNING: navigate [WP37]
[INFO] [1788008818.274079441] [htn_executor]: HTN PRIMITIVE SUCCESS: navigate [WP37]
[INFO] [1788008818.293691112] [htn_executor]: HTN PRIMITIVE RUNNING: navigate [WP38]
[INFO] [1788008818.494428157] [htn_executor]: HTN PRIMITIVE SUCCESS: navigate [WP38]
[INFO] [1788008818.510694602] [htn_executor]: HTN PRIMITIVE RUNNING: navigate [WP39]
[INFO] [1788008818.712815556] [htn_executor]: HTN PRIMITIVE SUCCESS: navigate [WP39]
[INFO] [1788008818.731730411] [htn_executor]: HTN PRIMITIVE RUNNING: navigate [WP40]
[INFO] [1788008818.930914080] [htn_executor]: HTN PRIMITIVE SUCCESS: navigate [WP40]
[INFO] [1788008818.950677788] [htn_executor]: HTN PRIMITIVE RUNNING: navigate [WP41]
[INFO] [1788008819.152974633] [htn_executor]: HTN PRIMITIVE SUCCESS: navigate [WP41]
[INFO] [1788008819.171328563] [htn_executor]: HTN PRIMITIVE RUNNING: navigate [WP42]
[INFO] [1788008819.370905660] [htn_executor]: HTN PRIMITIVE SUCCESS: navigate [WP42]
[INFO] [1788008819.390468715] [htn_executor]: HTN PRIMITIVE RUNNING: navigate [WP43]
[INFO] [1788008819.593917815] [htn_executor]: HTN PRIMITIVE SUCCESS: navigate [WP43]
[INFO] [1788008819.612266611] [htn_executor]: HTN PRIMITIVE RUNNING: navigate [WP44]
[INFO] [1788008819.814154512] [htn_executor]: HTN PRIMITIVE SUCCESS: navigate [WP44]
[INFO] [1788008819.831782250] [htn_executor]: HTN PRIMITIVE RUNNING: navigate [WP45]
[INFO] [1788008820.031626587] [htn_executor]: HTN PRIMITIVE SUCCESS: navigate [WP45]
[INFO] [1788008820.050760635] [htn_executor]: HTN PRIMITIVE RUNNING: navigate [WP46]
[INFO] [1788008820.253177502] [htn_executor]: HTN PRIMITIVE SUCCESS: navigate [WP46]
[INFO] [1788008820.271774754] [htn_executor]: HTN PRIMITIVE RUNNING: navigate [WP47]
[INFO] [1788008820.473828793] [htn_executor]: HTN PRIMITIVE SUCCESS: navigate [WP47]
[INFO] [1788008820.491788737] [htn_executor]: HTN PRIMITIVE RUNNING: navigate [WP48]
[INFO] [1788008820.693982626] [htn_executor]: HTN PRIMITIVE SUCCESS: navigate [WP48]
[INFO] [1788008820.713573064] [htn_executor]: HTN PRIMITIVE RUNNING: navigate [WP49]
[INFO] [1788008820.912744649] [htn_executor]: HTN PRIMITIVE SUCCESS: navigate [WP49]
[INFO] [1788008820.930904595] [htn_executor]: HTN PRIMITIVE RUNNING: navigate [WP50]
[WARN] [1788008820.935489222] [htn_executor]: RUNTIME EVENT RECEIVED: WIND_UNSAFE
[WARN] [1788008820.936503156] [htn_executor]: HTN PAUSED: navigate [WP50]
[WARN] [1788008820.937975923] [htn_executor]: HTN REPLANNING
[WARN] [1788008820.938753650] [htn_executor]: Selected method: m_wind_unsafe
[WARN] [1788008820.939420431] [htn_executor]: Recovery plan: abort_mission -> safe_land -> safe_terminate
[INFO] [1788008820.950916765] [htn_executor]: HTN RECOVERY RUNNING: abort_mission
[INFO] [1788008821.150977087] [htn_executor]: HTN PRIMITIVE SUCCESS: abort_mission
[INFO] [1788008821.170249404] [htn_executor]: HTN RECOVERY RUNNING: safe_land
[INFO] [1788008821.372918609] [htn_executor]: HTN PRIMITIVE SUCCESS: safe_land
[INFO] [1788008821.391284744] [htn_executor]: HTN RECOVERY RUNNING: safe_terminate
[INFO] [1788008821.593641531] [htn_executor]: HTN PRIMITIVE SUCCESS: safe_terminate
[WARN] [1788008821.597554957] [htn_executor]: ================================
[WARN] [1788008821.599862536] [htn_executor]: MISSION SAFE TERMINATED
[WARN] [1788008821.601545453] [htn_executor]: Reason: WIND_UNSAFE
[WARN] [1788008821.603277227] [htn_executor]: ================================
