[INFO] [1786204180.636042905] [fsm_executor]: Loading mission: /home/bishal/ros2_ws/install/mission_formalism_evaluation/share/mission_formalism_evaluation/missions/mission_2.yaml
[INFO] [1786204180.640608006] [fsm_executor]: Mission ID: M2
[INFO] [1786204180.641291656] [fsm_executor]: Mission Name: Branch and Return
[INFO] [1786204180.642049848] [fsm_executor]: Mission Items: 13
[INFO] [1786204180.642937218] [fsm_executor]: FSM States: 18
[INFO] [1786204180.643824265] [fsm_executor]: FSM Transitions: 27
[INFO] [1786204180.644622888] [fsm_executor]: TRANSITION: IDLE --[START]--> TAKEOFF_0
[INFO] [1786204180.645177250] [fsm_executor]: STATE: TAKEOFF_0 | ACTION: TAKEOFF
[INFO] [1786204182.647415444] [fsm_executor]: EVENT: TASK_COMPLETED in TAKEOFF_0
[INFO] [1786204182.650397205] [fsm_executor]: TRANSITION: TAKEOFF_0 --[TASK_COMPLETED]--> NAV_1_WP1
[INFO] [1786204182.652688566] [fsm_executor]: STATE: NAV_1_WP1 | ACTION: NAVIGATE -> WP1
[INFO] [1786204184.648596421] [fsm_executor]: EVENT: TASK_COMPLETED in NAV_1_WP1
[INFO] [1786204184.651574864] [fsm_executor]: TRANSITION: NAV_1_WP1 --[TASK_COMPLETED]--> NAV_2_WP2
[INFO] [1786204184.654689684] [fsm_executor]: STATE: NAV_2_WP2 | ACTION: NAVIGATE -> WP2
[INFO] [1786204186.648683678] [fsm_executor]: EVENT: TASK_COMPLETED in NAV_2_WP2
[INFO] [1786204186.651481966] [fsm_executor]: TRANSITION: NAV_2_WP2 --[TASK_COMPLETED]--> NAV_3_WP1
[INFO] [1786204186.653544482] [fsm_executor]: STATE: NAV_3_WP1 | ACTION: NAVIGATE -> WP1
[INFO] [1786204188.648614172] [fsm_executor]: EVENT: TASK_COMPLETED in NAV_3_WP1
[INFO] [1786204188.651331379] [fsm_executor]: TRANSITION: NAV_3_WP1 --[TASK_COMPLETED]--> NAV_4_WP3
[INFO] [1786204188.653316263] [fsm_executor]: STATE: NAV_4_WP3 | ACTION: NAVIGATE -> WP3
[INFO] [1786204190.649712301] [fsm_executor]: EVENT: TASK_COMPLETED in NAV_4_WP3
[INFO] [1786204190.651628960] [fsm_executor]: TRANSITION: NAV_4_WP3 --[TASK_COMPLETED]--> NAV_5_WP1
[INFO] [1786204190.652999665] [fsm_executor]: STATE: NAV_5_WP1 | ACTION: NAVIGATE -> WP1
[INFO] [1786204192.646897869] [fsm_executor]: EVENT: TASK_COMPLETED in NAV_5_WP1
[INFO] [1786204192.648937946] [fsm_executor]: TRANSITION: NAV_5_WP1 --[TASK_COMPLETED]--> NAV_6_WP4
[INFO] [1786204192.651421490] [fsm_executor]: STATE: NAV_6_WP4 | ACTION: NAVIGATE -> WP4
[WARN] [1786204192.655319732] [fsm_executor]: RUNTIME EVENT RECEIVED: GPS_LOST
[INFO] [1786204192.657556169] [fsm_executor]: TRANSITION: NAV_6_WP4 --[GPS_LOST]--> GPS_RECOVERY
[INFO] [1786204192.658860518] [fsm_executor]: STATE: GPS_RECOVERY | ACTION: WAIT_FOR_GPS_STATUS
[WARN] [1786204227.606719160] [fsm_executor]: RUNTIME EVENT RECEIVED: GPS_AVAILABLE
[INFO] [1786204227.607727842] [fsm_executor]: TRANSITION: GPS_RECOVERY --[GPS_AVAILABLE]--> NAV_6_WP4
[INFO] [1786204227.608745497] [fsm_executor]: GPS recovered. Resuming interrupted mission task.
[INFO] [1786204227.609574871] [fsm_executor]: STATE: NAV_6_WP4 | ACTION: NAVIGATE -> WP4
[INFO] [1786204228.647258436] [fsm_executor]: EVENT: TASK_COMPLETED in NAV_6_WP4
[INFO] [1786204228.650198548] [fsm_executor]: TRANSITION: NAV_6_WP4 --[TASK_COMPLETED]--> NAV_7_WP5
[INFO] [1786204228.653486826] [fsm_executor]: STATE: NAV_7_WP5 | ACTION: NAVIGATE -> WP5
[INFO] [1786204230.645531247] [fsm_executor]: EVENT: TASK_COMPLETED in NAV_7_WP5
[INFO] [1786204230.647102814] [fsm_executor]: TRANSITION: NAV_7_WP5 --[TASK_COMPLETED]--> NAV_8_WP4
[INFO] [1786204230.648991497] [fsm_executor]: STATE: NAV_8_WP4 | ACTION: NAVIGATE -> WP4
[INFO] [1786204232.645143284] [fsm_executor]: EVENT: TASK_COMPLETED in NAV_8_WP4
[INFO] [1786204232.646239698] [fsm_executor]: TRANSITION: NAV_8_WP4 --[TASK_COMPLETED]--> NAV_9_WP6
[INFO] [1786204232.647581689] [fsm_executor]: STATE: NAV_9_WP6 | ACTION: NAVIGATE -> WP6
[INFO] [1786204234.645369035] [fsm_executor]: EVENT: TASK_COMPLETED in NAV_9_WP6
[INFO] [1786204234.646687791] [fsm_executor]: TRANSITION: NAV_9_WP6 --[TASK_COMPLETED]--> NAV_10_WP4
[INFO] [1786204234.648323124] [fsm_executor]: STATE: NAV_10_WP4 | ACTION: NAVIGATE -> WP4
[INFO] [1786204236.645664924] [fsm_executor]: EVENT: TASK_COMPLETED in NAV_10_WP4
[INFO] [1786204236.646741152] [fsm_executor]: TRANSITION: NAV_10_WP4 --[TASK_COMPLETED]--> NAV_11_WP1
[INFO] [1786204236.648066932] [fsm_executor]: STATE: NAV_11_WP1 | ACTION: NAVIGATE -> WP1
[INFO] [1786204238.644769637] [fsm_executor]: EVENT: TASK_COMPLETED in NAV_11_WP1
[INFO] [1786204238.645468711] [fsm_executor]: TRANSITION: NAV_11_WP1 --[TASK_COMPLETED]--> LAND_12
[INFO] [1786204238.646363551] [fsm_executor]: STATE: LAND_12 | ACTION: LAND
[INFO] [1786204240.647584484] [fsm_executor]: EVENT: TASK_COMPLETED in LAND_12
[INFO] [1786204240.649772569] [fsm_executor]: TRANSITION: LAND_12 --[TASK_COMPLETED]--> COMPLETED
[INFO] [1786204240.651633031] [fsm_executor]: STATE: COMPLETED
[INFO] [1786204240.653351497] [fsm_executor]: FSM mission completed successfully.
