[INFO] [1786203953.192263619] [fsm_executor]: Loading mission: /home/bishal/ros2_ws/install/mission_formalism_evaluation/share/mission_formalism_evaluation/missions/mission_2.yaml
[INFO] [1786203953.197937282] [fsm_executor]: Mission ID: M2
[INFO] [1786203953.198706740] [fsm_executor]: Mission Name: Branch and Return
[INFO] [1786203953.199592698] [fsm_executor]: Mission Items: 13
[INFO] [1786203953.200655077] [fsm_executor]: FSM States: 18
[INFO] [1786203953.201763893] [fsm_executor]: FSM Transitions: 27
[INFO] [1786203953.202734818] [fsm_executor]: TRANSITION: IDLE --[START]--> TAKEOFF_0
[INFO] [1786203953.203652692] [fsm_executor]: STATE: TAKEOFF_0 | ACTION: TAKEOFF
[INFO] [1786203955.205899299] [fsm_executor]: EVENT: TASK_COMPLETED in TAKEOFF_0
[INFO] [1786203955.210583461] [fsm_executor]: TRANSITION: TAKEOFF_0 --[TASK_COMPLETED]--> NAV_1_WP1
[INFO] [1786203955.212513259] [fsm_executor]: STATE: NAV_1_WP1 | ACTION: NAVIGATE -> WP1
[INFO] [1786203957.204564176] [fsm_executor]: EVENT: TASK_COMPLETED in NAV_1_WP1
[INFO] [1786203957.206485139] [fsm_executor]: TRANSITION: NAV_1_WP1 --[TASK_COMPLETED]--> NAV_2_WP2
[INFO] [1786203957.208330735] [fsm_executor]: STATE: NAV_2_WP2 | ACTION: NAVIGATE -> WP2
[INFO] [1786203959.203367148] [fsm_executor]: EVENT: TASK_COMPLETED in NAV_2_WP2
[INFO] [1786203959.204159409] [fsm_executor]: TRANSITION: NAV_2_WP2 --[TASK_COMPLETED]--> NAV_3_WP1
[INFO] [1786203959.205014123] [fsm_executor]: STATE: NAV_3_WP1 | ACTION: NAVIGATE -> WP1
[INFO] [1786203961.207126280] [fsm_executor]: EVENT: TASK_COMPLETED in NAV_3_WP1
[INFO] [1786203961.210096011] [fsm_executor]: TRANSITION: NAV_3_WP1 --[TASK_COMPLETED]--> NAV_4_WP3
[INFO] [1786203961.213289641] [fsm_executor]: STATE: NAV_4_WP3 | ACTION: NAVIGATE -> WP3
[INFO] [1786203963.202906325] [fsm_executor]: EVENT: TASK_COMPLETED in NAV_4_WP3
[INFO] [1786203963.203614477] [fsm_executor]: TRANSITION: NAV_4_WP3 --[TASK_COMPLETED]--> NAV_5_WP1
[INFO] [1786203963.204528817] [fsm_executor]: STATE: NAV_5_WP1 | ACTION: NAVIGATE -> WP1
[INFO] [1786203965.204584610] [fsm_executor]: EVENT: TASK_COMPLETED in NAV_5_WP1
[INFO] [1786203965.206507593] [fsm_executor]: TRANSITION: NAV_5_WP1 --[TASK_COMPLETED]--> NAV_6_WP4
[INFO] [1786203965.208968072] [fsm_executor]: STATE: NAV_6_WP4 | ACTION: NAVIGATE -> WP4
[WARN] [1786203965.214605293] [fsm_executor]: RUNTIME EVENT RECEIVED: GPS_LOST
[INFO] [1786203965.217466097] [fsm_executor]: TRANSITION: NAV_6_WP4 --[GPS_LOST]--> GPS_RECOVERY
[INFO] [1786203965.219387403] [fsm_executor]: STATE: GPS_RECOVERY | ACTION: WAIT_FOR_GPS_STATUS
[WARN] [1786203977.202623756] [fsm_executor]: RUNTIME EVENT RECEIVED: GPS_RECOVERY_FAILED
[INFO] [1786203977.204246140] [fsm_executor]: TRANSITION: GPS_RECOVERY --[GPS_RECOVERY_FAILED]--> LAND
[INFO] [1786203977.205099495] [fsm_executor]: STATE: LAND | ACTION: LAND
[INFO] [1786203977.206615569] [fsm_executor]: EVENT: LAND_COMPLETED in LAND
[INFO] [1786203977.207189890] [fsm_executor]: TRANSITION: LAND --[LAND_COMPLETED]--> SAFE_TERMINATED
[INFO] [1786203977.207647124] [fsm_executor]: STATE: SAFE_TERMINATED
[WARN] [1786203977.208346327] [fsm_executor]: FSM mission terminated safely.
[WARN] [1786203977.209698856] [fsm_executor]: Reason: GPS_RECOVERY_FAILED
