[INFO] [1788009796.921207669] [htn_executor]: Loading mission: /home/bishal/ros2_ws/install/mission_formalism_evaluation/share/mission_formalism_evaluation/missions/mission_4.yaml
[INFO] [1788009797.483863159] [htn_executor]: ================================
[INFO] [1788009797.484436522] [htn_executor]: HTN Mission Executor
[INFO] [1788009797.485039528] [htn_executor]: Mode: FINAL_SCENARIO_CAPABLE
[INFO] [1788009797.485621380] [htn_executor]: Model: Totally Ordered State-Based HTN
[INFO] [1788009797.486476878] [htn_executor]: Mission ID: M4
[INFO] [1788009797.487457056] [htn_executor]: Mission Name: Zigzag and Return
[INFO] [1788009797.488652074] [htn_executor]: Mission Items: 201
[INFO] [1788009797.489473479] [htn_executor]: HTN Primitive Operators: 12
[INFO] [1788009797.490168708] [htn_executor]: HTN Compound Tasks: 4
[INFO] [1788009797.491381607] [htn_executor]: HTN Methods: 16
[INFO] [1788009797.492588546] [htn_executor]: Mission Method Applications: 203
[INFO] [1788009797.494112480] [htn_executor]: Generated Primitive Plan: 201
[INFO] [1788009797.495063436] [htn_executor]: ================================
[INFO] [1788009797.515902812] [htn_executor]: HTN PRIMITIVE RUNNING: takeoff
[INFO] [1788009797.717810722] [htn_executor]: HTN PRIMITIVE SUCCESS: takeoff
[INFO] [1788009797.737475895] [htn_executor]: HTN PRIMITIVE RUNNING: navigate [WP1]
[INFO] [1788009797.938393835] [htn_executor]: HTN PRIMITIVE SUCCESS: navigate [WP1]
[INFO] [1788009797.957372213] [htn_executor]: HTN PRIMITIVE RUNNING: navigate [WP2]
[INFO] [1788009798.158555944] [htn_executor]: HTN PRIMITIVE SUCCESS: navigate [WP2]
[INFO] [1788009798.177873704] [htn_executor]: HTN PRIMITIVE RUNNING: navigate [WP3]
[INFO] [1788009798.379641845] [htn_executor]: HTN PRIMITIVE SUCCESS: navigate [WP3]
[INFO] [1788009798.398146034] [htn_executor]: HTN PRIMITIVE RUNNING: navigate [WP4]
[INFO] [1788009798.596605642] [htn_executor]: HTN PRIMITIVE SUCCESS: navigate [WP4]
[INFO] [1788009798.616439433] [htn_executor]: HTN PRIMITIVE RUNNING: navigate [WP5]
[INFO] [1788009798.817089217] [htn_executor]: HTN PRIMITIVE SUCCESS: navigate [WP5]
[INFO] [1788009798.836842888] [htn_executor]: HTN PRIMITIVE RUNNING: navigate [WP6]
[INFO] [1788009799.037901075] [htn_executor]: HTN PRIMITIVE SUCCESS: navigate [WP6]
[INFO] [1788009799.057430997] [htn_executor]: HTN PRIMITIVE RUNNING: navigate [WP7]
[INFO] [1788009799.257711591] [htn_executor]: HTN PRIMITIVE SUCCESS: navigate [WP7]
[INFO] [1788009799.277625990] [htn_executor]: HTN PRIMITIVE RUNNING: navigate [WP8]
[INFO] [1788009799.476705185] [htn_executor]: HTN PRIMITIVE SUCCESS: navigate [WP8]
[INFO] [1788009799.496414977] [htn_executor]: HTN PRIMITIVE RUNNING: navigate [WP9]
[INFO] [1788009799.697114491] [htn_executor]: HTN PRIMITIVE SUCCESS: navigate [WP9]
[INFO] [1788009799.716704521] [htn_executor]: HTN PRIMITIVE RUNNING: navigate [WP10]
[INFO] [1788009799.917176612] [htn_executor]: HTN PRIMITIVE SUCCESS: navigate [WP10]
[INFO] [1788009799.936600309] [htn_executor]: HTN PRIMITIVE RUNNING: navigate [WP11]
[INFO] [1788009800.136360009] [htn_executor]: HTN PRIMITIVE SUCCESS: navigate [WP11]
[INFO] [1788009800.155995398] [htn_executor]: HTN PRIMITIVE RUNNING: navigate [WP12]
[INFO] [1788009800.357867706] [htn_executor]: HTN PRIMITIVE SUCCESS: navigate [WP12]
[INFO] [1788009800.376225832] [htn_executor]: HTN PRIMITIVE RUNNING: navigate [WP13]
[INFO] [1788009800.578503382] [htn_executor]: HTN PRIMITIVE SUCCESS: navigate [WP13]
[INFO] [1788009800.598378585] [htn_executor]: HTN PRIMITIVE RUNNING: navigate [WP14]
[INFO] [1788009800.796473289] [htn_executor]: HTN PRIMITIVE SUCCESS: navigate [WP14]
[INFO] [1788009800.815849987] [htn_executor]: HTN PRIMITIVE RUNNING: navigate [WP15]
[INFO] [1788009801.018002010] [htn_executor]: HTN PRIMITIVE SUCCESS: navigate [WP15]
[INFO] [1788009801.039896606] [htn_executor]: HTN PRIMITIVE RUNNING: navigate [WP16]
[INFO] [1788009801.236359721] [htn_executor]: HTN PRIMITIVE SUCCESS: navigate [WP16]
[INFO] [1788009801.256735653] [htn_executor]: HTN PRIMITIVE RUNNING: navigate [WP17]
[INFO] [1788009801.458300925] [htn_executor]: HTN PRIMITIVE SUCCESS: navigate [WP17]
[INFO] [1788009801.477007840] [htn_executor]: HTN PRIMITIVE RUNNING: navigate [WP18]
[INFO] [1788009801.676237973] [htn_executor]: HTN PRIMITIVE SUCCESS: navigate [WP18]
[INFO] [1788009801.696269745] [htn_executor]: HTN PRIMITIVE RUNNING: navigate [WP19]
[INFO] [1788009801.897235952] [htn_executor]: HTN PRIMITIVE SUCCESS: navigate [WP19]
[INFO] [1788009801.916307154] [htn_executor]: HTN PRIMITIVE RUNNING: navigate [WP20]
[INFO] [1788009802.115948187] [htn_executor]: HTN PRIMITIVE SUCCESS: navigate [WP20]
[INFO] [1788009802.135845650] [htn_executor]: HTN PRIMITIVE RUNNING: navigate [WP21]
[INFO] [1788009802.335954449] [htn_executor]: HTN PRIMITIVE SUCCESS: navigate [WP21]
[INFO] [1788009802.355841870] [htn_executor]: HTN PRIMITIVE RUNNING: navigate [WP22]
[INFO] [1788009802.560785529] [htn_executor]: HTN PRIMITIVE SUCCESS: navigate [WP22]
[INFO] [1788009802.577444068] [htn_executor]: HTN PRIMITIVE RUNNING: navigate [WP23]
[INFO] [1788009802.776123958] [htn_executor]: HTN PRIMITIVE SUCCESS: navigate [WP23]
[INFO] [1788009802.796020030] [htn_executor]: HTN PRIMITIVE RUNNING: navigate [WP24]
[INFO] [1788009802.998090494] [htn_executor]: HTN PRIMITIVE SUCCESS: navigate [WP24]
[INFO] [1788009803.017487669] [htn_executor]: HTN PRIMITIVE RUNNING: navigate [WP25]
[INFO] [1788009803.217886132] [htn_executor]: HTN PRIMITIVE SUCCESS: navigate [WP25]
[INFO] [1788009803.237514269] [htn_executor]: HTN PRIMITIVE RUNNING: navigate [WP26]
[INFO] [1788009803.437960102] [htn_executor]: HTN PRIMITIVE SUCCESS: navigate [WP26]
[INFO] [1788009803.456416165] [htn_executor]: HTN PRIMITIVE RUNNING: navigate [WP27]
[INFO] [1788009803.656616367] [htn_executor]: HTN PRIMITIVE SUCCESS: navigate [WP27]
[INFO] [1788009803.676289370] [htn_executor]: HTN PRIMITIVE RUNNING: navigate [WP28]
[INFO] [1788009803.877966977] [htn_executor]: HTN PRIMITIVE SUCCESS: navigate [WP28]
[INFO] [1788009803.897615142] [htn_executor]: HTN PRIMITIVE RUNNING: navigate [WP29]
[INFO] [1788009804.098571497] [htn_executor]: HTN PRIMITIVE SUCCESS: navigate [WP29]
[INFO] [1788009804.118069553] [htn_executor]: HTN PRIMITIVE RUNNING: navigate [WP30]
[INFO] [1788009804.319752753] [htn_executor]: HTN PRIMITIVE SUCCESS: navigate [WP30]
[INFO] [1788009804.338234671] [htn_executor]: HTN PRIMITIVE RUNNING: navigate [WP31]
[INFO] [1788009804.536937742] [htn_executor]: HTN PRIMITIVE SUCCESS: navigate [WP31]
[INFO] [1788009804.558823356] [htn_executor]: HTN PRIMITIVE RUNNING: navigate [WP32]
[INFO] [1788009804.757980027] [htn_executor]: HTN PRIMITIVE SUCCESS: navigate [WP32]
[INFO] [1788009804.778135203] [htn_executor]: HTN PRIMITIVE RUNNING: navigate [WP33]
[INFO] [1788009804.976023971] [htn_executor]: HTN PRIMITIVE SUCCESS: navigate [WP33]
[INFO] [1788009804.995889543] [htn_executor]: HTN PRIMITIVE RUNNING: navigate [WP34]
[INFO] [1788009805.196711381] [htn_executor]: HTN PRIMITIVE SUCCESS: navigate [WP34]
[INFO] [1788009805.216662839] [htn_executor]: HTN PRIMITIVE RUNNING: navigate [WP35]
[INFO] [1788009805.417683666] [htn_executor]: HTN PRIMITIVE SUCCESS: navigate [WP35]
[INFO] [1788009805.438392298] [htn_executor]: HTN PRIMITIVE RUNNING: navigate [WP36]
[INFO] [1788009805.639655540] [htn_executor]: HTN PRIMITIVE SUCCESS: navigate [WP36]
[INFO] [1788009805.657721906] [htn_executor]: HTN PRIMITIVE RUNNING: navigate [WP37]
[INFO] [1788009805.856521433] [htn_executor]: HTN PRIMITIVE SUCCESS: navigate [WP37]
[INFO] [1788009805.876604768] [htn_executor]: HTN PRIMITIVE RUNNING: navigate [WP38]
[INFO] [1788009806.078840966] [htn_executor]: HTN PRIMITIVE SUCCESS: navigate [WP38]
[INFO] [1788009806.097969825] [htn_executor]: HTN PRIMITIVE RUNNING: navigate [WP39]
[INFO] [1788009806.299513767] [htn_executor]: HTN PRIMITIVE SUCCESS: navigate [WP39]
[INFO] [1788009806.318413280] [htn_executor]: HTN PRIMITIVE RUNNING: navigate [WP40]
[INFO] [1788009806.518373781] [htn_executor]: HTN PRIMITIVE SUCCESS: navigate [WP40]
[INFO] [1788009806.538101359] [htn_executor]: HTN PRIMITIVE RUNNING: navigate [WP41]
[INFO] [1788009806.738919685] [htn_executor]: HTN PRIMITIVE SUCCESS: navigate [WP41]
[INFO] [1788009806.759245926] [htn_executor]: HTN PRIMITIVE RUNNING: navigate [WP42]
[INFO] [1788009806.955952498] [htn_executor]: HTN PRIMITIVE SUCCESS: navigate [WP42]
[INFO] [1788009806.976094411] [htn_executor]: HTN PRIMITIVE RUNNING: navigate [WP43]
[INFO] [1788009807.182225322] [htn_executor]: HTN PRIMITIVE SUCCESS: navigate [WP43]
[INFO] [1788009807.206288883] [htn_executor]: HTN PRIMITIVE RUNNING: navigate [WP44]
[INFO] [1788009807.396569828] [htn_executor]: HTN PRIMITIVE SUCCESS: navigate [WP44]
[INFO] [1788009807.416612663] [htn_executor]: HTN PRIMITIVE RUNNING: navigate [WP45]
[INFO] [1788009807.617325980] [htn_executor]: HTN PRIMITIVE SUCCESS: navigate [WP45]
[INFO] [1788009807.636881408] [htn_executor]: HTN PRIMITIVE RUNNING: navigate [WP46]
[INFO] [1788009807.839827736] [htn_executor]: HTN PRIMITIVE SUCCESS: navigate [WP46]
[INFO] [1788009807.857558352] [htn_executor]: HTN PRIMITIVE RUNNING: navigate [WP47]
[INFO] [1788009808.057978012] [htn_executor]: HTN PRIMITIVE SUCCESS: navigate [WP47]
[INFO] [1788009808.077897419] [htn_executor]: HTN PRIMITIVE RUNNING: navigate [WP48]
[INFO] [1788009808.280102756] [htn_executor]: HTN PRIMITIVE SUCCESS: navigate [WP48]
[INFO] [1788009808.299584598] [htn_executor]: HTN PRIMITIVE RUNNING: navigate [WP49]
[INFO] [1788009808.497266322] [htn_executor]: HTN PRIMITIVE SUCCESS: navigate [WP49]
[INFO] [1788009808.516483627] [htn_executor]: HTN PRIMITIVE RUNNING: navigate [WP50]
[INFO] [1788009808.717218876] [htn_executor]: HTN PRIMITIVE SUCCESS: navigate [WP50]
[INFO] [1788009808.736591273] [htn_executor]: HTN PRIMITIVE RUNNING: navigate [WP51]
[INFO] [1788009808.936138473] [htn_executor]: HTN PRIMITIVE SUCCESS: navigate [WP51]
[INFO] [1788009808.956548905] [htn_executor]: HTN PRIMITIVE RUNNING: navigate [WP52]
[INFO] [1788009809.157612054] [htn_executor]: HTN PRIMITIVE SUCCESS: navigate [WP52]
[INFO] [1788009809.176444493] [htn_executor]: HTN PRIMITIVE RUNNING: navigate [WP53]
[INFO] [1788009809.376804807] [htn_executor]: HTN PRIMITIVE SUCCESS: navigate [WP53]
[INFO] [1788009809.396991919] [htn_executor]: HTN PRIMITIVE RUNNING: navigate [WP54]
[INFO] [1788009809.597965975] [htn_executor]: HTN PRIMITIVE SUCCESS: navigate [WP54]
[INFO] [1788009809.617489131] [htn_executor]: HTN PRIMITIVE RUNNING: navigate [WP55]
[INFO] [1788009809.817878053] [htn_executor]: HTN PRIMITIVE SUCCESS: navigate [WP55]
[INFO] [1788009809.837644796] [htn_executor]: HTN PRIMITIVE RUNNING: navigate [WP56]
[INFO] [1788009810.036911287] [htn_executor]: HTN PRIMITIVE SUCCESS: navigate [WP56]
[INFO] [1788009810.057199582] [htn_executor]: HTN PRIMITIVE RUNNING: navigate [WP57]
[INFO] [1788009810.257849531] [htn_executor]: HTN PRIMITIVE SUCCESS: navigate [WP57]
[INFO] [1788009810.276949901] [htn_executor]: HTN PRIMITIVE RUNNING: navigate [WP58]
[INFO] [1788009810.478184615] [htn_executor]: HTN PRIMITIVE SUCCESS: navigate [WP58]
[INFO] [1788009810.497218031] [htn_executor]: HTN PRIMITIVE RUNNING: navigate [WP59]
[INFO] [1788009810.697867489] [htn_executor]: HTN PRIMITIVE SUCCESS: navigate [WP59]
[INFO] [1788009810.717561948] [htn_executor]: HTN PRIMITIVE RUNNING: navigate [WP60]
[INFO] [1788009810.916195168] [htn_executor]: HTN PRIMITIVE SUCCESS: navigate [WP60]
[INFO] [1788009810.936306692] [htn_executor]: HTN PRIMITIVE RUNNING: navigate [WP61]
[INFO] [1788009811.139718608] [htn_executor]: HTN PRIMITIVE SUCCESS: navigate [WP61]
[INFO] [1788009811.157499276] [htn_executor]: HTN PRIMITIVE RUNNING: navigate [WP62]
[INFO] [1788009811.358262338] [htn_executor]: HTN PRIMITIVE SUCCESS: navigate [WP62]
[INFO] [1788009811.381530483] [htn_executor]: HTN PRIMITIVE RUNNING: navigate [WP63]
[INFO] [1788009811.577585838] [htn_executor]: HTN PRIMITIVE SUCCESS: navigate [WP63]
[INFO] [1788009811.596775043] [htn_executor]: HTN PRIMITIVE RUNNING: navigate [WP64]
[INFO] [1788009811.797856944] [htn_executor]: HTN PRIMITIVE SUCCESS: navigate [WP64]
[INFO] [1788009811.816840960] [htn_executor]: HTN PRIMITIVE RUNNING: navigate [WP65]
[INFO] [1788009812.017462610] [htn_executor]: HTN PRIMITIVE SUCCESS: navigate [WP65]
[INFO] [1788009812.036706969] [htn_executor]: HTN PRIMITIVE RUNNING: navigate [WP66]
[INFO] [1788009812.238634721] [htn_executor]: HTN PRIMITIVE SUCCESS: navigate [WP66]
[INFO] [1788009812.256921046] [htn_executor]: HTN PRIMITIVE RUNNING: navigate [WP67]
[INFO] [1788009812.457890449] [htn_executor]: HTN PRIMITIVE SUCCESS: navigate [WP67]
[INFO] [1788009812.479196265] [htn_executor]: HTN PRIMITIVE RUNNING: navigate [WP68]
[INFO] [1788009812.679489014] [htn_executor]: HTN PRIMITIVE SUCCESS: navigate [WP68]
[INFO] [1788009812.697715435] [htn_executor]: HTN PRIMITIVE RUNNING: navigate [WP69]
[INFO] [1788009812.899933370] [htn_executor]: HTN PRIMITIVE SUCCESS: navigate [WP69]
[INFO] [1788009812.918206552] [htn_executor]: HTN PRIMITIVE RUNNING: navigate [WP70]
[INFO] [1788009813.117034376] [htn_executor]: HTN PRIMITIVE SUCCESS: navigate [WP70]
[INFO] [1788009813.136766984] [htn_executor]: HTN PRIMITIVE RUNNING: navigate [WP71]
[INFO] [1788009813.338108002] [htn_executor]: HTN PRIMITIVE SUCCESS: navigate [WP71]
[INFO] [1788009813.357563235] [htn_executor]: HTN PRIMITIVE RUNNING: navigate [WP72]
[INFO] [1788009813.558087935] [htn_executor]: HTN PRIMITIVE SUCCESS: navigate [WP72]
[INFO] [1788009813.577901224] [htn_executor]: HTN PRIMITIVE RUNNING: navigate [WP73]
[INFO] [1788009813.778537788] [htn_executor]: HTN PRIMITIVE SUCCESS: navigate [WP73]
[INFO] [1788009813.798492290] [htn_executor]: HTN PRIMITIVE RUNNING: navigate [WP74]
[INFO] [1788009813.997826857] [htn_executor]: HTN PRIMITIVE SUCCESS: navigate [WP74]
[INFO] [1788009814.017527383] [htn_executor]: HTN PRIMITIVE RUNNING: navigate [WP75]
[INFO] [1788009814.217915025] [htn_executor]: HTN PRIMITIVE SUCCESS: navigate [WP75]
[INFO] [1788009814.237498329] [htn_executor]: HTN PRIMITIVE RUNNING: navigate [WP76]
[INFO] [1788009814.438053486] [htn_executor]: HTN PRIMITIVE SUCCESS: navigate [WP76]
[INFO] [1788009814.457521721] [htn_executor]: HTN PRIMITIVE RUNNING: navigate [WP77]
[INFO] [1788009814.658259027] [htn_executor]: HTN PRIMITIVE SUCCESS: navigate [WP77]
[INFO] [1788009814.677194194] [htn_executor]: HTN PRIMITIVE RUNNING: navigate [WP78]
[INFO] [1788009814.878474298] [htn_executor]: HTN PRIMITIVE SUCCESS: navigate [WP78]
[INFO] [1788009814.896950581] [htn_executor]: HTN PRIMITIVE RUNNING: navigate [WP79]
[INFO] [1788009815.097824974] [htn_executor]: HTN PRIMITIVE SUCCESS: navigate [WP79]
[INFO] [1788009815.117588315] [htn_executor]: HTN PRIMITIVE RUNNING: navigate [WP80]
[INFO] [1788009815.317885718] [htn_executor]: HTN PRIMITIVE SUCCESS: navigate [WP80]
[INFO] [1788009815.337569183] [htn_executor]: HTN PRIMITIVE RUNNING: navigate [WP81]
[INFO] [1788009815.538088862] [htn_executor]: HTN PRIMITIVE SUCCESS: navigate [WP81]
[INFO] [1788009815.557497451] [htn_executor]: HTN PRIMITIVE RUNNING: navigate [WP82]
[INFO] [1788009815.758008679] [htn_executor]: HTN PRIMITIVE SUCCESS: navigate [WP82]
[INFO] [1788009815.777947979] [htn_executor]: HTN PRIMITIVE RUNNING: navigate [WP83]
[INFO] [1788009815.980282701] [htn_executor]: HTN PRIMITIVE SUCCESS: navigate [WP83]
[INFO] [1788009815.998250065] [htn_executor]: HTN PRIMITIVE RUNNING: navigate [WP84]
[INFO] [1788009816.198441341] [htn_executor]: HTN PRIMITIVE SUCCESS: navigate [WP84]
[INFO] [1788009816.217708603] [htn_executor]: HTN PRIMITIVE RUNNING: navigate [WP85]
[INFO] [1788009816.417940209] [htn_executor]: HTN PRIMITIVE SUCCESS: navigate [WP85]
[INFO] [1788009816.437561605] [htn_executor]: HTN PRIMITIVE RUNNING: navigate [WP86]
[INFO] [1788009816.637957722] [htn_executor]: HTN PRIMITIVE SUCCESS: navigate [WP86]
[INFO] [1788009816.658976798] [htn_executor]: HTN PRIMITIVE RUNNING: navigate [WP87]
[INFO] [1788009816.858444604] [htn_executor]: HTN PRIMITIVE SUCCESS: navigate [WP87]
[INFO] [1788009816.876799669] [htn_executor]: HTN PRIMITIVE RUNNING: navigate [WP88]
[INFO] [1788009817.079360162] [htn_executor]: HTN PRIMITIVE SUCCESS: navigate [WP88]
[INFO] [1788009817.096907223] [htn_executor]: HTN PRIMITIVE RUNNING: navigate [WP89]
[INFO] [1788009817.297069862] [htn_executor]: HTN PRIMITIVE SUCCESS: navigate [WP89]
[INFO] [1788009817.316755654] [htn_executor]: HTN PRIMITIVE RUNNING: navigate [WP90]
[INFO] [1788009817.517898955] [htn_executor]: HTN PRIMITIVE SUCCESS: navigate [WP90]
[INFO] [1788009817.537505584] [htn_executor]: HTN PRIMITIVE RUNNING: navigate [WP91]
[INFO] [1788009817.737896405] [htn_executor]: HTN PRIMITIVE SUCCESS: navigate [WP91]
[INFO] [1788009817.757442084] [htn_executor]: HTN PRIMITIVE RUNNING: navigate [WP92]
[INFO] [1788009817.958073568] [htn_executor]: HTN PRIMITIVE SUCCESS: navigate [WP92]
[INFO] [1788009817.977975769] [htn_executor]: HTN PRIMITIVE RUNNING: navigate [WP93]
[INFO] [1788009818.178385435] [htn_executor]: HTN PRIMITIVE SUCCESS: navigate [WP93]
[INFO] [1788009818.197682225] [htn_executor]: HTN PRIMITIVE RUNNING: navigate [WP94]
[INFO] [1788009818.397817659] [htn_executor]: HTN PRIMITIVE SUCCESS: navigate [WP94]
[INFO] [1788009818.417762332] [htn_executor]: HTN PRIMITIVE RUNNING: navigate [WP95]
[INFO] [1788009818.617890977] [htn_executor]: HTN PRIMITIVE SUCCESS: navigate [WP95]
[INFO] [1788009818.637664880] [htn_executor]: HTN PRIMITIVE RUNNING: navigate [WP96]
[INFO] [1788009818.838048192] [htn_executor]: HTN PRIMITIVE SUCCESS: navigate [WP96]
[INFO] [1788009818.856084618] [htn_executor]: HTN PRIMITIVE RUNNING: navigate [WP97]
[INFO] [1788009819.058007092] [htn_executor]: HTN PRIMITIVE SUCCESS: navigate [WP97]
[INFO] [1788009819.078878815] [htn_executor]: HTN PRIMITIVE RUNNING: navigate [WP98]
[INFO] [1788009819.278384145] [htn_executor]: HTN PRIMITIVE SUCCESS: navigate [WP98]
[INFO] [1788009819.298969764] [htn_executor]: HTN PRIMITIVE RUNNING: navigate [WP99]
[INFO] [1788009819.499441180] [htn_executor]: HTN PRIMITIVE SUCCESS: navigate [WP99]
[INFO] [1788009819.517550230] [htn_executor]: HTN PRIMITIVE RUNNING: navigate [WP100]
[INFO] [1788009819.717904908] [htn_executor]: HTN PRIMITIVE SUCCESS: navigate [WP100]
[INFO] [1788009819.737490491] [htn_executor]: HTN PRIMITIVE RUNNING: navigate [WP99]
[INFO] [1788009819.936889657] [htn_executor]: HTN PRIMITIVE SUCCESS: navigate [WP99]
[INFO] [1788009819.956647913] [htn_executor]: HTN PRIMITIVE RUNNING: navigate [WP98]
[INFO] [1788009820.158317189] [htn_executor]: HTN PRIMITIVE SUCCESS: navigate [WP98]
[INFO] [1788009820.178334825] [htn_executor]: HTN PRIMITIVE RUNNING: navigate [WP97]
[INFO] [1788009820.379743002] [htn_executor]: HTN PRIMITIVE SUCCESS: navigate [WP97]
[INFO] [1788009820.398265148] [htn_executor]: HTN PRIMITIVE RUNNING: navigate [WP96]
[INFO] [1788009820.597800955] [htn_executor]: HTN PRIMITIVE SUCCESS: navigate [WP96]
[INFO] [1788009820.617441260] [htn_executor]: HTN PRIMITIVE RUNNING: navigate [WP95]
[INFO] [1788009820.818480294] [htn_executor]: HTN PRIMITIVE SUCCESS: navigate [WP95]
[INFO] [1788009820.837709177] [htn_executor]: HTN PRIMITIVE RUNNING: navigate [WP94]
[INFO] [1788009821.037886853] [htn_executor]: HTN PRIMITIVE SUCCESS: navigate [WP94]
[INFO] [1788009821.057589994] [htn_executor]: HTN PRIMITIVE RUNNING: navigate [WP93]
[INFO] [1788009821.257797679] [htn_executor]: HTN PRIMITIVE SUCCESS: navigate [WP93]
[INFO] [1788009821.277895016] [htn_executor]: HTN PRIMITIVE RUNNING: navigate [WP92]
[INFO] [1788009821.478527071] [htn_executor]: HTN PRIMITIVE SUCCESS: navigate [WP92]
[INFO] [1788009821.498233978] [htn_executor]: HTN PRIMITIVE RUNNING: navigate [WP91]
[INFO] [1788009821.698471410] [htn_executor]: HTN PRIMITIVE SUCCESS: navigate [WP91]
[INFO] [1788009821.717459389] [htn_executor]: HTN PRIMITIVE RUNNING: navigate [WP90]
[INFO] [1788009821.916511783] [htn_executor]: HTN PRIMITIVE SUCCESS: navigate [WP90]
[INFO] [1788009821.936843903] [htn_executor]: HTN PRIMITIVE RUNNING: navigate [WP89]
[INFO] [1788009822.138149376] [htn_executor]: HTN PRIMITIVE SUCCESS: navigate [WP89]
[INFO] [1788009822.157554574] [htn_executor]: HTN PRIMITIVE RUNNING: navigate [WP88]
[INFO] [1788009822.358071663] [htn_executor]: HTN PRIMITIVE SUCCESS: navigate [WP88]
[INFO] [1788009822.379286815] [htn_executor]: HTN PRIMITIVE RUNNING: navigate [WP87]
[INFO] [1788009822.578826037] [htn_executor]: HTN PRIMITIVE SUCCESS: navigate [WP87]
[INFO] [1788009822.597664370] [htn_executor]: HTN PRIMITIVE RUNNING: navigate [WP86]
[INFO] [1788009822.798592785] [htn_executor]: HTN PRIMITIVE SUCCESS: navigate [WP86]
[INFO] [1788009822.817732832] [htn_executor]: HTN PRIMITIVE RUNNING: navigate [WP85]
[INFO] [1788009823.018197570] [htn_executor]: HTN PRIMITIVE SUCCESS: navigate [WP85]
[INFO] [1788009823.036211913] [htn_executor]: HTN PRIMITIVE RUNNING: navigate [WP84]
[INFO] [1788009823.237983197] [htn_executor]: HTN PRIMITIVE SUCCESS: navigate [WP84]
[INFO] [1788009823.257810382] [htn_executor]: HTN PRIMITIVE RUNNING: navigate [WP83]
[INFO] [1788009823.459725238] [htn_executor]: HTN PRIMITIVE SUCCESS: navigate [WP83]
[INFO] [1788009823.479745447] [htn_executor]: HTN PRIMITIVE RUNNING: navigate [WP82]
[INFO] [1788009823.678476990] [htn_executor]: HTN PRIMITIVE SUCCESS: navigate [WP82]
[INFO] [1788009823.697592242] [htn_executor]: HTN PRIMITIVE RUNNING: navigate [WP81]
[INFO] [1788009823.897876383] [htn_executor]: HTN PRIMITIVE SUCCESS: navigate [WP81]
[INFO] [1788009823.917436384] [htn_executor]: HTN PRIMITIVE RUNNING: navigate [WP80]
[INFO] [1788009824.117907175] [htn_executor]: HTN PRIMITIVE SUCCESS: navigate [WP80]
[INFO] [1788009824.137493429] [htn_executor]: HTN PRIMITIVE RUNNING: navigate [WP79]
[INFO] [1788009824.337832011] [htn_executor]: HTN PRIMITIVE SUCCESS: navigate [WP79]
[INFO] [1788009824.356290199] [htn_executor]: HTN PRIMITIVE RUNNING: navigate [WP78]
[INFO] [1788009824.558437724] [htn_executor]: HTN PRIMITIVE SUCCESS: navigate [WP78]
[INFO] [1788009824.577691576] [htn_executor]: HTN PRIMITIVE RUNNING: navigate [WP77]
[INFO] [1788009824.778168240] [htn_executor]: HTN PRIMITIVE SUCCESS: navigate [WP77]
[INFO] [1788009824.798431885] [htn_executor]: HTN PRIMITIVE RUNNING: navigate [WP76]
[INFO] [1788009824.999075814] [htn_executor]: HTN PRIMITIVE SUCCESS: navigate [WP76]
[INFO] [1788009825.019364111] [htn_executor]: HTN PRIMITIVE RUNNING: navigate [WP75]
[INFO] [1788009825.219833547] [htn_executor]: HTN PRIMITIVE SUCCESS: navigate [WP75]
[INFO] [1788009825.236373176] [htn_executor]: HTN PRIMITIVE RUNNING: navigate [WP74]
[INFO] [1788009825.438584881] [htn_executor]: HTN PRIMITIVE SUCCESS: navigate [WP74]
[INFO] [1788009825.456609963] [htn_executor]: HTN PRIMITIVE RUNNING: navigate [WP73]
[INFO] [1788009825.658083772] [htn_executor]: HTN PRIMITIVE SUCCESS: navigate [WP73]
[INFO] [1788009825.679416868] [htn_executor]: HTN PRIMITIVE RUNNING: navigate [WP72]
[INFO] [1788009825.878206898] [htn_executor]: HTN PRIMITIVE SUCCESS: navigate [WP72]
[INFO] [1788009825.898241262] [htn_executor]: HTN PRIMITIVE RUNNING: navigate [WP71]
[INFO] [1788009826.098425255] [htn_executor]: HTN PRIMITIVE SUCCESS: navigate [WP71]
[INFO] [1788009826.117442705] [htn_executor]: HTN PRIMITIVE RUNNING: navigate [WP70]
[INFO] [1788009826.317910928] [htn_executor]: HTN PRIMITIVE SUCCESS: navigate [WP70]
[INFO] [1788009826.337553474] [htn_executor]: HTN PRIMITIVE RUNNING: navigate [WP69]
[INFO] [1788009826.537868727] [htn_executor]: HTN PRIMITIVE SUCCESS: navigate [WP69]
[INFO] [1788009826.560218468] [htn_executor]: HTN PRIMITIVE RUNNING: navigate [WP68]
[INFO] [1788009826.758039115] [htn_executor]: HTN PRIMITIVE SUCCESS: navigate [WP68]
[INFO] [1788009826.778680836] [htn_executor]: HTN PRIMITIVE RUNNING: navigate [WP67]
[INFO] [1788009826.978374258] [htn_executor]: HTN PRIMITIVE SUCCESS: navigate [WP67]
[INFO] [1788009826.997564111] [htn_executor]: HTN PRIMITIVE RUNNING: navigate [WP66]
[INFO] [1788009827.197983627] [htn_executor]: HTN PRIMITIVE SUCCESS: navigate [WP66]
[INFO] [1788009827.217546251] [htn_executor]: HTN PRIMITIVE RUNNING: navigate [WP65]
[INFO] [1788009827.417883978] [htn_executor]: HTN PRIMITIVE SUCCESS: navigate [WP65]
[INFO] [1788009827.437508555] [htn_executor]: HTN PRIMITIVE RUNNING: navigate [WP64]
[INFO] [1788009827.637999328] [htn_executor]: HTN PRIMITIVE SUCCESS: navigate [WP64]
[INFO] [1788009827.657561307] [htn_executor]: HTN PRIMITIVE RUNNING: navigate [WP63]
[INFO] [1788009827.857899096] [htn_executor]: HTN PRIMITIVE SUCCESS: navigate [WP63]
[INFO] [1788009827.878958055] [htn_executor]: HTN PRIMITIVE RUNNING: navigate [WP62]
[INFO] [1788009828.078343463] [htn_executor]: HTN PRIMITIVE SUCCESS: navigate [WP62]
[INFO] [1788009828.097639314] [htn_executor]: HTN PRIMITIVE RUNNING: navigate [WP61]
[INFO] [1788009828.297910450] [htn_executor]: HTN PRIMITIVE SUCCESS: navigate [WP61]
[INFO] [1788009828.317948926] [htn_executor]: HTN PRIMITIVE RUNNING: navigate [WP60]
[INFO] [1788009828.519497974] [htn_executor]: HTN PRIMITIVE SUCCESS: navigate [WP60]
[INFO] [1788009828.536938746] [htn_executor]: HTN PRIMITIVE RUNNING: navigate [WP59]
[INFO] [1788009828.737212719] [htn_executor]: HTN PRIMITIVE SUCCESS: navigate [WP59]
[INFO] [1788009828.756711265] [htn_executor]: HTN PRIMITIVE RUNNING: navigate [WP58]
[INFO] [1788009828.957842104] [htn_executor]: HTN PRIMITIVE SUCCESS: navigate [WP58]
[INFO] [1788009828.978077959] [htn_executor]: HTN PRIMITIVE RUNNING: navigate [WP57]
[INFO] [1788009829.177429920] [htn_executor]: HTN PRIMITIVE SUCCESS: navigate [WP57]
[INFO] [1788009829.196813434] [htn_executor]: HTN PRIMITIVE RUNNING: navigate [WP56]
[INFO] [1788009829.398490906] [htn_executor]: HTN PRIMITIVE SUCCESS: navigate [WP56]
[INFO] [1788009829.417569817] [htn_executor]: HTN PRIMITIVE RUNNING: navigate [WP55]
[INFO] [1788009829.618217136] [htn_executor]: HTN PRIMITIVE SUCCESS: navigate [WP55]
[INFO] [1788009829.637455250] [htn_executor]: HTN PRIMITIVE RUNNING: navigate [WP54]
[INFO] [1788009829.836322944] [htn_executor]: HTN PRIMITIVE SUCCESS: navigate [WP54]
[INFO] [1788009829.856041940] [htn_executor]: HTN PRIMITIVE RUNNING: navigate [WP53]
[INFO] [1788009830.058030721] [htn_executor]: HTN PRIMITIVE SUCCESS: navigate [WP53]
[INFO] [1788009830.078860348] [htn_executor]: HTN PRIMITIVE RUNNING: navigate [WP52]
[INFO] [1788009830.278438523] [htn_executor]: HTN PRIMITIVE SUCCESS: navigate [WP52]
[INFO] [1788009830.297655094] [htn_executor]: HTN PRIMITIVE RUNNING: navigate [WP51]
[INFO] [1788009830.497458448] [htn_executor]: HTN PRIMITIVE SUCCESS: navigate [WP51]
[INFO] [1788009830.516532989] [htn_executor]: HTN PRIMITIVE RUNNING: navigate [WP50]
[INFO] [1788009830.718214054] [htn_executor]: HTN PRIMITIVE SUCCESS: navigate [WP50]
[INFO] [1788009830.737453827] [htn_executor]: HTN PRIMITIVE RUNNING: navigate [WP49]
[INFO] [1788009830.937857405] [htn_executor]: HTN PRIMITIVE SUCCESS: navigate [WP49]
[INFO] [1788009830.957454633] [htn_executor]: HTN PRIMITIVE RUNNING: navigate [WP48]
[INFO] [1788009831.158334596] [htn_executor]: HTN PRIMITIVE SUCCESS: navigate [WP48]
[INFO] [1788009831.177483074] [htn_executor]: HTN PRIMITIVE RUNNING: navigate [WP47]
[INFO] [1788009831.378232106] [htn_executor]: HTN PRIMITIVE SUCCESS: navigate [WP47]
[INFO] [1788009831.396964954] [htn_executor]: HTN PRIMITIVE RUNNING: navigate [WP46]
[INFO] [1788009831.597066298] [htn_executor]: HTN PRIMITIVE SUCCESS: navigate [WP46]
[INFO] [1788009831.616764495] [htn_executor]: HTN PRIMITIVE RUNNING: navigate [WP45]
[INFO] [1788009831.817985252] [htn_executor]: HTN PRIMITIVE SUCCESS: navigate [WP45]
[INFO] [1788009831.837489055] [htn_executor]: HTN PRIMITIVE RUNNING: navigate [WP44]
[INFO] [1788009832.037880365] [htn_executor]: HTN PRIMITIVE SUCCESS: navigate [WP44]
[INFO] [1788009832.057503558] [htn_executor]: HTN PRIMITIVE RUNNING: navigate [WP43]
[INFO] [1788009832.257823109] [htn_executor]: HTN PRIMITIVE SUCCESS: navigate [WP43]
[INFO] [1788009832.277810144] [htn_executor]: HTN PRIMITIVE RUNNING: navigate [WP42]
[INFO] [1788009832.483441084] [htn_executor]: HTN PRIMITIVE SUCCESS: navigate [WP42]
[INFO] [1788009832.502557521] [htn_executor]: HTN PRIMITIVE RUNNING: navigate [WP41]
[INFO] [1788009832.698617191] [htn_executor]: HTN PRIMITIVE SUCCESS: navigate [WP41]
[INFO] [1788009832.717458274] [htn_executor]: HTN PRIMITIVE RUNNING: navigate [WP40]
[INFO] [1788009832.919472571] [htn_executor]: HTN PRIMITIVE SUCCESS: navigate [WP40]
[INFO] [1788009832.936957059] [htn_executor]: HTN PRIMITIVE RUNNING: navigate [WP39]
[INFO] [1788009833.138225239] [htn_executor]: HTN PRIMITIVE SUCCESS: navigate [WP39]
[INFO] [1788009833.157449823] [htn_executor]: HTN PRIMITIVE RUNNING: navigate [WP38]
[INFO] [1788009833.359073481] [htn_executor]: HTN PRIMITIVE SUCCESS: navigate [WP38]
[INFO] [1788009833.378301706] [htn_executor]: HTN PRIMITIVE RUNNING: navigate [WP37]
[INFO] [1788009833.578390229] [htn_executor]: HTN PRIMITIVE SUCCESS: navigate [WP37]
[INFO] [1788009833.599041363] [htn_executor]: HTN PRIMITIVE RUNNING: navigate [WP36]
[INFO] [1788009833.797097503] [htn_executor]: HTN PRIMITIVE SUCCESS: navigate [WP36]
[INFO] [1788009833.816699052] [htn_executor]: HTN PRIMITIVE RUNNING: navigate [WP35]
[INFO] [1788009834.018089664] [htn_executor]: HTN PRIMITIVE SUCCESS: navigate [WP35]
[INFO] [1788009834.035887114] [htn_executor]: HTN PRIMITIVE RUNNING: navigate [WP34]
[INFO] [1788009834.237062063] [htn_executor]: HTN PRIMITIVE SUCCESS: navigate [WP34]
[INFO] [1788009834.260956689] [htn_executor]: HTN PRIMITIVE RUNNING: navigate [WP33]
[INFO] [1788009834.457838969] [htn_executor]: HTN PRIMITIVE SUCCESS: navigate [WP33]
[INFO] [1788009834.478387498] [htn_executor]: HTN PRIMITIVE RUNNING: navigate [WP32]
[INFO] [1788009834.678101793] [htn_executor]: HTN PRIMITIVE SUCCESS: navigate [WP32]
[INFO] [1788009834.698264353] [htn_executor]: HTN PRIMITIVE RUNNING: navigate [WP31]
[INFO] [1788009834.895950140] [htn_executor]: HTN PRIMITIVE SUCCESS: navigate [WP31]
[INFO] [1788009834.915835005] [htn_executor]: HTN PRIMITIVE RUNNING: navigate [WP30]
[INFO] [1788009835.117942816] [htn_executor]: HTN PRIMITIVE SUCCESS: navigate [WP30]
[INFO] [1788009835.137539675] [htn_executor]: HTN PRIMITIVE RUNNING: navigate [WP29]
[INFO] [1788009835.336604716] [htn_executor]: HTN PRIMITIVE SUCCESS: navigate [WP29]
[INFO] [1788009835.356247940] [htn_executor]: HTN PRIMITIVE RUNNING: navigate [WP28]
[INFO] [1788009835.557923479] [htn_executor]: HTN PRIMITIVE SUCCESS: navigate [WP28]
[INFO] [1788009835.577768458] [htn_executor]: HTN PRIMITIVE RUNNING: navigate [WP27]
[INFO] [1788009835.778478647] [htn_executor]: HTN PRIMITIVE SUCCESS: navigate [WP27]
[INFO] [1788009835.799246801] [htn_executor]: HTN PRIMITIVE RUNNING: navigate [WP26]
[INFO] [1788009835.997288668] [htn_executor]: HTN PRIMITIVE SUCCESS: navigate [WP26]
[INFO] [1788009836.016441097] [htn_executor]: HTN PRIMITIVE RUNNING: navigate [WP25]
[INFO] [1788009836.216751252] [htn_executor]: HTN PRIMITIVE SUCCESS: navigate [WP25]
[INFO] [1788009836.236754198] [htn_executor]: HTN PRIMITIVE RUNNING: navigate [WP24]
[INFO] [1788009836.437860036] [htn_executor]: HTN PRIMITIVE SUCCESS: navigate [WP24]
[INFO] [1788009836.457755734] [htn_executor]: HTN PRIMITIVE RUNNING: navigate [WP23]
[INFO] [1788009836.657813623] [htn_executor]: HTN PRIMITIVE SUCCESS: navigate [WP23]
[INFO] [1788009836.679190602] [htn_executor]: HTN PRIMITIVE RUNNING: navigate [WP22]
[INFO] [1788009836.876111556] [htn_executor]: HTN PRIMITIVE SUCCESS: navigate [WP22]
[INFO] [1788009836.895830155] [htn_executor]: HTN PRIMITIVE RUNNING: navigate [WP21]
[INFO] [1788009837.098542689] [htn_executor]: HTN PRIMITIVE SUCCESS: navigate [WP21]
[INFO] [1788009837.117508644] [htn_executor]: HTN PRIMITIVE RUNNING: navigate [WP20]
[INFO] [1788009837.315945560] [htn_executor]: HTN PRIMITIVE SUCCESS: navigate [WP20]
[INFO] [1788009837.335842487] [htn_executor]: HTN PRIMITIVE RUNNING: navigate [WP19]
[INFO] [1788009837.537854579] [htn_executor]: HTN PRIMITIVE SUCCESS: navigate [WP19]
[INFO] [1788009837.556844701] [htn_executor]: HTN PRIMITIVE RUNNING: navigate [WP18]
[INFO] [1788009837.759491080] [htn_executor]: HTN PRIMITIVE SUCCESS: navigate [WP18]
[INFO] [1788009837.778673478] [htn_executor]: HTN PRIMITIVE RUNNING: navigate [WP17]
[INFO] [1788009837.976504318] [htn_executor]: HTN PRIMITIVE SUCCESS: navigate [WP17]
[INFO] [1788009837.998589170] [htn_executor]: HTN PRIMITIVE RUNNING: navigate [WP16]
[INFO] [1788009838.197796192] [htn_executor]: HTN PRIMITIVE SUCCESS: navigate [WP16]
[INFO] [1788009838.216483797] [htn_executor]: HTN PRIMITIVE RUNNING: navigate [WP15]
[INFO] [1788009838.417906324] [htn_executor]: HTN PRIMITIVE SUCCESS: navigate [WP15]
[INFO] [1788009838.436679384] [htn_executor]: HTN PRIMITIVE RUNNING: navigate [WP14]
[INFO] [1788009838.637820629] [htn_executor]: HTN PRIMITIVE SUCCESS: navigate [WP14]
[INFO] [1788009838.657554063] [htn_executor]: HTN PRIMITIVE RUNNING: navigate [WP13]
[INFO] [1788009838.857989425] [htn_executor]: HTN PRIMITIVE SUCCESS: navigate [WP13]
[INFO] [1788009838.878900511] [htn_executor]: HTN PRIMITIVE RUNNING: navigate [WP12]
[INFO] [1788009839.078697526] [htn_executor]: HTN PRIMITIVE SUCCESS: navigate [WP12]
[INFO] [1788009839.098514630] [htn_executor]: HTN PRIMITIVE RUNNING: navigate [WP11]
[INFO] [1788009839.298117098] [htn_executor]: HTN PRIMITIVE SUCCESS: navigate [WP11]
[INFO] [1788009839.316194611] [htn_executor]: HTN PRIMITIVE RUNNING: navigate [WP10]
[INFO] [1788009839.517960194] [htn_executor]: HTN PRIMITIVE SUCCESS: navigate [WP10]
[INFO] [1788009839.536093816] [htn_executor]: HTN PRIMITIVE RUNNING: navigate [WP9]
[INFO] [1788009839.738352114] [htn_executor]: HTN PRIMITIVE SUCCESS: navigate [WP9]
[INFO] [1788009839.757801616] [htn_executor]: HTN PRIMITIVE RUNNING: navigate [WP8]
[INFO] [1788009839.959259985] [htn_executor]: HTN PRIMITIVE SUCCESS: navigate [WP8]
[INFO] [1788009839.977274685] [htn_executor]: HTN PRIMITIVE RUNNING: navigate [WP7]
[INFO] [1788009840.176381831] [htn_executor]: HTN PRIMITIVE SUCCESS: navigate [WP7]
[INFO] [1788009840.195798074] [htn_executor]: HTN PRIMITIVE RUNNING: navigate [WP6]
[INFO] [1788009840.397838930] [htn_executor]: HTN PRIMITIVE SUCCESS: navigate [WP6]
[INFO] [1788009840.417620986] [htn_executor]: HTN PRIMITIVE RUNNING: navigate [WP5]
[INFO] [1788009840.616636398] [htn_executor]: HTN PRIMITIVE SUCCESS: navigate [WP5]
[INFO] [1788009840.636453526] [htn_executor]: HTN PRIMITIVE RUNNING: navigate [WP4]
[INFO] [1788009840.836659468] [htn_executor]: HTN PRIMITIVE SUCCESS: navigate [WP4]
[INFO] [1788009840.856438229] [htn_executor]: HTN PRIMITIVE RUNNING: navigate [WP3]
[INFO] [1788009841.058077712] [htn_executor]: HTN PRIMITIVE SUCCESS: navigate [WP3]
[INFO] [1788009841.077681651] [htn_executor]: HTN PRIMITIVE RUNNING: navigate [WP2]
[INFO] [1788009841.276742076] [htn_executor]: HTN PRIMITIVE SUCCESS: navigate [WP2]
[INFO] [1788009841.296042763] [htn_executor]: HTN PRIMITIVE RUNNING: navigate [WP1]
[INFO] [1788009841.498308849] [htn_executor]: HTN PRIMITIVE SUCCESS: navigate [WP1]
[INFO] [1788009841.517501206] [htn_executor]: HTN PRIMITIVE RUNNING: land
[INFO] [1788009841.717892182] [htn_executor]: HTN PRIMITIVE SUCCESS: land
[INFO] [1788009841.737620586] [htn_executor]: ================================
[INFO] [1788009841.739408196] [htn_executor]: MISSION COMPLETED
[INFO] [1788009841.741432024] [htn_executor]: Completed tasks: 201
[INFO] [1788009841.744485876] [htn_executor]: Completed navigation tasks: 199
[INFO] [1788009841.746879320] [htn_executor]: ================================
