[INFO] [1786998001.028785318] [fsm_executor]: Loading mission: /home/bishal/ros2_ws/install/mission_formalism_evaluation/share/mission_formalism_evaluation/missions/mission_3.yaml
[INFO] [1786998001.050655699] [fsm_executor]: Mission ID: M3
[INFO] [1786998001.051538039] [fsm_executor]: Mission Name: Zigzag Navigation
[INFO] [1786998001.052603044] [fsm_executor]: Mission Items: 102
[INFO] [1786998001.053600574] [fsm_executor]: FSM States: 111
[INFO] [1786998001.054572385] [fsm_executor]: FSM Transitions: 709
[INFO] [1786998001.055560446] [fsm_executor]: TRANSITION: IDLE --[START]--> TAKEOFF_0
[INFO] [1786998001.056266471] [fsm_executor]: STATE: TAKEOFF_0 | ACTION: TAKEOFF
[INFO] [1786998002.057398613] [fsm_executor]: EVENT: TASK_COMPLETED in TAKEOFF_0
[INFO] [1786998002.058575547] [fsm_executor]: TRANSITION: TAKEOFF_0 --[TASK_COMPLETED]--> NAV_1_WP1
[INFO] [1786998002.059914273] [fsm_executor]: STATE: NAV_1_WP1 | ACTION: NAVIGATE -> WP1
[INFO] [1786998003.059773303] [fsm_executor]: EVENT: TASK_COMPLETED in NAV_1_WP1
[INFO] [1786998003.061609922] [fsm_executor]: TRANSITION: NAV_1_WP1 --[TASK_COMPLETED]--> NAV_2_WP2
[INFO] [1786998003.064028835] [fsm_executor]: STATE: NAV_2_WP2 | ACTION: NAVIGATE -> WP2
[INFO] [1786998004.061607170] [fsm_executor]: EVENT: TASK_COMPLETED in NAV_2_WP2
[INFO] [1786998004.064365955] [fsm_executor]: TRANSITION: NAV_2_WP2 --[TASK_COMPLETED]--> NAV_3_WP3
[INFO] [1786998004.066508398] [fsm_executor]: STATE: NAV_3_WP3 | ACTION: NAVIGATE -> WP3
[INFO] [1786998005.063073546] [fsm_executor]: EVENT: TASK_COMPLETED in NAV_3_WP3
[INFO] [1786998005.065726614] [fsm_executor]: TRANSITION: NAV_3_WP3 --[TASK_COMPLETED]--> NAV_4_WP4
[INFO] [1786998005.069017741] [fsm_executor]: STATE: NAV_4_WP4 | ACTION: NAVIGATE -> WP4
[INFO] [1786998006.062505306] [fsm_executor]: EVENT: TASK_COMPLETED in NAV_4_WP4
[INFO] [1786998006.065312364] [fsm_executor]: TRANSITION: NAV_4_WP4 --[TASK_COMPLETED]--> NAV_5_WP5
[INFO] [1786998006.068609608] [fsm_executor]: STATE: NAV_5_WP5 | ACTION: NAVIGATE -> WP5
[INFO] [1786998007.055788265] [fsm_executor]: EVENT: TASK_COMPLETED in NAV_5_WP5
[INFO] [1786998007.056310652] [fsm_executor]: TRANSITION: NAV_5_WP5 --[TASK_COMPLETED]--> NAV_6_WP6
[INFO] [1786998007.056766595] [fsm_executor]: STATE: NAV_6_WP6 | ACTION: NAVIGATE -> WP6
[INFO] [1786998008.056515737] [fsm_executor]: EVENT: TASK_COMPLETED in NAV_6_WP6
[INFO] [1786998008.057442300] [fsm_executor]: TRANSITION: NAV_6_WP6 --[TASK_COMPLETED]--> NAV_7_WP7
[INFO] [1786998008.058328709] [fsm_executor]: STATE: NAV_7_WP7 | ACTION: NAVIGATE -> WP7
[INFO] [1786998009.059394391] [fsm_executor]: EVENT: TASK_COMPLETED in NAV_7_WP7
[INFO] [1786998009.062577959] [fsm_executor]: TRANSITION: NAV_7_WP7 --[TASK_COMPLETED]--> NAV_8_WP8
[INFO] [1786998009.065289938] [fsm_executor]: STATE: NAV_8_WP8 | ACTION: NAVIGATE -> WP8
[INFO] [1786998010.061458651] [fsm_executor]: EVENT: TASK_COMPLETED in NAV_8_WP8
[INFO] [1786998010.063300298] [fsm_executor]: TRANSITION: NAV_8_WP8 --[TASK_COMPLETED]--> NAV_9_WP9
[INFO] [1786998010.065271504] [fsm_executor]: STATE: NAV_9_WP9 | ACTION: NAVIGATE -> WP9
[INFO] [1786998011.060350190] [fsm_executor]: EVENT: TASK_COMPLETED in NAV_9_WP9
[INFO] [1786998011.063610196] [fsm_executor]: TRANSITION: NAV_9_WP9 --[TASK_COMPLETED]--> NAV_10_WP10
[INFO] [1786998011.066811804] [fsm_executor]: STATE: NAV_10_WP10 | ACTION: NAVIGATE -> WP10
[INFO] [1786998012.059363837] [fsm_executor]: EVENT: TASK_COMPLETED in NAV_10_WP10
[INFO] [1786998012.062209292] [fsm_executor]: TRANSITION: NAV_10_WP10 --[TASK_COMPLETED]--> NAV_11_WP11
[INFO] [1786998012.064486539] [fsm_executor]: STATE: NAV_11_WP11 | ACTION: NAVIGATE -> WP11
[INFO] [1786998013.058648092] [fsm_executor]: EVENT: TASK_COMPLETED in NAV_11_WP11
[INFO] [1786998013.062127934] [fsm_executor]: TRANSITION: NAV_11_WP11 --[TASK_COMPLETED]--> NAV_12_WP12
[INFO] [1786998013.063747003] [fsm_executor]: STATE: NAV_12_WP12 | ACTION: NAVIGATE -> WP12
[INFO] [1786998014.058223965] [fsm_executor]: EVENT: TASK_COMPLETED in NAV_12_WP12
[INFO] [1786998014.059960967] [fsm_executor]: TRANSITION: NAV_12_WP12 --[TASK_COMPLETED]--> NAV_13_WP13
[INFO] [1786998014.062142759] [fsm_executor]: STATE: NAV_13_WP13 | ACTION: NAVIGATE -> WP13
[INFO] [1786998015.057454785] [fsm_executor]: EVENT: TASK_COMPLETED in NAV_13_WP13
[INFO] [1786998015.058348340] [fsm_executor]: TRANSITION: NAV_13_WP13 --[TASK_COMPLETED]--> NAV_14_WP14
[INFO] [1786998015.062198666] [fsm_executor]: STATE: NAV_14_WP14 | ACTION: NAVIGATE -> WP14
[INFO] [1786998016.056151431] [fsm_executor]: EVENT: TASK_COMPLETED in NAV_14_WP14
[INFO] [1786998016.056760995] [fsm_executor]: TRANSITION: NAV_14_WP14 --[TASK_COMPLETED]--> NAV_15_WP15
[INFO] [1786998016.057361046] [fsm_executor]: STATE: NAV_15_WP15 | ACTION: NAVIGATE -> WP15
[INFO] [1786998017.056004203] [fsm_executor]: EVENT: TASK_COMPLETED in NAV_15_WP15
[INFO] [1786998017.056929560] [fsm_executor]: TRANSITION: NAV_15_WP15 --[TASK_COMPLETED]--> NAV_16_WP16
[INFO] [1786998017.057858507] [fsm_executor]: STATE: NAV_16_WP16 | ACTION: NAVIGATE -> WP16
[INFO] [1786998018.062800057] [fsm_executor]: EVENT: TASK_COMPLETED in NAV_16_WP16
[INFO] [1786998018.066462947] [fsm_executor]: TRANSITION: NAV_16_WP16 --[TASK_COMPLETED]--> NAV_17_WP17
[INFO] [1786998018.069912923] [fsm_executor]: STATE: NAV_17_WP17 | ACTION: NAVIGATE -> WP17
[INFO] [1786998019.061257456] [fsm_executor]: EVENT: TASK_COMPLETED in NAV_17_WP17
[INFO] [1786998019.063467627] [fsm_executor]: TRANSITION: NAV_17_WP17 --[TASK_COMPLETED]--> NAV_18_WP18
[INFO] [1786998019.065389042] [fsm_executor]: STATE: NAV_18_WP18 | ACTION: NAVIGATE -> WP18
[INFO] [1786998020.059899517] [fsm_executor]: EVENT: TASK_COMPLETED in NAV_18_WP18
[INFO] [1786998020.064064540] [fsm_executor]: TRANSITION: NAV_18_WP18 --[TASK_COMPLETED]--> NAV_19_WP19
[INFO] [1786998020.066612911] [fsm_executor]: STATE: NAV_19_WP19 | ACTION: NAVIGATE -> WP19
[INFO] [1786998021.061043178] [fsm_executor]: EVENT: TASK_COMPLETED in NAV_19_WP19
[INFO] [1786998021.064126419] [fsm_executor]: TRANSITION: NAV_19_WP19 --[TASK_COMPLETED]--> NAV_20_WP20
[INFO] [1786998021.067327098] [fsm_executor]: STATE: NAV_20_WP20 | ACTION: NAVIGATE -> WP20
[INFO] [1786998022.060893176] [fsm_executor]: EVENT: TASK_COMPLETED in NAV_20_WP20
[INFO] [1786998022.063297681] [fsm_executor]: TRANSITION: NAV_20_WP20 --[TASK_COMPLETED]--> NAV_21_WP21
[INFO] [1786998022.067007243] [fsm_executor]: STATE: NAV_21_WP21 | ACTION: NAVIGATE -> WP21
[INFO] [1786998023.058582738] [fsm_executor]: EVENT: TASK_COMPLETED in NAV_21_WP21
[INFO] [1786998023.059422901] [fsm_executor]: TRANSITION: NAV_21_WP21 --[TASK_COMPLETED]--> NAV_22_WP22
[INFO] [1786998023.060258926] [fsm_executor]: STATE: NAV_22_WP22 | ACTION: NAVIGATE -> WP22
[INFO] [1786998024.056324897] [fsm_executor]: EVENT: TASK_COMPLETED in NAV_22_WP22
[INFO] [1786998024.058920670] [fsm_executor]: TRANSITION: NAV_22_WP22 --[TASK_COMPLETED]--> NAV_23_WP23
[INFO] [1786998024.060041021] [fsm_executor]: STATE: NAV_23_WP23 | ACTION: NAVIGATE -> WP23
[INFO] [1786998025.060783378] [fsm_executor]: EVENT: TASK_COMPLETED in NAV_23_WP23
[INFO] [1786998025.064087929] [fsm_executor]: TRANSITION: NAV_23_WP23 --[TASK_COMPLETED]--> NAV_24_WP24
[INFO] [1786998025.067856039] [fsm_executor]: STATE: NAV_24_WP24 | ACTION: NAVIGATE -> WP24
[INFO] [1786998026.056804885] [fsm_executor]: EVENT: TASK_COMPLETED in NAV_24_WP24
[INFO] [1786998026.058879698] [fsm_executor]: TRANSITION: NAV_24_WP24 --[TASK_COMPLETED]--> NAV_25_WP25
[INFO] [1786998026.059843957] [fsm_executor]: STATE: NAV_25_WP25 | ACTION: NAVIGATE -> WP25
[INFO] [1786998027.056468012] [fsm_executor]: EVENT: TASK_COMPLETED in NAV_25_WP25
[INFO] [1786998027.058181116] [fsm_executor]: TRANSITION: NAV_25_WP25 --[TASK_COMPLETED]--> NAV_26_WP26
[INFO] [1786998027.059908212] [fsm_executor]: STATE: NAV_26_WP26 | ACTION: NAVIGATE -> WP26
[INFO] [1786998028.056574279] [fsm_executor]: EVENT: TASK_COMPLETED in NAV_26_WP26
[INFO] [1786998028.058197994] [fsm_executor]: TRANSITION: NAV_26_WP26 --[TASK_COMPLETED]--> NAV_27_WP27
[INFO] [1786998028.059494924] [fsm_executor]: STATE: NAV_27_WP27 | ACTION: NAVIGATE -> WP27
[INFO] [1786998029.056229383] [fsm_executor]: EVENT: TASK_COMPLETED in NAV_27_WP27
[INFO] [1786998029.059567541] [fsm_executor]: TRANSITION: NAV_27_WP27 --[TASK_COMPLETED]--> NAV_28_WP28
[INFO] [1786998029.060479908] [fsm_executor]: STATE: NAV_28_WP28 | ACTION: NAVIGATE -> WP28
[INFO] [1786998030.056389529] [fsm_executor]: EVENT: TASK_COMPLETED in NAV_28_WP28
[INFO] [1786998030.059430112] [fsm_executor]: TRANSITION: NAV_28_WP28 --[TASK_COMPLETED]--> NAV_29_WP29
[INFO] [1786998030.060426837] [fsm_executor]: STATE: NAV_29_WP29 | ACTION: NAVIGATE -> WP29
[INFO] [1786998031.057241776] [fsm_executor]: EVENT: TASK_COMPLETED in NAV_29_WP29
[INFO] [1786998031.058199381] [fsm_executor]: TRANSITION: NAV_29_WP29 --[TASK_COMPLETED]--> NAV_30_WP30
[INFO] [1786998031.059580381] [fsm_executor]: STATE: NAV_30_WP30 | ACTION: NAVIGATE -> WP30
[INFO] [1786998032.056364296] [fsm_executor]: EVENT: TASK_COMPLETED in NAV_30_WP30
[INFO] [1786998032.057344570] [fsm_executor]: TRANSITION: NAV_30_WP30 --[TASK_COMPLETED]--> NAV_31_WP31
[INFO] [1786998032.058394565] [fsm_executor]: STATE: NAV_31_WP31 | ACTION: NAVIGATE -> WP31
[INFO] [1786998033.056347169] [fsm_executor]: EVENT: TASK_COMPLETED in NAV_31_WP31
[INFO] [1786998033.057331060] [fsm_executor]: TRANSITION: NAV_31_WP31 --[TASK_COMPLETED]--> NAV_32_WP32
[INFO] [1786998033.058273017] [fsm_executor]: STATE: NAV_32_WP32 | ACTION: NAVIGATE -> WP32
[INFO] [1786998034.056176676] [fsm_executor]: EVENT: TASK_COMPLETED in NAV_32_WP32
[INFO] [1786998034.057213557] [fsm_executor]: TRANSITION: NAV_32_WP32 --[TASK_COMPLETED]--> NAV_33_WP33
[INFO] [1786998034.058806052] [fsm_executor]: STATE: NAV_33_WP33 | ACTION: NAVIGATE -> WP33
[INFO] [1786998035.056275380] [fsm_executor]: EVENT: TASK_COMPLETED in NAV_33_WP33
[INFO] [1786998035.057242489] [fsm_executor]: TRANSITION: NAV_33_WP33 --[TASK_COMPLETED]--> NAV_34_WP34
[INFO] [1786998035.058319250] [fsm_executor]: STATE: NAV_34_WP34 | ACTION: NAVIGATE -> WP34
[INFO] [1786998036.056118749] [fsm_executor]: EVENT: TASK_COMPLETED in NAV_34_WP34
[INFO] [1786998036.056898395] [fsm_executor]: TRANSITION: NAV_34_WP34 --[TASK_COMPLETED]--> NAV_35_WP35
[INFO] [1786998036.058169417] [fsm_executor]: STATE: NAV_35_WP35 | ACTION: NAVIGATE -> WP35
[INFO] [1786998037.056171943] [fsm_executor]: EVENT: TASK_COMPLETED in NAV_35_WP35
[INFO] [1786998037.056962947] [fsm_executor]: TRANSITION: NAV_35_WP35 --[TASK_COMPLETED]--> NAV_36_WP36
[INFO] [1786998037.057895163] [fsm_executor]: STATE: NAV_36_WP36 | ACTION: NAVIGATE -> WP36
[INFO] [1786998038.056362944] [fsm_executor]: EVENT: TASK_COMPLETED in NAV_36_WP36
[INFO] [1786998038.058482855] [fsm_executor]: TRANSITION: NAV_36_WP36 --[TASK_COMPLETED]--> NAV_37_WP37
[INFO] [1786998038.059393350] [fsm_executor]: STATE: NAV_37_WP37 | ACTION: NAVIGATE -> WP37
[INFO] [1786998039.056369384] [fsm_executor]: EVENT: TASK_COMPLETED in NAV_37_WP37
[INFO] [1786998039.057308161] [fsm_executor]: TRANSITION: NAV_37_WP37 --[TASK_COMPLETED]--> NAV_38_WP38
[INFO] [1786998039.059130292] [fsm_executor]: STATE: NAV_38_WP38 | ACTION: NAVIGATE -> WP38
[INFO] [1786998040.056306103] [fsm_executor]: EVENT: TASK_COMPLETED in NAV_38_WP38
[INFO] [1786998040.058330699] [fsm_executor]: TRANSITION: NAV_38_WP38 --[TASK_COMPLETED]--> NAV_39_WP39
[INFO] [1786998040.059315016] [fsm_executor]: STATE: NAV_39_WP39 | ACTION: NAVIGATE -> WP39
[INFO] [1786998041.056259656] [fsm_executor]: EVENT: TASK_COMPLETED in NAV_39_WP39
[INFO] [1786998041.056764252] [fsm_executor]: TRANSITION: NAV_39_WP39 --[TASK_COMPLETED]--> NAV_40_WP40
[INFO] [1786998041.058682812] [fsm_executor]: STATE: NAV_40_WP40 | ACTION: NAVIGATE -> WP40
[INFO] [1786998042.056155062] [fsm_executor]: EVENT: TASK_COMPLETED in NAV_40_WP40
[INFO] [1786998042.056858396] [fsm_executor]: TRANSITION: NAV_40_WP40 --[TASK_COMPLETED]--> NAV_41_WP41
[INFO] [1786998042.058724338] [fsm_executor]: STATE: NAV_41_WP41 | ACTION: NAVIGATE -> WP41
[INFO] [1786998043.056771440] [fsm_executor]: EVENT: TASK_COMPLETED in NAV_41_WP41
[INFO] [1786998043.058696755] [fsm_executor]: TRANSITION: NAV_41_WP41 --[TASK_COMPLETED]--> NAV_42_WP42
[INFO] [1786998043.059544223] [fsm_executor]: STATE: NAV_42_WP42 | ACTION: NAVIGATE -> WP42
[INFO] [1786998044.056288436] [fsm_executor]: EVENT: TASK_COMPLETED in NAV_42_WP42
[INFO] [1786998044.056957223] [fsm_executor]: TRANSITION: NAV_42_WP42 --[TASK_COMPLETED]--> NAV_43_WP43
[INFO] [1786998044.058130519] [fsm_executor]: STATE: NAV_43_WP43 | ACTION: NAVIGATE -> WP43
[INFO] [1786998045.056179051] [fsm_executor]: EVENT: TASK_COMPLETED in NAV_43_WP43
[INFO] [1786998045.056916113] [fsm_executor]: TRANSITION: NAV_43_WP43 --[TASK_COMPLETED]--> NAV_44_WP44
[INFO] [1786998045.058131857] [fsm_executor]: STATE: NAV_44_WP44 | ACTION: NAVIGATE -> WP44
[INFO] [1786998046.056604075] [fsm_executor]: EVENT: TASK_COMPLETED in NAV_44_WP44
[INFO] [1786998046.062671445] [fsm_executor]: TRANSITION: NAV_44_WP44 --[TASK_COMPLETED]--> NAV_45_WP45
[INFO] [1786998046.065463318] [fsm_executor]: STATE: NAV_45_WP45 | ACTION: NAVIGATE -> WP45
[INFO] [1786998047.056294844] [fsm_executor]: EVENT: TASK_COMPLETED in NAV_45_WP45
[INFO] [1786998047.058828495] [fsm_executor]: TRANSITION: NAV_45_WP45 --[TASK_COMPLETED]--> NAV_46_WP46
[INFO] [1786998047.059886404] [fsm_executor]: STATE: NAV_46_WP46 | ACTION: NAVIGATE -> WP46
[INFO] [1786998048.056449960] [fsm_executor]: EVENT: TASK_COMPLETED in NAV_46_WP46
[INFO] [1786998048.057375308] [fsm_executor]: TRANSITION: NAV_46_WP46 --[TASK_COMPLETED]--> NAV_47_WP47
[INFO] [1786998048.058236324] [fsm_executor]: STATE: NAV_47_WP47 | ACTION: NAVIGATE -> WP47
[INFO] [1786998049.061943657] [fsm_executor]: EVENT: TASK_COMPLETED in NAV_47_WP47
[INFO] [1786998049.064016743] [fsm_executor]: TRANSITION: NAV_47_WP47 --[TASK_COMPLETED]--> NAV_48_WP48
[INFO] [1786998049.065841224] [fsm_executor]: STATE: NAV_48_WP48 | ACTION: NAVIGATE -> WP48
[INFO] [1786998050.057710648] [fsm_executor]: EVENT: TASK_COMPLETED in NAV_48_WP48
[INFO] [1786998050.059921197] [fsm_executor]: TRANSITION: NAV_48_WP48 --[TASK_COMPLETED]--> NAV_49_WP49
[INFO] [1786998050.062819297] [fsm_executor]: STATE: NAV_49_WP49 | ACTION: NAVIGATE -> WP49
[INFO] [1786998051.056497554] [fsm_executor]: EVENT: TASK_COMPLETED in NAV_49_WP49
[INFO] [1786998051.058318155] [fsm_executor]: TRANSITION: NAV_49_WP49 --[TASK_COMPLETED]--> NAV_50_WP50
[INFO] [1786998051.059248559] [fsm_executor]: STATE: NAV_50_WP50 | ACTION: NAVIGATE -> WP50
[WARN] [1786998051.064234301] [fsm_executor]: RUNTIME EVENT RECEIVED: GPS_LOST
[INFO] [1786998051.065295471] [fsm_executor]: TRANSITION: NAV_50_WP50 --[GPS_LOST]--> GPS_RECOVERY
[INFO] [1786998051.066245228] [fsm_executor]: STATE: GPS_RECOVERY | ACTION: WAIT_FOR_GPS_STATUS
[WARN] [1786998227.634213691] [fsm_executor]: RUNTIME EVENT RECEIVED: GPS_RECOVERY_FAILED
[INFO] [1786998227.635657270] [fsm_executor]: TRANSITION: GPS_RECOVERY --[GPS_RECOVERY_FAILED]--> LAND
[INFO] [1786998227.636630326] [fsm_executor]: STATE: LAND | ACTION: LAND
[INFO] [1786998228.056509277] [fsm_executor]: EVENT: LAND_COMPLETED in LAND
[INFO] [1786998228.057218715] [fsm_executor]: TRANSITION: LAND --[LAND_COMPLETED]--> SAFE_TERMINATED
[INFO] [1786998228.057864834] [fsm_executor]: STATE: SAFE_TERMINATED
[WARN] [1786998228.058502212] [fsm_executor]: FSM mission terminated safely.
[WARN] [1786998228.059400481] [fsm_executor]: Reason: GPS_RECOVERY_FAILED
