[INFO] [1786476779.100174777] [fsm_executor]: Loading mission: /home/bishal/ros2_ws/install/mission_formalism_evaluation/share/mission_formalism_evaluation/missions/mission_3.yaml
[INFO] [1786476779.120512628] [fsm_executor]: Mission ID: M3
[INFO] [1786476779.121313392] [fsm_executor]: Mission Name: Zigzag Navigation
[INFO] [1786476779.122205157] [fsm_executor]: Mission Items: 102
[INFO] [1786476779.123017622] [fsm_executor]: FSM States: 110
[INFO] [1786476779.123577011] [fsm_executor]: FSM Transitions: 708
[INFO] [1786476779.124038920] [fsm_executor]: TRANSITION: IDLE --[START]--> TAKEOFF_0
[INFO] [1786476779.124501107] [fsm_executor]: STATE: TAKEOFF_0 | ACTION: TAKEOFF
[INFO] [1786476779.226590578] [fsm_executor]: EVENT: TASK_COMPLETED in TAKEOFF_0
[INFO] [1786476779.228343984] [fsm_executor]: TRANSITION: TAKEOFF_0 --[TASK_COMPLETED]--> NAV_1_WP1
[INFO] [1786476779.230221244] [fsm_executor]: STATE: NAV_1_WP1 | ACTION: NAVIGATE -> WP1
[INFO] [1786476779.325243455] [fsm_executor]: EVENT: TASK_COMPLETED in NAV_1_WP1
[INFO] [1786476779.326061619] [fsm_executor]: TRANSITION: NAV_1_WP1 --[TASK_COMPLETED]--> NAV_2_WP2
[INFO] [1786476779.326837156] [fsm_executor]: STATE: NAV_2_WP2 | ACTION: NAVIGATE -> WP2
[INFO] [1786476779.426837092] [fsm_executor]: EVENT: TASK_COMPLETED in NAV_2_WP2
[INFO] [1786476779.429571631] [fsm_executor]: TRANSITION: NAV_2_WP2 --[TASK_COMPLETED]--> NAV_3_WP3
[INFO] [1786476779.432900029] [fsm_executor]: STATE: NAV_3_WP3 | ACTION: NAVIGATE -> WP3
[INFO] [1786476779.524920537] [fsm_executor]: EVENT: TASK_COMPLETED in NAV_3_WP3
[INFO] [1786476779.525818761] [fsm_executor]: TRANSITION: NAV_3_WP3 --[TASK_COMPLETED]--> NAV_4_WP4
[INFO] [1786476779.526868611] [fsm_executor]: STATE: NAV_4_WP4 | ACTION: NAVIGATE -> WP4
[INFO] [1786476779.626973046] [fsm_executor]: EVENT: TASK_COMPLETED in NAV_4_WP4
[INFO] [1786476779.628747253] [fsm_executor]: TRANSITION: NAV_4_WP4 --[TASK_COMPLETED]--> NAV_5_WP5
[INFO] [1786476779.630617982] [fsm_executor]: STATE: NAV_5_WP5 | ACTION: NAVIGATE -> WP5
[INFO] [1786476779.725910154] [fsm_executor]: EVENT: TASK_COMPLETED in NAV_5_WP5
[INFO] [1786476779.727278887] [fsm_executor]: TRANSITION: NAV_5_WP5 --[TASK_COMPLETED]--> NAV_6_WP6
[INFO] [1786476779.728526878] [fsm_executor]: STATE: NAV_6_WP6 | ACTION: NAVIGATE -> WP6
[INFO] [1786476779.827000714] [fsm_executor]: EVENT: TASK_COMPLETED in NAV_6_WP6
[INFO] [1786476779.829788131] [fsm_executor]: TRANSITION: NAV_6_WP6 --[TASK_COMPLETED]--> NAV_7_WP7
[INFO] [1786476779.833101776] [fsm_executor]: STATE: NAV_7_WP7 | ACTION: NAVIGATE -> WP7
[INFO] [1786476779.925133588] [fsm_executor]: EVENT: TASK_COMPLETED in NAV_7_WP7
[INFO] [1786476779.925695655] [fsm_executor]: TRANSITION: NAV_7_WP7 --[TASK_COMPLETED]--> NAV_8_WP8
[INFO] [1786476779.926426758] [fsm_executor]: STATE: NAV_8_WP8 | ACTION: NAVIGATE -> WP8
[INFO] [1786476780.026303722] [fsm_executor]: EVENT: TASK_COMPLETED in NAV_8_WP8
[INFO] [1786476780.027990336] [fsm_executor]: TRANSITION: NAV_8_WP8 --[TASK_COMPLETED]--> NAV_9_WP9
[INFO] [1786476780.029881173] [fsm_executor]: STATE: NAV_9_WP9 | ACTION: NAVIGATE -> WP9
[INFO] [1786476780.126945839] [fsm_executor]: EVENT: TASK_COMPLETED in NAV_9_WP9
[INFO] [1786476780.128748023] [fsm_executor]: TRANSITION: NAV_9_WP9 --[TASK_COMPLETED]--> NAV_10_WP10
[INFO] [1786476780.130629323] [fsm_executor]: STATE: NAV_10_WP10 | ACTION: NAVIGATE -> WP10
[INFO] [1786476780.227897614] [fsm_executor]: EVENT: TASK_COMPLETED in NAV_10_WP10
[INFO] [1786476780.230713514] [fsm_executor]: TRANSITION: NAV_10_WP10 --[TASK_COMPLETED]--> NAV_11_WP11
[INFO] [1786476780.234023522] [fsm_executor]: STATE: NAV_11_WP11 | ACTION: NAVIGATE -> WP11
[INFO] [1786476780.327877375] [fsm_executor]: EVENT: TASK_COMPLETED in NAV_11_WP11
[INFO] [1786476780.330001844] [fsm_executor]: TRANSITION: NAV_11_WP11 --[TASK_COMPLETED]--> NAV_12_WP12
[INFO] [1786476780.331964025] [fsm_executor]: STATE: NAV_12_WP12 | ACTION: NAVIGATE -> WP12
[INFO] [1786476780.427870037] [fsm_executor]: EVENT: TASK_COMPLETED in NAV_12_WP12
[INFO] [1786476780.430004155] [fsm_executor]: TRANSITION: NAV_12_WP12 --[TASK_COMPLETED]--> NAV_13_WP13
[INFO] [1786476780.432455194] [fsm_executor]: STATE: NAV_13_WP13 | ACTION: NAVIGATE -> WP13
[INFO] [1786476780.527907264] [fsm_executor]: EVENT: TASK_COMPLETED in NAV_13_WP13
[INFO] [1786476780.529674673] [fsm_executor]: TRANSITION: NAV_13_WP13 --[TASK_COMPLETED]--> NAV_14_WP14
[INFO] [1786476780.531581684] [fsm_executor]: STATE: NAV_14_WP14 | ACTION: NAVIGATE -> WP14
[INFO] [1786476780.627837057] [fsm_executor]: EVENT: TASK_COMPLETED in NAV_14_WP14
[INFO] [1786476780.630710605] [fsm_executor]: TRANSITION: NAV_14_WP14 --[TASK_COMPLETED]--> NAV_15_WP15
[INFO] [1786476780.634096578] [fsm_executor]: STATE: NAV_15_WP15 | ACTION: NAVIGATE -> WP15
[INFO] [1786476780.728469932] [fsm_executor]: EVENT: TASK_COMPLETED in NAV_15_WP15
[INFO] [1786476780.731289998] [fsm_executor]: TRANSITION: NAV_15_WP15 --[TASK_COMPLETED]--> NAV_16_WP16
[INFO] [1786476780.734500713] [fsm_executor]: STATE: NAV_16_WP16 | ACTION: NAVIGATE -> WP16
[INFO] [1786476780.826971966] [fsm_executor]: EVENT: TASK_COMPLETED in NAV_16_WP16
[INFO] [1786476780.829763052] [fsm_executor]: TRANSITION: NAV_16_WP16 --[TASK_COMPLETED]--> NAV_17_WP17
[INFO] [1786476780.833101044] [fsm_executor]: STATE: NAV_17_WP17 | ACTION: NAVIGATE -> WP17
[INFO] [1786476780.927115718] [fsm_executor]: EVENT: TASK_COMPLETED in NAV_17_WP17
[INFO] [1786476780.929970483] [fsm_executor]: TRANSITION: NAV_17_WP17 --[TASK_COMPLETED]--> NAV_18_WP18
[INFO] [1786476780.933279114] [fsm_executor]: STATE: NAV_18_WP18 | ACTION: NAVIGATE -> WP18
[INFO] [1786476781.027058393] [fsm_executor]: EVENT: TASK_COMPLETED in NAV_18_WP18
[INFO] [1786476781.028821043] [fsm_executor]: TRANSITION: NAV_18_WP18 --[TASK_COMPLETED]--> NAV_19_WP19
[INFO] [1786476781.030726919] [fsm_executor]: STATE: NAV_19_WP19 | ACTION: NAVIGATE -> WP19
[INFO] [1786476781.127870987] [fsm_executor]: EVENT: TASK_COMPLETED in NAV_19_WP19
[INFO] [1786476781.129643929] [fsm_executor]: TRANSITION: NAV_19_WP19 --[TASK_COMPLETED]--> NAV_20_WP20
[INFO] [1786476781.131900558] [fsm_executor]: STATE: NAV_20_WP20 | ACTION: NAVIGATE -> WP20
[INFO] [1786476781.227876904] [fsm_executor]: EVENT: TASK_COMPLETED in NAV_20_WP20
[INFO] [1786476781.230745617] [fsm_executor]: TRANSITION: NAV_20_WP20 --[TASK_COMPLETED]--> NAV_21_WP21
[INFO] [1786476781.234047219] [fsm_executor]: STATE: NAV_21_WP21 | ACTION: NAVIGATE -> WP21
[INFO] [1786476781.327033764] [fsm_executor]: EVENT: TASK_COMPLETED in NAV_21_WP21
[INFO] [1786476781.329944990] [fsm_executor]: TRANSITION: NAV_21_WP21 --[TASK_COMPLETED]--> NAV_22_WP22
[INFO] [1786476781.333325832] [fsm_executor]: STATE: NAV_22_WP22 | ACTION: NAVIGATE -> WP22
[INFO] [1786476781.426256312] [fsm_executor]: EVENT: TASK_COMPLETED in NAV_22_WP22
[INFO] [1786476781.428011086] [fsm_executor]: TRANSITION: NAV_22_WP22 --[TASK_COMPLETED]--> NAV_23_WP23
[INFO] [1786476781.430150498] [fsm_executor]: STATE: NAV_23_WP23 | ACTION: NAVIGATE -> WP23
[INFO] [1786476781.527036936] [fsm_executor]: EVENT: TASK_COMPLETED in NAV_23_WP23
[INFO] [1786476781.529897843] [fsm_executor]: TRANSITION: NAV_23_WP23 --[TASK_COMPLETED]--> NAV_24_WP24
[INFO] [1786476781.533253961] [fsm_executor]: STATE: NAV_24_WP24 | ACTION: NAVIGATE -> WP24
[INFO] [1786476781.626353096] [fsm_executor]: EVENT: TASK_COMPLETED in NAV_24_WP24
[INFO] [1786476781.628612604] [fsm_executor]: TRANSITION: NAV_24_WP24 --[TASK_COMPLETED]--> NAV_25_WP25
[INFO] [1786476781.631796207] [fsm_executor]: STATE: NAV_25_WP25 | ACTION: NAVIGATE -> WP25
[INFO] [1786476781.727411438] [fsm_executor]: EVENT: TASK_COMPLETED in NAV_25_WP25
[INFO] [1786476781.729115210] [fsm_executor]: TRANSITION: NAV_25_WP25 --[TASK_COMPLETED]--> NAV_26_WP26
[INFO] [1786476781.730996666] [fsm_executor]: STATE: NAV_26_WP26 | ACTION: NAVIGATE -> WP26
[INFO] [1786476781.827494851] [fsm_executor]: EVENT: TASK_COMPLETED in NAV_26_WP26
[INFO] [1786476781.830189796] [fsm_executor]: TRANSITION: NAV_26_WP26 --[TASK_COMPLETED]--> NAV_27_WP27
[INFO] [1786476781.833519524] [fsm_executor]: STATE: NAV_27_WP27 | ACTION: NAVIGATE -> WP27
[INFO] [1786476781.927264216] [fsm_executor]: EVENT: TASK_COMPLETED in NAV_27_WP27
[INFO] [1786476781.930220488] [fsm_executor]: TRANSITION: NAV_27_WP27 --[TASK_COMPLETED]--> NAV_28_WP28
[INFO] [1786476781.933563508] [fsm_executor]: STATE: NAV_28_WP28 | ACTION: NAVIGATE -> WP28
[INFO] [1786476782.026883228] [fsm_executor]: EVENT: TASK_COMPLETED in NAV_28_WP28
[INFO] [1786476782.029690649] [fsm_executor]: TRANSITION: NAV_28_WP28 --[TASK_COMPLETED]--> NAV_29_WP29
[INFO] [1786476782.033002546] [fsm_executor]: STATE: NAV_29_WP29 | ACTION: NAVIGATE -> WP29
[INFO] [1786476782.127175459] [fsm_executor]: EVENT: TASK_COMPLETED in NAV_29_WP29
[INFO] [1786476782.129956971] [fsm_executor]: TRANSITION: NAV_29_WP29 --[TASK_COMPLETED]--> NAV_30_WP30
[INFO] [1786476782.133290816] [fsm_executor]: STATE: NAV_30_WP30 | ACTION: NAVIGATE -> WP30
[INFO] [1786476782.227125760] [fsm_executor]: EVENT: TASK_COMPLETED in NAV_30_WP30
[INFO] [1786476782.229912534] [fsm_executor]: TRANSITION: NAV_30_WP30 --[TASK_COMPLETED]--> NAV_31_WP31
[INFO] [1786476782.233245724] [fsm_executor]: STATE: NAV_31_WP31 | ACTION: NAVIGATE -> WP31
[INFO] [1786476782.327115942] [fsm_executor]: EVENT: TASK_COMPLETED in NAV_31_WP31
[INFO] [1786476782.329913088] [fsm_executor]: TRANSITION: NAV_31_WP31 --[TASK_COMPLETED]--> NAV_32_WP32
[INFO] [1786476782.333509011] [fsm_executor]: STATE: NAV_32_WP32 | ACTION: NAVIGATE -> WP32
[INFO] [1786476782.429306722] [fsm_executor]: EVENT: TASK_COMPLETED in NAV_32_WP32
[INFO] [1786476782.431299746] [fsm_executor]: TRANSITION: NAV_32_WP32 --[TASK_COMPLETED]--> NAV_33_WP33
[INFO] [1786476782.433257403] [fsm_executor]: STATE: NAV_33_WP33 | ACTION: NAVIGATE -> WP33
[INFO] [1786476782.527891222] [fsm_executor]: EVENT: TASK_COMPLETED in NAV_33_WP33
[INFO] [1786476782.529599928] [fsm_executor]: TRANSITION: NAV_33_WP33 --[TASK_COMPLETED]--> NAV_34_WP34
[INFO] [1786476782.531526248] [fsm_executor]: STATE: NAV_34_WP34 | ACTION: NAVIGATE -> WP34
[INFO] [1786476782.625540982] [fsm_executor]: EVENT: TASK_COMPLETED in NAV_34_WP34
[INFO] [1786476782.626375814] [fsm_executor]: TRANSITION: NAV_34_WP34 --[TASK_COMPLETED]--> NAV_35_WP35
[INFO] [1786476782.627146306] [fsm_executor]: STATE: NAV_35_WP35 | ACTION: NAVIGATE -> WP35
[INFO] [1786476782.727909997] [fsm_executor]: EVENT: TASK_COMPLETED in NAV_35_WP35
[INFO] [1786476782.729692443] [fsm_executor]: TRANSITION: NAV_35_WP35 --[TASK_COMPLETED]--> NAV_36_WP36
[INFO] [1786476782.731651329] [fsm_executor]: STATE: NAV_36_WP36 | ACTION: NAVIGATE -> WP36
[INFO] [1786476782.825900459] [fsm_executor]: EVENT: TASK_COMPLETED in NAV_36_WP36
[INFO] [1786476782.827304548] [fsm_executor]: TRANSITION: NAV_36_WP36 --[TASK_COMPLETED]--> NAV_37_WP37
[INFO] [1786476782.828947083] [fsm_executor]: STATE: NAV_37_WP37 | ACTION: NAVIGATE -> WP37
[INFO] [1786476782.927238560] [fsm_executor]: EVENT: TASK_COMPLETED in NAV_37_WP37
[INFO] [1786476782.929017501] [fsm_executor]: TRANSITION: NAV_37_WP37 --[TASK_COMPLETED]--> NAV_38_WP38
[INFO] [1786476782.930879284] [fsm_executor]: STATE: NAV_38_WP38 | ACTION: NAVIGATE -> WP38
[INFO] [1786476783.026462616] [fsm_executor]: EVENT: TASK_COMPLETED in NAV_38_WP38
[INFO] [1786476783.027964218] [fsm_executor]: TRANSITION: NAV_38_WP38 --[TASK_COMPLETED]--> NAV_39_WP39
[INFO] [1786476783.028955101] [fsm_executor]: STATE: NAV_39_WP39 | ACTION: NAVIGATE -> WP39
[INFO] [1786476783.127856967] [fsm_executor]: EVENT: TASK_COMPLETED in NAV_39_WP39
[INFO] [1786476783.129631992] [fsm_executor]: TRANSITION: NAV_39_WP39 --[TASK_COMPLETED]--> NAV_40_WP40
[INFO] [1786476783.131574846] [fsm_executor]: STATE: NAV_40_WP40 | ACTION: NAVIGATE -> WP40
[INFO] [1786476783.227225580] [fsm_executor]: EVENT: TASK_COMPLETED in NAV_40_WP40
[INFO] [1786476783.228644874] [fsm_executor]: TRANSITION: NAV_40_WP40 --[TASK_COMPLETED]--> NAV_41_WP41
[INFO] [1786476783.229590899] [fsm_executor]: STATE: NAV_41_WP41 | ACTION: NAVIGATE -> WP41
[INFO] [1786476783.327865773] [fsm_executor]: EVENT: TASK_COMPLETED in NAV_41_WP41
[INFO] [1786476783.329629287] [fsm_executor]: TRANSITION: NAV_41_WP41 --[TASK_COMPLETED]--> NAV_42_WP42
[INFO] [1786476783.331923788] [fsm_executor]: STATE: NAV_42_WP42 | ACTION: NAVIGATE -> WP42
[INFO] [1786476783.428235635] [fsm_executor]: EVENT: TASK_COMPLETED in NAV_42_WP42
[INFO] [1786476783.430025627] [fsm_executor]: TRANSITION: NAV_42_WP42 --[TASK_COMPLETED]--> NAV_43_WP43
[INFO] [1786476783.432297152] [fsm_executor]: STATE: NAV_43_WP43 | ACTION: NAVIGATE -> WP43
[INFO] [1786476783.527872359] [fsm_executor]: EVENT: TASK_COMPLETED in NAV_43_WP43
[INFO] [1786476783.530736453] [fsm_executor]: TRANSITION: NAV_43_WP43 --[TASK_COMPLETED]--> NAV_44_WP44
[INFO] [1786476783.534072124] [fsm_executor]: STATE: NAV_44_WP44 | ACTION: NAVIGATE -> WP44
[INFO] [1786476783.627380642] [fsm_executor]: EVENT: TASK_COMPLETED in NAV_44_WP44
[INFO] [1786476783.630243396] [fsm_executor]: TRANSITION: NAV_44_WP44 --[TASK_COMPLETED]--> NAV_45_WP45
[INFO] [1786476783.633300247] [fsm_executor]: STATE: NAV_45_WP45 | ACTION: NAVIGATE -> WP45
[INFO] [1786476783.727215154] [fsm_executor]: EVENT: TASK_COMPLETED in NAV_45_WP45
[INFO] [1786476783.730087665] [fsm_executor]: TRANSITION: NAV_45_WP45 --[TASK_COMPLETED]--> NAV_46_WP46
[INFO] [1786476783.733435357] [fsm_executor]: STATE: NAV_46_WP46 | ACTION: NAVIGATE -> WP46
[INFO] [1786476783.827230981] [fsm_executor]: EVENT: TASK_COMPLETED in NAV_46_WP46
[INFO] [1786476783.829025854] [fsm_executor]: TRANSITION: NAV_46_WP46 --[TASK_COMPLETED]--> NAV_47_WP47
[INFO] [1786476783.830878188] [fsm_executor]: STATE: NAV_47_WP47 | ACTION: NAVIGATE -> WP47
[INFO] [1786476783.927433729] [fsm_executor]: EVENT: TASK_COMPLETED in NAV_47_WP47
[INFO] [1786476783.929166425] [fsm_executor]: TRANSITION: NAV_47_WP47 --[TASK_COMPLETED]--> NAV_48_WP48
[INFO] [1786476783.931108169] [fsm_executor]: STATE: NAV_48_WP48 | ACTION: NAVIGATE -> WP48
[INFO] [1786476784.027871449] [fsm_executor]: EVENT: TASK_COMPLETED in NAV_48_WP48
[INFO] [1786476784.030755282] [fsm_executor]: TRANSITION: NAV_48_WP48 --[TASK_COMPLETED]--> NAV_49_WP49
[INFO] [1786476784.034132408] [fsm_executor]: STATE: NAV_49_WP49 | ACTION: NAVIGATE -> WP49
[INFO] [1786476784.125450611] [fsm_executor]: EVENT: TASK_COMPLETED in NAV_49_WP49
[INFO] [1786476784.126503359] [fsm_executor]: TRANSITION: NAV_49_WP49 --[TASK_COMPLETED]--> NAV_50_WP50
[INFO] [1786476784.127736878] [fsm_executor]: STATE: NAV_50_WP50 | ACTION: NAVIGATE -> WP50
[WARN] [1786476784.129660966] [fsm_executor]: RUNTIME EVENT RECEIVED: GPS_LOST
[INFO] [1786476784.130987704] [fsm_executor]: TRANSITION: NAV_50_WP50 --[GPS_LOST]--> GPS_RECOVERY
[INFO] [1786476784.132617119] [fsm_executor]: STATE: GPS_RECOVERY | ACTION: WAIT_FOR_GPS_STATUS
[WARN] [1786476821.637930048] [fsm_executor]: RUNTIME EVENT RECEIVED: GPS_AVAILABLE
[INFO] [1786476821.641047880] [fsm_executor]: TRANSITION: GPS_RECOVERY --[GPS_AVAILABLE]--> NAV_50_WP50
[INFO] [1786476821.644404587] [fsm_executor]: GPS recovered. Resuming interrupted mission task.
[INFO] [1786476821.647702368] [fsm_executor]: STATE: NAV_50_WP50 | ACTION: NAVIGATE -> WP50
[INFO] [1786476821.728610834] [fsm_executor]: EVENT: TASK_COMPLETED in NAV_50_WP50
[INFO] [1786476821.731399612] [fsm_executor]: TRANSITION: NAV_50_WP50 --[TASK_COMPLETED]--> NAV_51_WP51
[INFO] [1786476821.734677456] [fsm_executor]: STATE: NAV_51_WP51 | ACTION: NAVIGATE -> WP51
[INFO] [1786476821.824679530] [fsm_executor]: EVENT: TASK_COMPLETED in NAV_51_WP51
[INFO] [1786476821.825140311] [fsm_executor]: TRANSITION: NAV_51_WP51 --[TASK_COMPLETED]--> NAV_52_WP52
[INFO] [1786476821.825837779] [fsm_executor]: STATE: NAV_52_WP52 | ACTION: NAVIGATE -> WP52
[INFO] [1786476821.929139804] [fsm_executor]: EVENT: TASK_COMPLETED in NAV_52_WP52
[INFO] [1786476821.932204463] [fsm_executor]: TRANSITION: NAV_52_WP52 --[TASK_COMPLETED]--> NAV_53_WP53
[INFO] [1786476821.935393415] [fsm_executor]: STATE: NAV_53_WP53 | ACTION: NAVIGATE -> WP53
[INFO] [1786476822.025702031] [fsm_executor]: EVENT: TASK_COMPLETED in NAV_53_WP53
[INFO] [1786476822.026962449] [fsm_executor]: TRANSITION: NAV_53_WP53 --[TASK_COMPLETED]--> NAV_54_WP54
[INFO] [1786476822.028264093] [fsm_executor]: STATE: NAV_54_WP54 | ACTION: NAVIGATE -> WP54
[INFO] [1786476822.127752550] [fsm_executor]: EVENT: TASK_COMPLETED in NAV_54_WP54
[INFO] [1786476822.130685399] [fsm_executor]: TRANSITION: NAV_54_WP54 --[TASK_COMPLETED]--> NAV_55_WP55
[INFO] [1786476822.133998703] [fsm_executor]: STATE: NAV_55_WP55 | ACTION: NAVIGATE -> WP55
[INFO] [1786476822.227190237] [fsm_executor]: EVENT: TASK_COMPLETED in NAV_55_WP55
[INFO] [1786476822.229007353] [fsm_executor]: TRANSITION: NAV_55_WP55 --[TASK_COMPLETED]--> NAV_56_WP56
[INFO] [1786476822.230906396] [fsm_executor]: STATE: NAV_56_WP56 | ACTION: NAVIGATE -> WP56
[INFO] [1786476822.327425783] [fsm_executor]: EVENT: TASK_COMPLETED in NAV_56_WP56
[INFO] [1786476822.330899194] [fsm_executor]: TRANSITION: NAV_56_WP56 --[TASK_COMPLETED]--> NAV_57_WP57
[INFO] [1786476822.333988932] [fsm_executor]: STATE: NAV_57_WP57 | ACTION: NAVIGATE -> WP57
[INFO] [1786476822.426847721] [fsm_executor]: EVENT: TASK_COMPLETED in NAV_57_WP57
[INFO] [1786476822.429323823] [fsm_executor]: TRANSITION: NAV_57_WP57 --[TASK_COMPLETED]--> NAV_58_WP58
[INFO] [1786476822.432219051] [fsm_executor]: STATE: NAV_58_WP58 | ACTION: NAVIGATE -> WP58
[INFO] [1786476822.524724182] [fsm_executor]: EVENT: TASK_COMPLETED in NAV_58_WP58
[INFO] [1786476822.525526382] [fsm_executor]: TRANSITION: NAV_58_WP58 --[TASK_COMPLETED]--> NAV_59_WP59
[INFO] [1786476822.526552699] [fsm_executor]: STATE: NAV_59_WP59 | ACTION: NAVIGATE -> WP59
[INFO] [1786476822.624945822] [fsm_executor]: EVENT: TASK_COMPLETED in NAV_59_WP59
[INFO] [1786476822.625598584] [fsm_executor]: TRANSITION: NAV_59_WP59 --[TASK_COMPLETED]--> NAV_60_WP60
[INFO] [1786476822.626544357] [fsm_executor]: STATE: NAV_60_WP60 | ACTION: NAVIGATE -> WP60
[INFO] [1786476822.727756212] [fsm_executor]: EVENT: TASK_COMPLETED in NAV_60_WP60
[INFO] [1786476822.729563026] [fsm_executor]: TRANSITION: NAV_60_WP60 --[TASK_COMPLETED]--> NAV_61_WP61
[INFO] [1786476822.731571576] [fsm_executor]: STATE: NAV_61_WP61 | ACTION: NAVIGATE -> WP61
[INFO] [1786476822.825832913] [fsm_executor]: EVENT: TASK_COMPLETED in NAV_61_WP61
[INFO] [1786476822.827314710] [fsm_executor]: TRANSITION: NAV_61_WP61 --[TASK_COMPLETED]--> NAV_62_WP62
[INFO] [1786476822.828934147] [fsm_executor]: STATE: NAV_62_WP62 | ACTION: NAVIGATE -> WP62
[INFO] [1786476822.927286373] [fsm_executor]: EVENT: TASK_COMPLETED in NAV_62_WP62
[INFO] [1786476822.929057404] [fsm_executor]: TRANSITION: NAV_62_WP62 --[TASK_COMPLETED]--> NAV_63_WP63
[INFO] [1786476822.930940796] [fsm_executor]: STATE: NAV_63_WP63 | ACTION: NAVIGATE -> WP63
[INFO] [1786476823.025666099] [fsm_executor]: EVENT: TASK_COMPLETED in NAV_63_WP63
[INFO] [1786476823.027042322] [fsm_executor]: TRANSITION: NAV_63_WP63 --[TASK_COMPLETED]--> NAV_64_WP64
[INFO] [1786476823.028467707] [fsm_executor]: STATE: NAV_64_WP64 | ACTION: NAVIGATE -> WP64
[INFO] [1786476823.127285999] [fsm_executor]: EVENT: TASK_COMPLETED in NAV_64_WP64
[INFO] [1786476823.129016503] [fsm_executor]: TRANSITION: NAV_64_WP64 --[TASK_COMPLETED]--> NAV_65_WP65
[INFO] [1786476823.130909809] [fsm_executor]: STATE: NAV_65_WP65 | ACTION: NAVIGATE -> WP65
[INFO] [1786476823.227049033] [fsm_executor]: EVENT: TASK_COMPLETED in NAV_65_WP65
[INFO] [1786476823.228828902] [fsm_executor]: TRANSITION: NAV_65_WP65 --[TASK_COMPLETED]--> NAV_66_WP66
[INFO] [1786476823.230748878] [fsm_executor]: STATE: NAV_66_WP66 | ACTION: NAVIGATE -> WP66
[INFO] [1786476823.326447538] [fsm_executor]: EVENT: TASK_COMPLETED in NAV_66_WP66
[INFO] [1786476823.328083853] [fsm_executor]: TRANSITION: NAV_66_WP66 --[TASK_COMPLETED]--> NAV_67_WP67
[INFO] [1786476823.329710209] [fsm_executor]: STATE: NAV_67_WP67 | ACTION: NAVIGATE -> WP67
[INFO] [1786476823.425179449] [fsm_executor]: EVENT: TASK_COMPLETED in NAV_67_WP67
[INFO] [1786476823.426344739] [fsm_executor]: TRANSITION: NAV_67_WP67 --[TASK_COMPLETED]--> NAV_68_WP68
[INFO] [1786476823.427909409] [fsm_executor]: STATE: NAV_68_WP68 | ACTION: NAVIGATE -> WP68
[INFO] [1786476823.526993638] [fsm_executor]: EVENT: TASK_COMPLETED in NAV_68_WP68
[INFO] [1786476823.529878142] [fsm_executor]: TRANSITION: NAV_68_WP68 --[TASK_COMPLETED]--> NAV_69_WP69
[INFO] [1786476823.533116894] [fsm_executor]: STATE: NAV_69_WP69 | ACTION: NAVIGATE -> WP69
[INFO] [1786476823.628678042] [fsm_executor]: EVENT: TASK_COMPLETED in NAV_69_WP69
[INFO] [1786476823.631738129] [fsm_executor]: TRANSITION: NAV_69_WP69 --[TASK_COMPLETED]--> NAV_70_WP70
[INFO] [1786476823.635254431] [fsm_executor]: STATE: NAV_70_WP70 | ACTION: NAVIGATE -> WP70
[INFO] [1786476823.728204961] [fsm_executor]: EVENT: TASK_COMPLETED in NAV_70_WP70
[INFO] [1786476823.730014030] [fsm_executor]: TRANSITION: NAV_70_WP70 --[TASK_COMPLETED]--> NAV_71_WP71
[INFO] [1786476823.732244121] [fsm_executor]: STATE: NAV_71_WP71 | ACTION: NAVIGATE -> WP71
[INFO] [1786476823.828650327] [fsm_executor]: EVENT: TASK_COMPLETED in NAV_71_WP71
[INFO] [1786476823.834270070] [fsm_executor]: TRANSITION: NAV_71_WP71 --[TASK_COMPLETED]--> NAV_72_WP72
[INFO] [1786476823.836341429] [fsm_executor]: STATE: NAV_72_WP72 | ACTION: NAVIGATE -> WP72
[INFO] [1786476823.928023842] [fsm_executor]: EVENT: TASK_COMPLETED in NAV_72_WP72
[INFO] [1786476823.931068375] [fsm_executor]: TRANSITION: NAV_72_WP72 --[TASK_COMPLETED]--> NAV_73_WP73
[INFO] [1786476823.935195770] [fsm_executor]: STATE: NAV_73_WP73 | ACTION: NAVIGATE -> WP73
[INFO] [1786476824.028635797] [fsm_executor]: EVENT: TASK_COMPLETED in NAV_73_WP73
[INFO] [1786476824.031705555] [fsm_executor]: TRANSITION: NAV_73_WP73 --[TASK_COMPLETED]--> NAV_74_WP74
[INFO] [1786476824.034789126] [fsm_executor]: STATE: NAV_74_WP74 | ACTION: NAVIGATE -> WP74
[INFO] [1786476824.126986892] [fsm_executor]: EVENT: TASK_COMPLETED in NAV_74_WP74
[INFO] [1786476824.129840044] [fsm_executor]: TRANSITION: NAV_74_WP74 --[TASK_COMPLETED]--> NAV_75_WP75
[INFO] [1786476824.133081238] [fsm_executor]: STATE: NAV_75_WP75 | ACTION: NAVIGATE -> WP75
[INFO] [1786476824.227107029] [fsm_executor]: EVENT: TASK_COMPLETED in NAV_75_WP75
[INFO] [1786476824.230036862] [fsm_executor]: TRANSITION: NAV_75_WP75 --[TASK_COMPLETED]--> NAV_76_WP76
[INFO] [1786476824.233345484] [fsm_executor]: STATE: NAV_76_WP76 | ACTION: NAVIGATE -> WP76
[INFO] [1786476824.327153969] [fsm_executor]: EVENT: TASK_COMPLETED in NAV_76_WP76
[INFO] [1786476824.328947134] [fsm_executor]: TRANSITION: NAV_76_WP76 --[TASK_COMPLETED]--> NAV_77_WP77
[INFO] [1786476824.330887741] [fsm_executor]: STATE: NAV_77_WP77 | ACTION: NAVIGATE -> WP77
[INFO] [1786476824.427752943] [fsm_executor]: EVENT: TASK_COMPLETED in NAV_77_WP77
[INFO] [1786476824.430658369] [fsm_executor]: TRANSITION: NAV_77_WP77 --[TASK_COMPLETED]--> NAV_78_WP78
[INFO] [1786476824.432634672] [fsm_executor]: STATE: NAV_78_WP78 | ACTION: NAVIGATE -> WP78
[INFO] [1786476824.527604511] [fsm_executor]: EVENT: TASK_COMPLETED in NAV_78_WP78
[INFO] [1786476824.530590102] [fsm_executor]: TRANSITION: NAV_78_WP78 --[TASK_COMPLETED]--> NAV_79_WP79
[INFO] [1786476824.533896282] [fsm_executor]: STATE: NAV_79_WP79 | ACTION: NAVIGATE -> WP79
[INFO] [1786476824.627750010] [fsm_executor]: EVENT: TASK_COMPLETED in NAV_79_WP79
[INFO] [1786476824.630650188] [fsm_executor]: TRANSITION: NAV_79_WP79 --[TASK_COMPLETED]--> NAV_80_WP80
[INFO] [1786476824.633646917] [fsm_executor]: STATE: NAV_80_WP80 | ACTION: NAVIGATE -> WP80
[INFO] [1786476824.727375782] [fsm_executor]: EVENT: TASK_COMPLETED in NAV_80_WP80
[INFO] [1786476824.729552289] [fsm_executor]: TRANSITION: NAV_80_WP80 --[TASK_COMPLETED]--> NAV_81_WP81
[INFO] [1786476824.731503572] [fsm_executor]: STATE: NAV_81_WP81 | ACTION: NAVIGATE -> WP81
[INFO] [1786476824.827020628] [fsm_executor]: EVENT: TASK_COMPLETED in NAV_81_WP81
[INFO] [1786476824.828784271] [fsm_executor]: TRANSITION: NAV_81_WP81 --[TASK_COMPLETED]--> NAV_82_WP82
[INFO] [1786476824.830675928] [fsm_executor]: STATE: NAV_82_WP82 | ACTION: NAVIGATE -> WP82
[INFO] [1786476824.927300095] [fsm_executor]: EVENT: TASK_COMPLETED in NAV_82_WP82
[INFO] [1786476824.929589398] [fsm_executor]: TRANSITION: NAV_82_WP82 --[TASK_COMPLETED]--> NAV_83_WP83
[INFO] [1786476824.931703178] [fsm_executor]: STATE: NAV_83_WP83 | ACTION: NAVIGATE -> WP83
[INFO] [1786476825.027063888] [fsm_executor]: EVENT: TASK_COMPLETED in NAV_83_WP83
[INFO] [1786476825.030034813] [fsm_executor]: TRANSITION: NAV_83_WP83 --[TASK_COMPLETED]--> NAV_84_WP84
[INFO] [1786476825.033288355] [fsm_executor]: STATE: NAV_84_WP84 | ACTION: NAVIGATE -> WP84
[INFO] [1786476825.126328559] [fsm_executor]: EVENT: TASK_COMPLETED in NAV_84_WP84
[INFO] [1786476825.128613211] [fsm_executor]: TRANSITION: NAV_84_WP84 --[TASK_COMPLETED]--> NAV_85_WP85
[INFO] [1786476825.131150490] [fsm_executor]: STATE: NAV_85_WP85 | ACTION: NAVIGATE -> WP85
[INFO] [1786476825.227039631] [fsm_executor]: EVENT: TASK_COMPLETED in NAV_85_WP85
[INFO] [1786476825.229865508] [fsm_executor]: TRANSITION: NAV_85_WP85 --[TASK_COMPLETED]--> NAV_86_WP86
[INFO] [1786476825.233092596] [fsm_executor]: STATE: NAV_86_WP86 | ACTION: NAVIGATE -> WP86
[INFO] [1786476825.325065559] [fsm_executor]: EVENT: TASK_COMPLETED in NAV_86_WP86
[INFO] [1786476825.325955632] [fsm_executor]: TRANSITION: NAV_86_WP86 --[TASK_COMPLETED]--> NAV_87_WP87
[INFO] [1786476825.327026875] [fsm_executor]: STATE: NAV_87_WP87 | ACTION: NAVIGATE -> WP87
[INFO] [1786476825.426993495] [fsm_executor]: EVENT: TASK_COMPLETED in NAV_87_WP87
[INFO] [1786476825.429850033] [fsm_executor]: TRANSITION: NAV_87_WP87 --[TASK_COMPLETED]--> NAV_88_WP88
[INFO] [1786476825.433113026] [fsm_executor]: STATE: NAV_88_WP88 | ACTION: NAVIGATE -> WP88
[INFO] [1786476825.525485797] [fsm_executor]: EVENT: TASK_COMPLETED in NAV_88_WP88
[INFO] [1786476825.526807202] [fsm_executor]: TRANSITION: NAV_88_WP88 --[TASK_COMPLETED]--> NAV_89_WP89
[INFO] [1786476825.528305150] [fsm_executor]: STATE: NAV_89_WP89 | ACTION: NAVIGATE -> WP89
[INFO] [1786476825.626978614] [fsm_executor]: EVENT: TASK_COMPLETED in NAV_89_WP89
[INFO] [1786476825.629975369] [fsm_executor]: TRANSITION: NAV_89_WP89 --[TASK_COMPLETED]--> NAV_90_WP90
[INFO] [1786476825.633172742] [fsm_executor]: STATE: NAV_90_WP90 | ACTION: NAVIGATE -> WP90
[INFO] [1786476825.725108229] [fsm_executor]: EVENT: TASK_COMPLETED in NAV_90_WP90
[INFO] [1786476825.725964200] [fsm_executor]: TRANSITION: NAV_90_WP90 --[TASK_COMPLETED]--> NAV_91_WP91
[INFO] [1786476825.726752243] [fsm_executor]: STATE: NAV_91_WP91 | ACTION: NAVIGATE -> WP91
[INFO] [1786476825.827008569] [fsm_executor]: EVENT: TASK_COMPLETED in NAV_91_WP91
[INFO] [1786476825.828758616] [fsm_executor]: TRANSITION: NAV_91_WP91 --[TASK_COMPLETED]--> NAV_92_WP92
[INFO] [1786476825.830635902] [fsm_executor]: STATE: NAV_92_WP92 | ACTION: NAVIGATE -> WP92
[INFO] [1786476825.926049685] [fsm_executor]: EVENT: TASK_COMPLETED in NAV_92_WP92
[INFO] [1786476825.927400867] [fsm_executor]: TRANSITION: NAV_92_WP92 --[TASK_COMPLETED]--> NAV_93_WP93
[INFO] [1786476825.928772221] [fsm_executor]: STATE: NAV_93_WP93 | ACTION: NAVIGATE -> WP93
[INFO] [1786476826.027042003] [fsm_executor]: EVENT: TASK_COMPLETED in NAV_93_WP93
[INFO] [1786476826.028792559] [fsm_executor]: TRANSITION: NAV_93_WP93 --[TASK_COMPLETED]--> NAV_94_WP94
[INFO] [1786476826.030707301] [fsm_executor]: STATE: NAV_94_WP94 | ACTION: NAVIGATE -> WP94
[INFO] [1786476826.125408407] [fsm_executor]: EVENT: TASK_COMPLETED in NAV_94_WP94
[INFO] [1786476826.126340268] [fsm_executor]: TRANSITION: NAV_94_WP94 --[TASK_COMPLETED]--> NAV_95_WP95
[INFO] [1786476826.127317572] [fsm_executor]: STATE: NAV_95_WP95 | ACTION: NAVIGATE -> WP95
[INFO] [1786476826.227028045] [fsm_executor]: EVENT: TASK_COMPLETED in NAV_95_WP95
[INFO] [1786476826.228782120] [fsm_executor]: TRANSITION: NAV_95_WP95 --[TASK_COMPLETED]--> NAV_96_WP96
[INFO] [1786476826.230699180] [fsm_executor]: STATE: NAV_96_WP96 | ACTION: NAVIGATE -> WP96
[INFO] [1786476826.326061220] [fsm_executor]: EVENT: TASK_COMPLETED in NAV_96_WP96
[INFO] [1786476826.327753044] [fsm_executor]: TRANSITION: NAV_96_WP96 --[TASK_COMPLETED]--> NAV_97_WP97
[INFO] [1786476826.329348041] [fsm_executor]: STATE: NAV_97_WP97 | ACTION: NAVIGATE -> WP97
[INFO] [1786476826.427047828] [fsm_executor]: EVENT: TASK_COMPLETED in NAV_97_WP97
[INFO] [1786476826.429913741] [fsm_executor]: TRANSITION: NAV_97_WP97 --[TASK_COMPLETED]--> NAV_98_WP98
[INFO] [1786476826.433157660] [fsm_executor]: STATE: NAV_98_WP98 | ACTION: NAVIGATE -> WP98
[INFO] [1786476826.528672136] [fsm_executor]: EVENT: TASK_COMPLETED in NAV_98_WP98
[INFO] [1786476826.531764501] [fsm_executor]: TRANSITION: NAV_98_WP98 --[TASK_COMPLETED]--> NAV_99_WP99
[INFO] [1786476826.535029021] [fsm_executor]: STATE: NAV_99_WP99 | ACTION: NAVIGATE -> WP99
[INFO] [1786476826.627088122] [fsm_executor]: EVENT: TASK_COMPLETED in NAV_99_WP99
[INFO] [1786476826.629936966] [fsm_executor]: TRANSITION: NAV_99_WP99 --[TASK_COMPLETED]--> NAV_100_WP100
[INFO] [1786476826.633218641] [fsm_executor]: STATE: NAV_100_WP100 | ACTION: NAVIGATE -> WP100
[INFO] [1786476826.728160196] [fsm_executor]: EVENT: TASK_COMPLETED in NAV_100_WP100
[INFO] [1786476826.730020005] [fsm_executor]: TRANSITION: NAV_100_WP100 --[TASK_COMPLETED]--> LAND_101
[INFO] [1786476826.731877679] [fsm_executor]: STATE: LAND_101 | ACTION: LAND
[INFO] [1786476826.825014770] [fsm_executor]: EVENT: TASK_COMPLETED in LAND_101
[INFO] [1786476826.825460775] [fsm_executor]: TRANSITION: LAND_101 --[TASK_COMPLETED]--> COMPLETED
[INFO] [1786476826.826081808] [fsm_executor]: STATE: COMPLETED
[INFO] [1786476826.826583051] [fsm_executor]: FSM mission completed successfully.
