[INFO] [1787159934.922608669] [fsm_executor]: Loading mission: /home/bishal/ros2_ws/install/mission_formalism_evaluation/share/mission_formalism_evaluation/missions/mission_4.yaml
[INFO] [1787159934.968522422] [fsm_executor]: Mission ID: M4
[INFO] [1787159934.969531847] [fsm_executor]: Mission Name: Zigzag and Return
[INFO] [1787159934.970636107] [fsm_executor]: Mission Items: 201
[INFO] [1787159934.971884049] [fsm_executor]: FSM States: 210
[INFO] [1787159934.972592853] [fsm_executor]: FSM Transitions: 1402
[INFO] [1787159934.973207187] [fsm_executor]: TRANSITION: IDLE --[START]--> TAKEOFF_0
[INFO] [1787159934.973918270] [fsm_executor]: STATE: TAKEOFF_0 | ACTION: TAKEOFF
[INFO] [1787159935.074495822] [fsm_executor]: EVENT: TASK_COMPLETED in TAKEOFF_0
[INFO] [1787159935.076066170] [fsm_executor]: TRANSITION: TAKEOFF_0 --[TASK_COMPLETED]--> NAV_1_WP1
[INFO] [1787159935.077868963] [fsm_executor]: STATE: NAV_1_WP1 | ACTION: NAVIGATE -> WP1
[INFO] [1787159935.175466014] [fsm_executor]: EVENT: TASK_COMPLETED in NAV_1_WP1
[INFO] [1787159935.177970071] [fsm_executor]: TRANSITION: NAV_1_WP1 --[TASK_COMPLETED]--> NAV_2_WP2
[INFO] [1787159935.180942088] [fsm_executor]: STATE: NAV_2_WP2 | ACTION: NAVIGATE -> WP2
[INFO] [1787159935.274149282] [fsm_executor]: EVENT: TASK_COMPLETED in NAV_2_WP2
[INFO] [1787159935.275080373] [fsm_executor]: TRANSITION: NAV_2_WP2 --[TASK_COMPLETED]--> NAV_3_WP3
[INFO] [1787159935.276118655] [fsm_executor]: STATE: NAV_3_WP3 | ACTION: NAVIGATE -> WP3
[INFO] [1787159935.377118610] [fsm_executor]: EVENT: TASK_COMPLETED in NAV_3_WP3
[INFO] [1787159935.379989520] [fsm_executor]: TRANSITION: NAV_3_WP3 --[TASK_COMPLETED]--> NAV_4_WP4
[INFO] [1787159935.383506674] [fsm_executor]: STATE: NAV_4_WP4 | ACTION: NAVIGATE -> WP4
[INFO] [1787159935.476030478] [fsm_executor]: EVENT: TASK_COMPLETED in NAV_4_WP4
[INFO] [1787159935.478868988] [fsm_executor]: TRANSITION: NAV_4_WP4 --[TASK_COMPLETED]--> NAV_5_WP5
[INFO] [1787159935.482636037] [fsm_executor]: STATE: NAV_5_WP5 | ACTION: NAVIGATE -> WP5
[INFO] [1787159935.576253543] [fsm_executor]: EVENT: TASK_COMPLETED in NAV_5_WP5
[INFO] [1787159935.579234853] [fsm_executor]: TRANSITION: NAV_5_WP5 --[TASK_COMPLETED]--> NAV_6_WP6
[INFO] [1787159935.582576681] [fsm_executor]: STATE: NAV_6_WP6 | ACTION: NAVIGATE -> WP6
[INFO] [1787159935.676677412] [fsm_executor]: EVENT: TASK_COMPLETED in NAV_6_WP6
[INFO] [1787159935.679653768] [fsm_executor]: TRANSITION: NAV_6_WP6 --[TASK_COMPLETED]--> NAV_7_WP7
[INFO] [1787159935.682970062] [fsm_executor]: STATE: NAV_7_WP7 | ACTION: NAVIGATE -> WP7
[INFO] [1787159935.776383086] [fsm_executor]: EVENT: TASK_COMPLETED in NAV_7_WP7
[INFO] [1787159935.779350613] [fsm_executor]: TRANSITION: NAV_7_WP7 --[TASK_COMPLETED]--> NAV_8_WP8
[INFO] [1787159935.782677886] [fsm_executor]: STATE: NAV_8_WP8 | ACTION: NAVIGATE -> WP8
[INFO] [1787159935.881037175] [fsm_executor]: EVENT: TASK_COMPLETED in NAV_8_WP8
[INFO] [1787159935.882865507] [fsm_executor]: TRANSITION: NAV_8_WP8 --[TASK_COMPLETED]--> NAV_9_WP9
[INFO] [1787159935.884720050] [fsm_executor]: STATE: NAV_9_WP9 | ACTION: NAVIGATE -> WP9
[INFO] [1787159935.980815550] [fsm_executor]: EVENT: TASK_COMPLETED in NAV_9_WP9
[INFO] [1787159935.983850326] [fsm_executor]: TRANSITION: NAV_9_WP9 --[TASK_COMPLETED]--> NAV_10_WP10
[INFO] [1787159935.987495558] [fsm_executor]: STATE: NAV_10_WP10 | ACTION: NAVIGATE -> WP10
[INFO] [1787159936.076071119] [fsm_executor]: EVENT: TASK_COMPLETED in NAV_10_WP10
[INFO] [1787159936.077947734] [fsm_executor]: TRANSITION: NAV_10_WP10 --[TASK_COMPLETED]--> NAV_11_WP11
[INFO] [1787159936.080280317] [fsm_executor]: STATE: NAV_11_WP11 | ACTION: NAVIGATE -> WP11
[INFO] [1787159936.176057825] [fsm_executor]: EVENT: TASK_COMPLETED in NAV_11_WP11
[INFO] [1787159936.177842010] [fsm_executor]: TRANSITION: NAV_11_WP11 --[TASK_COMPLETED]--> NAV_12_WP12
[INFO] [1787159936.179091235] [fsm_executor]: STATE: NAV_12_WP12 | ACTION: NAVIGATE -> WP12
[INFO] [1787159936.274861419] [fsm_executor]: EVENT: TASK_COMPLETED in NAV_12_WP12
[INFO] [1787159936.276884348] [fsm_executor]: TRANSITION: NAV_12_WP12 --[TASK_COMPLETED]--> NAV_13_WP13
[INFO] [1787159936.279206882] [fsm_executor]: STATE: NAV_13_WP13 | ACTION: NAVIGATE -> WP13
[INFO] [1787159936.375846385] [fsm_executor]: EVENT: TASK_COMPLETED in NAV_13_WP13
[INFO] [1787159936.377640301] [fsm_executor]: TRANSITION: NAV_13_WP13 --[TASK_COMPLETED]--> NAV_14_WP14
[INFO] [1787159936.378948433] [fsm_executor]: STATE: NAV_14_WP14 | ACTION: NAVIGATE -> WP14
[INFO] [1787159936.475094980] [fsm_executor]: EVENT: TASK_COMPLETED in NAV_14_WP14
[INFO] [1787159936.477010974] [fsm_executor]: TRANSITION: NAV_14_WP14 --[TASK_COMPLETED]--> NAV_15_WP15
[INFO] [1787159936.479263335] [fsm_executor]: STATE: NAV_15_WP15 | ACTION: NAVIGATE -> WP15
[INFO] [1787159936.578147599] [fsm_executor]: EVENT: TASK_COMPLETED in NAV_15_WP15
[INFO] [1787159936.581752161] [fsm_executor]: TRANSITION: NAV_15_WP15 --[TASK_COMPLETED]--> NAV_16_WP16
[INFO] [1787159936.585897243] [fsm_executor]: STATE: NAV_16_WP16 | ACTION: NAVIGATE -> WP16
[INFO] [1787159936.677173075] [fsm_executor]: EVENT: TASK_COMPLETED in NAV_16_WP16
[INFO] [1787159936.679665427] [fsm_executor]: TRANSITION: NAV_16_WP16 --[TASK_COMPLETED]--> NAV_17_WP17
[INFO] [1787159936.682815284] [fsm_executor]: STATE: NAV_17_WP17 | ACTION: NAVIGATE -> WP17
[INFO] [1787159936.777157233] [fsm_executor]: EVENT: TASK_COMPLETED in NAV_17_WP17
[INFO] [1787159936.779651992] [fsm_executor]: TRANSITION: NAV_17_WP17 --[TASK_COMPLETED]--> NAV_18_WP18
[INFO] [1787159936.782904596] [fsm_executor]: STATE: NAV_18_WP18 | ACTION: NAVIGATE -> WP18
[INFO] [1787159936.874511179] [fsm_executor]: EVENT: TASK_COMPLETED in NAV_18_WP18
[INFO] [1787159936.875576102] [fsm_executor]: TRANSITION: NAV_18_WP18 --[TASK_COMPLETED]--> NAV_19_WP19
[INFO] [1787159936.876945897] [fsm_executor]: STATE: NAV_19_WP19 | ACTION: NAVIGATE -> WP19
[INFO] [1787159936.977541019] [fsm_executor]: EVENT: TASK_COMPLETED in NAV_19_WP19
[INFO] [1787159936.980572838] [fsm_executor]: TRANSITION: NAV_19_WP19 --[TASK_COMPLETED]--> NAV_20_WP20
[INFO] [1787159936.984287263] [fsm_executor]: STATE: NAV_20_WP20 | ACTION: NAVIGATE -> WP20
[INFO] [1787159937.075946190] [fsm_executor]: EVENT: TASK_COMPLETED in NAV_20_WP20
[INFO] [1787159937.078907086] [fsm_executor]: TRANSITION: NAV_20_WP20 --[TASK_COMPLETED]--> NAV_21_WP21
[INFO] [1787159937.082220707] [fsm_executor]: STATE: NAV_21_WP21 | ACTION: NAVIGATE -> WP21
[INFO] [1787159937.175939221] [fsm_executor]: EVENT: TASK_COMPLETED in NAV_21_WP21
[INFO] [1787159937.178791942] [fsm_executor]: TRANSITION: NAV_21_WP21 --[TASK_COMPLETED]--> NAV_22_WP22
[INFO] [1787159937.182145925] [fsm_executor]: STATE: NAV_22_WP22 | ACTION: NAVIGATE -> WP22
[INFO] [1787159937.277726264] [fsm_executor]: EVENT: TASK_COMPLETED in NAV_22_WP22
[INFO] [1787159937.280538835] [fsm_executor]: TRANSITION: NAV_22_WP22 --[TASK_COMPLETED]--> NAV_23_WP23
[INFO] [1787159937.283623153] [fsm_executor]: STATE: NAV_23_WP23 | ACTION: NAVIGATE -> WP23
[INFO] [1787159937.376644239] [fsm_executor]: EVENT: TASK_COMPLETED in NAV_23_WP23
[INFO] [1787159937.379613747] [fsm_executor]: TRANSITION: NAV_23_WP23 --[TASK_COMPLETED]--> NAV_24_WP24
[INFO] [1787159937.383079374] [fsm_executor]: STATE: NAV_24_WP24 | ACTION: NAVIGATE -> WP24
[INFO] [1787159937.475956626] [fsm_executor]: EVENT: TASK_COMPLETED in NAV_24_WP24
[INFO] [1787159937.477978331] [fsm_executor]: TRANSITION: NAV_24_WP24 --[TASK_COMPLETED]--> NAV_25_WP25
[INFO] [1787159937.481333268] [fsm_executor]: STATE: NAV_25_WP25 | ACTION: NAVIGATE -> WP25
[INFO] [1787159937.575952156] [fsm_executor]: EVENT: TASK_COMPLETED in NAV_25_WP25
[INFO] [1787159937.578791835] [fsm_executor]: TRANSITION: NAV_25_WP25 --[TASK_COMPLETED]--> NAV_26_WP26
[INFO] [1787159937.582218066] [fsm_executor]: STATE: NAV_26_WP26 | ACTION: NAVIGATE -> WP26
[INFO] [1787159937.680492015] [fsm_executor]: EVENT: TASK_COMPLETED in NAV_26_WP26
[INFO] [1787159937.683645551] [fsm_executor]: TRANSITION: NAV_26_WP26 --[TASK_COMPLETED]--> NAV_27_WP27
[INFO] [1787159937.687871499] [fsm_executor]: STATE: NAV_27_WP27 | ACTION: NAVIGATE -> WP27
[INFO] [1787159937.778021601] [fsm_executor]: EVENT: TASK_COMPLETED in NAV_27_WP27
[INFO] [1787159937.781407803] [fsm_executor]: TRANSITION: NAV_27_WP27 --[TASK_COMPLETED]--> NAV_28_WP28
[INFO] [1787159937.785375791] [fsm_executor]: STATE: NAV_28_WP28 | ACTION: NAVIGATE -> WP28
[INFO] [1787159937.873969607] [fsm_executor]: EVENT: TASK_COMPLETED in NAV_28_WP28
[INFO] [1787159937.874899809] [fsm_executor]: TRANSITION: NAV_28_WP28 --[TASK_COMPLETED]--> NAV_29_WP29
[INFO] [1787159937.875995322] [fsm_executor]: STATE: NAV_29_WP29 | ACTION: NAVIGATE -> WP29
[INFO] [1787159937.976915798] [fsm_executor]: EVENT: TASK_COMPLETED in NAV_29_WP29
[INFO] [1787159937.980163357] [fsm_executor]: TRANSITION: NAV_29_WP29 --[TASK_COMPLETED]--> NAV_30_WP30
[INFO] [1787159937.983777307] [fsm_executor]: STATE: NAV_30_WP30 | ACTION: NAVIGATE -> WP30
[INFO] [1787159938.076074860] [fsm_executor]: EVENT: TASK_COMPLETED in NAV_30_WP30
[INFO] [1787159938.079023086] [fsm_executor]: TRANSITION: NAV_30_WP30 --[TASK_COMPLETED]--> NAV_31_WP31
[INFO] [1787159938.082540018] [fsm_executor]: STATE: NAV_31_WP31 | ACTION: NAVIGATE -> WP31
[INFO] [1787159938.177286098] [fsm_executor]: EVENT: TASK_COMPLETED in NAV_31_WP31
[INFO] [1787159938.180355513] [fsm_executor]: TRANSITION: NAV_31_WP31 --[TASK_COMPLETED]--> NAV_32_WP32
[INFO] [1787159938.183797079] [fsm_executor]: STATE: NAV_32_WP32 | ACTION: NAVIGATE -> WP32
[INFO] [1787159938.277014222] [fsm_executor]: EVENT: TASK_COMPLETED in NAV_32_WP32
[INFO] [1787159938.280026224] [fsm_executor]: TRANSITION: NAV_32_WP32 --[TASK_COMPLETED]--> NAV_33_WP33
[INFO] [1787159938.283667981] [fsm_executor]: STATE: NAV_33_WP33 | ACTION: NAVIGATE -> WP33
[INFO] [1787159938.377791860] [fsm_executor]: EVENT: TASK_COMPLETED in NAV_33_WP33
[INFO] [1787159938.380809746] [fsm_executor]: TRANSITION: NAV_33_WP33 --[TASK_COMPLETED]--> NAV_34_WP34
[INFO] [1787159938.384089163] [fsm_executor]: STATE: NAV_34_WP34 | ACTION: NAVIGATE -> WP34
[INFO] [1787159938.477158991] [fsm_executor]: EVENT: TASK_COMPLETED in NAV_34_WP34
[INFO] [1787159938.480134298] [fsm_executor]: TRANSITION: NAV_34_WP34 --[TASK_COMPLETED]--> NAV_35_WP35
[INFO] [1787159938.483691544] [fsm_executor]: STATE: NAV_35_WP35 | ACTION: NAVIGATE -> WP35
[INFO] [1787159938.576990333] [fsm_executor]: EVENT: TASK_COMPLETED in NAV_35_WP35
[INFO] [1787159938.580035311] [fsm_executor]: TRANSITION: NAV_35_WP35 --[TASK_COMPLETED]--> NAV_36_WP36
[INFO] [1787159938.583421639] [fsm_executor]: STATE: NAV_36_WP36 | ACTION: NAVIGATE -> WP36
[INFO] [1787159938.674241942] [fsm_executor]: EVENT: TASK_COMPLETED in NAV_36_WP36
[INFO] [1787159938.675389100] [fsm_executor]: TRANSITION: NAV_36_WP36 --[TASK_COMPLETED]--> NAV_37_WP37
[INFO] [1787159938.676695141] [fsm_executor]: STATE: NAV_37_WP37 | ACTION: NAVIGATE -> WP37
[INFO] [1787159938.774389438] [fsm_executor]: EVENT: TASK_COMPLETED in NAV_37_WP37
[INFO] [1787159938.775631491] [fsm_executor]: TRANSITION: NAV_37_WP37 --[TASK_COMPLETED]--> NAV_38_WP38
[INFO] [1787159938.777288719] [fsm_executor]: STATE: NAV_38_WP38 | ACTION: NAVIGATE -> WP38
[INFO] [1787159938.877182091] [fsm_executor]: EVENT: TASK_COMPLETED in NAV_38_WP38
[INFO] [1787159938.880127443] [fsm_executor]: TRANSITION: NAV_38_WP38 --[TASK_COMPLETED]--> NAV_39_WP39
[INFO] [1787159938.883284582] [fsm_executor]: STATE: NAV_39_WP39 | ACTION: NAVIGATE -> WP39
[INFO] [1787159938.977232849] [fsm_executor]: EVENT: TASK_COMPLETED in NAV_39_WP39
[INFO] [1787159938.983213495] [fsm_executor]: TRANSITION: NAV_39_WP39 --[TASK_COMPLETED]--> NAV_40_WP40
[INFO] [1787159938.987432538] [fsm_executor]: STATE: NAV_40_WP40 | ACTION: NAVIGATE -> WP40
[INFO] [1787159939.077132415] [fsm_executor]: EVENT: TASK_COMPLETED in NAV_40_WP40
[INFO] [1787159939.080235664] [fsm_executor]: TRANSITION: NAV_40_WP40 --[TASK_COMPLETED]--> NAV_41_WP41
[INFO] [1787159939.083944712] [fsm_executor]: STATE: NAV_41_WP41 | ACTION: NAVIGATE -> WP41
[INFO] [1787159939.176961972] [fsm_executor]: EVENT: TASK_COMPLETED in NAV_41_WP41
[INFO] [1787159939.180030137] [fsm_executor]: TRANSITION: NAV_41_WP41 --[TASK_COMPLETED]--> NAV_42_WP42
[INFO] [1787159939.183376943] [fsm_executor]: STATE: NAV_42_WP42 | ACTION: NAVIGATE -> WP42
[INFO] [1787159939.277064308] [fsm_executor]: EVENT: TASK_COMPLETED in NAV_42_WP42
[INFO] [1787159939.279991177] [fsm_executor]: TRANSITION: NAV_42_WP42 --[TASK_COMPLETED]--> NAV_43_WP43
[INFO] [1787159939.284321877] [fsm_executor]: STATE: NAV_43_WP43 | ACTION: NAVIGATE -> WP43
[INFO] [1787159939.377274394] [fsm_executor]: EVENT: TASK_COMPLETED in NAV_43_WP43
[INFO] [1787159939.383182834] [fsm_executor]: TRANSITION: NAV_43_WP43 --[TASK_COMPLETED]--> NAV_44_WP44
[INFO] [1787159939.386608980] [fsm_executor]: STATE: NAV_44_WP44 | ACTION: NAVIGATE -> WP44
[INFO] [1787159939.477199425] [fsm_executor]: EVENT: TASK_COMPLETED in NAV_44_WP44
[INFO] [1787159939.480166459] [fsm_executor]: TRANSITION: NAV_44_WP44 --[TASK_COMPLETED]--> NAV_45_WP45
[INFO] [1787159939.484281178] [fsm_executor]: STATE: NAV_45_WP45 | ACTION: NAVIGATE -> WP45
[INFO] [1787159939.577027310] [fsm_executor]: EVENT: TASK_COMPLETED in NAV_45_WP45
[INFO] [1787159939.580044650] [fsm_executor]: TRANSITION: NAV_45_WP45 --[TASK_COMPLETED]--> NAV_46_WP46
[INFO] [1787159939.584246027] [fsm_executor]: STATE: NAV_46_WP46 | ACTION: NAVIGATE -> WP46
[INFO] [1787159939.677561838] [fsm_executor]: EVENT: TASK_COMPLETED in NAV_46_WP46
[INFO] [1787159939.682093253] [fsm_executor]: TRANSITION: NAV_46_WP46 --[TASK_COMPLETED]--> NAV_47_WP47
[INFO] [1787159939.687763867] [fsm_executor]: STATE: NAV_47_WP47 | ACTION: NAVIGATE -> WP47
[INFO] [1787159939.778074963] [fsm_executor]: EVENT: TASK_COMPLETED in NAV_47_WP47
[INFO] [1787159939.781077405] [fsm_executor]: TRANSITION: NAV_47_WP47 --[TASK_COMPLETED]--> NAV_48_WP48
[INFO] [1787159939.786467786] [fsm_executor]: STATE: NAV_48_WP48 | ACTION: NAVIGATE -> WP48
[INFO] [1787159939.877791116] [fsm_executor]: EVENT: TASK_COMPLETED in NAV_48_WP48
[INFO] [1787159939.882598894] [fsm_executor]: TRANSITION: NAV_48_WP48 --[TASK_COMPLETED]--> NAV_49_WP49
[INFO] [1787159939.886476138] [fsm_executor]: STATE: NAV_49_WP49 | ACTION: NAVIGATE -> WP49
[INFO] [1787159939.979509713] [fsm_executor]: EVENT: TASK_COMPLETED in NAV_49_WP49
[INFO] [1787159939.986318216] [fsm_executor]: TRANSITION: NAV_49_WP49 --[TASK_COMPLETED]--> NAV_50_WP50
[INFO] [1787159939.991788976] [fsm_executor]: STATE: NAV_50_WP50 | ACTION: NAVIGATE -> WP50
[INFO] [1787159940.077943351] [fsm_executor]: EVENT: TASK_COMPLETED in NAV_50_WP50
[INFO] [1787159940.082473568] [fsm_executor]: TRANSITION: NAV_50_WP50 --[TASK_COMPLETED]--> NAV_51_WP51
[INFO] [1787159940.084043553] [fsm_executor]: STATE: NAV_51_WP51 | ACTION: NAVIGATE -> WP51
[INFO] [1787159940.175324664] [fsm_executor]: EVENT: TASK_COMPLETED in NAV_51_WP51
[INFO] [1787159940.176269126] [fsm_executor]: TRANSITION: NAV_51_WP51 --[TASK_COMPLETED]--> NAV_52_WP52
[INFO] [1787159940.177556401] [fsm_executor]: STATE: NAV_52_WP52 | ACTION: NAVIGATE -> WP52
[INFO] [1787159940.278065709] [fsm_executor]: EVENT: TASK_COMPLETED in NAV_52_WP52
[INFO] [1787159940.282814698] [fsm_executor]: TRANSITION: NAV_52_WP52 --[TASK_COMPLETED]--> NAV_53_WP53
[INFO] [1787159940.286614925] [fsm_executor]: STATE: NAV_53_WP53 | ACTION: NAVIGATE -> WP53
[INFO] [1787159940.382634851] [fsm_executor]: EVENT: TASK_COMPLETED in NAV_53_WP53
[INFO] [1787159940.386824374] [fsm_executor]: TRANSITION: NAV_53_WP53 --[TASK_COMPLETED]--> NAV_54_WP54
[INFO] [1787159940.390225678] [fsm_executor]: STATE: NAV_54_WP54 | ACTION: NAVIGATE -> WP54
[INFO] [1787159940.496401283] [fsm_executor]: EVENT: TASK_COMPLETED in NAV_54_WP54
[INFO] [1787159940.501265322] [fsm_executor]: TRANSITION: NAV_54_WP54 --[TASK_COMPLETED]--> NAV_55_WP55
[INFO] [1787159940.504956090] [fsm_executor]: STATE: NAV_55_WP55 | ACTION: NAVIGATE -> WP55
[INFO] [1787159940.574877052] [fsm_executor]: EVENT: TASK_COMPLETED in NAV_55_WP55
[INFO] [1787159940.576013323] [fsm_executor]: TRANSITION: NAV_55_WP55 --[TASK_COMPLETED]--> NAV_56_WP56
[INFO] [1787159940.577118128] [fsm_executor]: STATE: NAV_56_WP56 | ACTION: NAVIGATE -> WP56
[INFO] [1787159940.678932467] [fsm_executor]: EVENT: TASK_COMPLETED in NAV_56_WP56
[INFO] [1787159940.683420059] [fsm_executor]: TRANSITION: NAV_56_WP56 --[TASK_COMPLETED]--> NAV_57_WP57
[INFO] [1787159940.687604221] [fsm_executor]: STATE: NAV_57_WP57 | ACTION: NAVIGATE -> WP57
[INFO] [1787159940.778995173] [fsm_executor]: EVENT: TASK_COMPLETED in NAV_57_WP57
[INFO] [1787159940.786689099] [fsm_executor]: TRANSITION: NAV_57_WP57 --[TASK_COMPLETED]--> NAV_58_WP58
[INFO] [1787159940.801511044] [fsm_executor]: STATE: NAV_58_WP58 | ACTION: NAVIGATE -> WP58
[INFO] [1787159940.880565431] [fsm_executor]: EVENT: TASK_COMPLETED in NAV_58_WP58
[INFO] [1787159940.884674275] [fsm_executor]: TRANSITION: NAV_58_WP58 --[TASK_COMPLETED]--> NAV_59_WP59
[INFO] [1787159940.886975025] [fsm_executor]: STATE: NAV_59_WP59 | ACTION: NAVIGATE -> WP59
[INFO] [1787159940.979873257] [fsm_executor]: EVENT: TASK_COMPLETED in NAV_59_WP59
[INFO] [1787159940.983182568] [fsm_executor]: TRANSITION: NAV_59_WP59 --[TASK_COMPLETED]--> NAV_60_WP60
[INFO] [1787159940.986598944] [fsm_executor]: STATE: NAV_60_WP60 | ACTION: NAVIGATE -> WP60
[INFO] [1787159941.078236985] [fsm_executor]: EVENT: TASK_COMPLETED in NAV_60_WP60
[INFO] [1787159941.081889277] [fsm_executor]: TRANSITION: NAV_60_WP60 --[TASK_COMPLETED]--> NAV_61_WP61
[INFO] [1787159941.085193539] [fsm_executor]: STATE: NAV_61_WP61 | ACTION: NAVIGATE -> WP61
[INFO] [1787159941.179071642] [fsm_executor]: EVENT: TASK_COMPLETED in NAV_61_WP61
[INFO] [1787159941.183036398] [fsm_executor]: TRANSITION: NAV_61_WP61 --[TASK_COMPLETED]--> NAV_62_WP62
[INFO] [1787159941.187575678] [fsm_executor]: STATE: NAV_62_WP62 | ACTION: NAVIGATE -> WP62
[INFO] [1787159941.280704744] [fsm_executor]: EVENT: TASK_COMPLETED in NAV_62_WP62
[INFO] [1787159941.283956464] [fsm_executor]: TRANSITION: NAV_62_WP62 --[TASK_COMPLETED]--> NAV_63_WP63
[INFO] [1787159941.286780397] [fsm_executor]: STATE: NAV_63_WP63 | ACTION: NAVIGATE -> WP63
[INFO] [1787159941.374361413] [fsm_executor]: EVENT: TASK_COMPLETED in NAV_63_WP63
[INFO] [1787159941.375187490] [fsm_executor]: TRANSITION: NAV_63_WP63 --[TASK_COMPLETED]--> NAV_64_WP64
[INFO] [1787159941.378815327] [fsm_executor]: STATE: NAV_64_WP64 | ACTION: NAVIGATE -> WP64
[INFO] [1787159941.479208337] [fsm_executor]: EVENT: TASK_COMPLETED in NAV_64_WP64
[INFO] [1787159941.483223100] [fsm_executor]: TRANSITION: NAV_64_WP64 --[TASK_COMPLETED]--> NAV_65_WP65
[INFO] [1787159941.491604588] [fsm_executor]: STATE: NAV_65_WP65 | ACTION: NAVIGATE -> WP65
[INFO] [1787159941.590484742] [fsm_executor]: EVENT: TASK_COMPLETED in NAV_65_WP65
[INFO] [1787159941.594163725] [fsm_executor]: TRANSITION: NAV_65_WP65 --[TASK_COMPLETED]--> NAV_66_WP66
[INFO] [1787159941.598128227] [fsm_executor]: STATE: NAV_66_WP66 | ACTION: NAVIGATE -> WP66
[INFO] [1787159941.676885078] [fsm_executor]: EVENT: TASK_COMPLETED in NAV_66_WP66
[INFO] [1787159941.681420036] [fsm_executor]: TRANSITION: NAV_66_WP66 --[TASK_COMPLETED]--> NAV_67_WP67
[INFO] [1787159941.682067782] [fsm_executor]: STATE: NAV_67_WP67 | ACTION: NAVIGATE -> WP67
[INFO] [1787159941.775630417] [fsm_executor]: EVENT: TASK_COMPLETED in NAV_67_WP67
[INFO] [1787159941.782127262] [fsm_executor]: TRANSITION: NAV_67_WP67 --[TASK_COMPLETED]--> NAV_68_WP68
[INFO] [1787159941.783574306] [fsm_executor]: STATE: NAV_68_WP68 | ACTION: NAVIGATE -> WP68
[INFO] [1787159941.875430994] [fsm_executor]: EVENT: TASK_COMPLETED in NAV_68_WP68
[INFO] [1787159941.877999975] [fsm_executor]: TRANSITION: NAV_68_WP68 --[TASK_COMPLETED]--> NAV_69_WP69
[INFO] [1787159941.879216825] [fsm_executor]: STATE: NAV_69_WP69 | ACTION: NAVIGATE -> WP69
[INFO] [1787159941.978004749] [fsm_executor]: EVENT: TASK_COMPLETED in NAV_69_WP69
[INFO] [1787159941.983049529] [fsm_executor]: TRANSITION: NAV_69_WP69 --[TASK_COMPLETED]--> NAV_70_WP70
[INFO] [1787159941.985828918] [fsm_executor]: STATE: NAV_70_WP70 | ACTION: NAVIGATE -> WP70
[INFO] [1787159942.078012643] [fsm_executor]: EVENT: TASK_COMPLETED in NAV_70_WP70
[INFO] [1787159942.081906197] [fsm_executor]: TRANSITION: NAV_70_WP70 --[TASK_COMPLETED]--> NAV_71_WP71
[INFO] [1787159942.085694049] [fsm_executor]: STATE: NAV_71_WP71 | ACTION: NAVIGATE -> WP71
[INFO] [1787159942.181231127] [fsm_executor]: EVENT: TASK_COMPLETED in NAV_71_WP71
[INFO] [1787159942.187386634] [fsm_executor]: TRANSITION: NAV_71_WP71 --[TASK_COMPLETED]--> NAV_72_WP72
[INFO] [1787159942.197013356] [fsm_executor]: STATE: NAV_72_WP72 | ACTION: NAVIGATE -> WP72
[INFO] [1787159942.275052870] [fsm_executor]: EVENT: TASK_COMPLETED in NAV_72_WP72
[INFO] [1787159942.276103012] [fsm_executor]: TRANSITION: NAV_72_WP72 --[TASK_COMPLETED]--> NAV_73_WP73
[INFO] [1787159942.277257463] [fsm_executor]: STATE: NAV_73_WP73 | ACTION: NAVIGATE -> WP73
[INFO] [1787159942.374536545] [fsm_executor]: EVENT: TASK_COMPLETED in NAV_73_WP73
[INFO] [1787159942.377926311] [fsm_executor]: TRANSITION: NAV_73_WP73 --[TASK_COMPLETED]--> NAV_74_WP74
[INFO] [1787159942.379324040] [fsm_executor]: STATE: NAV_74_WP74 | ACTION: NAVIGATE -> WP74
[INFO] [1787159942.474600567] [fsm_executor]: EVENT: TASK_COMPLETED in NAV_74_WP74
[INFO] [1787159942.475258076] [fsm_executor]: TRANSITION: NAV_74_WP74 --[TASK_COMPLETED]--> NAV_75_WP75
[INFO] [1787159942.475904702] [fsm_executor]: STATE: NAV_75_WP75 | ACTION: NAVIGATE -> WP75
[INFO] [1787159942.574744982] [fsm_executor]: EVENT: TASK_COMPLETED in NAV_75_WP75
[INFO] [1787159942.575940517] [fsm_executor]: TRANSITION: NAV_75_WP75 --[TASK_COMPLETED]--> NAV_76_WP76
[INFO] [1787159942.577077611] [fsm_executor]: STATE: NAV_76_WP76 | ACTION: NAVIGATE -> WP76
[INFO] [1787159942.675758641] [fsm_executor]: EVENT: TASK_COMPLETED in NAV_76_WP76
[INFO] [1787159942.677760912] [fsm_executor]: TRANSITION: NAV_76_WP76 --[TASK_COMPLETED]--> NAV_77_WP77
[INFO] [1787159942.679635650] [fsm_executor]: STATE: NAV_77_WP77 | ACTION: NAVIGATE -> WP77
[INFO] [1787159942.777905403] [fsm_executor]: EVENT: TASK_COMPLETED in NAV_77_WP77
[INFO] [1787159942.780579565] [fsm_executor]: TRANSITION: NAV_77_WP77 --[TASK_COMPLETED]--> NAV_78_WP78
[INFO] [1787159942.783445972] [fsm_executor]: STATE: NAV_78_WP78 | ACTION: NAVIGATE -> WP78
[INFO] [1787159942.878258002] [fsm_executor]: EVENT: TASK_COMPLETED in NAV_78_WP78
[INFO] [1787159942.881159748] [fsm_executor]: TRANSITION: NAV_78_WP78 --[TASK_COMPLETED]--> NAV_79_WP79
[INFO] [1787159942.884551248] [fsm_executor]: STATE: NAV_79_WP79 | ACTION: NAVIGATE -> WP79
[INFO] [1787159942.978718384] [fsm_executor]: EVENT: TASK_COMPLETED in NAV_79_WP79
[INFO] [1787159942.982772742] [fsm_executor]: TRANSITION: NAV_79_WP79 --[TASK_COMPLETED]--> NAV_80_WP80
[INFO] [1787159942.986718136] [fsm_executor]: STATE: NAV_80_WP80 | ACTION: NAVIGATE -> WP80
[INFO] [1787159943.075915401] [fsm_executor]: EVENT: TASK_COMPLETED in NAV_80_WP80
[INFO] [1787159943.077149041] [fsm_executor]: TRANSITION: NAV_80_WP80 --[TASK_COMPLETED]--> NAV_81_WP81
[INFO] [1787159943.078260418] [fsm_executor]: STATE: NAV_81_WP81 | ACTION: NAVIGATE -> WP81
[INFO] [1787159943.175175705] [fsm_executor]: EVENT: TASK_COMPLETED in NAV_81_WP81
[INFO] [1787159943.182002755] [fsm_executor]: TRANSITION: NAV_81_WP81 --[TASK_COMPLETED]--> NAV_82_WP82
[INFO] [1787159943.184135706] [fsm_executor]: STATE: NAV_82_WP82 | ACTION: NAVIGATE -> WP82
[INFO] [1787159943.277676551] [fsm_executor]: EVENT: TASK_COMPLETED in NAV_82_WP82
[INFO] [1787159943.279611124] [fsm_executor]: TRANSITION: NAV_82_WP82 --[TASK_COMPLETED]--> NAV_83_WP83
[INFO] [1787159943.281660788] [fsm_executor]: STATE: NAV_83_WP83 | ACTION: NAVIGATE -> WP83
[INFO] [1787159943.379100912] [fsm_executor]: EVENT: TASK_COMPLETED in NAV_83_WP83
[INFO] [1787159943.384231143] [fsm_executor]: TRANSITION: NAV_83_WP83 --[TASK_COMPLETED]--> NAV_84_WP84
[INFO] [1787159943.389223602] [fsm_executor]: STATE: NAV_84_WP84 | ACTION: NAVIGATE -> WP84
[INFO] [1787159943.478562008] [fsm_executor]: EVENT: TASK_COMPLETED in NAV_84_WP84
[INFO] [1787159943.480896147] [fsm_executor]: TRANSITION: NAV_84_WP84 --[TASK_COMPLETED]--> NAV_85_WP85
[INFO] [1787159943.482824703] [fsm_executor]: STATE: NAV_85_WP85 | ACTION: NAVIGATE -> WP85
[INFO] [1787159943.580037087] [fsm_executor]: EVENT: TASK_COMPLETED in NAV_85_WP85
[INFO] [1787159943.584453729] [fsm_executor]: TRANSITION: NAV_85_WP85 --[TASK_COMPLETED]--> NAV_86_WP86
[INFO] [1787159943.588468589] [fsm_executor]: STATE: NAV_86_WP86 | ACTION: NAVIGATE -> WP86
[INFO] [1787159943.679085686] [fsm_executor]: EVENT: TASK_COMPLETED in NAV_86_WP86
[INFO] [1787159943.682506859] [fsm_executor]: TRANSITION: NAV_86_WP86 --[TASK_COMPLETED]--> NAV_87_WP87
[INFO] [1787159943.685161458] [fsm_executor]: STATE: NAV_87_WP87 | ACTION: NAVIGATE -> WP87
[INFO] [1787159943.779382754] [fsm_executor]: EVENT: TASK_COMPLETED in NAV_87_WP87
[INFO] [1787159943.785127856] [fsm_executor]: TRANSITION: NAV_87_WP87 --[TASK_COMPLETED]--> NAV_88_WP88
[INFO] [1787159943.793734800] [fsm_executor]: STATE: NAV_88_WP88 | ACTION: NAVIGATE -> WP88
[INFO] [1787159943.878245417] [fsm_executor]: EVENT: TASK_COMPLETED in NAV_88_WP88
[INFO] [1787159943.881628573] [fsm_executor]: TRANSITION: NAV_88_WP88 --[TASK_COMPLETED]--> NAV_89_WP89
[INFO] [1787159943.883452703] [fsm_executor]: STATE: NAV_89_WP89 | ACTION: NAVIGATE -> WP89
[INFO] [1787159943.980589506] [fsm_executor]: EVENT: TASK_COMPLETED in NAV_89_WP89
[INFO] [1787159943.985272344] [fsm_executor]: TRANSITION: NAV_89_WP89 --[TASK_COMPLETED]--> NAV_90_WP90
[INFO] [1787159943.988390126] [fsm_executor]: STATE: NAV_90_WP90 | ACTION: NAVIGATE -> WP90
[INFO] [1787159944.077902395] [fsm_executor]: EVENT: TASK_COMPLETED in NAV_90_WP90
[INFO] [1787159944.079766748] [fsm_executor]: TRANSITION: NAV_90_WP90 --[TASK_COMPLETED]--> NAV_91_WP91
[INFO] [1787159944.082106106] [fsm_executor]: STATE: NAV_91_WP91 | ACTION: NAVIGATE -> WP91
[INFO] [1787159944.177738570] [fsm_executor]: EVENT: TASK_COMPLETED in NAV_91_WP91
[INFO] [1787159944.181378146] [fsm_executor]: TRANSITION: NAV_91_WP91 --[TASK_COMPLETED]--> NAV_92_WP92
[INFO] [1787159944.185091213] [fsm_executor]: STATE: NAV_92_WP92 | ACTION: NAVIGATE -> WP92
[INFO] [1787159944.278581559] [fsm_executor]: EVENT: TASK_COMPLETED in NAV_92_WP92
[INFO] [1787159944.283339859] [fsm_executor]: TRANSITION: NAV_92_WP92 --[TASK_COMPLETED]--> NAV_93_WP93
[INFO] [1787159944.288868731] [fsm_executor]: STATE: NAV_93_WP93 | ACTION: NAVIGATE -> WP93
[INFO] [1787159944.378659153] [fsm_executor]: EVENT: TASK_COMPLETED in NAV_93_WP93
[INFO] [1787159944.381787787] [fsm_executor]: TRANSITION: NAV_93_WP93 --[TASK_COMPLETED]--> NAV_94_WP94
[INFO] [1787159944.388482775] [fsm_executor]: STATE: NAV_94_WP94 | ACTION: NAVIGATE -> WP94
[INFO] [1787159944.478652347] [fsm_executor]: EVENT: TASK_COMPLETED in NAV_94_WP94
[INFO] [1787159944.482189926] [fsm_executor]: TRANSITION: NAV_94_WP94 --[TASK_COMPLETED]--> NAV_95_WP95
[INFO] [1787159944.486217166] [fsm_executor]: STATE: NAV_95_WP95 | ACTION: NAVIGATE -> WP95
[INFO] [1787159944.576328945] [fsm_executor]: EVENT: TASK_COMPLETED in NAV_95_WP95
[INFO] [1787159944.577819534] [fsm_executor]: TRANSITION: NAV_95_WP95 --[TASK_COMPLETED]--> NAV_96_WP96
[INFO] [1787159944.579430688] [fsm_executor]: STATE: NAV_96_WP96 | ACTION: NAVIGATE -> WP96
[INFO] [1787159944.679221301] [fsm_executor]: EVENT: TASK_COMPLETED in NAV_96_WP96
[INFO] [1787159944.684858819] [fsm_executor]: TRANSITION: NAV_96_WP96 --[TASK_COMPLETED]--> NAV_97_WP97
[INFO] [1787159944.689453907] [fsm_executor]: STATE: NAV_97_WP97 | ACTION: NAVIGATE -> WP97
[INFO] [1787159944.777229914] [fsm_executor]: EVENT: TASK_COMPLETED in NAV_97_WP97
[INFO] [1787159944.780459445] [fsm_executor]: TRANSITION: NAV_97_WP97 --[TASK_COMPLETED]--> NAV_98_WP98
[INFO] [1787159944.784103165] [fsm_executor]: STATE: NAV_98_WP98 | ACTION: NAVIGATE -> WP98
[INFO] [1787159944.878024003] [fsm_executor]: EVENT: TASK_COMPLETED in NAV_98_WP98
[INFO] [1787159944.881115411] [fsm_executor]: TRANSITION: NAV_98_WP98 --[TASK_COMPLETED]--> NAV_99_WP99
[INFO] [1787159944.884877005] [fsm_executor]: STATE: NAV_99_WP99 | ACTION: NAVIGATE -> WP99
[INFO] [1787159944.980800561] [fsm_executor]: EVENT: TASK_COMPLETED in NAV_99_WP99
[INFO] [1787159944.990557653] [fsm_executor]: TRANSITION: NAV_99_WP99 --[TASK_COMPLETED]--> NAV_100_WP100
[INFO] [1787159944.994780945] [fsm_executor]: STATE: NAV_100_WP100 | ACTION: NAVIGATE -> WP100
[INFO] [1787159945.078839166] [fsm_executor]: EVENT: TASK_COMPLETED in NAV_100_WP100
[INFO] [1787159945.081189960] [fsm_executor]: TRANSITION: NAV_100_WP100 --[TASK_COMPLETED]--> NAV_101_WP99
[INFO] [1787159945.086955867] [fsm_executor]: STATE: NAV_101_WP99 | ACTION: NAVIGATE -> WP99
[INFO] [1787159945.180964089] [fsm_executor]: EVENT: TASK_COMPLETED in NAV_101_WP99
[INFO] [1787159945.184154625] [fsm_executor]: TRANSITION: NAV_101_WP99 --[TASK_COMPLETED]--> NAV_102_WP98
[INFO] [1787159945.187547572] [fsm_executor]: STATE: NAV_102_WP98 | ACTION: NAVIGATE -> WP98
[INFO] [1787159945.274677047] [fsm_executor]: EVENT: TASK_COMPLETED in NAV_102_WP98
[INFO] [1787159945.275918823] [fsm_executor]: TRANSITION: NAV_102_WP98 --[TASK_COMPLETED]--> NAV_103_WP97
[INFO] [1787159945.277145404] [fsm_executor]: STATE: NAV_103_WP97 | ACTION: NAVIGATE -> WP97
[INFO] [1787159945.375131629] [fsm_executor]: EVENT: TASK_COMPLETED in NAV_103_WP97
[INFO] [1787159945.376924755] [fsm_executor]: TRANSITION: NAV_103_WP97 --[TASK_COMPLETED]--> NAV_104_WP96
[INFO] [1787159945.378872836] [fsm_executor]: STATE: NAV_104_WP96 | ACTION: NAVIGATE -> WP96
[INFO] [1787159945.478126963] [fsm_executor]: EVENT: TASK_COMPLETED in NAV_104_WP96
[INFO] [1787159945.482097899] [fsm_executor]: TRANSITION: NAV_104_WP96 --[TASK_COMPLETED]--> NAV_105_WP95
[INFO] [1787159945.485621116] [fsm_executor]: STATE: NAV_105_WP95 | ACTION: NAVIGATE -> WP95
[INFO] [1787159945.577247031] [fsm_executor]: EVENT: TASK_COMPLETED in NAV_105_WP95
[INFO] [1787159945.580898794] [fsm_executor]: TRANSITION: NAV_105_WP95 --[TASK_COMPLETED]--> NAV_106_WP94
[INFO] [1787159945.584990931] [fsm_executor]: STATE: NAV_106_WP94 | ACTION: NAVIGATE -> WP94
[INFO] [1787159945.678092830] [fsm_executor]: EVENT: TASK_COMPLETED in NAV_106_WP94
[INFO] [1787159945.681741043] [fsm_executor]: TRANSITION: NAV_106_WP94 --[TASK_COMPLETED]--> NAV_107_WP93
[INFO] [1787159945.686770578] [fsm_executor]: STATE: NAV_107_WP93 | ACTION: NAVIGATE -> WP93
[INFO] [1787159945.778199378] [fsm_executor]: EVENT: TASK_COMPLETED in NAV_107_WP93
[INFO] [1787159945.781675413] [fsm_executor]: TRANSITION: NAV_107_WP93 --[TASK_COMPLETED]--> NAV_108_WP92
[INFO] [1787159945.787558921] [fsm_executor]: STATE: NAV_108_WP92 | ACTION: NAVIGATE -> WP92
[INFO] [1787159945.879454866] [fsm_executor]: EVENT: TASK_COMPLETED in NAV_108_WP92
[INFO] [1787159945.884641386] [fsm_executor]: TRANSITION: NAV_108_WP92 --[TASK_COMPLETED]--> NAV_109_WP91
[INFO] [1787159945.890672022] [fsm_executor]: STATE: NAV_109_WP91 | ACTION: NAVIGATE -> WP91
[INFO] [1787159945.974628458] [fsm_executor]: EVENT: TASK_COMPLETED in NAV_109_WP91
[INFO] [1787159945.977133481] [fsm_executor]: TRANSITION: NAV_109_WP91 --[TASK_COMPLETED]--> NAV_110_WP90
[INFO] [1787159945.978964365] [fsm_executor]: STATE: NAV_110_WP90 | ACTION: NAVIGATE -> WP90
[INFO] [1787159946.079016994] [fsm_executor]: EVENT: TASK_COMPLETED in NAV_110_WP90
[INFO] [1787159946.084132728] [fsm_executor]: TRANSITION: NAV_110_WP90 --[TASK_COMPLETED]--> NAV_111_WP89
[INFO] [1787159946.087863237] [fsm_executor]: STATE: NAV_111_WP89 | ACTION: NAVIGATE -> WP89
[INFO] [1787159946.177112745] [fsm_executor]: EVENT: TASK_COMPLETED in NAV_111_WP89
[INFO] [1787159946.180198710] [fsm_executor]: TRANSITION: NAV_111_WP89 --[TASK_COMPLETED]--> NAV_112_WP88
[INFO] [1787159946.184431562] [fsm_executor]: STATE: NAV_112_WP88 | ACTION: NAVIGATE -> WP88
[INFO] [1787159946.276554656] [fsm_executor]: EVENT: TASK_COMPLETED in NAV_112_WP88
[INFO] [1787159946.279714612] [fsm_executor]: TRANSITION: NAV_112_WP88 --[TASK_COMPLETED]--> NAV_113_WP87
[INFO] [1787159946.281715779] [fsm_executor]: STATE: NAV_113_WP87 | ACTION: NAVIGATE -> WP87
[INFO] [1787159946.378026106] [fsm_executor]: EVENT: TASK_COMPLETED in NAV_113_WP87
[INFO] [1787159946.382454333] [fsm_executor]: TRANSITION: NAV_113_WP87 --[TASK_COMPLETED]--> NAV_114_WP86
[INFO] [1787159946.387430399] [fsm_executor]: STATE: NAV_114_WP86 | ACTION: NAVIGATE -> WP86
[INFO] [1787159946.476032047] [fsm_executor]: EVENT: TASK_COMPLETED in NAV_114_WP86
[INFO] [1787159946.479364543] [fsm_executor]: TRANSITION: NAV_114_WP86 --[TASK_COMPLETED]--> NAV_115_WP85
[INFO] [1787159946.483531957] [fsm_executor]: STATE: NAV_115_WP85 | ACTION: NAVIGATE -> WP85
[INFO] [1787159946.576016414] [fsm_executor]: EVENT: TASK_COMPLETED in NAV_115_WP85
[INFO] [1787159946.577864889] [fsm_executor]: TRANSITION: NAV_115_WP85 --[TASK_COMPLETED]--> NAV_116_WP84
[INFO] [1787159946.581519341] [fsm_executor]: STATE: NAV_116_WP84 | ACTION: NAVIGATE -> WP84
[INFO] [1787159946.679575334] [fsm_executor]: EVENT: TASK_COMPLETED in NAV_116_WP84
[INFO] [1787159946.682819342] [fsm_executor]: TRANSITION: NAV_116_WP84 --[TASK_COMPLETED]--> NAV_117_WP83
[INFO] [1787159946.687413584] [fsm_executor]: STATE: NAV_117_WP83 | ACTION: NAVIGATE -> WP83
[INFO] [1787159946.777057783] [fsm_executor]: EVENT: TASK_COMPLETED in NAV_117_WP83
[INFO] [1787159946.780060426] [fsm_executor]: TRANSITION: NAV_117_WP83 --[TASK_COMPLETED]--> NAV_118_WP82
[INFO] [1787159946.782268424] [fsm_executor]: STATE: NAV_118_WP82 | ACTION: NAVIGATE -> WP82
[INFO] [1787159946.880987569] [fsm_executor]: EVENT: TASK_COMPLETED in NAV_118_WP82
[INFO] [1787159946.884093047] [fsm_executor]: TRANSITION: NAV_118_WP82 --[TASK_COMPLETED]--> NAV_119_WP81
[INFO] [1787159946.887338256] [fsm_executor]: STATE: NAV_119_WP81 | ACTION: NAVIGATE -> WP81
[INFO] [1787159946.977270586] [fsm_executor]: EVENT: TASK_COMPLETED in NAV_119_WP81
[INFO] [1787159946.980596127] [fsm_executor]: TRANSITION: NAV_119_WP81 --[TASK_COMPLETED]--> NAV_120_WP80
[INFO] [1787159946.984533989] [fsm_executor]: STATE: NAV_120_WP80 | ACTION: NAVIGATE -> WP80
[INFO] [1787159947.083499981] [fsm_executor]: EVENT: TASK_COMPLETED in NAV_120_WP80
[INFO] [1787159947.088324740] [fsm_executor]: TRANSITION: NAV_120_WP80 --[TASK_COMPLETED]--> NAV_121_WP79
[INFO] [1787159947.092680356] [fsm_executor]: STATE: NAV_121_WP79 | ACTION: NAVIGATE -> WP79
[INFO] [1787159947.175118933] [fsm_executor]: EVENT: TASK_COMPLETED in NAV_121_WP79
[INFO] [1787159947.176834796] [fsm_executor]: TRANSITION: NAV_121_WP79 --[TASK_COMPLETED]--> NAV_122_WP78
[INFO] [1787159947.178550864] [fsm_executor]: STATE: NAV_122_WP78 | ACTION: NAVIGATE -> WP78
[INFO] [1787159947.276031845] [fsm_executor]: EVENT: TASK_COMPLETED in NAV_122_WP78
[INFO] [1787159947.281016716] [fsm_executor]: TRANSITION: NAV_122_WP78 --[TASK_COMPLETED]--> NAV_123_WP77
[INFO] [1787159947.283220276] [fsm_executor]: STATE: NAV_123_WP77 | ACTION: NAVIGATE -> WP77
[INFO] [1787159947.375152657] [fsm_executor]: EVENT: TASK_COMPLETED in NAV_123_WP77
[INFO] [1787159947.376717596] [fsm_executor]: TRANSITION: NAV_123_WP77 --[TASK_COMPLETED]--> NAV_124_WP76
[INFO] [1787159947.378897588] [fsm_executor]: STATE: NAV_124_WP76 | ACTION: NAVIGATE -> WP76
[INFO] [1787159947.477175440] [fsm_executor]: EVENT: TASK_COMPLETED in NAV_124_WP76
[INFO] [1787159947.480451634] [fsm_executor]: TRANSITION: NAV_124_WP76 --[TASK_COMPLETED]--> NAV_125_WP75
[INFO] [1787159947.484142370] [fsm_executor]: STATE: NAV_125_WP75 | ACTION: NAVIGATE -> WP75
[INFO] [1787159947.580471486] [fsm_executor]: EVENT: TASK_COMPLETED in NAV_125_WP75
[INFO] [1787159947.583547469] [fsm_executor]: TRANSITION: NAV_125_WP75 --[TASK_COMPLETED]--> NAV_126_WP74
[INFO] [1787159947.586904070] [fsm_executor]: STATE: NAV_126_WP74 | ACTION: NAVIGATE -> WP74
[INFO] [1787159947.679245071] [fsm_executor]: EVENT: TASK_COMPLETED in NAV_126_WP74
[INFO] [1787159947.683541795] [fsm_executor]: TRANSITION: NAV_126_WP74 --[TASK_COMPLETED]--> NAV_127_WP73
[INFO] [1787159947.685584343] [fsm_executor]: STATE: NAV_127_WP73 | ACTION: NAVIGATE -> WP73
[INFO] [1787159947.777623671] [fsm_executor]: EVENT: TASK_COMPLETED in NAV_127_WP73
[INFO] [1787159947.781675635] [fsm_executor]: TRANSITION: NAV_127_WP73 --[TASK_COMPLETED]--> NAV_128_WP72
[INFO] [1787159947.785091590] [fsm_executor]: STATE: NAV_128_WP72 | ACTION: NAVIGATE -> WP72
[INFO] [1787159947.877218098] [fsm_executor]: EVENT: TASK_COMPLETED in NAV_128_WP72
[INFO] [1787159947.879438401] [fsm_executor]: TRANSITION: NAV_128_WP72 --[TASK_COMPLETED]--> NAV_129_WP71
[INFO] [1787159947.882092459] [fsm_executor]: STATE: NAV_129_WP71 | ACTION: NAVIGATE -> WP71
[INFO] [1787159947.978479082] [fsm_executor]: EVENT: TASK_COMPLETED in NAV_129_WP71
[INFO] [1787159947.984985467] [fsm_executor]: TRANSITION: NAV_129_WP71 --[TASK_COMPLETED]--> NAV_130_WP70
[INFO] [1787159947.988686725] [fsm_executor]: STATE: NAV_130_WP70 | ACTION: NAVIGATE -> WP70
[INFO] [1787159948.077131528] [fsm_executor]: EVENT: TASK_COMPLETED in NAV_130_WP70
[INFO] [1787159948.081822433] [fsm_executor]: TRANSITION: NAV_130_WP70 --[TASK_COMPLETED]--> NAV_131_WP69
[INFO] [1787159948.087374601] [fsm_executor]: STATE: NAV_131_WP69 | ACTION: NAVIGATE -> WP69
[INFO] [1787159948.181367568] [fsm_executor]: EVENT: TASK_COMPLETED in NAV_131_WP69
[INFO] [1787159948.186060105] [fsm_executor]: TRANSITION: NAV_131_WP69 --[TASK_COMPLETED]--> NAV_132_WP68
[INFO] [1787159948.190470713] [fsm_executor]: STATE: NAV_132_WP68 | ACTION: NAVIGATE -> WP68
[INFO] [1787159948.282045781] [fsm_executor]: EVENT: TASK_COMPLETED in NAV_132_WP68
[INFO] [1787159948.285788639] [fsm_executor]: TRANSITION: NAV_132_WP68 --[TASK_COMPLETED]--> NAV_133_WP67
[INFO] [1787159948.289623481] [fsm_executor]: STATE: NAV_133_WP67 | ACTION: NAVIGATE -> WP67
[INFO] [1787159948.377181198] [fsm_executor]: EVENT: TASK_COMPLETED in NAV_133_WP67
[INFO] [1787159948.380012861] [fsm_executor]: TRANSITION: NAV_133_WP67 --[TASK_COMPLETED]--> NAV_134_WP66
[INFO] [1787159948.382889563] [fsm_executor]: STATE: NAV_134_WP66 | ACTION: NAVIGATE -> WP66
[INFO] [1787159948.477171547] [fsm_executor]: EVENT: TASK_COMPLETED in NAV_134_WP66
[INFO] [1787159948.480031205] [fsm_executor]: TRANSITION: NAV_134_WP66 --[TASK_COMPLETED]--> NAV_135_WP65
[INFO] [1787159948.482869483] [fsm_executor]: STATE: NAV_135_WP65 | ACTION: NAVIGATE -> WP65
[INFO] [1787159948.578368692] [fsm_executor]: EVENT: TASK_COMPLETED in NAV_135_WP65
[INFO] [1787159948.582093219] [fsm_executor]: TRANSITION: NAV_135_WP65 --[TASK_COMPLETED]--> NAV_136_WP64
[INFO] [1787159948.585412494] [fsm_executor]: STATE: NAV_136_WP64 | ACTION: NAVIGATE -> WP64
[INFO] [1787159948.675140596] [fsm_executor]: EVENT: TASK_COMPLETED in NAV_136_WP64
[INFO] [1787159948.678887421] [fsm_executor]: TRANSITION: NAV_136_WP64 --[TASK_COMPLETED]--> NAV_137_WP63
[INFO] [1787159948.680748921] [fsm_executor]: STATE: NAV_137_WP63 | ACTION: NAVIGATE -> WP63
[INFO] [1787159948.777243758] [fsm_executor]: EVENT: TASK_COMPLETED in NAV_137_WP63
[INFO] [1787159948.781095261] [fsm_executor]: TRANSITION: NAV_137_WP63 --[TASK_COMPLETED]--> NAV_138_WP62
[INFO] [1787159948.784748609] [fsm_executor]: STATE: NAV_138_WP62 | ACTION: NAVIGATE -> WP62
[INFO] [1787159948.877141064] [fsm_executor]: EVENT: TASK_COMPLETED in NAV_138_WP62
[INFO] [1787159948.880678235] [fsm_executor]: TRANSITION: NAV_138_WP62 --[TASK_COMPLETED]--> NAV_139_WP61
[INFO] [1787159948.884630393] [fsm_executor]: STATE: NAV_139_WP61 | ACTION: NAVIGATE -> WP61
[INFO] [1787159948.977176306] [fsm_executor]: EVENT: TASK_COMPLETED in NAV_139_WP61
[INFO] [1787159948.980717104] [fsm_executor]: TRANSITION: NAV_139_WP61 --[TASK_COMPLETED]--> NAV_140_WP60
[INFO] [1787159948.984737650] [fsm_executor]: STATE: NAV_140_WP60 | ACTION: NAVIGATE -> WP60
[INFO] [1787159949.077389856] [fsm_executor]: EVENT: TASK_COMPLETED in NAV_140_WP60
[INFO] [1787159949.081105868] [fsm_executor]: TRANSITION: NAV_140_WP60 --[TASK_COMPLETED]--> NAV_141_WP59
[INFO] [1787159949.085372129] [fsm_executor]: STATE: NAV_141_WP59 | ACTION: NAVIGATE -> WP59
[INFO] [1787159949.177101985] [fsm_executor]: EVENT: TASK_COMPLETED in NAV_141_WP59
[INFO] [1787159949.179808999] [fsm_executor]: TRANSITION: NAV_141_WP59 --[TASK_COMPLETED]--> NAV_142_WP58
[INFO] [1787159949.183536821] [fsm_executor]: STATE: NAV_142_WP58 | ACTION: NAVIGATE -> WP58
[INFO] [1787159949.277154482] [fsm_executor]: EVENT: TASK_COMPLETED in NAV_142_WP58
[INFO] [1787159949.279054958] [fsm_executor]: TRANSITION: NAV_142_WP58 --[TASK_COMPLETED]--> NAV_143_WP57
[INFO] [1787159949.282388194] [fsm_executor]: STATE: NAV_143_WP57 | ACTION: NAVIGATE -> WP57
[INFO] [1787159949.377535769] [fsm_executor]: EVENT: TASK_COMPLETED in NAV_143_WP57
[INFO] [1787159949.379394004] [fsm_executor]: TRANSITION: NAV_143_WP57 --[TASK_COMPLETED]--> NAV_144_WP56
[INFO] [1787159949.382280625] [fsm_executor]: STATE: NAV_144_WP56 | ACTION: NAVIGATE -> WP56
[INFO] [1787159949.477183295] [fsm_executor]: EVENT: TASK_COMPLETED in NAV_144_WP56
[INFO] [1787159949.481711045] [fsm_executor]: TRANSITION: NAV_144_WP56 --[TASK_COMPLETED]--> NAV_145_WP55
[INFO] [1787159949.485024937] [fsm_executor]: STATE: NAV_145_WP55 | ACTION: NAVIGATE -> WP55
[INFO] [1787159949.577163279] [fsm_executor]: EVENT: TASK_COMPLETED in NAV_145_WP55
[INFO] [1787159949.580836977] [fsm_executor]: TRANSITION: NAV_145_WP55 --[TASK_COMPLETED]--> NAV_146_WP54
[INFO] [1787159949.584457809] [fsm_executor]: STATE: NAV_146_WP54 | ACTION: NAVIGATE -> WP54
[INFO] [1787159949.677918145] [fsm_executor]: EVENT: TASK_COMPLETED in NAV_146_WP54
[INFO] [1787159949.680978712] [fsm_executor]: TRANSITION: NAV_146_WP54 --[TASK_COMPLETED]--> NAV_147_WP53
[INFO] [1787159949.685871448] [fsm_executor]: STATE: NAV_147_WP53 | ACTION: NAVIGATE -> WP53
[INFO] [1787159949.777221005] [fsm_executor]: EVENT: TASK_COMPLETED in NAV_147_WP53
[INFO] [1787159949.780910774] [fsm_executor]: TRANSITION: NAV_147_WP53 --[TASK_COMPLETED]--> NAV_148_WP52
[INFO] [1787159949.784449292] [fsm_executor]: STATE: NAV_148_WP52 | ACTION: NAVIGATE -> WP52
[INFO] [1787159949.877118249] [fsm_executor]: EVENT: TASK_COMPLETED in NAV_148_WP52
[INFO] [1787159949.878938219] [fsm_executor]: TRANSITION: NAV_148_WP52 --[TASK_COMPLETED]--> NAV_149_WP51
[INFO] [1787159949.880779181] [fsm_executor]: STATE: NAV_149_WP51 | ACTION: NAVIGATE -> WP51
[INFO] [1787159949.977423592] [fsm_executor]: EVENT: TASK_COMPLETED in NAV_149_WP51
[INFO] [1787159949.981684789] [fsm_executor]: TRANSITION: NAV_149_WP51 --[TASK_COMPLETED]--> NAV_150_WP50
[INFO] [1787159949.984971280] [fsm_executor]: STATE: NAV_150_WP50 | ACTION: NAVIGATE -> WP50
[WARN] [1787159949.992614303] [fsm_executor]: RUNTIME EVENT RECEIVED: GPS_LOST
[INFO] [1787159949.996115595] [fsm_executor]: TRANSITION: NAV_150_WP50 --[GPS_LOST]--> GPS_RECOVERY
[INFO] [1787159949.999502494] [fsm_executor]: STATE: GPS_RECOVERY | ACTION: WAIT_FOR_GPS_STATUS
[WARN] [1787159965.418946765] [fsm_executor]: RUNTIME EVENT RECEIVED: GPS_RECOVERY_FAILED
[INFO] [1787159965.421509858] [fsm_executor]: TRANSITION: GPS_RECOVERY --[GPS_RECOVERY_FAILED]--> LAND
[INFO] [1787159965.423504232] [fsm_executor]: STATE: LAND | ACTION: LAND
[INFO] [1787159965.739643592] [fsm_executor]: EVENT: LAND_COMPLETED in LAND
[INFO] [1787159965.741196541] [fsm_executor]: TRANSITION: LAND --[LAND_COMPLETED]--> SAFE_TERMINATED
[INFO] [1787159965.742987134] [fsm_executor]: STATE: SAFE_TERMINATED
[WARN] [1787159965.744760177] [fsm_executor]: FSM mission terminated safely.
[WARN] [1787159965.746747262] [fsm_executor]: Reason: GPS_RECOVERY_FAILED
