[INFO] [1787158446.511745549] [fsm_executor]: Loading mission: /home/bishal/ros2_ws/install/mission_formalism_evaluation/share/mission_formalism_evaluation/missions/mission_4.yaml
[INFO] [1787158446.561836326] [fsm_executor]: Mission ID: M4
[INFO] [1787158446.563236382] [fsm_executor]: Mission Name: Zigzag and Return
[INFO] [1787158446.564716248] [fsm_executor]: Mission Items: 201
[INFO] [1787158446.565447797] [fsm_executor]: FSM States: 210
[INFO] [1787158446.566132265] [fsm_executor]: FSM Transitions: 1402
[INFO] [1787158446.566762756] [fsm_executor]: TRANSITION: IDLE --[START]--> TAKEOFF_0
[INFO] [1787158446.567805519] [fsm_executor]: STATE: TAKEOFF_0 | ACTION: TAKEOFF
[INFO] [1787158446.669788358] [fsm_executor]: EVENT: TASK_COMPLETED in TAKEOFF_0
[INFO] [1787158446.673195109] [fsm_executor]: TRANSITION: TAKEOFF_0 --[TASK_COMPLETED]--> NAV_1_WP1
[INFO] [1787158446.675547479] [fsm_executor]: STATE: NAV_1_WP1 | ACTION: NAVIGATE -> WP1
[INFO] [1787158446.768981479] [fsm_executor]: EVENT: TASK_COMPLETED in NAV_1_WP1
[INFO] [1787158446.772041545] [fsm_executor]: TRANSITION: NAV_1_WP1 --[TASK_COMPLETED]--> NAV_2_WP2
[INFO] [1787158446.775136254] [fsm_executor]: STATE: NAV_2_WP2 | ACTION: NAVIGATE -> WP2
[INFO] [1787158446.868944883] [fsm_executor]: EVENT: TASK_COMPLETED in NAV_2_WP2
[INFO] [1787158446.871604804] [fsm_executor]: TRANSITION: NAV_2_WP2 --[TASK_COMPLETED]--> NAV_3_WP3
[INFO] [1787158446.874532248] [fsm_executor]: STATE: NAV_3_WP3 | ACTION: NAVIGATE -> WP3
[INFO] [1787158446.969068270] [fsm_executor]: EVENT: TASK_COMPLETED in NAV_3_WP3
[INFO] [1787158446.972186714] [fsm_executor]: TRANSITION: NAV_3_WP3 --[TASK_COMPLETED]--> NAV_4_WP4
[INFO] [1787158446.974797286] [fsm_executor]: STATE: NAV_4_WP4 | ACTION: NAVIGATE -> WP4
[INFO] [1787158447.069456734] [fsm_executor]: EVENT: TASK_COMPLETED in NAV_4_WP4
[INFO] [1787158447.071746383] [fsm_executor]: TRANSITION: NAV_4_WP4 --[TASK_COMPLETED]--> NAV_5_WP5
[INFO] [1787158447.075394123] [fsm_executor]: STATE: NAV_5_WP5 | ACTION: NAVIGATE -> WP5
[INFO] [1787158447.168950552] [fsm_executor]: EVENT: TASK_COMPLETED in NAV_5_WP5
[INFO] [1787158447.171560583] [fsm_executor]: TRANSITION: NAV_5_WP5 --[TASK_COMPLETED]--> NAV_6_WP6
[INFO] [1787158447.173326799] [fsm_executor]: STATE: NAV_6_WP6 | ACTION: NAVIGATE -> WP6
[INFO] [1787158447.269796815] [fsm_executor]: EVENT: TASK_COMPLETED in NAV_6_WP6
[INFO] [1787158447.272780623] [fsm_executor]: TRANSITION: NAV_6_WP6 --[TASK_COMPLETED]--> NAV_7_WP7
[INFO] [1787158447.276715843] [fsm_executor]: STATE: NAV_7_WP7 | ACTION: NAVIGATE -> WP7
[INFO] [1787158447.372130320] [fsm_executor]: EVENT: TASK_COMPLETED in NAV_7_WP7
[INFO] [1787158447.375871303] [fsm_executor]: TRANSITION: NAV_7_WP7 --[TASK_COMPLETED]--> NAV_8_WP8
[INFO] [1787158447.377780459] [fsm_executor]: STATE: NAV_8_WP8 | ACTION: NAVIGATE -> WP8
[INFO] [1787158447.469922409] [fsm_executor]: EVENT: TASK_COMPLETED in NAV_8_WP8
[INFO] [1787158447.471714340] [fsm_executor]: TRANSITION: NAV_8_WP8 --[TASK_COMPLETED]--> NAV_9_WP9
[INFO] [1787158447.474070121] [fsm_executor]: STATE: NAV_9_WP9 | ACTION: NAVIGATE -> WP9
[INFO] [1787158447.569672967] [fsm_executor]: EVENT: TASK_COMPLETED in NAV_9_WP9
[INFO] [1787158447.575660264] [fsm_executor]: TRANSITION: NAV_9_WP9 --[TASK_COMPLETED]--> NAV_10_WP10
[INFO] [1787158447.579497792] [fsm_executor]: STATE: NAV_10_WP10 | ACTION: NAVIGATE -> WP10
[INFO] [1787158447.672186829] [fsm_executor]: EVENT: TASK_COMPLETED in NAV_10_WP10
[INFO] [1787158447.674435205] [fsm_executor]: TRANSITION: NAV_10_WP10 --[TASK_COMPLETED]--> NAV_11_WP11
[INFO] [1787158447.677046093] [fsm_executor]: STATE: NAV_11_WP11 | ACTION: NAVIGATE -> WP11
[INFO] [1787158447.772101197] [fsm_executor]: EVENT: TASK_COMPLETED in NAV_11_WP11
[INFO] [1787158447.776334415] [fsm_executor]: TRANSITION: NAV_11_WP11 --[TASK_COMPLETED]--> NAV_12_WP12
[INFO] [1787158447.778719290] [fsm_executor]: STATE: NAV_12_WP12 | ACTION: NAVIGATE -> WP12
[INFO] [1787158447.870814890] [fsm_executor]: EVENT: TASK_COMPLETED in NAV_12_WP12
[INFO] [1787158447.873377215] [fsm_executor]: TRANSITION: NAV_12_WP12 --[TASK_COMPLETED]--> NAV_13_WP13
[INFO] [1787158447.875585239] [fsm_executor]: STATE: NAV_13_WP13 | ACTION: NAVIGATE -> WP13
[INFO] [1787158447.970109389] [fsm_executor]: EVENT: TASK_COMPLETED in NAV_13_WP13
[INFO] [1787158447.972888922] [fsm_executor]: TRANSITION: NAV_13_WP13 --[TASK_COMPLETED]--> NAV_14_WP14
[INFO] [1787158447.975289021] [fsm_executor]: STATE: NAV_14_WP14 | ACTION: NAVIGATE -> WP14
[INFO] [1787158448.071526650] [fsm_executor]: EVENT: TASK_COMPLETED in NAV_14_WP14
[INFO] [1787158448.073557155] [fsm_executor]: TRANSITION: NAV_14_WP14 --[TASK_COMPLETED]--> NAV_15_WP15
[INFO] [1787158448.075816254] [fsm_executor]: STATE: NAV_15_WP15 | ACTION: NAVIGATE -> WP15
[INFO] [1787158448.173661781] [fsm_executor]: EVENT: TASK_COMPLETED in NAV_15_WP15
[INFO] [1787158448.178624943] [fsm_executor]: TRANSITION: NAV_15_WP15 --[TASK_COMPLETED]--> NAV_16_WP16
[INFO] [1787158448.182211962] [fsm_executor]: STATE: NAV_16_WP16 | ACTION: NAVIGATE -> WP16
[INFO] [1787158448.269155379] [fsm_executor]: EVENT: TASK_COMPLETED in NAV_16_WP16
[INFO] [1787158448.271548943] [fsm_executor]: TRANSITION: NAV_16_WP16 --[TASK_COMPLETED]--> NAV_17_WP17
[INFO] [1787158448.274924808] [fsm_executor]: STATE: NAV_17_WP17 | ACTION: NAVIGATE -> WP17
[INFO] [1787158448.371547930] [fsm_executor]: EVENT: TASK_COMPLETED in NAV_17_WP17
[INFO] [1787158448.374791273] [fsm_executor]: TRANSITION: NAV_17_WP17 --[TASK_COMPLETED]--> NAV_18_WP18
[INFO] [1787158448.378083313] [fsm_executor]: STATE: NAV_18_WP18 | ACTION: NAVIGATE -> WP18
[INFO] [1787158448.471377594] [fsm_executor]: EVENT: TASK_COMPLETED in NAV_18_WP18
[INFO] [1787158448.477286480] [fsm_executor]: TRANSITION: NAV_18_WP18 --[TASK_COMPLETED]--> NAV_19_WP19
[INFO] [1787158448.485424687] [fsm_executor]: STATE: NAV_19_WP19 | ACTION: NAVIGATE -> WP19
[INFO] [1787158448.570685096] [fsm_executor]: EVENT: TASK_COMPLETED in NAV_19_WP19
[INFO] [1787158448.574773161] [fsm_executor]: TRANSITION: NAV_19_WP19 --[TASK_COMPLETED]--> NAV_20_WP20
[INFO] [1787158448.577952198] [fsm_executor]: STATE: NAV_20_WP20 | ACTION: NAVIGATE -> WP20
[INFO] [1787158448.668528120] [fsm_executor]: EVENT: TASK_COMPLETED in NAV_20_WP20
[INFO] [1787158448.669671307] [fsm_executor]: TRANSITION: NAV_20_WP20 --[TASK_COMPLETED]--> NAV_21_WP21
[INFO] [1787158448.670842191] [fsm_executor]: STATE: NAV_21_WP21 | ACTION: NAVIGATE -> WP21
[INFO] [1787158448.770632531] [fsm_executor]: EVENT: TASK_COMPLETED in NAV_21_WP21
[INFO] [1787158448.772852723] [fsm_executor]: TRANSITION: NAV_21_WP21 --[TASK_COMPLETED]--> NAV_22_WP22
[INFO] [1787158448.775575107] [fsm_executor]: STATE: NAV_22_WP22 | ACTION: NAVIGATE -> WP22
[INFO] [1787158448.870960411] [fsm_executor]: EVENT: TASK_COMPLETED in NAV_22_WP22
[INFO] [1787158448.874189290] [fsm_executor]: TRANSITION: NAV_22_WP22 --[TASK_COMPLETED]--> NAV_23_WP23
[INFO] [1787158448.877442653] [fsm_executor]: STATE: NAV_23_WP23 | ACTION: NAVIGATE -> WP23
[INFO] [1787158448.970967527] [fsm_executor]: EVENT: TASK_COMPLETED in NAV_23_WP23
[INFO] [1787158448.973850646] [fsm_executor]: TRANSITION: NAV_23_WP23 --[TASK_COMPLETED]--> NAV_24_WP24
[INFO] [1787158448.977491936] [fsm_executor]: STATE: NAV_24_WP24 | ACTION: NAVIGATE -> WP24
[INFO] [1787158449.077847679] [fsm_executor]: EVENT: TASK_COMPLETED in NAV_24_WP24
[INFO] [1787158449.085669794] [fsm_executor]: TRANSITION: NAV_24_WP24 --[TASK_COMPLETED]--> NAV_25_WP25
[INFO] [1787158449.093789077] [fsm_executor]: STATE: NAV_25_WP25 | ACTION: NAVIGATE -> WP25
[INFO] [1787158449.168477233] [fsm_executor]: EVENT: TASK_COMPLETED in NAV_25_WP25
[INFO] [1787158449.171742706] [fsm_executor]: TRANSITION: NAV_25_WP25 --[TASK_COMPLETED]--> NAV_26_WP26
[INFO] [1787158449.173533039] [fsm_executor]: STATE: NAV_26_WP26 | ACTION: NAVIGATE -> WP26
[INFO] [1787158449.272635185] [fsm_executor]: EVENT: TASK_COMPLETED in NAV_26_WP26
[INFO] [1787158449.274166539] [fsm_executor]: TRANSITION: NAV_26_WP26 --[TASK_COMPLETED]--> NAV_27_WP27
[INFO] [1787158449.275522791] [fsm_executor]: STATE: NAV_27_WP27 | ACTION: NAVIGATE -> WP27
[INFO] [1787158449.379909665] [fsm_executor]: EVENT: TASK_COMPLETED in NAV_27_WP27
[INFO] [1787158449.384178748] [fsm_executor]: TRANSITION: NAV_27_WP27 --[TASK_COMPLETED]--> NAV_28_WP28
[INFO] [1787158449.386126365] [fsm_executor]: STATE: NAV_28_WP28 | ACTION: NAVIGATE -> WP28
[INFO] [1787158449.481404607] [fsm_executor]: EVENT: TASK_COMPLETED in NAV_28_WP28
[INFO] [1787158449.488267712] [fsm_executor]: TRANSITION: NAV_28_WP28 --[TASK_COMPLETED]--> NAV_29_WP29
[INFO] [1787158449.504939331] [fsm_executor]: STATE: NAV_29_WP29 | ACTION: NAVIGATE -> WP29
[INFO] [1787158449.574476359] [fsm_executor]: EVENT: TASK_COMPLETED in NAV_29_WP29
[INFO] [1787158449.575913408] [fsm_executor]: TRANSITION: NAV_29_WP29 --[TASK_COMPLETED]--> NAV_30_WP30
[INFO] [1787158449.581228405] [fsm_executor]: STATE: NAV_30_WP30 | ACTION: NAVIGATE -> WP30
[INFO] [1787158449.668881725] [fsm_executor]: EVENT: TASK_COMPLETED in NAV_30_WP30
[INFO] [1787158449.670156662] [fsm_executor]: TRANSITION: NAV_30_WP30 --[TASK_COMPLETED]--> NAV_31_WP31
[INFO] [1787158449.671277435] [fsm_executor]: STATE: NAV_31_WP31 | ACTION: NAVIGATE -> WP31
[INFO] [1787158449.767883648] [fsm_executor]: EVENT: TASK_COMPLETED in NAV_31_WP31
[INFO] [1787158449.769174697] [fsm_executor]: TRANSITION: NAV_31_WP31 --[TASK_COMPLETED]--> NAV_32_WP32
[INFO] [1787158449.770719906] [fsm_executor]: STATE: NAV_32_WP32 | ACTION: NAVIGATE -> WP32
[INFO] [1787158449.874734338] [fsm_executor]: EVENT: TASK_COMPLETED in NAV_32_WP32
[INFO] [1787158449.883828989] [fsm_executor]: TRANSITION: NAV_32_WP32 --[TASK_COMPLETED]--> NAV_33_WP33
[INFO] [1787158449.887228643] [fsm_executor]: STATE: NAV_33_WP33 | ACTION: NAVIGATE -> WP33
[INFO] [1787158449.970691840] [fsm_executor]: EVENT: TASK_COMPLETED in NAV_33_WP33
[INFO] [1787158449.973833725] [fsm_executor]: TRANSITION: NAV_33_WP33 --[TASK_COMPLETED]--> NAV_34_WP34
[INFO] [1787158449.976809951] [fsm_executor]: STATE: NAV_34_WP34 | ACTION: NAVIGATE -> WP34
[INFO] [1787158450.069789217] [fsm_executor]: EVENT: TASK_COMPLETED in NAV_34_WP34
[INFO] [1787158450.076157037] [fsm_executor]: TRANSITION: NAV_34_WP34 --[TASK_COMPLETED]--> NAV_35_WP35
[INFO] [1787158450.079450475] [fsm_executor]: STATE: NAV_35_WP35 | ACTION: NAVIGATE -> WP35
[INFO] [1787158450.170928605] [fsm_executor]: EVENT: TASK_COMPLETED in NAV_35_WP35
[INFO] [1787158450.173432760] [fsm_executor]: TRANSITION: NAV_35_WP35 --[TASK_COMPLETED]--> NAV_36_WP36
[INFO] [1787158450.176385151] [fsm_executor]: STATE: NAV_36_WP36 | ACTION: NAVIGATE -> WP36
[INFO] [1787158450.271782384] [fsm_executor]: EVENT: TASK_COMPLETED in NAV_36_WP36
[INFO] [1787158450.274528236] [fsm_executor]: TRANSITION: NAV_36_WP36 --[TASK_COMPLETED]--> NAV_37_WP37
[INFO] [1787158450.278413657] [fsm_executor]: STATE: NAV_37_WP37 | ACTION: NAVIGATE -> WP37
[INFO] [1787158450.368115450] [fsm_executor]: EVENT: TASK_COMPLETED in NAV_37_WP37
[INFO] [1787158450.369029376] [fsm_executor]: TRANSITION: NAV_37_WP37 --[TASK_COMPLETED]--> NAV_38_WP38
[INFO] [1787158450.370089946] [fsm_executor]: STATE: NAV_38_WP38 | ACTION: NAVIGATE -> WP38
[INFO] [1787158450.470699867] [fsm_executor]: EVENT: TASK_COMPLETED in NAV_38_WP38
[INFO] [1787158450.473516314] [fsm_executor]: TRANSITION: NAV_38_WP38 --[TASK_COMPLETED]--> NAV_39_WP39
[INFO] [1787158450.476422526] [fsm_executor]: STATE: NAV_39_WP39 | ACTION: NAVIGATE -> WP39
[INFO] [1787158450.570219237] [fsm_executor]: EVENT: TASK_COMPLETED in NAV_39_WP39
[INFO] [1787158450.571773309] [fsm_executor]: TRANSITION: NAV_39_WP39 --[TASK_COMPLETED]--> NAV_40_WP40
[INFO] [1787158450.573480340] [fsm_executor]: STATE: NAV_40_WP40 | ACTION: NAVIGATE -> WP40
[INFO] [1787158450.670166114] [fsm_executor]: EVENT: TASK_COMPLETED in NAV_40_WP40
[INFO] [1787158450.673178242] [fsm_executor]: TRANSITION: NAV_40_WP40 --[TASK_COMPLETED]--> NAV_41_WP41
[INFO] [1787158450.676132911] [fsm_executor]: STATE: NAV_41_WP41 | ACTION: NAVIGATE -> WP41
[INFO] [1787158450.770843504] [fsm_executor]: EVENT: TASK_COMPLETED in NAV_41_WP41
[INFO] [1787158450.772449629] [fsm_executor]: TRANSITION: NAV_41_WP41 --[TASK_COMPLETED]--> NAV_42_WP42
[INFO] [1787158450.774459859] [fsm_executor]: STATE: NAV_42_WP42 | ACTION: NAVIGATE -> WP42
[INFO] [1787158450.870991440] [fsm_executor]: EVENT: TASK_COMPLETED in NAV_42_WP42
[INFO] [1787158450.874019684] [fsm_executor]: TRANSITION: NAV_42_WP42 --[TASK_COMPLETED]--> NAV_43_WP43
[INFO] [1787158450.877153960] [fsm_executor]: STATE: NAV_43_WP43 | ACTION: NAVIGATE -> WP43
[INFO] [1787158450.970890200] [fsm_executor]: EVENT: TASK_COMPLETED in NAV_43_WP43
[INFO] [1787158450.972492876] [fsm_executor]: TRANSITION: NAV_43_WP43 --[TASK_COMPLETED]--> NAV_44_WP44
[INFO] [1787158450.974840627] [fsm_executor]: STATE: NAV_44_WP44 | ACTION: NAVIGATE -> WP44
[INFO] [1787158451.070839040] [fsm_executor]: EVENT: TASK_COMPLETED in NAV_44_WP44
[INFO] [1787158451.072457272] [fsm_executor]: TRANSITION: NAV_44_WP44 --[TASK_COMPLETED]--> NAV_45_WP45
[INFO] [1787158451.076405375] [fsm_executor]: STATE: NAV_45_WP45 | ACTION: NAVIGATE -> WP45
[INFO] [1787158451.172365309] [fsm_executor]: EVENT: TASK_COMPLETED in NAV_45_WP45
[INFO] [1787158451.173937134] [fsm_executor]: TRANSITION: NAV_45_WP45 --[TASK_COMPLETED]--> NAV_46_WP46
[INFO] [1787158451.175970465] [fsm_executor]: STATE: NAV_46_WP46 | ACTION: NAVIGATE -> WP46
[INFO] [1787158451.271027264] [fsm_executor]: EVENT: TASK_COMPLETED in NAV_46_WP46
[INFO] [1787158451.273643566] [fsm_executor]: TRANSITION: NAV_46_WP46 --[TASK_COMPLETED]--> NAV_47_WP47
[INFO] [1787158451.276914647] [fsm_executor]: STATE: NAV_47_WP47 | ACTION: NAVIGATE -> WP47
[INFO] [1787158451.370871448] [fsm_executor]: EVENT: TASK_COMPLETED in NAV_47_WP47
[INFO] [1787158451.373584594] [fsm_executor]: TRANSITION: NAV_47_WP47 --[TASK_COMPLETED]--> NAV_48_WP48
[INFO] [1787158451.376799716] [fsm_executor]: STATE: NAV_48_WP48 | ACTION: NAVIGATE -> WP48
[INFO] [1787158451.470254022] [fsm_executor]: EVENT: TASK_COMPLETED in NAV_48_WP48
[INFO] [1787158451.471846899] [fsm_executor]: TRANSITION: NAV_48_WP48 --[TASK_COMPLETED]--> NAV_49_WP49
[INFO] [1787158451.473555217] [fsm_executor]: STATE: NAV_49_WP49 | ACTION: NAVIGATE -> WP49
[INFO] [1787158451.569745888] [fsm_executor]: EVENT: TASK_COMPLETED in NAV_49_WP49
[INFO] [1787158451.572505711] [fsm_executor]: TRANSITION: NAV_49_WP49 --[TASK_COMPLETED]--> NAV_50_WP50
[INFO] [1787158451.575779544] [fsm_executor]: STATE: NAV_50_WP50 | ACTION: NAVIGATE -> WP50
[INFO] [1787158451.669853021] [fsm_executor]: EVENT: TASK_COMPLETED in NAV_50_WP50
[INFO] [1787158451.672652959] [fsm_executor]: TRANSITION: NAV_50_WP50 --[TASK_COMPLETED]--> NAV_51_WP51
[INFO] [1787158451.674266390] [fsm_executor]: STATE: NAV_51_WP51 | ACTION: NAVIGATE -> WP51
[INFO] [1787158451.771053354] [fsm_executor]: EVENT: TASK_COMPLETED in NAV_51_WP51
[INFO] [1787158451.772631562] [fsm_executor]: TRANSITION: NAV_51_WP51 --[TASK_COMPLETED]--> NAV_52_WP52
[INFO] [1787158451.775834377] [fsm_executor]: STATE: NAV_52_WP52 | ACTION: NAVIGATE -> WP52
[INFO] [1787158451.870493458] [fsm_executor]: EVENT: TASK_COMPLETED in NAV_52_WP52
[INFO] [1787158451.873721527] [fsm_executor]: TRANSITION: NAV_52_WP52 --[TASK_COMPLETED]--> NAV_53_WP53
[INFO] [1787158451.877035122] [fsm_executor]: STATE: NAV_53_WP53 | ACTION: NAVIGATE -> WP53
[INFO] [1787158451.971783186] [fsm_executor]: EVENT: TASK_COMPLETED in NAV_53_WP53
[INFO] [1787158451.974734148] [fsm_executor]: TRANSITION: NAV_53_WP53 --[TASK_COMPLETED]--> NAV_54_WP54
[INFO] [1787158451.978345399] [fsm_executor]: STATE: NAV_54_WP54 | ACTION: NAVIGATE -> WP54
[INFO] [1787158452.070017692] [fsm_executor]: EVENT: TASK_COMPLETED in NAV_54_WP54
[INFO] [1787158452.073128819] [fsm_executor]: TRANSITION: NAV_54_WP54 --[TASK_COMPLETED]--> NAV_55_WP55
[INFO] [1787158452.076680178] [fsm_executor]: STATE: NAV_55_WP55 | ACTION: NAVIGATE -> WP55
[INFO] [1787158452.171911189] [fsm_executor]: EVENT: TASK_COMPLETED in NAV_55_WP55
[INFO] [1787158452.174902799] [fsm_executor]: TRANSITION: NAV_55_WP55 --[TASK_COMPLETED]--> NAV_56_WP56
[INFO] [1787158452.178668735] [fsm_executor]: STATE: NAV_56_WP56 | ACTION: NAVIGATE -> WP56
[INFO] [1787158452.270363182] [fsm_executor]: EVENT: TASK_COMPLETED in NAV_56_WP56
[INFO] [1787158452.272129185] [fsm_executor]: TRANSITION: NAV_56_WP56 --[TASK_COMPLETED]--> NAV_57_WP57
[INFO] [1787158452.274078362] [fsm_executor]: STATE: NAV_57_WP57 | ACTION: NAVIGATE -> WP57
[INFO] [1787158452.369604441] [fsm_executor]: EVENT: TASK_COMPLETED in NAV_57_WP57
[INFO] [1787158452.371383416] [fsm_executor]: TRANSITION: NAV_57_WP57 --[TASK_COMPLETED]--> NAV_58_WP58
[INFO] [1787158452.373367398] [fsm_executor]: STATE: NAV_58_WP58 | ACTION: NAVIGATE -> WP58
[INFO] [1787158452.473345163] [fsm_executor]: EVENT: TASK_COMPLETED in NAV_58_WP58
[INFO] [1787158452.476618964] [fsm_executor]: TRANSITION: NAV_58_WP58 --[TASK_COMPLETED]--> NAV_59_WP59
[INFO] [1787158452.479831830] [fsm_executor]: STATE: NAV_59_WP59 | ACTION: NAVIGATE -> WP59
[INFO] [1787158452.575671696] [fsm_executor]: EVENT: TASK_COMPLETED in NAV_59_WP59
[INFO] [1787158452.578791044] [fsm_executor]: TRANSITION: NAV_59_WP59 --[TASK_COMPLETED]--> NAV_60_WP60
[INFO] [1787158452.582094772] [fsm_executor]: STATE: NAV_60_WP60 | ACTION: NAVIGATE -> WP60
[INFO] [1787158452.674672953] [fsm_executor]: EVENT: TASK_COMPLETED in NAV_60_WP60
[INFO] [1787158452.680096816] [fsm_executor]: TRANSITION: NAV_60_WP60 --[TASK_COMPLETED]--> NAV_61_WP61
[INFO] [1787158452.684718338] [fsm_executor]: STATE: NAV_61_WP61 | ACTION: NAVIGATE -> WP61
[INFO] [1787158452.767610133] [fsm_executor]: EVENT: TASK_COMPLETED in NAV_61_WP61
[INFO] [1787158452.768243466] [fsm_executor]: TRANSITION: NAV_61_WP61 --[TASK_COMPLETED]--> NAV_62_WP62
[INFO] [1787158452.769011477] [fsm_executor]: STATE: NAV_62_WP62 | ACTION: NAVIGATE -> WP62
[INFO] [1787158452.871070241] [fsm_executor]: EVENT: TASK_COMPLETED in NAV_62_WP62
[INFO] [1787158452.880957872] [fsm_executor]: TRANSITION: NAV_62_WP62 --[TASK_COMPLETED]--> NAV_63_WP63
[INFO] [1787158452.884799151] [fsm_executor]: STATE: NAV_63_WP63 | ACTION: NAVIGATE -> WP63
[INFO] [1787158452.971274983] [fsm_executor]: EVENT: TASK_COMPLETED in NAV_63_WP63
[INFO] [1787158452.974447533] [fsm_executor]: TRANSITION: NAV_63_WP63 --[TASK_COMPLETED]--> NAV_64_WP64
[INFO] [1787158452.977838967] [fsm_executor]: STATE: NAV_64_WP64 | ACTION: NAVIGATE -> WP64
[INFO] [1787158453.073788535] [fsm_executor]: EVENT: TASK_COMPLETED in NAV_64_WP64
[INFO] [1787158453.084831230] [fsm_executor]: TRANSITION: NAV_64_WP64 --[TASK_COMPLETED]--> NAV_65_WP65
[INFO] [1787158453.090796380] [fsm_executor]: STATE: NAV_65_WP65 | ACTION: NAVIGATE -> WP65
[INFO] [1787158453.171175296] [fsm_executor]: EVENT: TASK_COMPLETED in NAV_65_WP65
[INFO] [1787158453.172944837] [fsm_executor]: TRANSITION: NAV_65_WP65 --[TASK_COMPLETED]--> NAV_66_WP66
[INFO] [1787158453.175028489] [fsm_executor]: STATE: NAV_66_WP66 | ACTION: NAVIGATE -> WP66
[INFO] [1787158453.273238951] [fsm_executor]: EVENT: TASK_COMPLETED in NAV_66_WP66
[INFO] [1787158453.276996116] [fsm_executor]: TRANSITION: NAV_66_WP66 --[TASK_COMPLETED]--> NAV_67_WP67
[INFO] [1787158453.280737425] [fsm_executor]: STATE: NAV_67_WP67 | ACTION: NAVIGATE -> WP67
[INFO] [1787158453.381940215] [fsm_executor]: EVENT: TASK_COMPLETED in NAV_67_WP67
[INFO] [1787158453.387674600] [fsm_executor]: TRANSITION: NAV_67_WP67 --[TASK_COMPLETED]--> NAV_68_WP68
[INFO] [1787158453.392673352] [fsm_executor]: STATE: NAV_68_WP68 | ACTION: NAVIGATE -> WP68
[INFO] [1787158453.468158633] [fsm_executor]: EVENT: TASK_COMPLETED in NAV_68_WP68
[INFO] [1787158453.469404174] [fsm_executor]: TRANSITION: NAV_68_WP68 --[TASK_COMPLETED]--> NAV_69_WP69
[INFO] [1787158453.470869817] [fsm_executor]: STATE: NAV_69_WP69 | ACTION: NAVIGATE -> WP69
[INFO] [1787158453.571496452] [fsm_executor]: EVENT: TASK_COMPLETED in NAV_69_WP69
[INFO] [1787158453.575826010] [fsm_executor]: TRANSITION: NAV_69_WP69 --[TASK_COMPLETED]--> NAV_70_WP70
[INFO] [1787158453.577721910] [fsm_executor]: STATE: NAV_70_WP70 | ACTION: NAVIGATE -> WP70
[INFO] [1787158453.670562979] [fsm_executor]: EVENT: TASK_COMPLETED in NAV_70_WP70
[INFO] [1787158453.673244770] [fsm_executor]: TRANSITION: NAV_70_WP70 --[TASK_COMPLETED]--> NAV_71_WP71
[INFO] [1787158453.676690979] [fsm_executor]: STATE: NAV_71_WP71 | ACTION: NAVIGATE -> WP71
[INFO] [1787158453.770330719] [fsm_executor]: EVENT: TASK_COMPLETED in NAV_71_WP71
[INFO] [1787158453.773001281] [fsm_executor]: TRANSITION: NAV_71_WP71 --[TASK_COMPLETED]--> NAV_72_WP72
[INFO] [1787158453.776777571] [fsm_executor]: STATE: NAV_72_WP72 | ACTION: NAVIGATE -> WP72
[INFO] [1787158453.873077837] [fsm_executor]: EVENT: TASK_COMPLETED in NAV_72_WP72
[INFO] [1787158453.876006606] [fsm_executor]: TRANSITION: NAV_72_WP72 --[TASK_COMPLETED]--> NAV_73_WP73
[INFO] [1787158453.879317272] [fsm_executor]: STATE: NAV_73_WP73 | ACTION: NAVIGATE -> WP73
[INFO] [1787158453.970676787] [fsm_executor]: EVENT: TASK_COMPLETED in NAV_73_WP73
[INFO] [1787158453.972558263] [fsm_executor]: TRANSITION: NAV_73_WP73 --[TASK_COMPLETED]--> NAV_74_WP74
[INFO] [1787158453.975704758] [fsm_executor]: STATE: NAV_74_WP74 | ACTION: NAVIGATE -> WP74
[INFO] [1787158454.069643470] [fsm_executor]: EVENT: TASK_COMPLETED in NAV_74_WP74
[INFO] [1787158454.072361549] [fsm_executor]: TRANSITION: NAV_74_WP74 --[TASK_COMPLETED]--> NAV_75_WP75
[INFO] [1787158454.075963035] [fsm_executor]: STATE: NAV_75_WP75 | ACTION: NAVIGATE -> WP75
[INFO] [1787158454.169566475] [fsm_executor]: EVENT: TASK_COMPLETED in NAV_75_WP75
[INFO] [1787158454.172117891] [fsm_executor]: TRANSITION: NAV_75_WP75 --[TASK_COMPLETED]--> NAV_76_WP76
[INFO] [1787158454.175623604] [fsm_executor]: STATE: NAV_76_WP76 | ACTION: NAVIGATE -> WP76
[INFO] [1787158454.271228855] [fsm_executor]: EVENT: TASK_COMPLETED in NAV_76_WP76
[INFO] [1787158454.273877485] [fsm_executor]: TRANSITION: NAV_76_WP76 --[TASK_COMPLETED]--> NAV_77_WP77
[INFO] [1787158454.278357692] [fsm_executor]: STATE: NAV_77_WP77 | ACTION: NAVIGATE -> WP77
[INFO] [1787158454.374910786] [fsm_executor]: EVENT: TASK_COMPLETED in NAV_77_WP77
[INFO] [1787158454.377670923] [fsm_executor]: TRANSITION: NAV_77_WP77 --[TASK_COMPLETED]--> NAV_78_WP78
[INFO] [1787158454.380630034] [fsm_executor]: STATE: NAV_78_WP78 | ACTION: NAVIGATE -> WP78
[INFO] [1787158454.476005134] [fsm_executor]: EVENT: TASK_COMPLETED in NAV_78_WP78
[INFO] [1787158454.479702858] [fsm_executor]: TRANSITION: NAV_78_WP78 --[TASK_COMPLETED]--> NAV_79_WP79
[INFO] [1787158454.481477864] [fsm_executor]: STATE: NAV_79_WP79 | ACTION: NAVIGATE -> WP79
[INFO] [1787158454.571034606] [fsm_executor]: EVENT: TASK_COMPLETED in NAV_79_WP79
[INFO] [1787158454.574468036] [fsm_executor]: TRANSITION: NAV_79_WP79 --[TASK_COMPLETED]--> NAV_80_WP80
[INFO] [1787158454.577896580] [fsm_executor]: STATE: NAV_80_WP80 | ACTION: NAVIGATE -> WP80
[INFO] [1787158454.671448789] [fsm_executor]: EVENT: TASK_COMPLETED in NAV_80_WP80
[INFO] [1787158454.674406119] [fsm_executor]: TRANSITION: NAV_80_WP80 --[TASK_COMPLETED]--> NAV_81_WP81
[INFO] [1787158454.677683334] [fsm_executor]: STATE: NAV_81_WP81 | ACTION: NAVIGATE -> WP81
[INFO] [1787158454.767908967] [fsm_executor]: EVENT: TASK_COMPLETED in NAV_81_WP81
[INFO] [1787158454.768913739] [fsm_executor]: TRANSITION: NAV_81_WP81 --[TASK_COMPLETED]--> NAV_82_WP82
[INFO] [1787158454.770050791] [fsm_executor]: STATE: NAV_82_WP82 | ACTION: NAVIGATE -> WP82
[INFO] [1787158454.870120759] [fsm_executor]: EVENT: TASK_COMPLETED in NAV_82_WP82
[INFO] [1787158454.871673155] [fsm_executor]: TRANSITION: NAV_82_WP82 --[TASK_COMPLETED]--> NAV_83_WP83
[INFO] [1787158454.873289863] [fsm_executor]: STATE: NAV_83_WP83 | ACTION: NAVIGATE -> WP83
[INFO] [1787158454.970791486] [fsm_executor]: EVENT: TASK_COMPLETED in NAV_83_WP83
[INFO] [1787158454.973548891] [fsm_executor]: TRANSITION: NAV_83_WP83 --[TASK_COMPLETED]--> NAV_84_WP84
[INFO] [1787158454.976205889] [fsm_executor]: STATE: NAV_84_WP84 | ACTION: NAVIGATE -> WP84
[INFO] [1787158455.072270704] [fsm_executor]: EVENT: TASK_COMPLETED in NAV_84_WP84
[INFO] [1787158455.074392416] [fsm_executor]: TRANSITION: NAV_84_WP84 --[TASK_COMPLETED]--> NAV_85_WP85
[INFO] [1787158455.077678695] [fsm_executor]: STATE: NAV_85_WP85 | ACTION: NAVIGATE -> WP85
[INFO] [1787158455.174036866] [fsm_executor]: EVENT: TASK_COMPLETED in NAV_85_WP85
[INFO] [1787158455.177230362] [fsm_executor]: TRANSITION: NAV_85_WP85 --[TASK_COMPLETED]--> NAV_86_WP86
[INFO] [1787158455.180664466] [fsm_executor]: STATE: NAV_86_WP86 | ACTION: NAVIGATE -> WP86
[INFO] [1787158455.272044040] [fsm_executor]: EVENT: TASK_COMPLETED in NAV_86_WP86
[INFO] [1787158455.273806012] [fsm_executor]: TRANSITION: NAV_86_WP86 --[TASK_COMPLETED]--> NAV_87_WP87
[INFO] [1787158455.277007161] [fsm_executor]: STATE: NAV_87_WP87 | ACTION: NAVIGATE -> WP87
[INFO] [1787158455.370090976] [fsm_executor]: EVENT: TASK_COMPLETED in NAV_87_WP87
[INFO] [1787158455.373997553] [fsm_executor]: TRANSITION: NAV_87_WP87 --[TASK_COMPLETED]--> NAV_88_WP88
[INFO] [1787158455.376901379] [fsm_executor]: STATE: NAV_88_WP88 | ACTION: NAVIGATE -> WP88
[INFO] [1787158455.473728364] [fsm_executor]: EVENT: TASK_COMPLETED in NAV_88_WP88
[INFO] [1787158455.478987926] [fsm_executor]: TRANSITION: NAV_88_WP88 --[TASK_COMPLETED]--> NAV_89_WP89
[INFO] [1787158455.482577590] [fsm_executor]: STATE: NAV_89_WP89 | ACTION: NAVIGATE -> WP89
[INFO] [1787158455.571123553] [fsm_executor]: EVENT: TASK_COMPLETED in NAV_89_WP89
[INFO] [1787158455.574191457] [fsm_executor]: TRANSITION: NAV_89_WP89 --[TASK_COMPLETED]--> NAV_90_WP90
[INFO] [1787158455.577454410] [fsm_executor]: STATE: NAV_90_WP90 | ACTION: NAVIGATE -> WP90
[INFO] [1787158455.670556800] [fsm_executor]: EVENT: TASK_COMPLETED in NAV_90_WP90
[INFO] [1787158455.673657573] [fsm_executor]: TRANSITION: NAV_90_WP90 --[TASK_COMPLETED]--> NAV_91_WP91
[INFO] [1787158455.676885842] [fsm_executor]: STATE: NAV_91_WP91 | ACTION: NAVIGATE -> WP91
[INFO] [1787158455.772050400] [fsm_executor]: EVENT: TASK_COMPLETED in NAV_91_WP91
[INFO] [1787158455.774182844] [fsm_executor]: TRANSITION: NAV_91_WP91 --[TASK_COMPLETED]--> NAV_92_WP92
[INFO] [1787158455.777970902] [fsm_executor]: STATE: NAV_92_WP92 | ACTION: NAVIGATE -> WP92
[INFO] [1787158455.871696141] [fsm_executor]: EVENT: TASK_COMPLETED in NAV_92_WP92
[INFO] [1787158455.875376831] [fsm_executor]: TRANSITION: NAV_92_WP92 --[TASK_COMPLETED]--> NAV_93_WP93
[INFO] [1787158455.879283657] [fsm_executor]: STATE: NAV_93_WP93 | ACTION: NAVIGATE -> WP93
[INFO] [1787158455.969746888] [fsm_executor]: EVENT: TASK_COMPLETED in NAV_93_WP93
[INFO] [1787158455.973022640] [fsm_executor]: TRANSITION: NAV_93_WP93 --[TASK_COMPLETED]--> NAV_94_WP94
[INFO] [1787158455.974448441] [fsm_executor]: STATE: NAV_94_WP94 | ACTION: NAVIGATE -> WP94
[INFO] [1787158456.071717509] [fsm_executor]: EVENT: TASK_COMPLETED in NAV_94_WP94
[INFO] [1787158456.074087476] [fsm_executor]: TRANSITION: NAV_94_WP94 --[TASK_COMPLETED]--> NAV_95_WP95
[INFO] [1787158456.076601294] [fsm_executor]: STATE: NAV_95_WP95 | ACTION: NAVIGATE -> WP95
[INFO] [1787158456.170899628] [fsm_executor]: EVENT: TASK_COMPLETED in NAV_95_WP95
[INFO] [1787158456.172589757] [fsm_executor]: TRANSITION: NAV_95_WP95 --[TASK_COMPLETED]--> NAV_96_WP96
[INFO] [1787158456.174797828] [fsm_executor]: STATE: NAV_96_WP96 | ACTION: NAVIGATE -> WP96
[INFO] [1787158456.269838345] [fsm_executor]: EVENT: TASK_COMPLETED in NAV_96_WP96
[INFO] [1787158456.272799252] [fsm_executor]: TRANSITION: NAV_96_WP96 --[TASK_COMPLETED]--> NAV_97_WP97
[INFO] [1787158456.275357160] [fsm_executor]: STATE: NAV_97_WP97 | ACTION: NAVIGATE -> WP97
[INFO] [1787158456.370776839] [fsm_executor]: EVENT: TASK_COMPLETED in NAV_97_WP97
[INFO] [1787158456.373529137] [fsm_executor]: TRANSITION: NAV_97_WP97 --[TASK_COMPLETED]--> NAV_98_WP98
[INFO] [1787158456.375958014] [fsm_executor]: STATE: NAV_98_WP98 | ACTION: NAVIGATE -> WP98
[INFO] [1787158456.470950160] [fsm_executor]: EVENT: TASK_COMPLETED in NAV_98_WP98
[INFO] [1787158456.472903365] [fsm_executor]: TRANSITION: NAV_98_WP98 --[TASK_COMPLETED]--> NAV_99_WP99
[INFO] [1787158456.476186476] [fsm_executor]: STATE: NAV_99_WP99 | ACTION: NAVIGATE -> WP99
[INFO] [1787158456.568228049] [fsm_executor]: EVENT: TASK_COMPLETED in NAV_99_WP99
[INFO] [1787158456.569123357] [fsm_executor]: TRANSITION: NAV_99_WP99 --[TASK_COMPLETED]--> NAV_100_WP100
[INFO] [1787158456.570023679] [fsm_executor]: STATE: NAV_100_WP100 | ACTION: NAVIGATE -> WP100
[INFO] [1787158456.670340824] [fsm_executor]: EVENT: TASK_COMPLETED in NAV_100_WP100
[INFO] [1787158456.671851779] [fsm_executor]: TRANSITION: NAV_100_WP100 --[TASK_COMPLETED]--> NAV_101_WP99
[INFO] [1787158456.673684246] [fsm_executor]: STATE: NAV_101_WP99 | ACTION: NAVIGATE -> WP99
[INFO] [1787158456.771288567] [fsm_executor]: EVENT: TASK_COMPLETED in NAV_101_WP99
[INFO] [1787158456.773277300] [fsm_executor]: TRANSITION: NAV_101_WP99 --[TASK_COMPLETED]--> NAV_102_WP98
[INFO] [1787158456.776072649] [fsm_executor]: STATE: NAV_102_WP98 | ACTION: NAVIGATE -> WP98
[INFO] [1787158456.870701851] [fsm_executor]: EVENT: TASK_COMPLETED in NAV_102_WP98
[INFO] [1787158456.872377361] [fsm_executor]: TRANSITION: NAV_102_WP98 --[TASK_COMPLETED]--> NAV_103_WP97
[INFO] [1787158456.874173450] [fsm_executor]: STATE: NAV_103_WP97 | ACTION: NAVIGATE -> WP97
[INFO] [1787158456.972783867] [fsm_executor]: EVENT: TASK_COMPLETED in NAV_103_WP97
[INFO] [1787158456.975877088] [fsm_executor]: TRANSITION: NAV_103_WP97 --[TASK_COMPLETED]--> NAV_104_WP96
[INFO] [1787158456.979273454] [fsm_executor]: STATE: NAV_104_WP96 | ACTION: NAVIGATE -> WP96
[INFO] [1787158457.072104758] [fsm_executor]: EVENT: TASK_COMPLETED in NAV_104_WP96
[INFO] [1787158457.075774370] [fsm_executor]: TRANSITION: NAV_104_WP96 --[TASK_COMPLETED]--> NAV_105_WP95
[INFO] [1787158457.081096690] [fsm_executor]: STATE: NAV_105_WP95 | ACTION: NAVIGATE -> WP95
[INFO] [1787158457.173177580] [fsm_executor]: EVENT: TASK_COMPLETED in NAV_105_WP95
[INFO] [1787158457.182035291] [fsm_executor]: TRANSITION: NAV_105_WP95 --[TASK_COMPLETED]--> NAV_106_WP94
[INFO] [1787158457.190331089] [fsm_executor]: STATE: NAV_106_WP94 | ACTION: NAVIGATE -> WP94
[INFO] [1787158457.270777432] [fsm_executor]: EVENT: TASK_COMPLETED in NAV_106_WP94
[INFO] [1787158457.272700309] [fsm_executor]: TRANSITION: NAV_106_WP94 --[TASK_COMPLETED]--> NAV_107_WP93
[INFO] [1787158457.274728943] [fsm_executor]: STATE: NAV_107_WP93 | ACTION: NAVIGATE -> WP93
[INFO] [1787158457.371211609] [fsm_executor]: EVENT: TASK_COMPLETED in NAV_107_WP93
[INFO] [1787158457.375888124] [fsm_executor]: TRANSITION: NAV_107_WP93 --[TASK_COMPLETED]--> NAV_108_WP92
[INFO] [1787158457.379103373] [fsm_executor]: STATE: NAV_108_WP92 | ACTION: NAVIGATE -> WP92
[INFO] [1787158457.470955212] [fsm_executor]: EVENT: TASK_COMPLETED in NAV_108_WP92
[INFO] [1787158457.473368665] [fsm_executor]: TRANSITION: NAV_108_WP92 --[TASK_COMPLETED]--> NAV_109_WP91
[INFO] [1787158457.475683820] [fsm_executor]: STATE: NAV_109_WP91 | ACTION: NAVIGATE -> WP91
[INFO] [1787158457.570829316] [fsm_executor]: EVENT: TASK_COMPLETED in NAV_109_WP91
[INFO] [1787158457.573252461] [fsm_executor]: TRANSITION: NAV_109_WP91 --[TASK_COMPLETED]--> NAV_110_WP90
[INFO] [1787158457.575469150] [fsm_executor]: STATE: NAV_110_WP90 | ACTION: NAVIGATE -> WP90
[INFO] [1787158457.676645589] [fsm_executor]: EVENT: TASK_COMPLETED in NAV_110_WP90
[INFO] [1787158457.680672930] [fsm_executor]: TRANSITION: NAV_110_WP90 --[TASK_COMPLETED]--> NAV_111_WP89
[INFO] [1787158457.685577673] [fsm_executor]: STATE: NAV_111_WP89 | ACTION: NAVIGATE -> WP89
[INFO] [1787158457.772606144] [fsm_executor]: EVENT: TASK_COMPLETED in NAV_111_WP89
[INFO] [1787158457.776076865] [fsm_executor]: TRANSITION: NAV_111_WP89 --[TASK_COMPLETED]--> NAV_112_WP88
[INFO] [1787158457.779492541] [fsm_executor]: STATE: NAV_112_WP88 | ACTION: NAVIGATE -> WP88
[INFO] [1787158457.872354861] [fsm_executor]: EVENT: TASK_COMPLETED in NAV_112_WP88
[INFO] [1787158457.876401152] [fsm_executor]: TRANSITION: NAV_112_WP88 --[TASK_COMPLETED]--> NAV_113_WP87
[INFO] [1787158457.880952961] [fsm_executor]: STATE: NAV_113_WP87 | ACTION: NAVIGATE -> WP87
[INFO] [1787158457.973144130] [fsm_executor]: EVENT: TASK_COMPLETED in NAV_113_WP87
[INFO] [1787158457.977012022] [fsm_executor]: TRANSITION: NAV_113_WP87 --[TASK_COMPLETED]--> NAV_114_WP86
[INFO] [1787158457.981561386] [fsm_executor]: STATE: NAV_114_WP86 | ACTION: NAVIGATE -> WP86
[INFO] [1787158458.068125583] [fsm_executor]: EVENT: TASK_COMPLETED in NAV_114_WP86
[INFO] [1787158458.068839845] [fsm_executor]: TRANSITION: NAV_114_WP86 --[TASK_COMPLETED]--> NAV_115_WP85
[INFO] [1787158458.069615247] [fsm_executor]: STATE: NAV_115_WP85 | ACTION: NAVIGATE -> WP85
[INFO] [1787158458.172331072] [fsm_executor]: EVENT: TASK_COMPLETED in NAV_115_WP85
[INFO] [1787158458.178489509] [fsm_executor]: TRANSITION: NAV_115_WP85 --[TASK_COMPLETED]--> NAV_116_WP84
[INFO] [1787158458.188058149] [fsm_executor]: STATE: NAV_116_WP84 | ACTION: NAVIGATE -> WP84
[INFO] [1787158458.276159614] [fsm_executor]: EVENT: TASK_COMPLETED in NAV_116_WP84
[INFO] [1787158458.280255767] [fsm_executor]: TRANSITION: NAV_116_WP84 --[TASK_COMPLETED]--> NAV_117_WP83
[INFO] [1787158458.285275150] [fsm_executor]: STATE: NAV_117_WP83 | ACTION: NAVIGATE -> WP83
[INFO] [1787158458.370202552] [fsm_executor]: EVENT: TASK_COMPLETED in NAV_117_WP83
[INFO] [1787158458.374107159] [fsm_executor]: TRANSITION: NAV_117_WP83 --[TASK_COMPLETED]--> NAV_118_WP82
[INFO] [1787158458.376535153] [fsm_executor]: STATE: NAV_118_WP82 | ACTION: NAVIGATE -> WP82
[INFO] [1787158458.470740512] [fsm_executor]: EVENT: TASK_COMPLETED in NAV_118_WP82
[INFO] [1787158458.473729214] [fsm_executor]: TRANSITION: NAV_118_WP82 --[TASK_COMPLETED]--> NAV_119_WP81
[INFO] [1787158458.477282989] [fsm_executor]: STATE: NAV_119_WP81 | ACTION: NAVIGATE -> WP81
[INFO] [1787158458.573577852] [fsm_executor]: EVENT: TASK_COMPLETED in NAV_119_WP81
[INFO] [1787158458.577666471] [fsm_executor]: TRANSITION: NAV_119_WP81 --[TASK_COMPLETED]--> NAV_120_WP80
[INFO] [1787158458.581520340] [fsm_executor]: STATE: NAV_120_WP80 | ACTION: NAVIGATE -> WP80
[INFO] [1787158458.671533016] [fsm_executor]: EVENT: TASK_COMPLETED in NAV_120_WP80
[INFO] [1787158458.674376220] [fsm_executor]: TRANSITION: NAV_120_WP80 --[TASK_COMPLETED]--> NAV_121_WP79
[INFO] [1787158458.677617835] [fsm_executor]: STATE: NAV_121_WP79 | ACTION: NAVIGATE -> WP79
[INFO] [1787158458.767702594] [fsm_executor]: EVENT: TASK_COMPLETED in NAV_121_WP79
[INFO] [1787158458.768814034] [fsm_executor]: TRANSITION: NAV_121_WP79 --[TASK_COMPLETED]--> NAV_122_WP78
[INFO] [1787158458.770087586] [fsm_executor]: STATE: NAV_122_WP78 | ACTION: NAVIGATE -> WP78
[INFO] [1787158458.870627625] [fsm_executor]: EVENT: TASK_COMPLETED in NAV_122_WP78
[INFO] [1787158458.873573062] [fsm_executor]: TRANSITION: NAV_122_WP78 --[TASK_COMPLETED]--> NAV_123_WP77
[INFO] [1787158458.876901441] [fsm_executor]: STATE: NAV_123_WP77 | ACTION: NAVIGATE -> WP77
[INFO] [1787158458.971443657] [fsm_executor]: EVENT: TASK_COMPLETED in NAV_123_WP77
[INFO] [1787158458.974627652] [fsm_executor]: TRANSITION: NAV_123_WP77 --[TASK_COMPLETED]--> NAV_124_WP76
[INFO] [1787158458.978077237] [fsm_executor]: STATE: NAV_124_WP76 | ACTION: NAVIGATE -> WP76
[INFO] [1787158459.071623279] [fsm_executor]: EVENT: TASK_COMPLETED in NAV_124_WP76
[INFO] [1787158459.074578795] [fsm_executor]: TRANSITION: NAV_124_WP76 --[TASK_COMPLETED]--> NAV_125_WP75
[INFO] [1787158459.078112349] [fsm_executor]: STATE: NAV_125_WP75 | ACTION: NAVIGATE -> WP75
[INFO] [1787158459.173562095] [fsm_executor]: EVENT: TASK_COMPLETED in NAV_125_WP75
[INFO] [1787158459.176687373] [fsm_executor]: TRANSITION: NAV_125_WP75 --[TASK_COMPLETED]--> NAV_126_WP74
[INFO] [1787158459.180146246] [fsm_executor]: STATE: NAV_126_WP74 | ACTION: NAVIGATE -> WP74
[INFO] [1787158459.274920095] [fsm_executor]: EVENT: TASK_COMPLETED in NAV_126_WP74
[INFO] [1787158459.287628166] [fsm_executor]: TRANSITION: NAV_126_WP74 --[TASK_COMPLETED]--> NAV_127_WP73
[INFO] [1787158459.296185903] [fsm_executor]: STATE: NAV_127_WP73 | ACTION: NAVIGATE -> WP73
[INFO] [1787158459.372581347] [fsm_executor]: EVENT: TASK_COMPLETED in NAV_127_WP73
[INFO] [1787158459.375453895] [fsm_executor]: TRANSITION: NAV_127_WP73 --[TASK_COMPLETED]--> NAV_128_WP72
[INFO] [1787158459.378926622] [fsm_executor]: STATE: NAV_128_WP72 | ACTION: NAVIGATE -> WP72
[INFO] [1787158459.471911198] [fsm_executor]: EVENT: TASK_COMPLETED in NAV_128_WP72
[INFO] [1787158459.474572436] [fsm_executor]: TRANSITION: NAV_128_WP72 --[TASK_COMPLETED]--> NAV_129_WP71
[INFO] [1787158459.477754208] [fsm_executor]: STATE: NAV_129_WP71 | ACTION: NAVIGATE -> WP71
[INFO] [1787158459.569999127] [fsm_executor]: EVENT: TASK_COMPLETED in NAV_129_WP71
[INFO] [1787158459.571814547] [fsm_executor]: TRANSITION: NAV_129_WP71 --[TASK_COMPLETED]--> NAV_130_WP70
[INFO] [1787158459.573761289] [fsm_executor]: STATE: NAV_130_WP70 | ACTION: NAVIGATE -> WP70
[INFO] [1787158459.669267051] [fsm_executor]: EVENT: TASK_COMPLETED in NAV_130_WP70
[INFO] [1787158459.670889770] [fsm_executor]: TRANSITION: NAV_130_WP70 --[TASK_COMPLETED]--> NAV_131_WP69
[INFO] [1787158459.672775958] [fsm_executor]: STATE: NAV_131_WP69 | ACTION: NAVIGATE -> WP69
[INFO] [1787158459.777156422] [fsm_executor]: EVENT: TASK_COMPLETED in NAV_131_WP69
[INFO] [1787158459.781821497] [fsm_executor]: TRANSITION: NAV_131_WP69 --[TASK_COMPLETED]--> NAV_132_WP68
[INFO] [1787158459.786100647] [fsm_executor]: STATE: NAV_132_WP68 | ACTION: NAVIGATE -> WP68
[INFO] [1787158459.874578668] [fsm_executor]: EVENT: TASK_COMPLETED in NAV_132_WP68
[INFO] [1787158459.877820543] [fsm_executor]: TRANSITION: NAV_132_WP68 --[TASK_COMPLETED]--> NAV_133_WP67
[INFO] [1787158459.882269268] [fsm_executor]: STATE: NAV_133_WP67 | ACTION: NAVIGATE -> WP67
[INFO] [1787158459.975988413] [fsm_executor]: EVENT: TASK_COMPLETED in NAV_133_WP67
[INFO] [1787158459.979249660] [fsm_executor]: TRANSITION: NAV_133_WP67 --[TASK_COMPLETED]--> NAV_134_WP66
[INFO] [1787158459.981879756] [fsm_executor]: STATE: NAV_134_WP66 | ACTION: NAVIGATE -> WP66
[INFO] [1787158460.067946967] [fsm_executor]: EVENT: TASK_COMPLETED in NAV_134_WP66
[INFO] [1787158460.068950710] [fsm_executor]: TRANSITION: NAV_134_WP66 --[TASK_COMPLETED]--> NAV_135_WP65
[INFO] [1787158460.070243566] [fsm_executor]: STATE: NAV_135_WP65 | ACTION: NAVIGATE -> WP65
[INFO] [1787158460.169513067] [fsm_executor]: EVENT: TASK_COMPLETED in NAV_135_WP65
[INFO] [1787158460.172450236] [fsm_executor]: TRANSITION: NAV_135_WP65 --[TASK_COMPLETED]--> NAV_136_WP64
[INFO] [1787158460.175799652] [fsm_executor]: STATE: NAV_136_WP64 | ACTION: NAVIGATE -> WP64
[INFO] [1787158460.269462503] [fsm_executor]: EVENT: TASK_COMPLETED in NAV_136_WP64
[INFO] [1787158460.271137694] [fsm_executor]: TRANSITION: NAV_136_WP64 --[TASK_COMPLETED]--> NAV_137_WP63
[INFO] [1787158460.273214343] [fsm_executor]: STATE: NAV_137_WP63 | ACTION: NAVIGATE -> WP63
[INFO] [1787158460.370654937] [fsm_executor]: EVENT: TASK_COMPLETED in NAV_137_WP63
[INFO] [1787158460.372432351] [fsm_executor]: TRANSITION: NAV_137_WP63 --[TASK_COMPLETED]--> NAV_138_WP62
[INFO] [1787158460.374848695] [fsm_executor]: STATE: NAV_138_WP62 | ACTION: NAVIGATE -> WP62
[INFO] [1787158460.470556682] [fsm_executor]: EVENT: TASK_COMPLETED in NAV_138_WP62
[INFO] [1787158460.472470693] [fsm_executor]: TRANSITION: NAV_138_WP62 --[TASK_COMPLETED]--> NAV_139_WP61
[INFO] [1787158460.475591822] [fsm_executor]: STATE: NAV_139_WP61 | ACTION: NAVIGATE -> WP61
[INFO] [1787158460.571341409] [fsm_executor]: EVENT: TASK_COMPLETED in NAV_139_WP61
[INFO] [1787158460.573393827] [fsm_executor]: TRANSITION: NAV_139_WP61 --[TASK_COMPLETED]--> NAV_140_WP60
[INFO] [1787158460.575687218] [fsm_executor]: STATE: NAV_140_WP60 | ACTION: NAVIGATE -> WP60
[INFO] [1787158460.671810468] [fsm_executor]: EVENT: TASK_COMPLETED in NAV_140_WP60
[INFO] [1787158460.675633118] [fsm_executor]: TRANSITION: NAV_140_WP60 --[TASK_COMPLETED]--> NAV_141_WP59
[INFO] [1787158460.679401016] [fsm_executor]: STATE: NAV_141_WP59 | ACTION: NAVIGATE -> WP59
[INFO] [1787158460.770803212] [fsm_executor]: EVENT: TASK_COMPLETED in NAV_141_WP59
[INFO] [1787158460.772558049] [fsm_executor]: TRANSITION: NAV_141_WP59 --[TASK_COMPLETED]--> NAV_142_WP58
[INFO] [1787158460.774887333] [fsm_executor]: STATE: NAV_142_WP58 | ACTION: NAVIGATE -> WP58
[INFO] [1787158460.871689400] [fsm_executor]: EVENT: TASK_COMPLETED in NAV_142_WP58
[INFO] [1787158460.873464676] [fsm_executor]: TRANSITION: NAV_142_WP58 --[TASK_COMPLETED]--> NAV_143_WP57
[INFO] [1787158460.875702444] [fsm_executor]: STATE: NAV_143_WP57 | ACTION: NAVIGATE -> WP57
[INFO] [1787158460.969602950] [fsm_executor]: EVENT: TASK_COMPLETED in NAV_143_WP57
[INFO] [1787158460.970786355] [fsm_executor]: TRANSITION: NAV_143_WP57 --[TASK_COMPLETED]--> NAV_144_WP56
[INFO] [1787158460.972133681] [fsm_executor]: STATE: NAV_144_WP56 | ACTION: NAVIGATE -> WP56
[INFO] [1787158461.071465261] [fsm_executor]: EVENT: TASK_COMPLETED in NAV_144_WP56
[INFO] [1787158461.074515050] [fsm_executor]: TRANSITION: NAV_144_WP56 --[TASK_COMPLETED]--> NAV_145_WP55
[INFO] [1787158461.078735996] [fsm_executor]: STATE: NAV_145_WP55 | ACTION: NAVIGATE -> WP55
[INFO] [1787158461.169968909] [fsm_executor]: EVENT: TASK_COMPLETED in NAV_145_WP55
[INFO] [1787158461.171764473] [fsm_executor]: TRANSITION: NAV_145_WP55 --[TASK_COMPLETED]--> NAV_146_WP54
[INFO] [1787158461.173829430] [fsm_executor]: STATE: NAV_146_WP54 | ACTION: NAVIGATE -> WP54
[INFO] [1787158461.271381290] [fsm_executor]: EVENT: TASK_COMPLETED in NAV_146_WP54
[INFO] [1787158461.273171506] [fsm_executor]: TRANSITION: NAV_146_WP54 --[TASK_COMPLETED]--> NAV_147_WP53
[INFO] [1787158461.275744015] [fsm_executor]: STATE: NAV_147_WP53 | ACTION: NAVIGATE -> WP53
[INFO] [1787158461.371701642] [fsm_executor]: EVENT: TASK_COMPLETED in NAV_147_WP53
[INFO] [1787158461.373723067] [fsm_executor]: TRANSITION: NAV_147_WP53 --[TASK_COMPLETED]--> NAV_148_WP52
[INFO] [1787158461.376956473] [fsm_executor]: STATE: NAV_148_WP52 | ACTION: NAVIGATE -> WP52
[INFO] [1787158461.471764944] [fsm_executor]: EVENT: TASK_COMPLETED in NAV_148_WP52
[INFO] [1787158461.475090392] [fsm_executor]: TRANSITION: NAV_148_WP52 --[TASK_COMPLETED]--> NAV_149_WP51
[INFO] [1787158461.478918364] [fsm_executor]: STATE: NAV_149_WP51 | ACTION: NAVIGATE -> WP51
[INFO] [1787158461.571564132] [fsm_executor]: EVENT: TASK_COMPLETED in NAV_149_WP51
[INFO] [1787158461.574724138] [fsm_executor]: TRANSITION: NAV_149_WP51 --[TASK_COMPLETED]--> NAV_150_WP50
[INFO] [1787158461.578120610] [fsm_executor]: STATE: NAV_150_WP50 | ACTION: NAVIGATE -> WP50
[WARN] [1787158461.590285013] [fsm_executor]: RUNTIME EVENT RECEIVED: GPS_LOST
[INFO] [1787158461.594368926] [fsm_executor]: TRANSITION: NAV_150_WP50 --[GPS_LOST]--> GPS_RECOVERY
[INFO] [1787158461.598128477] [fsm_executor]: STATE: GPS_RECOVERY | ACTION: WAIT_FOR_GPS_STATUS
[WARN] [1787158486.559726577] [fsm_executor]: RUNTIME EVENT RECEIVED: GPS_AVAILABLE
[INFO] [1787158486.560460511] [fsm_executor]: TRANSITION: GPS_RECOVERY --[GPS_AVAILABLE]--> NAV_150_WP50
[INFO] [1787158486.561073340] [fsm_executor]: GPS recovered. Resuming interrupted mission task.
[INFO] [1787158486.561875537] [fsm_executor]: STATE: NAV_150_WP50 | ACTION: NAVIGATE -> WP50
[INFO] [1787158486.567849370] [fsm_executor]: EVENT: TASK_COMPLETED in NAV_150_WP50
[INFO] [1787158486.568475242] [fsm_executor]: TRANSITION: NAV_150_WP50 --[TASK_COMPLETED]--> NAV_151_WP49
[INFO] [1787158486.569064081] [fsm_executor]: STATE: NAV_151_WP49 | ACTION: NAVIGATE -> WP49
[INFO] [1787158486.670192329] [fsm_executor]: EVENT: TASK_COMPLETED in NAV_151_WP49
[INFO] [1787158486.671548303] [fsm_executor]: TRANSITION: NAV_151_WP49 --[TASK_COMPLETED]--> NAV_152_WP48
[INFO] [1787158486.673102651] [fsm_executor]: STATE: NAV_152_WP48 | ACTION: NAVIGATE -> WP48
[INFO] [1787158486.769816108] [fsm_executor]: EVENT: TASK_COMPLETED in NAV_152_WP48
[INFO] [1787158486.774962524] [fsm_executor]: TRANSITION: NAV_152_WP48 --[TASK_COMPLETED]--> NAV_153_WP47
[INFO] [1787158486.777113911] [fsm_executor]: STATE: NAV_153_WP47 | ACTION: NAVIGATE -> WP47
[INFO] [1787158486.872009176] [fsm_executor]: EVENT: TASK_COMPLETED in NAV_153_WP47
[INFO] [1787158486.874981474] [fsm_executor]: TRANSITION: NAV_153_WP47 --[TASK_COMPLETED]--> NAV_154_WP46
[INFO] [1787158486.877060772] [fsm_executor]: STATE: NAV_154_WP46 | ACTION: NAVIGATE -> WP46
[INFO] [1787158486.969607833] [fsm_executor]: EVENT: TASK_COMPLETED in NAV_154_WP46
[INFO] [1787158486.972608595] [fsm_executor]: TRANSITION: NAV_154_WP46 --[TASK_COMPLETED]--> NAV_155_WP45
[INFO] [1787158486.975935627] [fsm_executor]: STATE: NAV_155_WP45 | ACTION: NAVIGATE -> WP45
[INFO] [1787158487.071069662] [fsm_executor]: EVENT: TASK_COMPLETED in NAV_155_WP45
[INFO] [1787158487.074274310] [fsm_executor]: TRANSITION: NAV_155_WP45 --[TASK_COMPLETED]--> NAV_156_WP44
[INFO] [1787158487.077719769] [fsm_executor]: STATE: NAV_156_WP44 | ACTION: NAVIGATE -> WP44
[INFO] [1787158487.169534523] [fsm_executor]: EVENT: TASK_COMPLETED in NAV_156_WP44
[INFO] [1787158487.171279815] [fsm_executor]: TRANSITION: NAV_156_WP44 --[TASK_COMPLETED]--> NAV_157_WP43
[INFO] [1787158487.173215595] [fsm_executor]: STATE: NAV_157_WP43 | ACTION: NAVIGATE -> WP43
[INFO] [1787158487.270933062] [fsm_executor]: EVENT: TASK_COMPLETED in NAV_157_WP43
[INFO] [1787158487.272846468] [fsm_executor]: TRANSITION: NAV_157_WP43 --[TASK_COMPLETED]--> NAV_158_WP42
[INFO] [1787158487.277049827] [fsm_executor]: STATE: NAV_158_WP42 | ACTION: NAVIGATE -> WP42
[INFO] [1787158487.371705194] [fsm_executor]: EVENT: TASK_COMPLETED in NAV_158_WP42
[INFO] [1787158487.375012407] [fsm_executor]: TRANSITION: NAV_158_WP42 --[TASK_COMPLETED]--> NAV_159_WP41
[INFO] [1787158487.378428171] [fsm_executor]: STATE: NAV_159_WP41 | ACTION: NAVIGATE -> WP41
[INFO] [1787158487.472391495] [fsm_executor]: EVENT: TASK_COMPLETED in NAV_159_WP41
[INFO] [1787158487.475936132] [fsm_executor]: TRANSITION: NAV_159_WP41 --[TASK_COMPLETED]--> NAV_160_WP40
[INFO] [1787158487.479652852] [fsm_executor]: STATE: NAV_160_WP40 | ACTION: NAVIGATE -> WP40
[INFO] [1787158487.571924838] [fsm_executor]: EVENT: TASK_COMPLETED in NAV_160_WP40
[INFO] [1787158487.573846418] [fsm_executor]: TRANSITION: NAV_160_WP40 --[TASK_COMPLETED]--> NAV_161_WP39
[INFO] [1787158487.575801932] [fsm_executor]: STATE: NAV_161_WP39 | ACTION: NAVIGATE -> WP39
[INFO] [1787158487.671556664] [fsm_executor]: EVENT: TASK_COMPLETED in NAV_161_WP39
[INFO] [1787158487.673398330] [fsm_executor]: TRANSITION: NAV_161_WP39 --[TASK_COMPLETED]--> NAV_162_WP38
[INFO] [1787158487.676563066] [fsm_executor]: STATE: NAV_162_WP38 | ACTION: NAVIGATE -> WP38
[INFO] [1787158487.770558908] [fsm_executor]: EVENT: TASK_COMPLETED in NAV_162_WP38
[INFO] [1787158487.773424321] [fsm_executor]: TRANSITION: NAV_162_WP38 --[TASK_COMPLETED]--> NAV_163_WP37
[INFO] [1787158487.776785475] [fsm_executor]: STATE: NAV_163_WP37 | ACTION: NAVIGATE -> WP37
[INFO] [1787158487.871094077] [fsm_executor]: EVENT: TASK_COMPLETED in NAV_163_WP37
[INFO] [1787158487.874043479] [fsm_executor]: TRANSITION: NAV_163_WP37 --[TASK_COMPLETED]--> NAV_164_WP36
[INFO] [1787158487.878491198] [fsm_executor]: STATE: NAV_164_WP36 | ACTION: NAVIGATE -> WP36
[INFO] [1787158487.969786572] [fsm_executor]: EVENT: TASK_COMPLETED in NAV_164_WP36
[INFO] [1787158487.971538335] [fsm_executor]: TRANSITION: NAV_164_WP36 --[TASK_COMPLETED]--> NAV_165_WP35
[INFO] [1787158487.974011051] [fsm_executor]: STATE: NAV_165_WP35 | ACTION: NAVIGATE -> WP35
[INFO] [1787158488.070609549] [fsm_executor]: EVENT: TASK_COMPLETED in NAV_165_WP35
[INFO] [1787158488.072358137] [fsm_executor]: TRANSITION: NAV_165_WP35 --[TASK_COMPLETED]--> NAV_166_WP34
[INFO] [1787158488.074691278] [fsm_executor]: STATE: NAV_166_WP34 | ACTION: NAVIGATE -> WP34
[INFO] [1787158488.170913465] [fsm_executor]: EVENT: TASK_COMPLETED in NAV_166_WP34
[INFO] [1787158488.172672856] [fsm_executor]: TRANSITION: NAV_166_WP34 --[TASK_COMPLETED]--> NAV_167_WP33
[INFO] [1787158488.175510096] [fsm_executor]: STATE: NAV_167_WP33 | ACTION: NAVIGATE -> WP33
[INFO] [1787158488.271336120] [fsm_executor]: EVENT: TASK_COMPLETED in NAV_167_WP33
[INFO] [1787158488.273624570] [fsm_executor]: TRANSITION: NAV_167_WP33 --[TASK_COMPLETED]--> NAV_168_WP32
[INFO] [1787158488.277135023] [fsm_executor]: STATE: NAV_168_WP32 | ACTION: NAVIGATE -> WP32
[INFO] [1787158488.370082724] [fsm_executor]: EVENT: TASK_COMPLETED in NAV_168_WP32
[INFO] [1787158488.372970219] [fsm_executor]: TRANSITION: NAV_168_WP32 --[TASK_COMPLETED]--> NAV_169_WP31
[INFO] [1787158488.376765814] [fsm_executor]: STATE: NAV_169_WP31 | ACTION: NAVIGATE -> WP31
[INFO] [1787158488.469816987] [fsm_executor]: EVENT: TASK_COMPLETED in NAV_169_WP31
[INFO] [1787158488.472535516] [fsm_executor]: TRANSITION: NAV_169_WP31 --[TASK_COMPLETED]--> NAV_170_WP30
[INFO] [1787158488.475137131] [fsm_executor]: STATE: NAV_170_WP30 | ACTION: NAVIGATE -> WP30
[INFO] [1787158488.570492255] [fsm_executor]: EVENT: TASK_COMPLETED in NAV_170_WP30
[INFO] [1787158488.573380074] [fsm_executor]: TRANSITION: NAV_170_WP30 --[TASK_COMPLETED]--> NAV_171_WP29
[INFO] [1787158488.576781571] [fsm_executor]: STATE: NAV_171_WP29 | ACTION: NAVIGATE -> WP29
[INFO] [1787158488.671098371] [fsm_executor]: EVENT: TASK_COMPLETED in NAV_171_WP29
[INFO] [1787158488.673987617] [fsm_executor]: TRANSITION: NAV_171_WP29 --[TASK_COMPLETED]--> NAV_172_WP28
[INFO] [1787158488.676771746] [fsm_executor]: STATE: NAV_172_WP28 | ACTION: NAVIGATE -> WP28
[INFO] [1787158488.768778576] [fsm_executor]: EVENT: TASK_COMPLETED in NAV_172_WP28
[INFO] [1787158488.770973652] [fsm_executor]: TRANSITION: NAV_172_WP28 --[TASK_COMPLETED]--> NAV_173_WP27
[INFO] [1787158488.773548097] [fsm_executor]: STATE: NAV_173_WP27 | ACTION: NAVIGATE -> WP27
[INFO] [1787158488.869477876] [fsm_executor]: EVENT: TASK_COMPLETED in NAV_173_WP27
[INFO] [1787158488.872242101] [fsm_executor]: TRANSITION: NAV_173_WP27 --[TASK_COMPLETED]--> NAV_174_WP26
[INFO] [1787158488.875641826] [fsm_executor]: STATE: NAV_174_WP26 | ACTION: NAVIGATE -> WP26
[INFO] [1787158488.970472405] [fsm_executor]: EVENT: TASK_COMPLETED in NAV_174_WP26
[INFO] [1787158488.973131395] [fsm_executor]: TRANSITION: NAV_174_WP26 --[TASK_COMPLETED]--> NAV_175_WP25
[INFO] [1787158488.975646992] [fsm_executor]: STATE: NAV_175_WP25 | ACTION: NAVIGATE -> WP25
[INFO] [1787158489.069940943] [fsm_executor]: EVENT: TASK_COMPLETED in NAV_175_WP25
[INFO] [1787158489.071761648] [fsm_executor]: TRANSITION: NAV_175_WP25 --[TASK_COMPLETED]--> NAV_176_WP24
[INFO] [1787158489.073923124] [fsm_executor]: STATE: NAV_176_WP24 | ACTION: NAVIGATE -> WP24
[INFO] [1787158489.171717762] [fsm_executor]: EVENT: TASK_COMPLETED in NAV_176_WP24
[INFO] [1787158489.174608654] [fsm_executor]: TRANSITION: NAV_176_WP24 --[TASK_COMPLETED]--> NAV_177_WP23
[INFO] [1787158489.177826774] [fsm_executor]: STATE: NAV_177_WP23 | ACTION: NAVIGATE -> WP23
[INFO] [1787158489.270201642] [fsm_executor]: EVENT: TASK_COMPLETED in NAV_177_WP23
[INFO] [1787158489.273011832] [fsm_executor]: TRANSITION: NAV_177_WP23 --[TASK_COMPLETED]--> NAV_178_WP22
[INFO] [1787158489.276520730] [fsm_executor]: STATE: NAV_178_WP22 | ACTION: NAVIGATE -> WP22
[INFO] [1787158489.370925141] [fsm_executor]: EVENT: TASK_COMPLETED in NAV_178_WP22
[INFO] [1787158489.374610173] [fsm_executor]: TRANSITION: NAV_178_WP22 --[TASK_COMPLETED]--> NAV_179_WP21
[INFO] [1787158489.376917131] [fsm_executor]: STATE: NAV_179_WP21 | ACTION: NAVIGATE -> WP21
[INFO] [1787158489.473556029] [fsm_executor]: EVENT: TASK_COMPLETED in NAV_179_WP21
[INFO] [1787158489.476957795] [fsm_executor]: TRANSITION: NAV_179_WP21 --[TASK_COMPLETED]--> NAV_180_WP20
[INFO] [1787158489.480761192] [fsm_executor]: STATE: NAV_180_WP20 | ACTION: NAVIGATE -> WP20
[INFO] [1787158489.568577395] [fsm_executor]: EVENT: TASK_COMPLETED in NAV_180_WP20
[INFO] [1787158489.569943869] [fsm_executor]: TRANSITION: NAV_180_WP20 --[TASK_COMPLETED]--> NAV_181_WP19
[INFO] [1787158489.571355815] [fsm_executor]: STATE: NAV_181_WP19 | ACTION: NAVIGATE -> WP19
[INFO] [1787158489.668385632] [fsm_executor]: EVENT: TASK_COMPLETED in NAV_181_WP19
[INFO] [1787158489.672557324] [fsm_executor]: TRANSITION: NAV_181_WP19 --[TASK_COMPLETED]--> NAV_182_WP18
[INFO] [1787158489.673955492] [fsm_executor]: STATE: NAV_182_WP18 | ACTION: NAVIGATE -> WP18
[INFO] [1787158489.768138116] [fsm_executor]: EVENT: TASK_COMPLETED in NAV_182_WP18
[INFO] [1787158489.769061111] [fsm_executor]: TRANSITION: NAV_182_WP18 --[TASK_COMPLETED]--> NAV_183_WP17
[INFO] [1787158489.771793796] [fsm_executor]: STATE: NAV_183_WP17 | ACTION: NAVIGATE -> WP17
[INFO] [1787158489.870471405] [fsm_executor]: EVENT: TASK_COMPLETED in NAV_183_WP17
[INFO] [1787158489.872704153] [fsm_executor]: TRANSITION: NAV_183_WP17 --[TASK_COMPLETED]--> NAV_184_WP16
[INFO] [1787158489.875763527] [fsm_executor]: STATE: NAV_184_WP16 | ACTION: NAVIGATE -> WP16
[INFO] [1787158489.970101065] [fsm_executor]: EVENT: TASK_COMPLETED in NAV_184_WP16
[INFO] [1787158489.972207073] [fsm_executor]: TRANSITION: NAV_184_WP16 --[TASK_COMPLETED]--> NAV_185_WP15
[INFO] [1787158489.974532492] [fsm_executor]: STATE: NAV_185_WP15 | ACTION: NAVIGATE -> WP15
[INFO] [1787158490.070200468] [fsm_executor]: EVENT: TASK_COMPLETED in NAV_185_WP15
[INFO] [1787158490.072770299] [fsm_executor]: TRANSITION: NAV_185_WP15 --[TASK_COMPLETED]--> NAV_186_WP14
[INFO] [1787158490.075747030] [fsm_executor]: STATE: NAV_186_WP14 | ACTION: NAVIGATE -> WP14
[INFO] [1787158490.171489594] [fsm_executor]: EVENT: TASK_COMPLETED in NAV_186_WP14
[INFO] [1787158490.173773509] [fsm_executor]: TRANSITION: NAV_186_WP14 --[TASK_COMPLETED]--> NAV_187_WP13
[INFO] [1787158490.176189823] [fsm_executor]: STATE: NAV_187_WP13 | ACTION: NAVIGATE -> WP13
[INFO] [1787158490.268039322] [fsm_executor]: EVENT: TASK_COMPLETED in NAV_187_WP13
[INFO] [1787158490.268993537] [fsm_executor]: TRANSITION: NAV_187_WP13 --[TASK_COMPLETED]--> NAV_188_WP12
[INFO] [1787158490.270847497] [fsm_executor]: STATE: NAV_188_WP12 | ACTION: NAVIGATE -> WP12
[INFO] [1787158490.371330041] [fsm_executor]: EVENT: TASK_COMPLETED in NAV_188_WP12
[INFO] [1787158490.372846813] [fsm_executor]: TRANSITION: NAV_188_WP12 --[TASK_COMPLETED]--> NAV_189_WP11
[INFO] [1787158490.375102898] [fsm_executor]: STATE: NAV_189_WP11 | ACTION: NAVIGATE -> WP11
[INFO] [1787158490.467724521] [fsm_executor]: EVENT: TASK_COMPLETED in NAV_189_WP11
[INFO] [1787158490.468499371] [fsm_executor]: TRANSITION: NAV_189_WP11 --[TASK_COMPLETED]--> NAV_190_WP10
[INFO] [1787158490.469445104] [fsm_executor]: STATE: NAV_190_WP10 | ACTION: NAVIGATE -> WP10
[INFO] [1787158490.568641094] [fsm_executor]: EVENT: TASK_COMPLETED in NAV_190_WP10
[INFO] [1787158490.570429527] [fsm_executor]: TRANSITION: NAV_190_WP10 --[TASK_COMPLETED]--> NAV_191_WP9
[INFO] [1787158490.571739157] [fsm_executor]: STATE: NAV_191_WP9 | ACTION: NAVIGATE -> WP9
[INFO] [1787158490.668850567] [fsm_executor]: EVENT: TASK_COMPLETED in NAV_191_WP9
[INFO] [1787158490.670541038] [fsm_executor]: TRANSITION: NAV_191_WP9 --[TASK_COMPLETED]--> NAV_192_WP8
[INFO] [1787158490.672710494] [fsm_executor]: STATE: NAV_192_WP8 | ACTION: NAVIGATE -> WP8
[INFO] [1787158490.771410937] [fsm_executor]: EVENT: TASK_COMPLETED in NAV_192_WP8
[INFO] [1787158490.775037534] [fsm_executor]: TRANSITION: NAV_192_WP8 --[TASK_COMPLETED]--> NAV_193_WP7
[INFO] [1787158490.778217879] [fsm_executor]: STATE: NAV_193_WP7 | ACTION: NAVIGATE -> WP7
[INFO] [1787158490.870528085] [fsm_executor]: EVENT: TASK_COMPLETED in NAV_193_WP7
[INFO] [1787158490.873058674] [fsm_executor]: TRANSITION: NAV_193_WP7 --[TASK_COMPLETED]--> NAV_194_WP6
[INFO] [1787158490.875994675] [fsm_executor]: STATE: NAV_194_WP6 | ACTION: NAVIGATE -> WP6
[INFO] [1787158490.970775971] [fsm_executor]: EVENT: TASK_COMPLETED in NAV_194_WP6
[INFO] [1787158490.972953057] [fsm_executor]: TRANSITION: NAV_194_WP6 --[TASK_COMPLETED]--> NAV_195_WP5
[INFO] [1787158490.974977448] [fsm_executor]: STATE: NAV_195_WP5 | ACTION: NAVIGATE -> WP5
[INFO] [1787158491.071170602] [fsm_executor]: EVENT: TASK_COMPLETED in NAV_195_WP5
[INFO] [1787158491.072790814] [fsm_executor]: TRANSITION: NAV_195_WP5 --[TASK_COMPLETED]--> NAV_196_WP4
[INFO] [1787158491.074797469] [fsm_executor]: STATE: NAV_196_WP4 | ACTION: NAVIGATE -> WP4
[INFO] [1787158491.172970853] [fsm_executor]: EVENT: TASK_COMPLETED in NAV_196_WP4
[INFO] [1787158491.175789091] [fsm_executor]: TRANSITION: NAV_196_WP4 --[TASK_COMPLETED]--> NAV_197_WP3
[INFO] [1787158491.179009847] [fsm_executor]: STATE: NAV_197_WP3 | ACTION: NAVIGATE -> WP3
[INFO] [1787158491.271077283] [fsm_executor]: EVENT: TASK_COMPLETED in NAV_197_WP3
[INFO] [1787158491.272897755] [fsm_executor]: TRANSITION: NAV_197_WP3 --[TASK_COMPLETED]--> NAV_198_WP2
[INFO] [1787158491.274811546] [fsm_executor]: STATE: NAV_198_WP2 | ACTION: NAVIGATE -> WP2
[INFO] [1787158491.371616690] [fsm_executor]: EVENT: TASK_COMPLETED in NAV_198_WP2
[INFO] [1787158491.374717346] [fsm_executor]: TRANSITION: NAV_198_WP2 --[TASK_COMPLETED]--> NAV_199_WP1
[INFO] [1787158491.378483825] [fsm_executor]: STATE: NAV_199_WP1 | ACTION: NAVIGATE -> WP1
[INFO] [1787158491.471389843] [fsm_executor]: EVENT: TASK_COMPLETED in NAV_199_WP1
[INFO] [1787158491.473138188] [fsm_executor]: TRANSITION: NAV_199_WP1 --[TASK_COMPLETED]--> LAND_200
[INFO] [1787158491.475426338] [fsm_executor]: STATE: LAND_200 | ACTION: LAND
[INFO] [1787158491.572869711] [fsm_executor]: EVENT: TASK_COMPLETED in LAND_200
[INFO] [1787158491.575104597] [fsm_executor]: TRANSITION: LAND_200 --[TASK_COMPLETED]--> COMPLETED
[INFO] [1787158491.576736017] [fsm_executor]: STATE: COMPLETED
[INFO] [1787158491.578569794] [fsm_executor]: FSM mission completed successfully.
