[INFO] [1786271585.840176493] [fsm_executor]: Loading mission: /home/bishal/ros2_ws/install/mission_formalism_evaluation/share/mission_formalism_evaluation/missions/mission_2.yaml
[INFO] [1786271585.845227023] [fsm_executor]: Mission ID: M2
[INFO] [1786271585.845765543] [fsm_executor]: Mission Name: Branch and Return
[INFO] [1786271585.846441254] [fsm_executor]: Mission Items: 13
[INFO] [1786271585.846963000] [fsm_executor]: FSM States: 18
[INFO] [1786271585.847487711] [fsm_executor]: FSM Transitions: 38
[INFO] [1786271585.847972575] [fsm_executor]: TRANSITION: IDLE --[START]--> TAKEOFF_0
[INFO] [1786271585.848431103] [fsm_executor]: STATE: TAKEOFF_0 | ACTION: TAKEOFF
[INFO] [1786271587.850821333] [fsm_executor]: EVENT: TASK_COMPLETED in TAKEOFF_0
[INFO] [1786271587.852587982] [fsm_executor]: TRANSITION: TAKEOFF_0 --[TASK_COMPLETED]--> NAV_1_WP1
[INFO] [1786271587.854754071] [fsm_executor]: STATE: NAV_1_WP1 | ACTION: NAVIGATE -> WP1
[INFO] [1786271589.850924510] [fsm_executor]: EVENT: TASK_COMPLETED in NAV_1_WP1
[INFO] [1786271589.852671668] [fsm_executor]: TRANSITION: NAV_1_WP1 --[TASK_COMPLETED]--> NAV_2_WP2
[INFO] [1786271589.855189195] [fsm_executor]: STATE: NAV_2_WP2 | ACTION: NAVIGATE -> WP2
[INFO] [1786271591.851630612] [fsm_executor]: EVENT: TASK_COMPLETED in NAV_2_WP2
[INFO] [1786271591.853946582] [fsm_executor]: TRANSITION: NAV_2_WP2 --[TASK_COMPLETED]--> NAV_3_WP1
[INFO] [1786271591.856078609] [fsm_executor]: STATE: NAV_3_WP1 | ACTION: NAVIGATE -> WP1
[INFO] [1786271593.850745094] [fsm_executor]: EVENT: TASK_COMPLETED in NAV_3_WP1
[INFO] [1786271593.853679114] [fsm_executor]: TRANSITION: NAV_3_WP1 --[TASK_COMPLETED]--> NAV_4_WP3
[INFO] [1786271593.857113467] [fsm_executor]: STATE: NAV_4_WP3 | ACTION: NAVIGATE -> WP3
[INFO] [1786271595.850799001] [fsm_executor]: EVENT: TASK_COMPLETED in NAV_4_WP3
[INFO] [1786271595.852941660] [fsm_executor]: TRANSITION: NAV_4_WP3 --[TASK_COMPLETED]--> NAV_5_WP1
[INFO] [1786271595.855370382] [fsm_executor]: STATE: NAV_5_WP1 | ACTION: NAVIGATE -> WP1
[INFO] [1786271597.851091437] [fsm_executor]: EVENT: TASK_COMPLETED in NAV_5_WP1
[INFO] [1786271597.853102304] [fsm_executor]: TRANSITION: NAV_5_WP1 --[TASK_COMPLETED]--> NAV_6_WP4
[INFO] [1786271597.855128269] [fsm_executor]: STATE: NAV_6_WP4 | ACTION: NAVIGATE -> WP4
[WARN] [1786271597.862992528] [fsm_executor]: RUNTIME EVENT RECEIVED: PROPULSION_FAILURE
[INFO] [1786271597.865696595] [fsm_executor]: TRANSITION: NAV_6_WP4 --[PROPULSION_FAILURE]--> LAND
[INFO] [1786271597.868676287] [fsm_executor]: STATE: LAND | ACTION: LAND
[INFO] [1786271599.851428254] [fsm_executor]: EVENT: LAND_COMPLETED in LAND
[INFO] [1786271599.854654170] [fsm_executor]: TRANSITION: LAND --[LAND_COMPLETED]--> SAFE_TERMINATED
[INFO] [1786271599.856411325] [fsm_executor]: STATE: SAFE_TERMINATED
[WARN] [1786271599.859310016] [fsm_executor]: FSM mission terminated safely.
[WARN] [1786271599.862651670] [fsm_executor]: Reason: PROPULSION_FAILURE
