[INFO] [1787160060.712321758] [fsm_executor]: Loading mission: /home/bishal/ros2_ws/install/mission_formalism_evaluation/share/mission_formalism_evaluation/missions/mission_4.yaml
[INFO] [1787160060.784082450] [fsm_executor]: Mission ID: M4
[INFO] [1787160060.785730260] [fsm_executor]: Mission Name: Zigzag and Return
[INFO] [1787160060.787867464] [fsm_executor]: Mission Items: 201
[INFO] [1787160060.789264944] [fsm_executor]: FSM States: 210
[INFO] [1787160060.790039292] [fsm_executor]: FSM Transitions: 1402
[INFO] [1787160060.790739497] [fsm_executor]: TRANSITION: IDLE --[START]--> TAKEOFF_0
[INFO] [1787160060.791581728] [fsm_executor]: STATE: TAKEOFF_0 | ACTION: TAKEOFF
[INFO] [1787160060.893026863] [fsm_executor]: EVENT: TASK_COMPLETED in TAKEOFF_0
[INFO] [1787160060.893897079] [fsm_executor]: TRANSITION: TAKEOFF_0 --[TASK_COMPLETED]--> NAV_1_WP1
[INFO] [1787160060.894815405] [fsm_executor]: STATE: NAV_1_WP1 | ACTION: NAVIGATE -> WP1
[INFO] [1787160060.993482507] [fsm_executor]: EVENT: TASK_COMPLETED in NAV_1_WP1
[INFO] [1787160060.996165614] [fsm_executor]: TRANSITION: NAV_1_WP1 --[TASK_COMPLETED]--> NAV_2_WP2
[INFO] [1787160060.999038127] [fsm_executor]: STATE: NAV_2_WP2 | ACTION: NAVIGATE -> WP2
[INFO] [1787160061.093514304] [fsm_executor]: EVENT: TASK_COMPLETED in NAV_2_WP2
[INFO] [1787160061.096097381] [fsm_executor]: TRANSITION: NAV_2_WP2 --[TASK_COMPLETED]--> NAV_3_WP3
[INFO] [1787160061.099079754] [fsm_executor]: STATE: NAV_3_WP3 | ACTION: NAVIGATE -> WP3
[INFO] [1787160061.193863565] [fsm_executor]: EVENT: TASK_COMPLETED in NAV_3_WP3
[INFO] [1787160061.195951684] [fsm_executor]: TRANSITION: NAV_3_WP3 --[TASK_COMPLETED]--> NAV_4_WP4
[INFO] [1787160061.197664601] [fsm_executor]: STATE: NAV_4_WP4 | ACTION: NAVIGATE -> WP4
[INFO] [1787160061.294149834] [fsm_executor]: EVENT: TASK_COMPLETED in NAV_4_WP4
[INFO] [1787160061.295876976] [fsm_executor]: TRANSITION: NAV_4_WP4 --[TASK_COMPLETED]--> NAV_5_WP5
[INFO] [1787160061.298296635] [fsm_executor]: STATE: NAV_5_WP5 | ACTION: NAVIGATE -> WP5
[INFO] [1787160061.393679170] [fsm_executor]: EVENT: TASK_COMPLETED in NAV_5_WP5
[INFO] [1787160061.399205378] [fsm_executor]: TRANSITION: NAV_5_WP5 --[TASK_COMPLETED]--> NAV_6_WP6
[INFO] [1787160061.402375673] [fsm_executor]: STATE: NAV_6_WP6 | ACTION: NAVIGATE -> WP6
[INFO] [1787160061.495912633] [fsm_executor]: EVENT: TASK_COMPLETED in NAV_6_WP6
[INFO] [1787160061.499695428] [fsm_executor]: TRANSITION: NAV_6_WP6 --[TASK_COMPLETED]--> NAV_7_WP7
[INFO] [1787160061.503139453] [fsm_executor]: STATE: NAV_7_WP7 | ACTION: NAVIGATE -> WP7
[INFO] [1787160061.595233615] [fsm_executor]: EVENT: TASK_COMPLETED in NAV_7_WP7
[INFO] [1787160061.598320383] [fsm_executor]: TRANSITION: NAV_7_WP7 --[TASK_COMPLETED]--> NAV_8_WP8
[INFO] [1787160061.601384199] [fsm_executor]: STATE: NAV_8_WP8 | ACTION: NAVIGATE -> WP8
[INFO] [1787160061.693632540] [fsm_executor]: EVENT: TASK_COMPLETED in NAV_8_WP8
[INFO] [1787160061.695472068] [fsm_executor]: TRANSITION: NAV_8_WP8 --[TASK_COMPLETED]--> NAV_9_WP9
[INFO] [1787160061.697654791] [fsm_executor]: STATE: NAV_9_WP9 | ACTION: NAVIGATE -> WP9
[INFO] [1787160061.791489904] [fsm_executor]: EVENT: TASK_COMPLETED in NAV_9_WP9
[INFO] [1787160061.792540737] [fsm_executor]: TRANSITION: NAV_9_WP9 --[TASK_COMPLETED]--> NAV_10_WP10
[INFO] [1787160061.793767924] [fsm_executor]: STATE: NAV_10_WP10 | ACTION: NAVIGATE -> WP10
[INFO] [1787160061.894358626] [fsm_executor]: EVENT: TASK_COMPLETED in NAV_10_WP10
[INFO] [1787160061.896030685] [fsm_executor]: TRANSITION: NAV_10_WP10 --[TASK_COMPLETED]--> NAV_11_WP11
[INFO] [1787160061.897614837] [fsm_executor]: STATE: NAV_11_WP11 | ACTION: NAVIGATE -> WP11
[INFO] [1787160061.994931600] [fsm_executor]: EVENT: TASK_COMPLETED in NAV_11_WP11
[INFO] [1787160061.996607623] [fsm_executor]: TRANSITION: NAV_11_WP11 --[TASK_COMPLETED]--> NAV_12_WP12
[INFO] [1787160061.998786876] [fsm_executor]: STATE: NAV_12_WP12 | ACTION: NAVIGATE -> WP12
[INFO] [1787160062.094418120] [fsm_executor]: EVENT: TASK_COMPLETED in NAV_12_WP12
[INFO] [1787160062.096440188] [fsm_executor]: TRANSITION: NAV_12_WP12 --[TASK_COMPLETED]--> NAV_13_WP13
[INFO] [1787160062.098556544] [fsm_executor]: STATE: NAV_13_WP13 | ACTION: NAVIGATE -> WP13
[INFO] [1787160062.200600345] [fsm_executor]: EVENT: TASK_COMPLETED in NAV_13_WP13
[INFO] [1787160062.203847416] [fsm_executor]: TRANSITION: NAV_13_WP13 --[TASK_COMPLETED]--> NAV_14_WP14
[INFO] [1787160062.207075068] [fsm_executor]: STATE: NAV_14_WP14 | ACTION: NAVIGATE -> WP14
[INFO] [1787160062.297770024] [fsm_executor]: EVENT: TASK_COMPLETED in NAV_14_WP14
[INFO] [1787160062.300528880] [fsm_executor]: TRANSITION: NAV_14_WP14 --[TASK_COMPLETED]--> NAV_15_WP15
[INFO] [1787160062.303639402] [fsm_executor]: STATE: NAV_15_WP15 | ACTION: NAVIGATE -> WP15
[INFO] [1787160062.398774612] [fsm_executor]: EVENT: TASK_COMPLETED in NAV_15_WP15
[INFO] [1787160062.401555415] [fsm_executor]: TRANSITION: NAV_15_WP15 --[TASK_COMPLETED]--> NAV_16_WP16
[INFO] [1787160062.404595307] [fsm_executor]: STATE: NAV_16_WP16 | ACTION: NAVIGATE -> WP16
[INFO] [1787160062.496959645] [fsm_executor]: EVENT: TASK_COMPLETED in NAV_16_WP16
[INFO] [1787160062.499665762] [fsm_executor]: TRANSITION: NAV_16_WP16 --[TASK_COMPLETED]--> NAV_17_WP17
[INFO] [1787160062.502459148] [fsm_executor]: STATE: NAV_17_WP17 | ACTION: NAVIGATE -> WP17
[INFO] [1787160062.594883863] [fsm_executor]: EVENT: TASK_COMPLETED in NAV_17_WP17
[INFO] [1787160062.597817042] [fsm_executor]: TRANSITION: NAV_17_WP17 --[TASK_COMPLETED]--> NAV_18_WP18
[INFO] [1787160062.600751339] [fsm_executor]: STATE: NAV_18_WP18 | ACTION: NAVIGATE -> WP18
[INFO] [1787160062.693222701] [fsm_executor]: EVENT: TASK_COMPLETED in NAV_18_WP18
[INFO] [1787160062.695907957] [fsm_executor]: TRANSITION: NAV_18_WP18 --[TASK_COMPLETED]--> NAV_19_WP19
[INFO] [1787160062.698785448] [fsm_executor]: STATE: NAV_19_WP19 | ACTION: NAVIGATE -> WP19
[INFO] [1787160062.795287076] [fsm_executor]: EVENT: TASK_COMPLETED in NAV_19_WP19
[INFO] [1787160062.798141139] [fsm_executor]: TRANSITION: NAV_19_WP19 --[TASK_COMPLETED]--> NAV_20_WP20
[INFO] [1787160062.801646310] [fsm_executor]: STATE: NAV_20_WP20 | ACTION: NAVIGATE -> WP20
[INFO] [1787160062.893946644] [fsm_executor]: EVENT: TASK_COMPLETED in NAV_20_WP20
[INFO] [1787160062.896874919] [fsm_executor]: TRANSITION: NAV_20_WP20 --[TASK_COMPLETED]--> NAV_21_WP21
[INFO] [1787160062.900088800] [fsm_executor]: STATE: NAV_21_WP21 | ACTION: NAVIGATE -> WP21
[INFO] [1787160062.994780553] [fsm_executor]: EVENT: TASK_COMPLETED in NAV_21_WP21
[INFO] [1787160062.997800284] [fsm_executor]: TRANSITION: NAV_21_WP21 --[TASK_COMPLETED]--> NAV_22_WP22
[INFO] [1787160063.001022813] [fsm_executor]: STATE: NAV_22_WP22 | ACTION: NAVIGATE -> WP22
[INFO] [1787160063.095004427] [fsm_executor]: EVENT: TASK_COMPLETED in NAV_22_WP22
[INFO] [1787160063.098171564] [fsm_executor]: TRANSITION: NAV_22_WP22 --[TASK_COMPLETED]--> NAV_23_WP23
[INFO] [1787160063.101518571] [fsm_executor]: STATE: NAV_23_WP23 | ACTION: NAVIGATE -> WP23
[INFO] [1787160063.202345408] [fsm_executor]: EVENT: TASK_COMPLETED in NAV_23_WP23
[INFO] [1787160063.205471300] [fsm_executor]: TRANSITION: NAV_23_WP23 --[TASK_COMPLETED]--> NAV_24_WP24
[INFO] [1787160063.209001151] [fsm_executor]: STATE: NAV_24_WP24 | ACTION: NAVIGATE -> WP24
[INFO] [1787160063.301074355] [fsm_executor]: EVENT: TASK_COMPLETED in NAV_24_WP24
[INFO] [1787160063.306871479] [fsm_executor]: TRANSITION: NAV_24_WP24 --[TASK_COMPLETED]--> NAV_25_WP25
[INFO] [1787160063.308555541] [fsm_executor]: STATE: NAV_25_WP25 | ACTION: NAVIGATE -> WP25
[INFO] [1787160063.393533066] [fsm_executor]: EVENT: TASK_COMPLETED in NAV_25_WP25
[INFO] [1787160063.394563453] [fsm_executor]: TRANSITION: NAV_25_WP25 --[TASK_COMPLETED]--> NAV_26_WP26
[INFO] [1787160063.395961105] [fsm_executor]: STATE: NAV_26_WP26 | ACTION: NAVIGATE -> WP26
[INFO] [1787160063.492557874] [fsm_executor]: EVENT: TASK_COMPLETED in NAV_26_WP26
[INFO] [1787160063.493909932] [fsm_executor]: TRANSITION: NAV_26_WP26 --[TASK_COMPLETED]--> NAV_27_WP27
[INFO] [1787160063.495626773] [fsm_executor]: STATE: NAV_27_WP27 | ACTION: NAVIGATE -> WP27
[INFO] [1787160063.592958978] [fsm_executor]: EVENT: TASK_COMPLETED in NAV_27_WP27
[INFO] [1787160063.599212785] [fsm_executor]: TRANSITION: NAV_27_WP27 --[TASK_COMPLETED]--> NAV_28_WP28
[INFO] [1787160063.600675713] [fsm_executor]: STATE: NAV_28_WP28 | ACTION: NAVIGATE -> WP28
[INFO] [1787160063.694110298] [fsm_executor]: EVENT: TASK_COMPLETED in NAV_28_WP28
[INFO] [1787160063.696016133] [fsm_executor]: TRANSITION: NAV_28_WP28 --[TASK_COMPLETED]--> NAV_29_WP29
[INFO] [1787160063.697507958] [fsm_executor]: STATE: NAV_29_WP29 | ACTION: NAVIGATE -> WP29
[INFO] [1787160063.794204851] [fsm_executor]: EVENT: TASK_COMPLETED in NAV_29_WP29
[INFO] [1787160063.798358914] [fsm_executor]: TRANSITION: NAV_29_WP29 --[TASK_COMPLETED]--> NAV_30_WP30
[INFO] [1787160063.799403801] [fsm_executor]: STATE: NAV_30_WP30 | ACTION: NAVIGATE -> WP30
[INFO] [1787160063.892444861] [fsm_executor]: EVENT: TASK_COMPLETED in NAV_30_WP30
[INFO] [1787160063.893995709] [fsm_executor]: TRANSITION: NAV_30_WP30 --[TASK_COMPLETED]--> NAV_31_WP31
[INFO] [1787160063.895805702] [fsm_executor]: STATE: NAV_31_WP31 | ACTION: NAVIGATE -> WP31
[INFO] [1787160063.992172820] [fsm_executor]: EVENT: TASK_COMPLETED in NAV_31_WP31
[INFO] [1787160063.993335308] [fsm_executor]: TRANSITION: NAV_31_WP31 --[TASK_COMPLETED]--> NAV_32_WP32
[INFO] [1787160063.994715248] [fsm_executor]: STATE: NAV_32_WP32 | ACTION: NAVIGATE -> WP32
[INFO] [1787160064.095662542] [fsm_executor]: EVENT: TASK_COMPLETED in NAV_32_WP32
[INFO] [1787160064.098206583] [fsm_executor]: TRANSITION: NAV_32_WP32 --[TASK_COMPLETED]--> NAV_33_WP33
[INFO] [1787160064.099844211] [fsm_executor]: STATE: NAV_33_WP33 | ACTION: NAVIGATE -> WP33
[INFO] [1787160064.195819741] [fsm_executor]: EVENT: TASK_COMPLETED in NAV_33_WP33
[INFO] [1787160064.199191726] [fsm_executor]: TRANSITION: NAV_33_WP33 --[TASK_COMPLETED]--> NAV_34_WP34
[INFO] [1787160064.204818339] [fsm_executor]: STATE: NAV_34_WP34 | ACTION: NAVIGATE -> WP34
[INFO] [1787160064.302339578] [fsm_executor]: EVENT: TASK_COMPLETED in NAV_34_WP34
[INFO] [1787160064.310860574] [fsm_executor]: TRANSITION: NAV_34_WP34 --[TASK_COMPLETED]--> NAV_35_WP35
[INFO] [1787160064.313973448] [fsm_executor]: STATE: NAV_35_WP35 | ACTION: NAVIGATE -> WP35
[INFO] [1787160064.399012756] [fsm_executor]: EVENT: TASK_COMPLETED in NAV_35_WP35
[INFO] [1787160064.404334252] [fsm_executor]: TRANSITION: NAV_35_WP35 --[TASK_COMPLETED]--> NAV_36_WP36
[INFO] [1787160064.405964649] [fsm_executor]: STATE: NAV_36_WP36 | ACTION: NAVIGATE -> WP36
[INFO] [1787160064.493164079] [fsm_executor]: EVENT: TASK_COMPLETED in NAV_36_WP36
[INFO] [1787160064.494219715] [fsm_executor]: TRANSITION: NAV_36_WP36 --[TASK_COMPLETED]--> NAV_37_WP37
[INFO] [1787160064.496084779] [fsm_executor]: STATE: NAV_37_WP37 | ACTION: NAVIGATE -> WP37
[INFO] [1787160064.592183970] [fsm_executor]: EVENT: TASK_COMPLETED in NAV_37_WP37
[INFO] [1787160064.593600375] [fsm_executor]: TRANSITION: NAV_37_WP37 --[TASK_COMPLETED]--> NAV_38_WP38
[INFO] [1787160064.595889997] [fsm_executor]: STATE: NAV_38_WP38 | ACTION: NAVIGATE -> WP38
[INFO] [1787160064.692870345] [fsm_executor]: EVENT: TASK_COMPLETED in NAV_38_WP38
[INFO] [1787160064.694309229] [fsm_executor]: TRANSITION: NAV_38_WP38 --[TASK_COMPLETED]--> NAV_39_WP39
[INFO] [1787160064.700544084] [fsm_executor]: STATE: NAV_39_WP39 | ACTION: NAVIGATE -> WP39
[INFO] [1787160064.794818794] [fsm_executor]: EVENT: TASK_COMPLETED in NAV_39_WP39
[INFO] [1787160064.796789807] [fsm_executor]: TRANSITION: NAV_39_WP39 --[TASK_COMPLETED]--> NAV_40_WP40
[INFO] [1787160064.797966592] [fsm_executor]: STATE: NAV_40_WP40 | ACTION: NAVIGATE -> WP40
[INFO] [1787160064.892085368] [fsm_executor]: EVENT: TASK_COMPLETED in NAV_40_WP40
[INFO] [1787160064.893397637] [fsm_executor]: TRANSITION: NAV_40_WP40 --[TASK_COMPLETED]--> NAV_41_WP41
[INFO] [1787160064.895476360] [fsm_executor]: STATE: NAV_41_WP41 | ACTION: NAVIGATE -> WP41
[INFO] [1787160064.994528346] [fsm_executor]: EVENT: TASK_COMPLETED in NAV_41_WP41
[INFO] [1787160064.998362984] [fsm_executor]: TRANSITION: NAV_41_WP41 --[TASK_COMPLETED]--> NAV_42_WP42
[INFO] [1787160065.001404130] [fsm_executor]: STATE: NAV_42_WP42 | ACTION: NAVIGATE -> WP42
[INFO] [1787160065.096399326] [fsm_executor]: EVENT: TASK_COMPLETED in NAV_42_WP42
[INFO] [1787160065.099288299] [fsm_executor]: TRANSITION: NAV_42_WP42 --[TASK_COMPLETED]--> NAV_43_WP43
[INFO] [1787160065.104091645] [fsm_executor]: STATE: NAV_43_WP43 | ACTION: NAVIGATE -> WP43
[INFO] [1787160065.195950266] [fsm_executor]: EVENT: TASK_COMPLETED in NAV_43_WP43
[INFO] [1787160065.200219941] [fsm_executor]: TRANSITION: NAV_43_WP43 --[TASK_COMPLETED]--> NAV_44_WP44
[INFO] [1787160065.203396878] [fsm_executor]: STATE: NAV_44_WP44 | ACTION: NAVIGATE -> WP44
[INFO] [1787160065.292732307] [fsm_executor]: EVENT: TASK_COMPLETED in NAV_44_WP44
[INFO] [1787160065.294656560] [fsm_executor]: TRANSITION: NAV_44_WP44 --[TASK_COMPLETED]--> NAV_45_WP45
[INFO] [1787160065.296437792] [fsm_executor]: STATE: NAV_45_WP45 | ACTION: NAVIGATE -> WP45
[INFO] [1787160065.394652417] [fsm_executor]: EVENT: TASK_COMPLETED in NAV_45_WP45
[INFO] [1787160065.398716212] [fsm_executor]: TRANSITION: NAV_45_WP45 --[TASK_COMPLETED]--> NAV_46_WP46
[INFO] [1787160065.402124829] [fsm_executor]: STATE: NAV_46_WP46 | ACTION: NAVIGATE -> WP46
[INFO] [1787160065.496926916] [fsm_executor]: EVENT: TASK_COMPLETED in NAV_46_WP46
[INFO] [1787160065.500144851] [fsm_executor]: TRANSITION: NAV_46_WP46 --[TASK_COMPLETED]--> NAV_47_WP47
[INFO] [1787160065.503572498] [fsm_executor]: STATE: NAV_47_WP47 | ACTION: NAVIGATE -> WP47
[INFO] [1787160065.595597465] [fsm_executor]: EVENT: TASK_COMPLETED in NAV_47_WP47
[INFO] [1787160065.598998065] [fsm_executor]: TRANSITION: NAV_47_WP47 --[TASK_COMPLETED]--> NAV_48_WP48
[INFO] [1787160065.602353905] [fsm_executor]: STATE: NAV_48_WP48 | ACTION: NAVIGATE -> WP48
[INFO] [1787160065.694738991] [fsm_executor]: EVENT: TASK_COMPLETED in NAV_48_WP48
[INFO] [1787160065.697731267] [fsm_executor]: TRANSITION: NAV_48_WP48 --[TASK_COMPLETED]--> NAV_49_WP49
[INFO] [1787160065.700553276] [fsm_executor]: STATE: NAV_49_WP49 | ACTION: NAVIGATE -> WP49
[INFO] [1787160065.795953833] [fsm_executor]: EVENT: TASK_COMPLETED in NAV_49_WP49
[INFO] [1787160065.798700047] [fsm_executor]: TRANSITION: NAV_49_WP49 --[TASK_COMPLETED]--> NAV_50_WP50
[INFO] [1787160065.803578454] [fsm_executor]: STATE: NAV_50_WP50 | ACTION: NAVIGATE -> WP50
[INFO] [1787160065.898202450] [fsm_executor]: EVENT: TASK_COMPLETED in NAV_50_WP50
[INFO] [1787160065.901672786] [fsm_executor]: TRANSITION: NAV_50_WP50 --[TASK_COMPLETED]--> NAV_51_WP51
[INFO] [1787160065.906992807] [fsm_executor]: STATE: NAV_51_WP51 | ACTION: NAVIGATE -> WP51
[INFO] [1787160065.996167135] [fsm_executor]: EVENT: TASK_COMPLETED in NAV_51_WP51
[INFO] [1787160066.000278943] [fsm_executor]: TRANSITION: NAV_51_WP51 --[TASK_COMPLETED]--> NAV_52_WP52
[INFO] [1787160066.003352288] [fsm_executor]: STATE: NAV_52_WP52 | ACTION: NAVIGATE -> WP52
[INFO] [1787160066.094224057] [fsm_executor]: EVENT: TASK_COMPLETED in NAV_52_WP52
[INFO] [1787160066.096842507] [fsm_executor]: TRANSITION: NAV_52_WP52 --[TASK_COMPLETED]--> NAV_53_WP53
[INFO] [1787160066.099924978] [fsm_executor]: STATE: NAV_53_WP53 | ACTION: NAVIGATE -> WP53
[INFO] [1787160066.196059286] [fsm_executor]: EVENT: TASK_COMPLETED in NAV_53_WP53
[INFO] [1787160066.200069750] [fsm_executor]: TRANSITION: NAV_53_WP53 --[TASK_COMPLETED]--> NAV_54_WP54
[INFO] [1787160066.204993679] [fsm_executor]: STATE: NAV_54_WP54 | ACTION: NAVIGATE -> WP54
[INFO] [1787160066.295031181] [fsm_executor]: EVENT: TASK_COMPLETED in NAV_54_WP54
[INFO] [1787160066.297733370] [fsm_executor]: TRANSITION: NAV_54_WP54 --[TASK_COMPLETED]--> NAV_55_WP55
[INFO] [1787160066.300733675] [fsm_executor]: STATE: NAV_55_WP55 | ACTION: NAVIGATE -> WP55
[INFO] [1787160066.394953390] [fsm_executor]: EVENT: TASK_COMPLETED in NAV_55_WP55
[INFO] [1787160066.397874272] [fsm_executor]: TRANSITION: NAV_55_WP55 --[TASK_COMPLETED]--> NAV_56_WP56
[INFO] [1787160066.401614207] [fsm_executor]: STATE: NAV_56_WP56 | ACTION: NAVIGATE -> WP56
[INFO] [1787160066.495120951] [fsm_executor]: EVENT: TASK_COMPLETED in NAV_56_WP56
[INFO] [1787160066.497760667] [fsm_executor]: TRANSITION: NAV_56_WP56 --[TASK_COMPLETED]--> NAV_57_WP57
[INFO] [1787160066.500666079] [fsm_executor]: STATE: NAV_57_WP57 | ACTION: NAVIGATE -> WP57
[INFO] [1787160066.594964179] [fsm_executor]: EVENT: TASK_COMPLETED in NAV_57_WP57
[INFO] [1787160066.597734719] [fsm_executor]: TRANSITION: NAV_57_WP57 --[TASK_COMPLETED]--> NAV_58_WP58
[INFO] [1787160066.601203133] [fsm_executor]: STATE: NAV_58_WP58 | ACTION: NAVIGATE -> WP58
[INFO] [1787160066.694751427] [fsm_executor]: EVENT: TASK_COMPLETED in NAV_58_WP58
[INFO] [1787160066.697446427] [fsm_executor]: TRANSITION: NAV_58_WP58 --[TASK_COMPLETED]--> NAV_59_WP59
[INFO] [1787160066.700563872] [fsm_executor]: STATE: NAV_59_WP59 | ACTION: NAVIGATE -> WP59
[INFO] [1787160066.795798886] [fsm_executor]: EVENT: TASK_COMPLETED in NAV_59_WP59
[INFO] [1787160066.802868601] [fsm_executor]: TRANSITION: NAV_59_WP59 --[TASK_COMPLETED]--> NAV_60_WP60
[INFO] [1787160066.806630973] [fsm_executor]: STATE: NAV_60_WP60 | ACTION: NAVIGATE -> WP60
[INFO] [1787160066.901185739] [fsm_executor]: EVENT: TASK_COMPLETED in NAV_60_WP60
[INFO] [1787160066.906907908] [fsm_executor]: TRANSITION: NAV_60_WP60 --[TASK_COMPLETED]--> NAV_61_WP61
[INFO] [1787160066.912147830] [fsm_executor]: STATE: NAV_61_WP61 | ACTION: NAVIGATE -> WP61
[INFO] [1787160066.996285981] [fsm_executor]: EVENT: TASK_COMPLETED in NAV_61_WP61
[INFO] [1787160066.998286735] [fsm_executor]: TRANSITION: NAV_61_WP61 --[TASK_COMPLETED]--> NAV_62_WP62
[INFO] [1787160067.001260347] [fsm_executor]: STATE: NAV_62_WP62 | ACTION: NAVIGATE -> WP62
[INFO] [1787160067.094503093] [fsm_executor]: EVENT: TASK_COMPLETED in NAV_62_WP62
[INFO] [1787160067.097531874] [fsm_executor]: TRANSITION: NAV_62_WP62 --[TASK_COMPLETED]--> NAV_63_WP63
[INFO] [1787160067.100760124] [fsm_executor]: STATE: NAV_63_WP63 | ACTION: NAVIGATE -> WP63
[INFO] [1787160067.195281191] [fsm_executor]: EVENT: TASK_COMPLETED in NAV_63_WP63
[INFO] [1787160067.198513674] [fsm_executor]: TRANSITION: NAV_63_WP63 --[TASK_COMPLETED]--> NAV_64_WP64
[INFO] [1787160067.202275316] [fsm_executor]: STATE: NAV_64_WP64 | ACTION: NAVIGATE -> WP64
[INFO] [1787160067.298339998] [fsm_executor]: EVENT: TASK_COMPLETED in NAV_64_WP64
[INFO] [1787160067.303125349] [fsm_executor]: TRANSITION: NAV_64_WP64 --[TASK_COMPLETED]--> NAV_65_WP65
[INFO] [1787160067.306696686] [fsm_executor]: STATE: NAV_65_WP65 | ACTION: NAVIGATE -> WP65
[INFO] [1787160067.392896068] [fsm_executor]: EVENT: TASK_COMPLETED in NAV_65_WP65
[INFO] [1787160067.394973233] [fsm_executor]: TRANSITION: NAV_65_WP65 --[TASK_COMPLETED]--> NAV_66_WP66
[INFO] [1787160067.397555429] [fsm_executor]: STATE: NAV_66_WP66 | ACTION: NAVIGATE -> WP66
[INFO] [1787160067.494619870] [fsm_executor]: EVENT: TASK_COMPLETED in NAV_66_WP66
[INFO] [1787160067.497220294] [fsm_executor]: TRANSITION: NAV_66_WP66 --[TASK_COMPLETED]--> NAV_67_WP67
[INFO] [1787160067.500373002] [fsm_executor]: STATE: NAV_67_WP67 | ACTION: NAVIGATE -> WP67
[INFO] [1787160067.594128730] [fsm_executor]: EVENT: TASK_COMPLETED in NAV_67_WP67
[INFO] [1787160067.596739086] [fsm_executor]: TRANSITION: NAV_67_WP67 --[TASK_COMPLETED]--> NAV_68_WP68
[INFO] [1787160067.599985114] [fsm_executor]: STATE: NAV_68_WP68 | ACTION: NAVIGATE -> WP68
[INFO] [1787160067.695361392] [fsm_executor]: EVENT: TASK_COMPLETED in NAV_68_WP68
[INFO] [1787160067.698011375] [fsm_executor]: TRANSITION: NAV_68_WP68 --[TASK_COMPLETED]--> NAV_69_WP69
[INFO] [1787160067.701702072] [fsm_executor]: STATE: NAV_69_WP69 | ACTION: NAVIGATE -> WP69
[INFO] [1787160067.794971362] [fsm_executor]: EVENT: TASK_COMPLETED in NAV_69_WP69
[INFO] [1787160067.797727602] [fsm_executor]: TRANSITION: NAV_69_WP69 --[TASK_COMPLETED]--> NAV_70_WP70
[INFO] [1787160067.800901549] [fsm_executor]: STATE: NAV_70_WP70 | ACTION: NAVIGATE -> WP70
[INFO] [1787160067.895734016] [fsm_executor]: EVENT: TASK_COMPLETED in NAV_70_WP70
[INFO] [1787160067.898744860] [fsm_executor]: TRANSITION: NAV_70_WP70 --[TASK_COMPLETED]--> NAV_71_WP71
[INFO] [1787160067.901800256] [fsm_executor]: STATE: NAV_71_WP71 | ACTION: NAVIGATE -> WP71
[INFO] [1787160067.992705455] [fsm_executor]: EVENT: TASK_COMPLETED in NAV_71_WP71
[INFO] [1787160067.993594632] [fsm_executor]: TRANSITION: NAV_71_WP71 --[TASK_COMPLETED]--> NAV_72_WP72
[INFO] [1787160067.994603064] [fsm_executor]: STATE: NAV_72_WP72 | ACTION: NAVIGATE -> WP72
[INFO] [1787160068.091865321] [fsm_executor]: EVENT: TASK_COMPLETED in NAV_72_WP72
[INFO] [1787160068.092825379] [fsm_executor]: TRANSITION: NAV_72_WP72 --[TASK_COMPLETED]--> NAV_73_WP73
[INFO] [1787160068.093975173] [fsm_executor]: STATE: NAV_73_WP73 | ACTION: NAVIGATE -> WP73
[INFO] [1787160068.194053801] [fsm_executor]: EVENT: TASK_COMPLETED in NAV_73_WP73
[INFO] [1787160068.196666142] [fsm_executor]: TRANSITION: NAV_73_WP73 --[TASK_COMPLETED]--> NAV_74_WP74
[INFO] [1787160068.199814076] [fsm_executor]: STATE: NAV_74_WP74 | ACTION: NAVIGATE -> WP74
[INFO] [1787160068.294855250] [fsm_executor]: EVENT: TASK_COMPLETED in NAV_74_WP74
[INFO] [1787160068.298072284] [fsm_executor]: TRANSITION: NAV_74_WP74 --[TASK_COMPLETED]--> NAV_75_WP75
[INFO] [1787160068.301703716] [fsm_executor]: STATE: NAV_75_WP75 | ACTION: NAVIGATE -> WP75
[INFO] [1787160068.394403413] [fsm_executor]: EVENT: TASK_COMPLETED in NAV_75_WP75
[INFO] [1787160068.400637876] [fsm_executor]: TRANSITION: NAV_75_WP75 --[TASK_COMPLETED]--> NAV_76_WP76
[INFO] [1787160068.407379870] [fsm_executor]: STATE: NAV_76_WP76 | ACTION: NAVIGATE -> WP76
[INFO] [1787160068.495684007] [fsm_executor]: EVENT: TASK_COMPLETED in NAV_76_WP76
[INFO] [1787160068.502351584] [fsm_executor]: TRANSITION: NAV_76_WP76 --[TASK_COMPLETED]--> NAV_77_WP77
[INFO] [1787160068.506741143] [fsm_executor]: STATE: NAV_77_WP77 | ACTION: NAVIGATE -> WP77
[INFO] [1787160068.595644706] [fsm_executor]: EVENT: TASK_COMPLETED in NAV_77_WP77
[INFO] [1787160068.598666905] [fsm_executor]: TRANSITION: NAV_77_WP77 --[TASK_COMPLETED]--> NAV_78_WP78
[INFO] [1787160068.602162420] [fsm_executor]: STATE: NAV_78_WP78 | ACTION: NAVIGATE -> WP78
[INFO] [1787160068.695483423] [fsm_executor]: EVENT: TASK_COMPLETED in NAV_78_WP78
[INFO] [1787160068.698498637] [fsm_executor]: TRANSITION: NAV_78_WP78 --[TASK_COMPLETED]--> NAV_79_WP79
[INFO] [1787160068.702348075] [fsm_executor]: STATE: NAV_79_WP79 | ACTION: NAVIGATE -> WP79
[INFO] [1787160068.794059791] [fsm_executor]: EVENT: TASK_COMPLETED in NAV_79_WP79
[INFO] [1787160068.799819832] [fsm_executor]: TRANSITION: NAV_79_WP79 --[TASK_COMPLETED]--> NAV_80_WP80
[INFO] [1787160068.802284820] [fsm_executor]: STATE: NAV_80_WP80 | ACTION: NAVIGATE -> WP80
[INFO] [1787160068.894792221] [fsm_executor]: EVENT: TASK_COMPLETED in NAV_80_WP80
[INFO] [1787160068.897450750] [fsm_executor]: TRANSITION: NAV_80_WP80 --[TASK_COMPLETED]--> NAV_81_WP81
[INFO] [1787160068.900512768] [fsm_executor]: STATE: NAV_81_WP81 | ACTION: NAVIGATE -> WP81
[INFO] [1787160068.993159670] [fsm_executor]: EVENT: TASK_COMPLETED in NAV_81_WP81
[INFO] [1787160068.995271066] [fsm_executor]: TRANSITION: NAV_81_WP81 --[TASK_COMPLETED]--> NAV_82_WP82
[INFO] [1787160068.998141991] [fsm_executor]: STATE: NAV_82_WP82 | ACTION: NAVIGATE -> WP82
[INFO] [1787160069.094618309] [fsm_executor]: EVENT: TASK_COMPLETED in NAV_82_WP82
[INFO] [1787160069.096594819] [fsm_executor]: TRANSITION: NAV_82_WP82 --[TASK_COMPLETED]--> NAV_83_WP83
[INFO] [1787160069.099504193] [fsm_executor]: STATE: NAV_83_WP83 | ACTION: NAVIGATE -> WP83
[INFO] [1787160069.194024115] [fsm_executor]: EVENT: TASK_COMPLETED in NAV_83_WP83
[INFO] [1787160069.196553880] [fsm_executor]: TRANSITION: NAV_83_WP83 --[TASK_COMPLETED]--> NAV_84_WP84
[INFO] [1787160069.199512165] [fsm_executor]: STATE: NAV_84_WP84 | ACTION: NAVIGATE -> WP84
[INFO] [1787160069.292565334] [fsm_executor]: EVENT: TASK_COMPLETED in NAV_84_WP84
[INFO] [1787160069.293979833] [fsm_executor]: TRANSITION: NAV_84_WP84 --[TASK_COMPLETED]--> NAV_85_WP85
[INFO] [1787160069.295709682] [fsm_executor]: STATE: NAV_85_WP85 | ACTION: NAVIGATE -> WP85
[INFO] [1787160069.394177183] [fsm_executor]: EVENT: TASK_COMPLETED in NAV_85_WP85
[INFO] [1787160069.396962757] [fsm_executor]: TRANSITION: NAV_85_WP85 --[TASK_COMPLETED]--> NAV_86_WP86
[INFO] [1787160069.399983417] [fsm_executor]: STATE: NAV_86_WP86 | ACTION: NAVIGATE -> WP86
[INFO] [1787160069.495323793] [fsm_executor]: EVENT: TASK_COMPLETED in NAV_86_WP86
[INFO] [1787160069.504607487] [fsm_executor]: TRANSITION: NAV_86_WP86 --[TASK_COMPLETED]--> NAV_87_WP87
[INFO] [1787160069.510421381] [fsm_executor]: STATE: NAV_87_WP87 | ACTION: NAVIGATE -> WP87
[INFO] [1787160069.598385374] [fsm_executor]: EVENT: TASK_COMPLETED in NAV_87_WP87
[INFO] [1787160069.602340131] [fsm_executor]: TRANSITION: NAV_87_WP87 --[TASK_COMPLETED]--> NAV_88_WP88
[INFO] [1787160069.606860271] [fsm_executor]: STATE: NAV_88_WP88 | ACTION: NAVIGATE -> WP88
[INFO] [1787160069.693797726] [fsm_executor]: EVENT: TASK_COMPLETED in NAV_88_WP88
[INFO] [1787160069.696762729] [fsm_executor]: TRANSITION: NAV_88_WP88 --[TASK_COMPLETED]--> NAV_89_WP89
[INFO] [1787160069.700046971] [fsm_executor]: STATE: NAV_89_WP89 | ACTION: NAVIGATE -> WP89
[INFO] [1787160069.795699453] [fsm_executor]: EVENT: TASK_COMPLETED in NAV_89_WP89
[INFO] [1787160069.797761388] [fsm_executor]: TRANSITION: NAV_89_WP89 --[TASK_COMPLETED]--> NAV_90_WP90
[INFO] [1787160069.800427379] [fsm_executor]: STATE: NAV_90_WP90 | ACTION: NAVIGATE -> WP90
[INFO] [1787160069.894787264] [fsm_executor]: EVENT: TASK_COMPLETED in NAV_90_WP90
[INFO] [1787160069.897725088] [fsm_executor]: TRANSITION: NAV_90_WP90 --[TASK_COMPLETED]--> NAV_91_WP91
[INFO] [1787160069.901147789] [fsm_executor]: STATE: NAV_91_WP91 | ACTION: NAVIGATE -> WP91
[INFO] [1787160069.995138420] [fsm_executor]: EVENT: TASK_COMPLETED in NAV_91_WP91
[INFO] [1787160069.998111682] [fsm_executor]: TRANSITION: NAV_91_WP91 --[TASK_COMPLETED]--> NAV_92_WP92
[INFO] [1787160070.001514045] [fsm_executor]: STATE: NAV_92_WP92 | ACTION: NAVIGATE -> WP92
[INFO] [1787160070.097918682] [fsm_executor]: EVENT: TASK_COMPLETED in NAV_92_WP92
[INFO] [1787160070.102357414] [fsm_executor]: TRANSITION: NAV_92_WP92 --[TASK_COMPLETED]--> NAV_93_WP93
[INFO] [1787160070.106392620] [fsm_executor]: STATE: NAV_93_WP93 | ACTION: NAVIGATE -> WP93
[INFO] [1787160070.196786518] [fsm_executor]: EVENT: TASK_COMPLETED in NAV_93_WP93
[INFO] [1787160070.202452819] [fsm_executor]: TRANSITION: NAV_93_WP93 --[TASK_COMPLETED]--> NAV_94_WP94
[INFO] [1787160070.209573482] [fsm_executor]: STATE: NAV_94_WP94 | ACTION: NAVIGATE -> WP94
[INFO] [1787160070.295412080] [fsm_executor]: EVENT: TASK_COMPLETED in NAV_94_WP94
[INFO] [1787160070.300662177] [fsm_executor]: TRANSITION: NAV_94_WP94 --[TASK_COMPLETED]--> NAV_95_WP95
[INFO] [1787160070.304119362] [fsm_executor]: STATE: NAV_95_WP95 | ACTION: NAVIGATE -> WP95
[INFO] [1787160070.396670071] [fsm_executor]: EVENT: TASK_COMPLETED in NAV_95_WP95
[INFO] [1787160070.402478781] [fsm_executor]: TRANSITION: NAV_95_WP95 --[TASK_COMPLETED]--> NAV_96_WP96
[INFO] [1787160070.406264662] [fsm_executor]: STATE: NAV_96_WP96 | ACTION: NAVIGATE -> WP96
[INFO] [1787160070.495544175] [fsm_executor]: EVENT: TASK_COMPLETED in NAV_96_WP96
[INFO] [1787160070.500925789] [fsm_executor]: TRANSITION: NAV_96_WP96 --[TASK_COMPLETED]--> NAV_97_WP97
[INFO] [1787160070.502954697] [fsm_executor]: STATE: NAV_97_WP97 | ACTION: NAVIGATE -> WP97
[INFO] [1787160070.595507561] [fsm_executor]: EVENT: TASK_COMPLETED in NAV_97_WP97
[INFO] [1787160070.598721062] [fsm_executor]: TRANSITION: NAV_97_WP97 --[TASK_COMPLETED]--> NAV_98_WP98
[INFO] [1787160070.601392082] [fsm_executor]: STATE: NAV_98_WP98 | ACTION: NAVIGATE -> WP98
[INFO] [1787160070.696215565] [fsm_executor]: EVENT: TASK_COMPLETED in NAV_98_WP98
[INFO] [1787160070.700595980] [fsm_executor]: TRANSITION: NAV_98_WP98 --[TASK_COMPLETED]--> NAV_99_WP99
[INFO] [1787160070.702947064] [fsm_executor]: STATE: NAV_99_WP99 | ACTION: NAVIGATE -> WP99
[INFO] [1787160070.793945173] [fsm_executor]: EVENT: TASK_COMPLETED in NAV_99_WP99
[INFO] [1787160070.797000969] [fsm_executor]: TRANSITION: NAV_99_WP99 --[TASK_COMPLETED]--> NAV_100_WP100
[INFO] [1787160070.800000408] [fsm_executor]: STATE: NAV_100_WP100 | ACTION: NAVIGATE -> WP100
[INFO] [1787160070.897301823] [fsm_executor]: EVENT: TASK_COMPLETED in NAV_100_WP100
[INFO] [1787160070.903140066] [fsm_executor]: TRANSITION: NAV_100_WP100 --[TASK_COMPLETED]--> NAV_101_WP99
[INFO] [1787160070.906287297] [fsm_executor]: STATE: NAV_101_WP99 | ACTION: NAVIGATE -> WP99
[INFO] [1787160070.994610226] [fsm_executor]: EVENT: TASK_COMPLETED in NAV_101_WP99
[INFO] [1787160070.996975366] [fsm_executor]: TRANSITION: NAV_101_WP99 --[TASK_COMPLETED]--> NAV_102_WP98
[INFO] [1787160071.000039500] [fsm_executor]: STATE: NAV_102_WP98 | ACTION: NAVIGATE -> WP98
[INFO] [1787160071.093583115] [fsm_executor]: EVENT: TASK_COMPLETED in NAV_102_WP98
[INFO] [1787160071.095262675] [fsm_executor]: TRANSITION: NAV_102_WP98 --[TASK_COMPLETED]--> NAV_103_WP97
[INFO] [1787160071.097051181] [fsm_executor]: STATE: NAV_103_WP97 | ACTION: NAVIGATE -> WP97
[INFO] [1787160071.194997691] [fsm_executor]: EVENT: TASK_COMPLETED in NAV_103_WP97
[INFO] [1787160071.197607967] [fsm_executor]: TRANSITION: NAV_103_WP97 --[TASK_COMPLETED]--> NAV_104_WP96
[INFO] [1787160071.200759739] [fsm_executor]: STATE: NAV_104_WP96 | ACTION: NAVIGATE -> WP96
[INFO] [1787160071.294086497] [fsm_executor]: EVENT: TASK_COMPLETED in NAV_104_WP96
[INFO] [1787160071.296836623] [fsm_executor]: TRANSITION: NAV_104_WP96 --[TASK_COMPLETED]--> NAV_105_WP95
[INFO] [1787160071.299915325] [fsm_executor]: STATE: NAV_105_WP95 | ACTION: NAVIGATE -> WP95
[INFO] [1787160071.391758012] [fsm_executor]: EVENT: TASK_COMPLETED in NAV_105_WP95
[INFO] [1787160071.392687197] [fsm_executor]: TRANSITION: NAV_105_WP95 --[TASK_COMPLETED]--> NAV_106_WP94
[INFO] [1787160071.394551884] [fsm_executor]: STATE: NAV_106_WP94 | ACTION: NAVIGATE -> WP94
[INFO] [1787160071.492607422] [fsm_executor]: EVENT: TASK_COMPLETED in NAV_106_WP94
[INFO] [1787160071.494849469] [fsm_executor]: TRANSITION: NAV_106_WP94 --[TASK_COMPLETED]--> NAV_107_WP93
[INFO] [1787160071.495484424] [fsm_executor]: STATE: NAV_107_WP93 | ACTION: NAVIGATE -> WP93
[INFO] [1787160071.591817326] [fsm_executor]: EVENT: TASK_COMPLETED in NAV_107_WP93
[INFO] [1787160071.592754093] [fsm_executor]: TRANSITION: NAV_107_WP93 --[TASK_COMPLETED]--> NAV_108_WP92
[INFO] [1787160071.593828315] [fsm_executor]: STATE: NAV_108_WP92 | ACTION: NAVIGATE -> WP92
[INFO] [1787160071.694071781] [fsm_executor]: EVENT: TASK_COMPLETED in NAV_108_WP92
[INFO] [1787160071.696662464] [fsm_executor]: TRANSITION: NAV_108_WP92 --[TASK_COMPLETED]--> NAV_109_WP91
[INFO] [1787160071.699627382] [fsm_executor]: STATE: NAV_109_WP91 | ACTION: NAVIGATE -> WP91
[INFO] [1787160071.795084362] [fsm_executor]: EVENT: TASK_COMPLETED in NAV_109_WP91
[INFO] [1787160071.797620645] [fsm_executor]: TRANSITION: NAV_109_WP91 --[TASK_COMPLETED]--> NAV_110_WP90
[INFO] [1787160071.800994611] [fsm_executor]: STATE: NAV_110_WP90 | ACTION: NAVIGATE -> WP90
[INFO] [1787160071.894035792] [fsm_executor]: EVENT: TASK_COMPLETED in NAV_110_WP90
[INFO] [1787160071.895888791] [fsm_executor]: TRANSITION: NAV_110_WP90 --[TASK_COMPLETED]--> NAV_111_WP89
[INFO] [1787160071.898265198] [fsm_executor]: STATE: NAV_111_WP89 | ACTION: NAVIGATE -> WP89
[INFO] [1787160071.994311415] [fsm_executor]: EVENT: TASK_COMPLETED in NAV_111_WP89
[INFO] [1787160071.997082421] [fsm_executor]: TRANSITION: NAV_111_WP89 --[TASK_COMPLETED]--> NAV_112_WP88
[INFO] [1787160072.000101347] [fsm_executor]: STATE: NAV_112_WP88 | ACTION: NAVIGATE -> WP88
[INFO] [1787160072.093604784] [fsm_executor]: EVENT: TASK_COMPLETED in NAV_112_WP88
[INFO] [1787160072.095407311] [fsm_executor]: TRANSITION: NAV_112_WP88 --[TASK_COMPLETED]--> NAV_113_WP87
[INFO] [1787160072.097404208] [fsm_executor]: STATE: NAV_113_WP87 | ACTION: NAVIGATE -> WP87
[INFO] [1787160072.196059787] [fsm_executor]: EVENT: TASK_COMPLETED in NAV_113_WP87
[INFO] [1787160072.198876602] [fsm_executor]: TRANSITION: NAV_113_WP87 --[TASK_COMPLETED]--> NAV_114_WP86
[INFO] [1787160072.201641402] [fsm_executor]: STATE: NAV_114_WP86 | ACTION: NAVIGATE -> WP86
[INFO] [1787160072.294565120] [fsm_executor]: EVENT: TASK_COMPLETED in NAV_114_WP86
[INFO] [1787160072.297123681] [fsm_executor]: TRANSITION: NAV_114_WP86 --[TASK_COMPLETED]--> NAV_115_WP85
[INFO] [1787160072.300103528] [fsm_executor]: STATE: NAV_115_WP85 | ACTION: NAVIGATE -> WP85
[INFO] [1787160072.394173347] [fsm_executor]: EVENT: TASK_COMPLETED in NAV_115_WP85
[INFO] [1787160072.396022910] [fsm_executor]: TRANSITION: NAV_115_WP85 --[TASK_COMPLETED]--> NAV_116_WP84
[INFO] [1787160072.400171812] [fsm_executor]: STATE: NAV_116_WP84 | ACTION: NAVIGATE -> WP84
[INFO] [1787160072.495363403] [fsm_executor]: EVENT: TASK_COMPLETED in NAV_116_WP84
[INFO] [1787160072.498328900] [fsm_executor]: TRANSITION: NAV_116_WP84 --[TASK_COMPLETED]--> NAV_117_WP83
[INFO] [1787160072.501699350] [fsm_executor]: STATE: NAV_117_WP83 | ACTION: NAVIGATE -> WP83
[INFO] [1787160072.595416648] [fsm_executor]: EVENT: TASK_COMPLETED in NAV_117_WP83
[INFO] [1787160072.597178968] [fsm_executor]: TRANSITION: NAV_117_WP83 --[TASK_COMPLETED]--> NAV_118_WP82
[INFO] [1787160072.600200591] [fsm_executor]: STATE: NAV_118_WP82 | ACTION: NAVIGATE -> WP82
[INFO] [1787160072.694687527] [fsm_executor]: EVENT: TASK_COMPLETED in NAV_118_WP82
[INFO] [1787160072.696476327] [fsm_executor]: TRANSITION: NAV_118_WP82 --[TASK_COMPLETED]--> NAV_119_WP81
[INFO] [1787160072.698969483] [fsm_executor]: STATE: NAV_119_WP81 | ACTION: NAVIGATE -> WP81
[INFO] [1787160072.794809559] [fsm_executor]: EVENT: TASK_COMPLETED in NAV_119_WP81
[INFO] [1787160072.797357194] [fsm_executor]: TRANSITION: NAV_119_WP81 --[TASK_COMPLETED]--> NAV_120_WP80
[INFO] [1787160072.800609710] [fsm_executor]: STATE: NAV_120_WP80 | ACTION: NAVIGATE -> WP80
[INFO] [1787160072.895195270] [fsm_executor]: EVENT: TASK_COMPLETED in NAV_120_WP80
[INFO] [1787160072.897532791] [fsm_executor]: TRANSITION: NAV_120_WP80 --[TASK_COMPLETED]--> NAV_121_WP79
[INFO] [1787160072.900709641] [fsm_executor]: STATE: NAV_121_WP79 | ACTION: NAVIGATE -> WP79
[INFO] [1787160072.997125274] [fsm_executor]: EVENT: TASK_COMPLETED in NAV_121_WP79
[INFO] [1787160073.000100068] [fsm_executor]: TRANSITION: NAV_121_WP79 --[TASK_COMPLETED]--> NAV_122_WP78
[INFO] [1787160073.003518412] [fsm_executor]: STATE: NAV_122_WP78 | ACTION: NAVIGATE -> WP78
[INFO] [1787160073.094727267] [fsm_executor]: EVENT: TASK_COMPLETED in NAV_122_WP78
[INFO] [1787160073.100754901] [fsm_executor]: TRANSITION: NAV_122_WP78 --[TASK_COMPLETED]--> NAV_123_WP77
[INFO] [1787160073.103904195] [fsm_executor]: STATE: NAV_123_WP77 | ACTION: NAVIGATE -> WP77
[INFO] [1787160073.196103418] [fsm_executor]: EVENT: TASK_COMPLETED in NAV_123_WP77
[INFO] [1787160073.199098019] [fsm_executor]: TRANSITION: NAV_123_WP77 --[TASK_COMPLETED]--> NAV_124_WP76
[INFO] [1787160073.203157167] [fsm_executor]: STATE: NAV_124_WP76 | ACTION: NAVIGATE -> WP76
[INFO] [1787160073.294764862] [fsm_executor]: EVENT: TASK_COMPLETED in NAV_124_WP76
[INFO] [1787160073.297681540] [fsm_executor]: TRANSITION: NAV_124_WP76 --[TASK_COMPLETED]--> NAV_125_WP75
[INFO] [1787160073.301788820] [fsm_executor]: STATE: NAV_125_WP75 | ACTION: NAVIGATE -> WP75
[INFO] [1787160073.395402898] [fsm_executor]: EVENT: TASK_COMPLETED in NAV_125_WP75
[INFO] [1787160073.398172108] [fsm_executor]: TRANSITION: NAV_125_WP75 --[TASK_COMPLETED]--> NAV_126_WP74
[INFO] [1787160073.402042922] [fsm_executor]: STATE: NAV_126_WP74 | ACTION: NAVIGATE -> WP74
[INFO] [1787160073.495025574] [fsm_executor]: EVENT: TASK_COMPLETED in NAV_126_WP74
[INFO] [1787160073.497953075] [fsm_executor]: TRANSITION: NAV_126_WP74 --[TASK_COMPLETED]--> NAV_127_WP73
[INFO] [1787160073.501150066] [fsm_executor]: STATE: NAV_127_WP73 | ACTION: NAVIGATE -> WP73
[INFO] [1787160073.595307874] [fsm_executor]: EVENT: TASK_COMPLETED in NAV_127_WP73
[INFO] [1787160073.598220026] [fsm_executor]: TRANSITION: NAV_127_WP73 --[TASK_COMPLETED]--> NAV_128_WP72
[INFO] [1787160073.601454276] [fsm_executor]: STATE: NAV_128_WP72 | ACTION: NAVIGATE -> WP72
[INFO] [1787160073.694685563] [fsm_executor]: EVENT: TASK_COMPLETED in NAV_128_WP72
[INFO] [1787160073.697619308] [fsm_executor]: TRANSITION: NAV_128_WP72 --[TASK_COMPLETED]--> NAV_129_WP71
[INFO] [1787160073.701192999] [fsm_executor]: STATE: NAV_129_WP71 | ACTION: NAVIGATE -> WP71
[INFO] [1787160073.795606163] [fsm_executor]: EVENT: TASK_COMPLETED in NAV_129_WP71
[INFO] [1787160073.798821065] [fsm_executor]: TRANSITION: NAV_129_WP71 --[TASK_COMPLETED]--> NAV_130_WP70
[INFO] [1787160073.802501855] [fsm_executor]: STATE: NAV_130_WP70 | ACTION: NAVIGATE -> WP70
[INFO] [1787160073.894920104] [fsm_executor]: EVENT: TASK_COMPLETED in NAV_130_WP70
[INFO] [1787160073.897875617] [fsm_executor]: TRANSITION: NAV_130_WP70 --[TASK_COMPLETED]--> NAV_131_WP69
[INFO] [1787160073.901149427] [fsm_executor]: STATE: NAV_131_WP69 | ACTION: NAVIGATE -> WP69
[INFO] [1787160073.994949874] [fsm_executor]: EVENT: TASK_COMPLETED in NAV_131_WP69
[INFO] [1787160073.997804883] [fsm_executor]: TRANSITION: NAV_131_WP69 --[TASK_COMPLETED]--> NAV_132_WP68
[INFO] [1787160074.001344104] [fsm_executor]: STATE: NAV_132_WP68 | ACTION: NAVIGATE -> WP68
[INFO] [1787160074.094967764] [fsm_executor]: EVENT: TASK_COMPLETED in NAV_132_WP68
[INFO] [1787160074.098060177] [fsm_executor]: TRANSITION: NAV_132_WP68 --[TASK_COMPLETED]--> NAV_133_WP67
[INFO] [1787160074.100231082] [fsm_executor]: STATE: NAV_133_WP67 | ACTION: NAVIGATE -> WP67
[INFO] [1787160074.197062542] [fsm_executor]: EVENT: TASK_COMPLETED in NAV_133_WP67
[INFO] [1787160074.200056180] [fsm_executor]: TRANSITION: NAV_133_WP67 --[TASK_COMPLETED]--> NAV_134_WP66
[INFO] [1787160074.204582462] [fsm_executor]: STATE: NAV_134_WP66 | ACTION: NAVIGATE -> WP66
[INFO] [1787160074.294990008] [fsm_executor]: EVENT: TASK_COMPLETED in NAV_134_WP66
[INFO] [1787160074.297977058] [fsm_executor]: TRANSITION: NAV_134_WP66 --[TASK_COMPLETED]--> NAV_135_WP65
[INFO] [1787160074.301220757] [fsm_executor]: STATE: NAV_135_WP65 | ACTION: NAVIGATE -> WP65
[INFO] [1787160074.395264265] [fsm_executor]: EVENT: TASK_COMPLETED in NAV_135_WP65
[INFO] [1787160074.398183847] [fsm_executor]: TRANSITION: NAV_135_WP65 --[TASK_COMPLETED]--> NAV_136_WP64
[INFO] [1787160074.401802935] [fsm_executor]: STATE: NAV_136_WP64 | ACTION: NAVIGATE -> WP64
[INFO] [1787160074.493898101] [fsm_executor]: EVENT: TASK_COMPLETED in NAV_136_WP64
[INFO] [1787160074.496931419] [fsm_executor]: TRANSITION: NAV_136_WP64 --[TASK_COMPLETED]--> NAV_137_WP63
[INFO] [1787160074.500181311] [fsm_executor]: STATE: NAV_137_WP63 | ACTION: NAVIGATE -> WP63
[INFO] [1787160074.595014380] [fsm_executor]: EVENT: TASK_COMPLETED in NAV_137_WP63
[INFO] [1787160074.597949227] [fsm_executor]: TRANSITION: NAV_137_WP63 --[TASK_COMPLETED]--> NAV_138_WP62
[INFO] [1787160074.601502534] [fsm_executor]: STATE: NAV_138_WP62 | ACTION: NAVIGATE -> WP62
[INFO] [1787160074.694061395] [fsm_executor]: EVENT: TASK_COMPLETED in NAV_138_WP62
[INFO] [1787160074.697055361] [fsm_executor]: TRANSITION: NAV_138_WP62 --[TASK_COMPLETED]--> NAV_139_WP61
[INFO] [1787160074.700378348] [fsm_executor]: STATE: NAV_139_WP61 | ACTION: NAVIGATE -> WP61
[INFO] [1787160074.795230161] [fsm_executor]: EVENT: TASK_COMPLETED in NAV_139_WP61
[INFO] [1787160074.798079997] [fsm_executor]: TRANSITION: NAV_139_WP61 --[TASK_COMPLETED]--> NAV_140_WP60
[INFO] [1787160074.801431342] [fsm_executor]: STATE: NAV_140_WP60 | ACTION: NAVIGATE -> WP60
[INFO] [1787160074.894779426] [fsm_executor]: EVENT: TASK_COMPLETED in NAV_140_WP60
[INFO] [1787160074.897641241] [fsm_executor]: TRANSITION: NAV_140_WP60 --[TASK_COMPLETED]--> NAV_141_WP59
[INFO] [1787160074.900881155] [fsm_executor]: STATE: NAV_141_WP59 | ACTION: NAVIGATE -> WP59
[INFO] [1787160074.996460827] [fsm_executor]: EVENT: TASK_COMPLETED in NAV_141_WP59
[INFO] [1787160074.999317121] [fsm_executor]: TRANSITION: NAV_141_WP59 --[TASK_COMPLETED]--> NAV_142_WP58
[INFO] [1787160075.002681644] [fsm_executor]: STATE: NAV_142_WP58 | ACTION: NAVIGATE -> WP58
[INFO] [1787160075.094799846] [fsm_executor]: EVENT: TASK_COMPLETED in NAV_142_WP58
[INFO] [1787160075.097586636] [fsm_executor]: TRANSITION: NAV_142_WP58 --[TASK_COMPLETED]--> NAV_143_WP57
[INFO] [1787160075.100873503] [fsm_executor]: STATE: NAV_143_WP57 | ACTION: NAVIGATE -> WP57
[INFO] [1787160075.194569674] [fsm_executor]: EVENT: TASK_COMPLETED in NAV_143_WP57
[INFO] [1787160075.197397001] [fsm_executor]: TRANSITION: NAV_143_WP57 --[TASK_COMPLETED]--> NAV_144_WP56
[INFO] [1787160075.200758953] [fsm_executor]: STATE: NAV_144_WP56 | ACTION: NAVIGATE -> WP56
[INFO] [1787160075.295177299] [fsm_executor]: EVENT: TASK_COMPLETED in NAV_144_WP56
[INFO] [1787160075.296957243] [fsm_executor]: TRANSITION: NAV_144_WP56 --[TASK_COMPLETED]--> NAV_145_WP55
[INFO] [1787160075.299021553] [fsm_executor]: STATE: NAV_145_WP55 | ACTION: NAVIGATE -> WP55
[INFO] [1787160075.394863868] [fsm_executor]: EVENT: TASK_COMPLETED in NAV_145_WP55
[INFO] [1787160075.397809533] [fsm_executor]: TRANSITION: NAV_145_WP55 --[TASK_COMPLETED]--> NAV_146_WP54
[INFO] [1787160075.401300971] [fsm_executor]: STATE: NAV_146_WP54 | ACTION: NAVIGATE -> WP54
[INFO] [1787160075.493897629] [fsm_executor]: EVENT: TASK_COMPLETED in NAV_146_WP54
[INFO] [1787160075.496582338] [fsm_executor]: TRANSITION: NAV_146_WP54 --[TASK_COMPLETED]--> NAV_147_WP53
[INFO] [1787160075.499894537] [fsm_executor]: STATE: NAV_147_WP53 | ACTION: NAVIGATE -> WP53
[INFO] [1787160075.595422762] [fsm_executor]: EVENT: TASK_COMPLETED in NAV_147_WP53
[INFO] [1787160075.598318079] [fsm_executor]: TRANSITION: NAV_147_WP53 --[TASK_COMPLETED]--> NAV_148_WP52
[INFO] [1787160075.601713518] [fsm_executor]: STATE: NAV_148_WP52 | ACTION: NAVIGATE -> WP52
[INFO] [1787160075.697622459] [fsm_executor]: EVENT: TASK_COMPLETED in NAV_148_WP52
[INFO] [1787160075.700809416] [fsm_executor]: TRANSITION: NAV_148_WP52 --[TASK_COMPLETED]--> NAV_149_WP51
[INFO] [1787160075.703567088] [fsm_executor]: STATE: NAV_149_WP51 | ACTION: NAVIGATE -> WP51
[INFO] [1787160075.795396992] [fsm_executor]: EVENT: TASK_COMPLETED in NAV_149_WP51
[INFO] [1787160075.798309613] [fsm_executor]: TRANSITION: NAV_149_WP51 --[TASK_COMPLETED]--> NAV_150_WP50
[INFO] [1787160075.801977153] [fsm_executor]: STATE: NAV_150_WP50 | ACTION: NAVIGATE -> WP50
[WARN] [1787160075.815849203] [fsm_executor]: RUNTIME EVENT RECEIVED: COMMUNICATION_LOST
[INFO] [1787160075.822614855] [fsm_executor]: TRANSITION: NAV_150_WP50 --[COMMUNICATION_LOST]--> COMM_RECOVERY
[INFO] [1787160075.829892793] [fsm_executor]: STATE: COMM_RECOVERY | ACTION: WAIT_FOR_COMMUNICATION
[WARN] [1787160095.241749894] [fsm_executor]: RUNTIME EVENT RECEIVED: COMMUNICATION_RECOVERY_FAILED
[INFO] [1787160095.242941542] [fsm_executor]: TRANSITION: COMM_RECOVERY --[COMMUNICATION_RECOVERY_FAILED]--> RTL
[INFO] [1787160095.244196772] [fsm_executor]: STATE: RTL | ACTION: RETURN_TO_HOME
[INFO] [1787160095.291804678] [fsm_executor]: EVENT: RTL_COMPLETED in RTL
[INFO] [1787160095.292487996] [fsm_executor]: TRANSITION: RTL --[RTL_COMPLETED]--> LAND
[INFO] [1787160095.293835266] [fsm_executor]: STATE: LAND | ACTION: LAND
[INFO] [1787160095.393076840] [fsm_executor]: EVENT: LAND_COMPLETED in LAND
[INFO] [1787160095.394808350] [fsm_executor]: TRANSITION: LAND --[LAND_COMPLETED]--> SAFE_TERMINATED
[INFO] [1787160095.396326632] [fsm_executor]: STATE: SAFE_TERMINATED
[WARN] [1787160095.397862760] [fsm_executor]: FSM mission terminated safely.
[WARN] [1787160095.399397071] [fsm_executor]: Reason: COMMUNICATION_RECOVERY_FAILED
