[INFO] [1787159018.183732171] [fsm_executor]: Loading mission: /home/bishal/ros2_ws/install/mission_formalism_evaluation/share/mission_formalism_evaluation/missions/mission_4.yaml
[INFO] [1787159018.233181736] [fsm_executor]: Mission ID: M4
[INFO] [1787159018.233955363] [fsm_executor]: Mission Name: Zigzag and Return
[INFO] [1787159018.234642429] [fsm_executor]: Mission Items: 201
[INFO] [1787159018.235529783] [fsm_executor]: FSM States: 210
[INFO] [1787159018.236458936] [fsm_executor]: FSM Transitions: 1402
[INFO] [1787159018.237364611] [fsm_executor]: TRANSITION: IDLE --[START]--> TAKEOFF_0
[INFO] [1787159018.238010410] [fsm_executor]: STATE: TAKEOFF_0 | ACTION: TAKEOFF
[INFO] [1787159018.340659750] [fsm_executor]: EVENT: TASK_COMPLETED in TAKEOFF_0
[INFO] [1787159018.342230666] [fsm_executor]: TRANSITION: TAKEOFF_0 --[TASK_COMPLETED]--> NAV_1_WP1
[INFO] [1787159018.345050243] [fsm_executor]: STATE: NAV_1_WP1 | ACTION: NAVIGATE -> WP1
[INFO] [1787159018.446109215] [fsm_executor]: EVENT: TASK_COMPLETED in NAV_1_WP1
[INFO] [1787159018.449095632] [fsm_executor]: TRANSITION: NAV_1_WP1 --[TASK_COMPLETED]--> NAV_2_WP2
[INFO] [1787159018.453048080] [fsm_executor]: STATE: NAV_2_WP2 | ACTION: NAVIGATE -> WP2
[INFO] [1787159018.545484598] [fsm_executor]: EVENT: TASK_COMPLETED in NAV_2_WP2
[INFO] [1787159018.548364691] [fsm_executor]: TRANSITION: NAV_2_WP2 --[TASK_COMPLETED]--> NAV_3_WP3
[INFO] [1787159018.551689502] [fsm_executor]: STATE: NAV_3_WP3 | ACTION: NAVIGATE -> WP3
[INFO] [1787159018.641264532] [fsm_executor]: EVENT: TASK_COMPLETED in NAV_3_WP3
[INFO] [1787159018.643795628] [fsm_executor]: TRANSITION: NAV_3_WP3 --[TASK_COMPLETED]--> NAV_4_WP4
[INFO] [1787159018.646500278] [fsm_executor]: STATE: NAV_4_WP4 | ACTION: NAVIGATE -> WP4
[INFO] [1787159018.738423177] [fsm_executor]: EVENT: TASK_COMPLETED in NAV_4_WP4
[INFO] [1787159018.739221130] [fsm_executor]: TRANSITION: NAV_4_WP4 --[TASK_COMPLETED]--> NAV_5_WP5
[INFO] [1787159018.740093114] [fsm_executor]: STATE: NAV_5_WP5 | ACTION: NAVIGATE -> WP5
[INFO] [1787159018.842048952] [fsm_executor]: EVENT: TASK_COMPLETED in NAV_5_WP5
[INFO] [1787159018.844646431] [fsm_executor]: TRANSITION: NAV_5_WP5 --[TASK_COMPLETED]--> NAV_6_WP6
[INFO] [1787159018.847103414] [fsm_executor]: STATE: NAV_6_WP6 | ACTION: NAVIGATE -> WP6
[INFO] [1787159018.941049355] [fsm_executor]: EVENT: TASK_COMPLETED in NAV_6_WP6
[INFO] [1787159018.943353210] [fsm_executor]: TRANSITION: NAV_6_WP6 --[TASK_COMPLETED]--> NAV_7_WP7
[INFO] [1787159018.946580542] [fsm_executor]: STATE: NAV_7_WP7 | ACTION: NAVIGATE -> WP7
[INFO] [1787159019.041980238] [fsm_executor]: EVENT: TASK_COMPLETED in NAV_7_WP7
[INFO] [1787159019.045106440] [fsm_executor]: TRANSITION: NAV_7_WP7 --[TASK_COMPLETED]--> NAV_8_WP8
[INFO] [1787159019.048672076] [fsm_executor]: STATE: NAV_8_WP8 | ACTION: NAVIGATE -> WP8
[INFO] [1787159019.140377868] [fsm_executor]: EVENT: TASK_COMPLETED in NAV_8_WP8
[INFO] [1787159019.142135090] [fsm_executor]: TRANSITION: NAV_8_WP8 --[TASK_COMPLETED]--> NAV_9_WP9
[INFO] [1787159019.145237762] [fsm_executor]: STATE: NAV_9_WP9 | ACTION: NAVIGATE -> WP9
[INFO] [1787159019.241909662] [fsm_executor]: EVENT: TASK_COMPLETED in NAV_9_WP9
[INFO] [1787159019.245176168] [fsm_executor]: TRANSITION: NAV_9_WP9 --[TASK_COMPLETED]--> NAV_10_WP10
[INFO] [1787159019.248491052] [fsm_executor]: STATE: NAV_10_WP10 | ACTION: NAVIGATE -> WP10
[INFO] [1787159019.341535995] [fsm_executor]: EVENT: TASK_COMPLETED in NAV_10_WP10
[INFO] [1787159019.344610084] [fsm_executor]: TRANSITION: NAV_10_WP10 --[TASK_COMPLETED]--> NAV_11_WP11
[INFO] [1787159019.349883205] [fsm_executor]: STATE: NAV_11_WP11 | ACTION: NAVIGATE -> WP11
[INFO] [1787159019.442966118] [fsm_executor]: EVENT: TASK_COMPLETED in NAV_11_WP11
[INFO] [1787159019.447495624] [fsm_executor]: TRANSITION: NAV_11_WP11 --[TASK_COMPLETED]--> NAV_12_WP12
[INFO] [1787159019.451889465] [fsm_executor]: STATE: NAV_12_WP12 | ACTION: NAVIGATE -> WP12
[INFO] [1787159019.542031976] [fsm_executor]: EVENT: TASK_COMPLETED in NAV_12_WP12
[INFO] [1787159019.545067389] [fsm_executor]: TRANSITION: NAV_12_WP12 --[TASK_COMPLETED]--> NAV_13_WP13
[INFO] [1787159019.548492787] [fsm_executor]: STATE: NAV_13_WP13 | ACTION: NAVIGATE -> WP13
[INFO] [1787159019.643158101] [fsm_executor]: EVENT: TASK_COMPLETED in NAV_13_WP13
[INFO] [1787159019.648098179] [fsm_executor]: TRANSITION: NAV_13_WP13 --[TASK_COMPLETED]--> NAV_14_WP14
[INFO] [1787159019.651965080] [fsm_executor]: STATE: NAV_14_WP14 | ACTION: NAVIGATE -> WP14
[INFO] [1787159019.741358606] [fsm_executor]: EVENT: TASK_COMPLETED in NAV_14_WP14
[INFO] [1787159019.744390659] [fsm_executor]: TRANSITION: NAV_14_WP14 --[TASK_COMPLETED]--> NAV_15_WP15
[INFO] [1787159019.747607031] [fsm_executor]: STATE: NAV_15_WP15 | ACTION: NAVIGATE -> WP15
[INFO] [1787159019.843910544] [fsm_executor]: EVENT: TASK_COMPLETED in NAV_15_WP15
[INFO] [1787159019.846047868] [fsm_executor]: TRANSITION: NAV_15_WP15 --[TASK_COMPLETED]--> NAV_16_WP16
[INFO] [1787159019.850052616] [fsm_executor]: STATE: NAV_16_WP16 | ACTION: NAVIGATE -> WP16
[INFO] [1787159019.941189331] [fsm_executor]: EVENT: TASK_COMPLETED in NAV_16_WP16
[INFO] [1787159019.944334265] [fsm_executor]: TRANSITION: NAV_16_WP16 --[TASK_COMPLETED]--> NAV_17_WP17
[INFO] [1787159019.947874129] [fsm_executor]: STATE: NAV_17_WP17 | ACTION: NAVIGATE -> WP17
[INFO] [1787159020.048285191] [fsm_executor]: EVENT: TASK_COMPLETED in NAV_17_WP17
[INFO] [1787159020.068547142] [fsm_executor]: TRANSITION: NAV_17_WP17 --[TASK_COMPLETED]--> NAV_18_WP18
[INFO] [1787159020.081361976] [fsm_executor]: STATE: NAV_18_WP18 | ACTION: NAVIGATE -> WP18
[INFO] [1787159020.142649525] [fsm_executor]: EVENT: TASK_COMPLETED in NAV_18_WP18
[INFO] [1787159020.146268459] [fsm_executor]: TRANSITION: NAV_18_WP18 --[TASK_COMPLETED]--> NAV_19_WP19
[INFO] [1787159020.149883419] [fsm_executor]: STATE: NAV_19_WP19 | ACTION: NAVIGATE -> WP19
[INFO] [1787159020.239542592] [fsm_executor]: EVENT: TASK_COMPLETED in NAV_19_WP19
[INFO] [1787159020.245886403] [fsm_executor]: TRANSITION: NAV_19_WP19 --[TASK_COMPLETED]--> NAV_20_WP20
[INFO] [1787159020.247156804] [fsm_executor]: STATE: NAV_20_WP20 | ACTION: NAVIGATE -> WP20
[INFO] [1787159020.338144709] [fsm_executor]: EVENT: TASK_COMPLETED in NAV_20_WP20
[INFO] [1787159020.339055740] [fsm_executor]: TRANSITION: NAV_20_WP20 --[TASK_COMPLETED]--> NAV_21_WP21
[INFO] [1787159020.340209128] [fsm_executor]: STATE: NAV_21_WP21 | ACTION: NAVIGATE -> WP21
[INFO] [1787159020.438661504] [fsm_executor]: EVENT: TASK_COMPLETED in NAV_21_WP21
[INFO] [1787159020.439577286] [fsm_executor]: TRANSITION: NAV_21_WP21 --[TASK_COMPLETED]--> NAV_22_WP22
[INFO] [1787159020.440614610] [fsm_executor]: STATE: NAV_22_WP22 | ACTION: NAVIGATE -> WP22
[INFO] [1787159020.538060371] [fsm_executor]: EVENT: TASK_COMPLETED in NAV_22_WP22
[INFO] [1787159020.538936315] [fsm_executor]: TRANSITION: NAV_22_WP22 --[TASK_COMPLETED]--> NAV_23_WP23
[INFO] [1787159020.540024775] [fsm_executor]: STATE: NAV_23_WP23 | ACTION: NAVIGATE -> WP23
[INFO] [1787159020.638899164] [fsm_executor]: EVENT: TASK_COMPLETED in NAV_23_WP23
[INFO] [1787159020.639807282] [fsm_executor]: TRANSITION: NAV_23_WP23 --[TASK_COMPLETED]--> NAV_24_WP24
[INFO] [1787159020.640846974] [fsm_executor]: STATE: NAV_24_WP24 | ACTION: NAVIGATE -> WP24
[INFO] [1787159020.738105313] [fsm_executor]: EVENT: TASK_COMPLETED in NAV_24_WP24
[INFO] [1787159020.739379790] [fsm_executor]: TRANSITION: NAV_24_WP24 --[TASK_COMPLETED]--> NAV_25_WP25
[INFO] [1787159020.740536254] [fsm_executor]: STATE: NAV_25_WP25 | ACTION: NAVIGATE -> WP25
[INFO] [1787159020.838762470] [fsm_executor]: EVENT: TASK_COMPLETED in NAV_25_WP25
[INFO] [1787159020.839701261] [fsm_executor]: TRANSITION: NAV_25_WP25 --[TASK_COMPLETED]--> NAV_26_WP26
[INFO] [1787159020.840805575] [fsm_executor]: STATE: NAV_26_WP26 | ACTION: NAVIGATE -> WP26
[INFO] [1787159020.938138537] [fsm_executor]: EVENT: TASK_COMPLETED in NAV_26_WP26
[INFO] [1787159020.939039746] [fsm_executor]: TRANSITION: NAV_26_WP26 --[TASK_COMPLETED]--> NAV_27_WP27
[INFO] [1787159020.940130327] [fsm_executor]: STATE: NAV_27_WP27 | ACTION: NAVIGATE -> WP27
[INFO] [1787159021.039075334] [fsm_executor]: EVENT: TASK_COMPLETED in NAV_27_WP27
[INFO] [1787159021.040904961] [fsm_executor]: TRANSITION: NAV_27_WP27 --[TASK_COMPLETED]--> NAV_28_WP28
[INFO] [1787159021.042729093] [fsm_executor]: STATE: NAV_28_WP28 | ACTION: NAVIGATE -> WP28
[INFO] [1787159021.140734433] [fsm_executor]: EVENT: TASK_COMPLETED in NAV_28_WP28
[INFO] [1787159021.142935680] [fsm_executor]: TRANSITION: NAV_28_WP28 --[TASK_COMPLETED]--> NAV_29_WP29
[INFO] [1787159021.144991953] [fsm_executor]: STATE: NAV_29_WP29 | ACTION: NAVIGATE -> WP29
[INFO] [1787159021.242017455] [fsm_executor]: EVENT: TASK_COMPLETED in NAV_29_WP29
[INFO] [1787159021.245039575] [fsm_executor]: TRANSITION: NAV_29_WP29 --[TASK_COMPLETED]--> NAV_30_WP30
[INFO] [1787159021.248489564] [fsm_executor]: STATE: NAV_30_WP30 | ACTION: NAVIGATE -> WP30
[INFO] [1787159021.341242602] [fsm_executor]: EVENT: TASK_COMPLETED in NAV_30_WP30
[INFO] [1787159021.346793944] [fsm_executor]: TRANSITION: NAV_30_WP30 --[TASK_COMPLETED]--> NAV_31_WP31
[INFO] [1787159021.350201383] [fsm_executor]: STATE: NAV_31_WP31 | ACTION: NAVIGATE -> WP31
[INFO] [1787159021.441119812] [fsm_executor]: EVENT: TASK_COMPLETED in NAV_31_WP31
[INFO] [1787159021.442917668] [fsm_executor]: TRANSITION: NAV_31_WP31 --[TASK_COMPLETED]--> NAV_32_WP32
[INFO] [1787159021.444928995] [fsm_executor]: STATE: NAV_32_WP32 | ACTION: NAVIGATE -> WP32
[INFO] [1787159021.541463704] [fsm_executor]: EVENT: TASK_COMPLETED in NAV_32_WP32
[INFO] [1787159021.544417040] [fsm_executor]: TRANSITION: NAV_32_WP32 --[TASK_COMPLETED]--> NAV_33_WP33
[INFO] [1787159021.547602249] [fsm_executor]: STATE: NAV_33_WP33 | ACTION: NAVIGATE -> WP33
[INFO] [1787159021.641139875] [fsm_executor]: EVENT: TASK_COMPLETED in NAV_33_WP33
[INFO] [1787159021.647769493] [fsm_executor]: TRANSITION: NAV_33_WP33 --[TASK_COMPLETED]--> NAV_34_WP34
[INFO] [1787159021.653423826] [fsm_executor]: STATE: NAV_34_WP34 | ACTION: NAVIGATE -> WP34
[INFO] [1787159021.742747627] [fsm_executor]: EVENT: TASK_COMPLETED in NAV_34_WP34
[INFO] [1787159021.744517593] [fsm_executor]: TRANSITION: NAV_34_WP34 --[TASK_COMPLETED]--> NAV_35_WP35
[INFO] [1787159021.746430841] [fsm_executor]: STATE: NAV_35_WP35 | ACTION: NAVIGATE -> WP35
[INFO] [1787159021.841538190] [fsm_executor]: EVENT: TASK_COMPLETED in NAV_35_WP35
[INFO] [1787159021.844556500] [fsm_executor]: TRANSITION: NAV_35_WP35 --[TASK_COMPLETED]--> NAV_36_WP36
[INFO] [1787159021.848098846] [fsm_executor]: STATE: NAV_36_WP36 | ACTION: NAVIGATE -> WP36
[INFO] [1787159021.944146873] [fsm_executor]: EVENT: TASK_COMPLETED in NAV_36_WP36
[INFO] [1787159021.947344539] [fsm_executor]: TRANSITION: NAV_36_WP36 --[TASK_COMPLETED]--> NAV_37_WP37
[INFO] [1787159021.951525837] [fsm_executor]: STATE: NAV_37_WP37 | ACTION: NAVIGATE -> WP37
[INFO] [1787159022.041287619] [fsm_executor]: EVENT: TASK_COMPLETED in NAV_37_WP37
[INFO] [1787159022.044330400] [fsm_executor]: TRANSITION: NAV_37_WP37 --[TASK_COMPLETED]--> NAV_38_WP38
[INFO] [1787159022.048146835] [fsm_executor]: STATE: NAV_38_WP38 | ACTION: NAVIGATE -> WP38
[INFO] [1787159022.141072843] [fsm_executor]: EVENT: TASK_COMPLETED in NAV_38_WP38
[INFO] [1787159022.144094871] [fsm_executor]: TRANSITION: NAV_38_WP38 --[TASK_COMPLETED]--> NAV_39_WP39
[INFO] [1787159022.148606983] [fsm_executor]: STATE: NAV_39_WP39 | ACTION: NAVIGATE -> WP39
[INFO] [1787159022.240792088] [fsm_executor]: EVENT: TASK_COMPLETED in NAV_39_WP39
[INFO] [1787159022.243996479] [fsm_executor]: TRANSITION: NAV_39_WP39 --[TASK_COMPLETED]--> NAV_40_WP40
[INFO] [1787159022.245997038] [fsm_executor]: STATE: NAV_40_WP40 | ACTION: NAVIGATE -> WP40
[INFO] [1787159022.342348268] [fsm_executor]: EVENT: TASK_COMPLETED in NAV_40_WP40
[INFO] [1787159022.344117354] [fsm_executor]: TRANSITION: NAV_40_WP40 --[TASK_COMPLETED]--> NAV_41_WP41
[INFO] [1787159022.347090780] [fsm_executor]: STATE: NAV_41_WP41 | ACTION: NAVIGATE -> WP41
[INFO] [1787159022.444964848] [fsm_executor]: EVENT: TASK_COMPLETED in NAV_41_WP41
[INFO] [1787159022.448052365] [fsm_executor]: TRANSITION: NAV_41_WP41 --[TASK_COMPLETED]--> NAV_42_WP42
[INFO] [1787159022.451696667] [fsm_executor]: STATE: NAV_42_WP42 | ACTION: NAVIGATE -> WP42
[INFO] [1787159022.541871472] [fsm_executor]: EVENT: TASK_COMPLETED in NAV_42_WP42
[INFO] [1787159022.544878578] [fsm_executor]: TRANSITION: NAV_42_WP42 --[TASK_COMPLETED]--> NAV_43_WP43
[INFO] [1787159022.548159411] [fsm_executor]: STATE: NAV_43_WP43 | ACTION: NAVIGATE -> WP43
[INFO] [1787159022.641253095] [fsm_executor]: EVENT: TASK_COMPLETED in NAV_43_WP43
[INFO] [1787159022.643193969] [fsm_executor]: TRANSITION: NAV_43_WP43 --[TASK_COMPLETED]--> NAV_44_WP44
[INFO] [1787159022.645139000] [fsm_executor]: STATE: NAV_44_WP44 | ACTION: NAVIGATE -> WP44
[INFO] [1787159022.741962435] [fsm_executor]: EVENT: TASK_COMPLETED in NAV_44_WP44
[INFO] [1787159022.745007722] [fsm_executor]: TRANSITION: NAV_44_WP44 --[TASK_COMPLETED]--> NAV_45_WP45
[INFO] [1787159022.748641009] [fsm_executor]: STATE: NAV_45_WP45 | ACTION: NAVIGATE -> WP45
[INFO] [1787159022.841163420] [fsm_executor]: EVENT: TASK_COMPLETED in NAV_45_WP45
[INFO] [1787159022.845225900] [fsm_executor]: TRANSITION: NAV_45_WP45 --[TASK_COMPLETED]--> NAV_46_WP46
[INFO] [1787159022.848509825] [fsm_executor]: STATE: NAV_46_WP46 | ACTION: NAVIGATE -> WP46
[INFO] [1787159022.941727921] [fsm_executor]: EVENT: TASK_COMPLETED in NAV_46_WP46
[INFO] [1787159022.946094077] [fsm_executor]: TRANSITION: NAV_46_WP46 --[TASK_COMPLETED]--> NAV_47_WP47
[INFO] [1787159022.949738783] [fsm_executor]: STATE: NAV_47_WP47 | ACTION: NAVIGATE -> WP47
[INFO] [1787159023.041077421] [fsm_executor]: EVENT: TASK_COMPLETED in NAV_47_WP47
[INFO] [1787159023.043072520] [fsm_executor]: TRANSITION: NAV_47_WP47 --[TASK_COMPLETED]--> NAV_48_WP48
[INFO] [1787159023.045033345] [fsm_executor]: STATE: NAV_48_WP48 | ACTION: NAVIGATE -> WP48
[INFO] [1787159023.142330682] [fsm_executor]: EVENT: TASK_COMPLETED in NAV_48_WP48
[INFO] [1787159023.145392776] [fsm_executor]: TRANSITION: NAV_48_WP48 --[TASK_COMPLETED]--> NAV_49_WP49
[INFO] [1787159023.148701596] [fsm_executor]: STATE: NAV_49_WP49 | ACTION: NAVIGATE -> WP49
[INFO] [1787159023.240744567] [fsm_executor]: EVENT: TASK_COMPLETED in NAV_49_WP49
[INFO] [1787159023.242392519] [fsm_executor]: TRANSITION: NAV_49_WP49 --[TASK_COMPLETED]--> NAV_50_WP50
[INFO] [1787159023.244036999] [fsm_executor]: STATE: NAV_50_WP50 | ACTION: NAVIGATE -> WP50
[INFO] [1787159023.340463336] [fsm_executor]: EVENT: TASK_COMPLETED in NAV_50_WP50
[INFO] [1787159023.343102193] [fsm_executor]: TRANSITION: NAV_50_WP50 --[TASK_COMPLETED]--> NAV_51_WP51
[INFO] [1787159023.346334479] [fsm_executor]: STATE: NAV_51_WP51 | ACTION: NAVIGATE -> WP51
[INFO] [1787159023.440780335] [fsm_executor]: EVENT: TASK_COMPLETED in NAV_51_WP51
[INFO] [1787159023.442554616] [fsm_executor]: TRANSITION: NAV_51_WP51 --[TASK_COMPLETED]--> NAV_52_WP52
[INFO] [1787159023.444429288] [fsm_executor]: STATE: NAV_52_WP52 | ACTION: NAVIGATE -> WP52
[INFO] [1787159023.541713087] [fsm_executor]: EVENT: TASK_COMPLETED in NAV_52_WP52
[INFO] [1787159023.543471888] [fsm_executor]: TRANSITION: NAV_52_WP52 --[TASK_COMPLETED]--> NAV_53_WP53
[INFO] [1787159023.545348920] [fsm_executor]: STATE: NAV_53_WP53 | ACTION: NAVIGATE -> WP53
[INFO] [1787159023.643946121] [fsm_executor]: EVENT: TASK_COMPLETED in NAV_53_WP53
[INFO] [1787159023.646991833] [fsm_executor]: TRANSITION: NAV_53_WP53 --[TASK_COMPLETED]--> NAV_54_WP54
[INFO] [1787159023.650508115] [fsm_executor]: STATE: NAV_54_WP54 | ACTION: NAVIGATE -> WP54
[INFO] [1787159023.742545439] [fsm_executor]: EVENT: TASK_COMPLETED in NAV_54_WP54
[INFO] [1787159023.745613294] [fsm_executor]: TRANSITION: NAV_54_WP54 --[TASK_COMPLETED]--> NAV_55_WP55
[INFO] [1787159023.748837893] [fsm_executor]: STATE: NAV_55_WP55 | ACTION: NAVIGATE -> WP55
[INFO] [1787159023.840675481] [fsm_executor]: EVENT: TASK_COMPLETED in NAV_55_WP55
[INFO] [1787159023.842629642] [fsm_executor]: TRANSITION: NAV_55_WP55 --[TASK_COMPLETED]--> NAV_56_WP56
[INFO] [1787159023.844112997] [fsm_executor]: STATE: NAV_56_WP56 | ACTION: NAVIGATE -> WP56
[INFO] [1787159023.942517688] [fsm_executor]: EVENT: TASK_COMPLETED in NAV_56_WP56
[INFO] [1787159023.945596653] [fsm_executor]: TRANSITION: NAV_56_WP56 --[TASK_COMPLETED]--> NAV_57_WP57
[INFO] [1787159023.949498077] [fsm_executor]: STATE: NAV_57_WP57 | ACTION: NAVIGATE -> WP57
[INFO] [1787159024.041103401] [fsm_executor]: EVENT: TASK_COMPLETED in NAV_57_WP57
[INFO] [1787159024.043254145] [fsm_executor]: TRANSITION: NAV_57_WP57 --[TASK_COMPLETED]--> NAV_58_WP58
[INFO] [1787159024.045127678] [fsm_executor]: STATE: NAV_58_WP58 | ACTION: NAVIGATE -> WP58
[INFO] [1787159024.142635412] [fsm_executor]: EVENT: TASK_COMPLETED in NAV_58_WP58
[INFO] [1787159024.144414217] [fsm_executor]: TRANSITION: NAV_58_WP58 --[TASK_COMPLETED]--> NAV_59_WP59
[INFO] [1787159024.147278947] [fsm_executor]: STATE: NAV_59_WP59 | ACTION: NAVIGATE -> WP59
[INFO] [1787159024.241228874] [fsm_executor]: EVENT: TASK_COMPLETED in NAV_59_WP59
[INFO] [1787159024.242994629] [fsm_executor]: TRANSITION: NAV_59_WP59 --[TASK_COMPLETED]--> NAV_60_WP60
[INFO] [1787159024.244877558] [fsm_executor]: STATE: NAV_60_WP60 | ACTION: NAVIGATE -> WP60
[INFO] [1787159024.342346591] [fsm_executor]: EVENT: TASK_COMPLETED in NAV_60_WP60
[INFO] [1787159024.345438778] [fsm_executor]: TRANSITION: NAV_60_WP60 --[TASK_COMPLETED]--> NAV_61_WP61
[INFO] [1787159024.348678528] [fsm_executor]: STATE: NAV_61_WP61 | ACTION: NAVIGATE -> WP61
[INFO] [1787159024.441951259] [fsm_executor]: EVENT: TASK_COMPLETED in NAV_61_WP61
[INFO] [1787159024.443781389] [fsm_executor]: TRANSITION: NAV_61_WP61 --[TASK_COMPLETED]--> NAV_62_WP62
[INFO] [1787159024.446126105] [fsm_executor]: STATE: NAV_62_WP62 | ACTION: NAVIGATE -> WP62
[INFO] [1787159024.541582956] [fsm_executor]: EVENT: TASK_COMPLETED in NAV_62_WP62
[INFO] [1787159024.544682853] [fsm_executor]: TRANSITION: NAV_62_WP62 --[TASK_COMPLETED]--> NAV_63_WP63
[INFO] [1787159024.547980547] [fsm_executor]: STATE: NAV_63_WP63 | ACTION: NAVIGATE -> WP63
[INFO] [1787159024.641631484] [fsm_executor]: EVENT: TASK_COMPLETED in NAV_63_WP63
[INFO] [1787159024.644962253] [fsm_executor]: TRANSITION: NAV_63_WP63 --[TASK_COMPLETED]--> NAV_64_WP64
[INFO] [1787159024.648123518] [fsm_executor]: STATE: NAV_64_WP64 | ACTION: NAVIGATE -> WP64
[INFO] [1787159024.741376071] [fsm_executor]: EVENT: TASK_COMPLETED in NAV_64_WP64
[INFO] [1787159024.744416288] [fsm_executor]: TRANSITION: NAV_64_WP64 --[TASK_COMPLETED]--> NAV_65_WP65
[INFO] [1787159024.747701553] [fsm_executor]: STATE: NAV_65_WP65 | ACTION: NAVIGATE -> WP65
[INFO] [1787159024.842811204] [fsm_executor]: EVENT: TASK_COMPLETED in NAV_65_WP65
[INFO] [1787159024.846261229] [fsm_executor]: TRANSITION: NAV_65_WP65 --[TASK_COMPLETED]--> NAV_66_WP66
[INFO] [1787159024.848987914] [fsm_executor]: STATE: NAV_66_WP66 | ACTION: NAVIGATE -> WP66
[INFO] [1787159024.943034205] [fsm_executor]: EVENT: TASK_COMPLETED in NAV_66_WP66
[INFO] [1787159024.946634120] [fsm_executor]: TRANSITION: NAV_66_WP66 --[TASK_COMPLETED]--> NAV_67_WP67
[INFO] [1787159024.950319853] [fsm_executor]: STATE: NAV_67_WP67 | ACTION: NAVIGATE -> WP67
[INFO] [1787159025.041138847] [fsm_executor]: EVENT: TASK_COMPLETED in NAV_67_WP67
[INFO] [1787159025.044288797] [fsm_executor]: TRANSITION: NAV_67_WP67 --[TASK_COMPLETED]--> NAV_68_WP68
[INFO] [1787159025.046743925] [fsm_executor]: STATE: NAV_68_WP68 | ACTION: NAVIGATE -> WP68
[INFO] [1787159025.144912424] [fsm_executor]: EVENT: TASK_COMPLETED in NAV_68_WP68
[INFO] [1787159025.147967150] [fsm_executor]: TRANSITION: NAV_68_WP68 --[TASK_COMPLETED]--> NAV_69_WP69
[INFO] [1787159025.151217564] [fsm_executor]: STATE: NAV_69_WP69 | ACTION: NAVIGATE -> WP69
[INFO] [1787159025.242036587] [fsm_executor]: EVENT: TASK_COMPLETED in NAV_69_WP69
[INFO] [1787159025.244199826] [fsm_executor]: TRANSITION: NAV_69_WP69 --[TASK_COMPLETED]--> NAV_70_WP70
[INFO] [1787159025.246139074] [fsm_executor]: STATE: NAV_70_WP70 | ACTION: NAVIGATE -> WP70
[INFO] [1787159025.342551831] [fsm_executor]: EVENT: TASK_COMPLETED in NAV_70_WP70
[INFO] [1787159025.345861354] [fsm_executor]: TRANSITION: NAV_70_WP70 --[TASK_COMPLETED]--> NAV_71_WP71
[INFO] [1787159025.349411363] [fsm_executor]: STATE: NAV_71_WP71 | ACTION: NAVIGATE -> WP71
[INFO] [1787159025.441174320] [fsm_executor]: EVENT: TASK_COMPLETED in NAV_71_WP71
[INFO] [1787159025.445590639] [fsm_executor]: TRANSITION: NAV_71_WP71 --[TASK_COMPLETED]--> NAV_72_WP72
[INFO] [1787159025.449240885] [fsm_executor]: STATE: NAV_72_WP72 | ACTION: NAVIGATE -> WP72
[INFO] [1787159025.541887347] [fsm_executor]: EVENT: TASK_COMPLETED in NAV_72_WP72
[INFO] [1787159025.545190652] [fsm_executor]: TRANSITION: NAV_72_WP72 --[TASK_COMPLETED]--> NAV_73_WP73
[INFO] [1787159025.549268326] [fsm_executor]: STATE: NAV_73_WP73 | ACTION: NAVIGATE -> WP73
[INFO] [1787159025.641162147] [fsm_executor]: EVENT: TASK_COMPLETED in NAV_73_WP73
[INFO] [1787159025.645134783] [fsm_executor]: TRANSITION: NAV_73_WP73 --[TASK_COMPLETED]--> NAV_74_WP74
[INFO] [1787159025.649021584] [fsm_executor]: STATE: NAV_74_WP74 | ACTION: NAVIGATE -> WP74
[INFO] [1787159025.741731691] [fsm_executor]: EVENT: TASK_COMPLETED in NAV_74_WP74
[INFO] [1787159025.745899394] [fsm_executor]: TRANSITION: NAV_74_WP74 --[TASK_COMPLETED]--> NAV_75_WP75
[INFO] [1787159025.749433823] [fsm_executor]: STATE: NAV_75_WP75 | ACTION: NAVIGATE -> WP75
[INFO] [1787159025.841185573] [fsm_executor]: EVENT: TASK_COMPLETED in NAV_75_WP75
[INFO] [1787159025.844626309] [fsm_executor]: TRANSITION: NAV_75_WP75 --[TASK_COMPLETED]--> NAV_76_WP76
[INFO] [1787159025.848472329] [fsm_executor]: STATE: NAV_76_WP76 | ACTION: NAVIGATE -> WP76
[INFO] [1787159025.944358464] [fsm_executor]: EVENT: TASK_COMPLETED in NAV_76_WP76
[INFO] [1787159025.948430479] [fsm_executor]: TRANSITION: NAV_76_WP76 --[TASK_COMPLETED]--> NAV_77_WP77
[INFO] [1787159025.951649501] [fsm_executor]: STATE: NAV_77_WP77 | ACTION: NAVIGATE -> WP77
[INFO] [1787159026.041425811] [fsm_executor]: EVENT: TASK_COMPLETED in NAV_77_WP77
[INFO] [1787159026.043967906] [fsm_executor]: TRANSITION: NAV_77_WP77 --[TASK_COMPLETED]--> NAV_78_WP78
[INFO] [1787159026.045977824] [fsm_executor]: STATE: NAV_78_WP78 | ACTION: NAVIGATE -> WP78
[INFO] [1787159026.141169332] [fsm_executor]: EVENT: TASK_COMPLETED in NAV_78_WP78
[INFO] [1787159026.143519594] [fsm_executor]: TRANSITION: NAV_78_WP78 --[TASK_COMPLETED]--> NAV_79_WP79
[INFO] [1787159026.147216931] [fsm_executor]: STATE: NAV_79_WP79 | ACTION: NAVIGATE -> WP79
[INFO] [1787159026.241283292] [fsm_executor]: EVENT: TASK_COMPLETED in NAV_79_WP79
[INFO] [1787159026.247112877] [fsm_executor]: TRANSITION: NAV_79_WP79 --[TASK_COMPLETED]--> NAV_80_WP80
[INFO] [1787159026.249919931] [fsm_executor]: STATE: NAV_80_WP80 | ACTION: NAVIGATE -> WP80
[INFO] [1787159026.341834907] [fsm_executor]: EVENT: TASK_COMPLETED in NAV_80_WP80
[INFO] [1787159026.347897960] [fsm_executor]: TRANSITION: NAV_80_WP80 --[TASK_COMPLETED]--> NAV_81_WP81
[INFO] [1787159026.349853279] [fsm_executor]: STATE: NAV_81_WP81 | ACTION: NAVIGATE -> WP81
[INFO] [1787159026.444428312] [fsm_executor]: EVENT: TASK_COMPLETED in NAV_81_WP81
[INFO] [1787159026.448554245] [fsm_executor]: TRANSITION: NAV_81_WP81 --[TASK_COMPLETED]--> NAV_82_WP82
[INFO] [1787159026.450606125] [fsm_executor]: STATE: NAV_82_WP82 | ACTION: NAVIGATE -> WP82
[INFO] [1787159026.541895144] [fsm_executor]: EVENT: TASK_COMPLETED in NAV_82_WP82
[INFO] [1787159026.544935160] [fsm_executor]: TRANSITION: NAV_82_WP82 --[TASK_COMPLETED]--> NAV_83_WP83
[INFO] [1787159026.548791756] [fsm_executor]: STATE: NAV_83_WP83 | ACTION: NAVIGATE -> WP83
[INFO] [1787159026.641066005] [fsm_executor]: EVENT: TASK_COMPLETED in NAV_83_WP83
[INFO] [1787159026.642854491] [fsm_executor]: TRANSITION: NAV_83_WP83 --[TASK_COMPLETED]--> NAV_84_WP84
[INFO] [1787159026.644906742] [fsm_executor]: STATE: NAV_84_WP84 | ACTION: NAVIGATE -> WP84
[INFO] [1787159026.741777771] [fsm_executor]: EVENT: TASK_COMPLETED in NAV_84_WP84
[INFO] [1787159026.744851866] [fsm_executor]: TRANSITION: NAV_84_WP84 --[TASK_COMPLETED]--> NAV_85_WP85
[INFO] [1787159026.748678619] [fsm_executor]: STATE: NAV_85_WP85 | ACTION: NAVIGATE -> WP85
[INFO] [1787159026.843218362] [fsm_executor]: EVENT: TASK_COMPLETED in NAV_85_WP85
[INFO] [1787159026.848014320] [fsm_executor]: TRANSITION: NAV_85_WP85 --[TASK_COMPLETED]--> NAV_86_WP86
[INFO] [1787159026.851838055] [fsm_executor]: STATE: NAV_86_WP86 | ACTION: NAVIGATE -> WP86
[INFO] [1787159026.945859428] [fsm_executor]: EVENT: TASK_COMPLETED in NAV_86_WP86
[INFO] [1787159026.949333340] [fsm_executor]: TRANSITION: NAV_86_WP86 --[TASK_COMPLETED]--> NAV_87_WP87
[INFO] [1787159026.953877056] [fsm_executor]: STATE: NAV_87_WP87 | ACTION: NAVIGATE -> WP87
[INFO] [1787159027.047224152] [fsm_executor]: EVENT: TASK_COMPLETED in NAV_87_WP87
[INFO] [1787159027.049891709] [fsm_executor]: TRANSITION: NAV_87_WP87 --[TASK_COMPLETED]--> NAV_88_WP88
[INFO] [1787159027.052475834] [fsm_executor]: STATE: NAV_88_WP88 | ACTION: NAVIGATE -> WP88
[INFO] [1787159027.144117677] [fsm_executor]: EVENT: TASK_COMPLETED in NAV_88_WP88
[INFO] [1787159027.146049912] [fsm_executor]: TRANSITION: NAV_88_WP88 --[TASK_COMPLETED]--> NAV_89_WP89
[INFO] [1787159027.147512629] [fsm_executor]: STATE: NAV_89_WP89 | ACTION: NAVIGATE -> WP89
[INFO] [1787159027.243629921] [fsm_executor]: EVENT: TASK_COMPLETED in NAV_89_WP89
[INFO] [1787159027.246047950] [fsm_executor]: TRANSITION: NAV_89_WP89 --[TASK_COMPLETED]--> NAV_90_WP90
[INFO] [1787159027.247938773] [fsm_executor]: STATE: NAV_90_WP90 | ACTION: NAVIGATE -> WP90
[INFO] [1787159027.342084666] [fsm_executor]: EVENT: TASK_COMPLETED in NAV_90_WP90
[INFO] [1787159027.344601597] [fsm_executor]: TRANSITION: NAV_90_WP90 --[TASK_COMPLETED]--> NAV_91_WP91
[INFO] [1787159027.346942716] [fsm_executor]: STATE: NAV_91_WP91 | ACTION: NAVIGATE -> WP91
[INFO] [1787159027.440043594] [fsm_executor]: EVENT: TASK_COMPLETED in NAV_91_WP91
[INFO] [1787159027.445715396] [fsm_executor]: TRANSITION: NAV_91_WP91 --[TASK_COMPLETED]--> NAV_92_WP92
[INFO] [1787159027.448778479] [fsm_executor]: STATE: NAV_92_WP92 | ACTION: NAVIGATE -> WP92
[INFO] [1787159027.540941912] [fsm_executor]: EVENT: TASK_COMPLETED in NAV_92_WP92
[INFO] [1787159027.544085575] [fsm_executor]: TRANSITION: NAV_92_WP92 --[TASK_COMPLETED]--> NAV_93_WP93
[INFO] [1787159027.547377235] [fsm_executor]: STATE: NAV_93_WP93 | ACTION: NAVIGATE -> WP93
[INFO] [1787159027.643022306] [fsm_executor]: EVENT: TASK_COMPLETED in NAV_93_WP93
[INFO] [1787159027.645562255] [fsm_executor]: TRANSITION: NAV_93_WP93 --[TASK_COMPLETED]--> NAV_94_WP94
[INFO] [1787159027.647495413] [fsm_executor]: STATE: NAV_94_WP94 | ACTION: NAVIGATE -> WP94
[INFO] [1787159027.741688479] [fsm_executor]: EVENT: TASK_COMPLETED in NAV_94_WP94
[INFO] [1787159027.744209941] [fsm_executor]: TRANSITION: NAV_94_WP94 --[TASK_COMPLETED]--> NAV_95_WP95
[INFO] [1787159027.746640981] [fsm_executor]: STATE: NAV_95_WP95 | ACTION: NAVIGATE -> WP95
[INFO] [1787159027.842038972] [fsm_executor]: EVENT: TASK_COMPLETED in NAV_95_WP95
[INFO] [1787159027.845939504] [fsm_executor]: TRANSITION: NAV_95_WP95 --[TASK_COMPLETED]--> NAV_96_WP96
[INFO] [1787159027.850277718] [fsm_executor]: STATE: NAV_96_WP96 | ACTION: NAVIGATE -> WP96
[INFO] [1787159027.941149703] [fsm_executor]: EVENT: TASK_COMPLETED in NAV_96_WP96
[INFO] [1787159027.945288159] [fsm_executor]: TRANSITION: NAV_96_WP96 --[TASK_COMPLETED]--> NAV_97_WP97
[INFO] [1787159027.947972183] [fsm_executor]: STATE: NAV_97_WP97 | ACTION: NAVIGATE -> WP97
[INFO] [1787159028.041195484] [fsm_executor]: EVENT: TASK_COMPLETED in NAV_97_WP97
[INFO] [1787159028.043959441] [fsm_executor]: TRANSITION: NAV_97_WP97 --[TASK_COMPLETED]--> NAV_98_WP98
[INFO] [1787159028.047724487] [fsm_executor]: STATE: NAV_98_WP98 | ACTION: NAVIGATE -> WP98
[INFO] [1787159028.143103776] [fsm_executor]: EVENT: TASK_COMPLETED in NAV_98_WP98
[INFO] [1787159028.145235374] [fsm_executor]: TRANSITION: NAV_98_WP98 --[TASK_COMPLETED]--> NAV_99_WP99
[INFO] [1787159028.147158211] [fsm_executor]: STATE: NAV_99_WP99 | ACTION: NAVIGATE -> WP99
[INFO] [1787159028.242096731] [fsm_executor]: EVENT: TASK_COMPLETED in NAV_99_WP99
[INFO] [1787159028.246615169] [fsm_executor]: TRANSITION: NAV_99_WP99 --[TASK_COMPLETED]--> NAV_100_WP100
[INFO] [1787159028.250058886] [fsm_executor]: STATE: NAV_100_WP100 | ACTION: NAVIGATE -> WP100
[INFO] [1787159028.342050010] [fsm_executor]: EVENT: TASK_COMPLETED in NAV_100_WP100
[INFO] [1787159028.345252744] [fsm_executor]: TRANSITION: NAV_100_WP100 --[TASK_COMPLETED]--> NAV_101_WP99
[INFO] [1787159028.348591635] [fsm_executor]: STATE: NAV_101_WP99 | ACTION: NAVIGATE -> WP99
[INFO] [1787159028.441200969] [fsm_executor]: EVENT: TASK_COMPLETED in NAV_101_WP99
[INFO] [1787159028.445186099] [fsm_executor]: TRANSITION: NAV_101_WP99 --[TASK_COMPLETED]--> NAV_102_WP98
[INFO] [1787159028.449105142] [fsm_executor]: STATE: NAV_102_WP98 | ACTION: NAVIGATE -> WP98
[INFO] [1787159028.541791319] [fsm_executor]: EVENT: TASK_COMPLETED in NAV_102_WP98
[INFO] [1787159028.544583475] [fsm_executor]: TRANSITION: NAV_102_WP98 --[TASK_COMPLETED]--> NAV_103_WP97
[INFO] [1787159028.547118772] [fsm_executor]: STATE: NAV_103_WP97 | ACTION: NAVIGATE -> WP97
[INFO] [1787159028.641783060] [fsm_executor]: EVENT: TASK_COMPLETED in NAV_103_WP97
[INFO] [1787159028.644724949] [fsm_executor]: TRANSITION: NAV_103_WP97 --[TASK_COMPLETED]--> NAV_104_WP96
[INFO] [1787159028.647734188] [fsm_executor]: STATE: NAV_104_WP96 | ACTION: NAVIGATE -> WP96
[INFO] [1787159028.738855789] [fsm_executor]: EVENT: TASK_COMPLETED in NAV_104_WP96
[INFO] [1787159028.740242235] [fsm_executor]: TRANSITION: NAV_104_WP96 --[TASK_COMPLETED]--> NAV_105_WP95
[INFO] [1787159028.743024014] [fsm_executor]: STATE: NAV_105_WP95 | ACTION: NAVIGATE -> WP95
[INFO] [1787159028.841026891] [fsm_executor]: EVENT: TASK_COMPLETED in NAV_105_WP95
[INFO] [1787159028.844525648] [fsm_executor]: TRANSITION: NAV_105_WP95 --[TASK_COMPLETED]--> NAV_106_WP94
[INFO] [1787159028.846980295] [fsm_executor]: STATE: NAV_106_WP94 | ACTION: NAVIGATE -> WP94
[INFO] [1787159028.941243836] [fsm_executor]: EVENT: TASK_COMPLETED in NAV_106_WP94
[INFO] [1787159028.944954152] [fsm_executor]: TRANSITION: NAV_106_WP94 --[TASK_COMPLETED]--> NAV_107_WP93
[INFO] [1787159028.948795021] [fsm_executor]: STATE: NAV_107_WP93 | ACTION: NAVIGATE -> WP93
[INFO] [1787159029.042459782] [fsm_executor]: EVENT: TASK_COMPLETED in NAV_107_WP93
[INFO] [1787159029.047119413] [fsm_executor]: TRANSITION: NAV_107_WP93 --[TASK_COMPLETED]--> NAV_108_WP92
[INFO] [1787159029.050460660] [fsm_executor]: STATE: NAV_108_WP92 | ACTION: NAVIGATE -> WP92
[INFO] [1787159029.141678582] [fsm_executor]: EVENT: TASK_COMPLETED in NAV_108_WP92
[INFO] [1787159029.144869602] [fsm_executor]: TRANSITION: NAV_108_WP92 --[TASK_COMPLETED]--> NAV_109_WP91
[INFO] [1787159029.148565071] [fsm_executor]: STATE: NAV_109_WP91 | ACTION: NAVIGATE -> WP91
[INFO] [1787159029.243491845] [fsm_executor]: EVENT: TASK_COMPLETED in NAV_109_WP91
[INFO] [1787159029.248053195] [fsm_executor]: TRANSITION: NAV_109_WP91 --[TASK_COMPLETED]--> NAV_110_WP90
[INFO] [1787159029.251525483] [fsm_executor]: STATE: NAV_110_WP90 | ACTION: NAVIGATE -> WP90
[INFO] [1787159029.341943036] [fsm_executor]: EVENT: TASK_COMPLETED in NAV_110_WP90
[INFO] [1787159029.345134749] [fsm_executor]: TRANSITION: NAV_110_WP90 --[TASK_COMPLETED]--> NAV_111_WP89
[INFO] [1787159029.351647234] [fsm_executor]: STATE: NAV_111_WP89 | ACTION: NAVIGATE -> WP89
[INFO] [1787159029.441484944] [fsm_executor]: EVENT: TASK_COMPLETED in NAV_111_WP89
[INFO] [1787159029.443752927] [fsm_executor]: TRANSITION: NAV_111_WP89 --[TASK_COMPLETED]--> NAV_112_WP88
[INFO] [1787159029.447067907] [fsm_executor]: STATE: NAV_112_WP88 | ACTION: NAVIGATE -> WP88
[INFO] [1787159029.542684435] [fsm_executor]: EVENT: TASK_COMPLETED in NAV_112_WP88
[INFO] [1787159029.546966499] [fsm_executor]: TRANSITION: NAV_112_WP88 --[TASK_COMPLETED]--> NAV_113_WP87
[INFO] [1787159029.552650003] [fsm_executor]: STATE: NAV_113_WP87 | ACTION: NAVIGATE -> WP87
[INFO] [1787159029.648837732] [fsm_executor]: EVENT: TASK_COMPLETED in NAV_113_WP87
[INFO] [1787159029.654799215] [fsm_executor]: TRANSITION: NAV_113_WP87 --[TASK_COMPLETED]--> NAV_114_WP86
[INFO] [1787159029.659442103] [fsm_executor]: STATE: NAV_114_WP86 | ACTION: NAVIGATE -> WP86
[INFO] [1787159029.739584045] [fsm_executor]: EVENT: TASK_COMPLETED in NAV_114_WP86
[INFO] [1787159029.741585085] [fsm_executor]: TRANSITION: NAV_114_WP86 --[TASK_COMPLETED]--> NAV_115_WP85
[INFO] [1787159029.743914917] [fsm_executor]: STATE: NAV_115_WP85 | ACTION: NAVIGATE -> WP85
[INFO] [1787159029.844291778] [fsm_executor]: EVENT: TASK_COMPLETED in NAV_115_WP85
[INFO] [1787159029.849597631] [fsm_executor]: TRANSITION: NAV_115_WP85 --[TASK_COMPLETED]--> NAV_116_WP84
[INFO] [1787159029.852922095] [fsm_executor]: STATE: NAV_116_WP84 | ACTION: NAVIGATE -> WP84
[INFO] [1787159029.941057447] [fsm_executor]: EVENT: TASK_COMPLETED in NAV_116_WP84
[INFO] [1787159029.944109774] [fsm_executor]: TRANSITION: NAV_116_WP84 --[TASK_COMPLETED]--> NAV_117_WP83
[INFO] [1787159029.948041302] [fsm_executor]: STATE: NAV_117_WP83 | ACTION: NAVIGATE -> WP83
[INFO] [1787159030.040964978] [fsm_executor]: EVENT: TASK_COMPLETED in NAV_117_WP83
[INFO] [1787159030.046675676] [fsm_executor]: TRANSITION: NAV_117_WP83 --[TASK_COMPLETED]--> NAV_118_WP82
[INFO] [1787159030.051020197] [fsm_executor]: STATE: NAV_118_WP82 | ACTION: NAVIGATE -> WP82
[INFO] [1787159030.144701749] [fsm_executor]: EVENT: TASK_COMPLETED in NAV_118_WP82
[INFO] [1787159030.150418296] [fsm_executor]: TRANSITION: NAV_118_WP82 --[TASK_COMPLETED]--> NAV_119_WP81
[INFO] [1787159030.154481005] [fsm_executor]: STATE: NAV_119_WP81 | ACTION: NAVIGATE -> WP81
[INFO] [1787159030.242549127] [fsm_executor]: EVENT: TASK_COMPLETED in NAV_119_WP81
[INFO] [1787159030.247477962] [fsm_executor]: TRANSITION: NAV_119_WP81 --[TASK_COMPLETED]--> NAV_120_WP80
[INFO] [1787159030.253044384] [fsm_executor]: STATE: NAV_120_WP80 | ACTION: NAVIGATE -> WP80
[INFO] [1787159030.346228334] [fsm_executor]: EVENT: TASK_COMPLETED in NAV_120_WP80
[INFO] [1787159030.349849238] [fsm_executor]: TRANSITION: NAV_120_WP80 --[TASK_COMPLETED]--> NAV_121_WP79
[INFO] [1787159030.362690615] [fsm_executor]: STATE: NAV_121_WP79 | ACTION: NAVIGATE -> WP79
[INFO] [1787159030.442220223] [fsm_executor]: EVENT: TASK_COMPLETED in NAV_121_WP79
[INFO] [1787159030.444132005] [fsm_executor]: TRANSITION: NAV_121_WP79 --[TASK_COMPLETED]--> NAV_122_WP78
[INFO] [1787159030.446590271] [fsm_executor]: STATE: NAV_122_WP78 | ACTION: NAVIGATE -> WP78
[INFO] [1787159030.542644365] [fsm_executor]: EVENT: TASK_COMPLETED in NAV_122_WP78
[INFO] [1787159030.545746587] [fsm_executor]: TRANSITION: NAV_122_WP78 --[TASK_COMPLETED]--> NAV_123_WP77
[INFO] [1787159030.549455955] [fsm_executor]: STATE: NAV_123_WP77 | ACTION: NAVIGATE -> WP77
[INFO] [1787159030.641127039] [fsm_executor]: EVENT: TASK_COMPLETED in NAV_123_WP77
[INFO] [1787159030.644252578] [fsm_executor]: TRANSITION: NAV_123_WP77 --[TASK_COMPLETED]--> NAV_124_WP76
[INFO] [1787159030.647727547] [fsm_executor]: STATE: NAV_124_WP76 | ACTION: NAVIGATE -> WP76
[INFO] [1787159030.741291320] [fsm_executor]: EVENT: TASK_COMPLETED in NAV_124_WP76
[INFO] [1787159030.744354466] [fsm_executor]: TRANSITION: NAV_124_WP76 --[TASK_COMPLETED]--> NAV_125_WP75
[INFO] [1787159030.747976586] [fsm_executor]: STATE: NAV_125_WP75 | ACTION: NAVIGATE -> WP75
[INFO] [1787159030.841120544] [fsm_executor]: EVENT: TASK_COMPLETED in NAV_125_WP75
[INFO] [1787159030.842937989] [fsm_executor]: TRANSITION: NAV_125_WP75 --[TASK_COMPLETED]--> NAV_126_WP74
[INFO] [1787159030.844907063] [fsm_executor]: STATE: NAV_126_WP74 | ACTION: NAVIGATE -> WP74
[INFO] [1787159030.941235354] [fsm_executor]: EVENT: TASK_COMPLETED in NAV_126_WP74
[INFO] [1787159030.943611957] [fsm_executor]: TRANSITION: NAV_126_WP74 --[TASK_COMPLETED]--> NAV_127_WP73
[INFO] [1787159030.947532240] [fsm_executor]: STATE: NAV_127_WP73 | ACTION: NAVIGATE -> WP73
[INFO] [1787159031.041978215] [fsm_executor]: EVENT: TASK_COMPLETED in NAV_127_WP73
[INFO] [1787159031.045097317] [fsm_executor]: TRANSITION: NAV_127_WP73 --[TASK_COMPLETED]--> NAV_128_WP72
[INFO] [1787159031.049023957] [fsm_executor]: STATE: NAV_128_WP72 | ACTION: NAVIGATE -> WP72
[INFO] [1787159031.141256961] [fsm_executor]: EVENT: TASK_COMPLETED in NAV_128_WP72
[INFO] [1787159031.143553773] [fsm_executor]: TRANSITION: NAV_128_WP72 --[TASK_COMPLETED]--> NAV_129_WP71
[INFO] [1787159031.145798517] [fsm_executor]: STATE: NAV_129_WP71 | ACTION: NAVIGATE -> WP71
[INFO] [1787159031.241141453] [fsm_executor]: EVENT: TASK_COMPLETED in NAV_129_WP71
[INFO] [1787159031.243048455] [fsm_executor]: TRANSITION: NAV_129_WP71 --[TASK_COMPLETED]--> NAV_130_WP70
[INFO] [1787159031.245082381] [fsm_executor]: STATE: NAV_130_WP70 | ACTION: NAVIGATE -> WP70
[INFO] [1787159031.341235342] [fsm_executor]: EVENT: TASK_COMPLETED in NAV_130_WP70
[INFO] [1787159031.344443896] [fsm_executor]: TRANSITION: NAV_130_WP70 --[TASK_COMPLETED]--> NAV_131_WP69
[INFO] [1787159031.348262618] [fsm_executor]: STATE: NAV_131_WP69 | ACTION: NAVIGATE -> WP69
[INFO] [1787159031.443068612] [fsm_executor]: EVENT: TASK_COMPLETED in NAV_131_WP69
[INFO] [1787159031.446550988] [fsm_executor]: TRANSITION: NAV_131_WP69 --[TASK_COMPLETED]--> NAV_132_WP68
[INFO] [1787159031.451439925] [fsm_executor]: STATE: NAV_132_WP68 | ACTION: NAVIGATE -> WP68
[INFO] [1787159031.547912421] [fsm_executor]: EVENT: TASK_COMPLETED in NAV_132_WP68
[INFO] [1787159031.552415736] [fsm_executor]: TRANSITION: NAV_132_WP68 --[TASK_COMPLETED]--> NAV_133_WP67
[INFO] [1787159031.557813872] [fsm_executor]: STATE: NAV_133_WP67 | ACTION: NAVIGATE -> WP67
[INFO] [1787159031.645242961] [fsm_executor]: EVENT: TASK_COMPLETED in NAV_133_WP67
[INFO] [1787159031.651884871] [fsm_executor]: TRANSITION: NAV_133_WP67 --[TASK_COMPLETED]--> NAV_134_WP66
[INFO] [1787159031.655361959] [fsm_executor]: STATE: NAV_134_WP66 | ACTION: NAVIGATE -> WP66
[INFO] [1787159031.741145891] [fsm_executor]: EVENT: TASK_COMPLETED in NAV_134_WP66
[INFO] [1787159031.743015247] [fsm_executor]: TRANSITION: NAV_134_WP66 --[TASK_COMPLETED]--> NAV_135_WP65
[INFO] [1787159031.745230845] [fsm_executor]: STATE: NAV_135_WP65 | ACTION: NAVIGATE -> WP65
[INFO] [1787159031.842276114] [fsm_executor]: EVENT: TASK_COMPLETED in NAV_135_WP65
[INFO] [1787159031.845547475] [fsm_executor]: TRANSITION: NAV_135_WP65 --[TASK_COMPLETED]--> NAV_136_WP64
[INFO] [1787159031.849626622] [fsm_executor]: STATE: NAV_136_WP64 | ACTION: NAVIGATE -> WP64
[INFO] [1787159031.939833451] [fsm_executor]: EVENT: TASK_COMPLETED in NAV_136_WP64
[INFO] [1787159031.941884257] [fsm_executor]: TRANSITION: NAV_136_WP64 --[TASK_COMPLETED]--> NAV_137_WP63
[INFO] [1787159031.943421460] [fsm_executor]: STATE: NAV_137_WP63 | ACTION: NAVIGATE -> WP63
[INFO] [1787159032.040651395] [fsm_executor]: EVENT: TASK_COMPLETED in NAV_137_WP63
[INFO] [1787159032.042530686] [fsm_executor]: TRANSITION: NAV_137_WP63 --[TASK_COMPLETED]--> NAV_138_WP62
[INFO] [1787159032.044592123] [fsm_executor]: STATE: NAV_138_WP62 | ACTION: NAVIGATE -> WP62
[INFO] [1787159032.145767686] [fsm_executor]: EVENT: TASK_COMPLETED in NAV_138_WP62
[INFO] [1787159032.152007862] [fsm_executor]: TRANSITION: NAV_138_WP62 --[TASK_COMPLETED]--> NAV_139_WP61
[INFO] [1787159032.161549977] [fsm_executor]: STATE: NAV_139_WP61 | ACTION: NAVIGATE -> WP61
[INFO] [1787159032.249463467] [fsm_executor]: EVENT: TASK_COMPLETED in NAV_139_WP61
[INFO] [1787159032.255815660] [fsm_executor]: TRANSITION: NAV_139_WP61 --[TASK_COMPLETED]--> NAV_140_WP60
[INFO] [1787159032.260375008] [fsm_executor]: STATE: NAV_140_WP60 | ACTION: NAVIGATE -> WP60
[INFO] [1787159032.338445479] [fsm_executor]: EVENT: TASK_COMPLETED in NAV_140_WP60
[INFO] [1787159032.339349863] [fsm_executor]: TRANSITION: NAV_140_WP60 --[TASK_COMPLETED]--> NAV_141_WP59
[INFO] [1787159032.340193965] [fsm_executor]: STATE: NAV_141_WP59 | ACTION: NAVIGATE -> WP59
[INFO] [1787159032.445184597] [fsm_executor]: EVENT: TASK_COMPLETED in NAV_141_WP59
[INFO] [1787159032.447636958] [fsm_executor]: TRANSITION: NAV_141_WP59 --[TASK_COMPLETED]--> NAV_142_WP58
[INFO] [1787159032.451110092] [fsm_executor]: STATE: NAV_142_WP58 | ACTION: NAVIGATE -> WP58
[INFO] [1787159032.541698587] [fsm_executor]: EVENT: TASK_COMPLETED in NAV_142_WP58
[INFO] [1787159032.543622781] [fsm_executor]: TRANSITION: NAV_142_WP58 --[TASK_COMPLETED]--> NAV_143_WP57
[INFO] [1787159032.545735777] [fsm_executor]: STATE: NAV_143_WP57 | ACTION: NAVIGATE -> WP57
[INFO] [1787159032.642053984] [fsm_executor]: EVENT: TASK_COMPLETED in NAV_143_WP57
[INFO] [1787159032.645065318] [fsm_executor]: TRANSITION: NAV_143_WP57 --[TASK_COMPLETED]--> NAV_144_WP56
[INFO] [1787159032.648484398] [fsm_executor]: STATE: NAV_144_WP56 | ACTION: NAVIGATE -> WP56
[INFO] [1787159032.741227948] [fsm_executor]: EVENT: TASK_COMPLETED in NAV_144_WP56
[INFO] [1787159032.744290935] [fsm_executor]: TRANSITION: NAV_144_WP56 --[TASK_COMPLETED]--> NAV_145_WP55
[INFO] [1787159032.747572318] [fsm_executor]: STATE: NAV_145_WP55 | ACTION: NAVIGATE -> WP55
[INFO] [1787159032.841192051] [fsm_executor]: EVENT: TASK_COMPLETED in NAV_145_WP55
[INFO] [1787159032.844162300] [fsm_executor]: TRANSITION: NAV_145_WP55 --[TASK_COMPLETED]--> NAV_146_WP54
[INFO] [1787159032.847428297] [fsm_executor]: STATE: NAV_146_WP54 | ACTION: NAVIGATE -> WP54
[INFO] [1787159032.941182457] [fsm_executor]: EVENT: TASK_COMPLETED in NAV_146_WP54
[INFO] [1787159032.944183327] [fsm_executor]: TRANSITION: NAV_146_WP54 --[TASK_COMPLETED]--> NAV_147_WP53
[INFO] [1787159032.947448483] [fsm_executor]: STATE: NAV_147_WP53 | ACTION: NAVIGATE -> WP53
[INFO] [1787159033.040945466] [fsm_executor]: EVENT: TASK_COMPLETED in NAV_147_WP53
[INFO] [1787159033.043593019] [fsm_executor]: TRANSITION: NAV_147_WP53 --[TASK_COMPLETED]--> NAV_148_WP52
[INFO] [1787159033.046558661] [fsm_executor]: STATE: NAV_148_WP52 | ACTION: NAVIGATE -> WP52
[INFO] [1787159033.140869861] [fsm_executor]: EVENT: TASK_COMPLETED in NAV_148_WP52
[INFO] [1787159033.143520149] [fsm_executor]: TRANSITION: NAV_148_WP52 --[TASK_COMPLETED]--> NAV_149_WP51
[INFO] [1787159033.146392284] [fsm_executor]: STATE: NAV_149_WP51 | ACTION: NAVIGATE -> WP51
[INFO] [1787159033.245143541] [fsm_executor]: EVENT: TASK_COMPLETED in NAV_149_WP51
[INFO] [1787159033.248859472] [fsm_executor]: TRANSITION: NAV_149_WP51 --[TASK_COMPLETED]--> NAV_150_WP50
[INFO] [1787159033.252362310] [fsm_executor]: STATE: NAV_150_WP50 | ACTION: NAVIGATE -> WP50
[WARN] [1787159033.258788134] [fsm_executor]: RUNTIME EVENT RECEIVED: COMMUNICATION_LOST
[INFO] [1787159033.261596144] [fsm_executor]: TRANSITION: NAV_150_WP50 --[COMMUNICATION_LOST]--> COMM_RECOVERY
[INFO] [1787159033.264529294] [fsm_executor]: STATE: COMM_RECOVERY | ACTION: WAIT_FOR_COMMUNICATION
[WARN] [1787159045.715059647] [fsm_executor]: RUNTIME EVENT RECEIVED: COMMUNICATION_RESTORED
[INFO] [1787159045.718960101] [fsm_executor]: TRANSITION: COMM_RECOVERY --[COMMUNICATION_RESTORED]--> NAV_150_WP50
[INFO] [1787159045.722540111] [fsm_executor]: Communication restored. Resuming interrupted mission task.
[INFO] [1787159045.726458065] [fsm_executor]: STATE: NAV_150_WP50 | ACTION: NAVIGATE -> WP50
[INFO] [1787159045.746095553] [fsm_executor]: EVENT: TASK_COMPLETED in NAV_150_WP50
[INFO] [1787159045.756515166] [fsm_executor]: TRANSITION: NAV_150_WP50 --[TASK_COMPLETED]--> NAV_151_WP49
[INFO] [1787159045.763083762] [fsm_executor]: STATE: NAV_151_WP49 | ACTION: NAVIGATE -> WP49
[INFO] [1787159045.844924746] [fsm_executor]: EVENT: TASK_COMPLETED in NAV_151_WP49
[INFO] [1787159045.856573252] [fsm_executor]: TRANSITION: NAV_151_WP49 --[TASK_COMPLETED]--> NAV_152_WP48
[INFO] [1787159045.860164313] [fsm_executor]: STATE: NAV_152_WP48 | ACTION: NAVIGATE -> WP48
[INFO] [1787159045.951109126] [fsm_executor]: EVENT: TASK_COMPLETED in NAV_152_WP48
[INFO] [1787159045.954708189] [fsm_executor]: TRANSITION: NAV_152_WP48 --[TASK_COMPLETED]--> NAV_153_WP47
[INFO] [1787159045.958642590] [fsm_executor]: STATE: NAV_153_WP47 | ACTION: NAVIGATE -> WP47
[INFO] [1787159046.038681558] [fsm_executor]: EVENT: TASK_COMPLETED in NAV_153_WP47
[INFO] [1787159046.039998954] [fsm_executor]: TRANSITION: NAV_153_WP47 --[TASK_COMPLETED]--> NAV_154_WP46
[INFO] [1787159046.041437200] [fsm_executor]: STATE: NAV_154_WP46 | ACTION: NAVIGATE -> WP46
[INFO] [1787159046.142207867] [fsm_executor]: EVENT: TASK_COMPLETED in NAV_154_WP46
[INFO] [1787159046.143588318] [fsm_executor]: TRANSITION: NAV_154_WP46 --[TASK_COMPLETED]--> NAV_155_WP45
[INFO] [1787159046.144950727] [fsm_executor]: STATE: NAV_155_WP45 | ACTION: NAVIGATE -> WP45
[INFO] [1787159046.238813036] [fsm_executor]: EVENT: TASK_COMPLETED in NAV_155_WP45
[INFO] [1787159046.240110127] [fsm_executor]: TRANSITION: NAV_155_WP45 --[TASK_COMPLETED]--> NAV_156_WP44
[INFO] [1787159046.244438548] [fsm_executor]: STATE: NAV_156_WP44 | ACTION: NAVIGATE -> WP44
[INFO] [1787159046.338834189] [fsm_executor]: EVENT: TASK_COMPLETED in NAV_156_WP44
[INFO] [1787159046.340060749] [fsm_executor]: TRANSITION: NAV_156_WP44 --[TASK_COMPLETED]--> NAV_157_WP43
[INFO] [1787159046.341343252] [fsm_executor]: STATE: NAV_157_WP43 | ACTION: NAVIGATE -> WP43
[INFO] [1787159046.438587230] [fsm_executor]: EVENT: TASK_COMPLETED in NAV_157_WP43
[INFO] [1787159046.440751078] [fsm_executor]: TRANSITION: NAV_157_WP43 --[TASK_COMPLETED]--> NAV_158_WP42
[INFO] [1787159046.442049055] [fsm_executor]: STATE: NAV_158_WP42 | ACTION: NAVIGATE -> WP42
[INFO] [1787159046.539492352] [fsm_executor]: EVENT: TASK_COMPLETED in NAV_158_WP42
[INFO] [1787159046.541069947] [fsm_executor]: TRANSITION: NAV_158_WP42 --[TASK_COMPLETED]--> NAV_159_WP41
[INFO] [1787159046.542738261] [fsm_executor]: STATE: NAV_159_WP41 | ACTION: NAVIGATE -> WP41
[INFO] [1787159046.641268597] [fsm_executor]: EVENT: TASK_COMPLETED in NAV_159_WP41
[INFO] [1787159046.643256272] [fsm_executor]: TRANSITION: NAV_159_WP41 --[TASK_COMPLETED]--> NAV_160_WP40
[INFO] [1787159046.645797682] [fsm_executor]: STATE: NAV_160_WP40 | ACTION: NAVIGATE -> WP40
[INFO] [1787159046.741262104] [fsm_executor]: EVENT: TASK_COMPLETED in NAV_160_WP40
[INFO] [1787159046.744053188] [fsm_executor]: TRANSITION: NAV_160_WP40 --[TASK_COMPLETED]--> NAV_161_WP39
[INFO] [1787159046.747055312] [fsm_executor]: STATE: NAV_161_WP39 | ACTION: NAVIGATE -> WP39
[INFO] [1787159046.840986017] [fsm_executor]: EVENT: TASK_COMPLETED in NAV_161_WP39
[INFO] [1787159046.846430763] [fsm_executor]: TRANSITION: NAV_161_WP39 --[TASK_COMPLETED]--> NAV_162_WP38
[INFO] [1787159046.848806639] [fsm_executor]: STATE: NAV_162_WP38 | ACTION: NAVIGATE -> WP38
[INFO] [1787159046.939774264] [fsm_executor]: EVENT: TASK_COMPLETED in NAV_162_WP38
[INFO] [1787159046.942355864] [fsm_executor]: TRANSITION: NAV_162_WP38 --[TASK_COMPLETED]--> NAV_163_WP37
[INFO] [1787159046.945745398] [fsm_executor]: STATE: NAV_163_WP37 | ACTION: NAVIGATE -> WP37
[INFO] [1787159047.041348984] [fsm_executor]: EVENT: TASK_COMPLETED in NAV_163_WP37
[INFO] [1787159047.044133082] [fsm_executor]: TRANSITION: NAV_163_WP37 --[TASK_COMPLETED]--> NAV_164_WP36
[INFO] [1787159047.047364703] [fsm_executor]: STATE: NAV_164_WP36 | ACTION: NAVIGATE -> WP36
[INFO] [1787159047.141759828] [fsm_executor]: EVENT: TASK_COMPLETED in NAV_164_WP36
[INFO] [1787159047.144614830] [fsm_executor]: TRANSITION: NAV_164_WP36 --[TASK_COMPLETED]--> NAV_165_WP35
[INFO] [1787159047.148156028] [fsm_executor]: STATE: NAV_165_WP35 | ACTION: NAVIGATE -> WP35
[INFO] [1787159047.240920302] [fsm_executor]: EVENT: TASK_COMPLETED in NAV_165_WP35
[INFO] [1787159047.243715299] [fsm_executor]: TRANSITION: NAV_165_WP35 --[TASK_COMPLETED]--> NAV_166_WP34
[INFO] [1787159047.247376765] [fsm_executor]: STATE: NAV_166_WP34 | ACTION: NAVIGATE -> WP34
[INFO] [1787159047.341610996] [fsm_executor]: EVENT: TASK_COMPLETED in NAV_166_WP34
[INFO] [1787159047.343623195] [fsm_executor]: TRANSITION: NAV_166_WP34 --[TASK_COMPLETED]--> NAV_167_WP33
[INFO] [1787159047.345571684] [fsm_executor]: STATE: NAV_167_WP33 | ACTION: NAVIGATE -> WP33
[INFO] [1787159047.440491049] [fsm_executor]: EVENT: TASK_COMPLETED in NAV_167_WP33
[INFO] [1787159047.443071971] [fsm_executor]: TRANSITION: NAV_167_WP33 --[TASK_COMPLETED]--> NAV_168_WP32
[INFO] [1787159047.446634035] [fsm_executor]: STATE: NAV_168_WP32 | ACTION: NAVIGATE -> WP32
[INFO] [1787159047.540500641] [fsm_executor]: EVENT: TASK_COMPLETED in NAV_168_WP32
[INFO] [1787159047.543014926] [fsm_executor]: TRANSITION: NAV_168_WP32 --[TASK_COMPLETED]--> NAV_169_WP31
[INFO] [1787159047.546244335] [fsm_executor]: STATE: NAV_169_WP31 | ACTION: NAVIGATE -> WP31
[INFO] [1787159047.640995537] [fsm_executor]: EVENT: TASK_COMPLETED in NAV_169_WP31
[INFO] [1787159047.642573803] [fsm_executor]: TRANSITION: NAV_169_WP31 --[TASK_COMPLETED]--> NAV_170_WP30
[INFO] [1787159047.644231474] [fsm_executor]: STATE: NAV_170_WP30 | ACTION: NAVIGATE -> WP30
[INFO] [1787159047.740179697] [fsm_executor]: EVENT: TASK_COMPLETED in NAV_170_WP30
[INFO] [1787159047.743104702] [fsm_executor]: TRANSITION: NAV_170_WP30 --[TASK_COMPLETED]--> NAV_171_WP29
[INFO] [1787159047.746418959] [fsm_executor]: STATE: NAV_171_WP29 | ACTION: NAVIGATE -> WP29
[INFO] [1787159047.846130110] [fsm_executor]: EVENT: TASK_COMPLETED in NAV_171_WP29
[INFO] [1787159047.849471952] [fsm_executor]: TRANSITION: NAV_171_WP29 --[TASK_COMPLETED]--> NAV_172_WP28
[INFO] [1787159047.853393863] [fsm_executor]: STATE: NAV_172_WP28 | ACTION: NAVIGATE -> WP28
[INFO] [1787159047.941693626] [fsm_executor]: EVENT: TASK_COMPLETED in NAV_172_WP28
[INFO] [1787159047.944091385] [fsm_executor]: TRANSITION: NAV_172_WP28 --[TASK_COMPLETED]--> NAV_173_WP27
[INFO] [1787159047.946041674] [fsm_executor]: STATE: NAV_173_WP27 | ACTION: NAVIGATE -> WP27
[INFO] [1787159048.041378596] [fsm_executor]: EVENT: TASK_COMPLETED in NAV_173_WP27
[INFO] [1787159048.043175508] [fsm_executor]: TRANSITION: NAV_173_WP27 --[TASK_COMPLETED]--> NAV_174_WP26
[INFO] [1787159048.045143728] [fsm_executor]: STATE: NAV_174_WP26 | ACTION: NAVIGATE -> WP26
[INFO] [1787159048.145662520] [fsm_executor]: EVENT: TASK_COMPLETED in NAV_174_WP26
[INFO] [1787159048.148476173] [fsm_executor]: TRANSITION: NAV_174_WP26 --[TASK_COMPLETED]--> NAV_175_WP25
[INFO] [1787159048.151785396] [fsm_executor]: STATE: NAV_175_WP25 | ACTION: NAVIGATE -> WP25
[INFO] [1787159048.242043383] [fsm_executor]: EVENT: TASK_COMPLETED in NAV_175_WP25
[INFO] [1787159048.244723707] [fsm_executor]: TRANSITION: NAV_175_WP25 --[TASK_COMPLETED]--> NAV_176_WP24
[INFO] [1787159048.247033850] [fsm_executor]: STATE: NAV_176_WP24 | ACTION: NAVIGATE -> WP24
[INFO] [1787159048.340906107] [fsm_executor]: EVENT: TASK_COMPLETED in NAV_176_WP24
[INFO] [1787159048.344983600] [fsm_executor]: TRANSITION: NAV_176_WP24 --[TASK_COMPLETED]--> NAV_177_WP23
[INFO] [1787159048.348374447] [fsm_executor]: STATE: NAV_177_WP23 | ACTION: NAVIGATE -> WP23
[INFO] [1787159048.441962800] [fsm_executor]: EVENT: TASK_COMPLETED in NAV_177_WP23
[INFO] [1787159048.445323727] [fsm_executor]: TRANSITION: NAV_177_WP23 --[TASK_COMPLETED]--> NAV_178_WP22
[INFO] [1787159048.449599765] [fsm_executor]: STATE: NAV_178_WP22 | ACTION: NAVIGATE -> WP22
[INFO] [1787159048.541119263] [fsm_executor]: EVENT: TASK_COMPLETED in NAV_178_WP22
[INFO] [1787159048.545421694] [fsm_executor]: TRANSITION: NAV_178_WP22 --[TASK_COMPLETED]--> NAV_179_WP21
[INFO] [1787159048.547606067] [fsm_executor]: STATE: NAV_179_WP21 | ACTION: NAVIGATE -> WP21
[INFO] [1787159048.641830537] [fsm_executor]: EVENT: TASK_COMPLETED in NAV_179_WP21
[INFO] [1787159048.648139259] [fsm_executor]: TRANSITION: NAV_179_WP21 --[TASK_COMPLETED]--> NAV_180_WP20
[INFO] [1787159048.652070917] [fsm_executor]: STATE: NAV_180_WP20 | ACTION: NAVIGATE -> WP20
[INFO] [1787159048.742155059] [fsm_executor]: EVENT: TASK_COMPLETED in NAV_180_WP20
[INFO] [1787159048.745981399] [fsm_executor]: TRANSITION: NAV_180_WP20 --[TASK_COMPLETED]--> NAV_181_WP19
[INFO] [1787159048.749699944] [fsm_executor]: STATE: NAV_181_WP19 | ACTION: NAVIGATE -> WP19
[INFO] [1787159048.848069784] [fsm_executor]: EVENT: TASK_COMPLETED in NAV_181_WP19
[INFO] [1787159048.855678012] [fsm_executor]: TRANSITION: NAV_181_WP19 --[TASK_COMPLETED]--> NAV_182_WP18
[INFO] [1787159048.861632449] [fsm_executor]: STATE: NAV_182_WP18 | ACTION: NAVIGATE -> WP18
[INFO] [1787159048.945217278] [fsm_executor]: EVENT: TASK_COMPLETED in NAV_182_WP18
[INFO] [1787159048.954935577] [fsm_executor]: TRANSITION: NAV_182_WP18 --[TASK_COMPLETED]--> NAV_183_WP17
[INFO] [1787159048.961391717] [fsm_executor]: STATE: NAV_183_WP17 | ACTION: NAVIGATE -> WP17
[INFO] [1787159049.038258648] [fsm_executor]: EVENT: TASK_COMPLETED in NAV_183_WP17
[INFO] [1787159049.039278234] [fsm_executor]: TRANSITION: NAV_183_WP17 --[TASK_COMPLETED]--> NAV_184_WP16
[INFO] [1787159049.041155811] [fsm_executor]: STATE: NAV_184_WP16 | ACTION: NAVIGATE -> WP16
[INFO] [1787159049.140879935] [fsm_executor]: EVENT: TASK_COMPLETED in NAV_184_WP16
[INFO] [1787159049.143197341] [fsm_executor]: TRANSITION: NAV_184_WP16 --[TASK_COMPLETED]--> NAV_185_WP15
[INFO] [1787159049.147265721] [fsm_executor]: STATE: NAV_185_WP15 | ACTION: NAVIGATE -> WP15
[INFO] [1787159049.242182969] [fsm_executor]: EVENT: TASK_COMPLETED in NAV_185_WP15
[INFO] [1787159049.245835965] [fsm_executor]: TRANSITION: NAV_185_WP15 --[TASK_COMPLETED]--> NAV_186_WP14
[INFO] [1787159049.250552624] [fsm_executor]: STATE: NAV_186_WP14 | ACTION: NAVIGATE -> WP14
[INFO] [1787159049.339729673] [fsm_executor]: EVENT: TASK_COMPLETED in NAV_186_WP14
[INFO] [1787159049.342093790] [fsm_executor]: TRANSITION: NAV_186_WP14 --[TASK_COMPLETED]--> NAV_187_WP13
[INFO] [1787159049.343928990] [fsm_executor]: STATE: NAV_187_WP13 | ACTION: NAVIGATE -> WP13
[INFO] [1787159049.439564091] [fsm_executor]: EVENT: TASK_COMPLETED in NAV_187_WP13
[INFO] [1787159049.441771373] [fsm_executor]: TRANSITION: NAV_187_WP13 --[TASK_COMPLETED]--> NAV_188_WP12
[INFO] [1787159049.444960106] [fsm_executor]: STATE: NAV_188_WP12 | ACTION: NAVIGATE -> WP12
[INFO] [1787159049.541196167] [fsm_executor]: EVENT: TASK_COMPLETED in NAV_188_WP12
[INFO] [1787159049.544198714] [fsm_executor]: TRANSITION: NAV_188_WP12 --[TASK_COMPLETED]--> NAV_189_WP11
[INFO] [1787159049.546408707] [fsm_executor]: STATE: NAV_189_WP11 | ACTION: NAVIGATE -> WP11
[INFO] [1787159049.641113154] [fsm_executor]: EVENT: TASK_COMPLETED in NAV_189_WP11
[INFO] [1787159049.644164850] [fsm_executor]: TRANSITION: NAV_189_WP11 --[TASK_COMPLETED]--> NAV_190_WP10
[INFO] [1787159049.647449373] [fsm_executor]: STATE: NAV_190_WP10 | ACTION: NAVIGATE -> WP10
[INFO] [1787159049.741955169] [fsm_executor]: EVENT: TASK_COMPLETED in NAV_190_WP10
[INFO] [1787159049.750889434] [fsm_executor]: TRANSITION: NAV_190_WP10 --[TASK_COMPLETED]--> NAV_191_WP9
[INFO] [1787159049.759655374] [fsm_executor]: STATE: NAV_191_WP9 | ACTION: NAVIGATE -> WP9
[INFO] [1787159049.849019254] [fsm_executor]: EVENT: TASK_COMPLETED in NAV_191_WP9
[INFO] [1787159049.857614433] [fsm_executor]: TRANSITION: NAV_191_WP9 --[TASK_COMPLETED]--> NAV_192_WP8
[INFO] [1787159049.861931876] [fsm_executor]: STATE: NAV_192_WP8 | ACTION: NAVIGATE -> WP8
[INFO] [1787159049.950203733] [fsm_executor]: EVENT: TASK_COMPLETED in NAV_192_WP8
[INFO] [1787159049.955941558] [fsm_executor]: TRANSITION: NAV_192_WP8 --[TASK_COMPLETED]--> NAV_193_WP7
[INFO] [1787159049.959461545] [fsm_executor]: STATE: NAV_193_WP7 | ACTION: NAVIGATE -> WP7
[INFO] [1787159050.039192302] [fsm_executor]: EVENT: TASK_COMPLETED in NAV_193_WP7
[INFO] [1787159050.040264098] [fsm_executor]: TRANSITION: NAV_193_WP7 --[TASK_COMPLETED]--> NAV_194_WP6
[INFO] [1787159050.041591449] [fsm_executor]: STATE: NAV_194_WP6 | ACTION: NAVIGATE -> WP6
[INFO] [1787159050.141654850] [fsm_executor]: EVENT: TASK_COMPLETED in NAV_194_WP6
[INFO] [1787159050.143435870] [fsm_executor]: TRANSITION: NAV_194_WP6 --[TASK_COMPLETED]--> NAV_195_WP5
[INFO] [1787159050.146070159] [fsm_executor]: STATE: NAV_195_WP5 | ACTION: NAVIGATE -> WP5
[INFO] [1787159050.238998543] [fsm_executor]: EVENT: TASK_COMPLETED in NAV_195_WP5
[INFO] [1787159050.240433028] [fsm_executor]: TRANSITION: NAV_195_WP5 --[TASK_COMPLETED]--> NAV_196_WP4
[INFO] [1787159050.242017092] [fsm_executor]: STATE: NAV_196_WP4 | ACTION: NAVIGATE -> WP4
[INFO] [1787159050.339773135] [fsm_executor]: EVENT: TASK_COMPLETED in NAV_196_WP4
[INFO] [1787159050.341723996] [fsm_executor]: TRANSITION: NAV_196_WP4 --[TASK_COMPLETED]--> NAV_197_WP3
[INFO] [1787159050.343608788] [fsm_executor]: STATE: NAV_197_WP3 | ACTION: NAVIGATE -> WP3
[INFO] [1787159050.441682928] [fsm_executor]: EVENT: TASK_COMPLETED in NAV_197_WP3
[INFO] [1787159050.445830801] [fsm_executor]: TRANSITION: NAV_197_WP3 --[TASK_COMPLETED]--> NAV_198_WP2
[INFO] [1787159050.448509672] [fsm_executor]: STATE: NAV_198_WP2 | ACTION: NAVIGATE -> WP2
[INFO] [1787159050.541197396] [fsm_executor]: EVENT: TASK_COMPLETED in NAV_198_WP2
[INFO] [1787159050.548081124] [fsm_executor]: TRANSITION: NAV_198_WP2 --[TASK_COMPLETED]--> NAV_199_WP1
[INFO] [1787159050.551151246] [fsm_executor]: STATE: NAV_199_WP1 | ACTION: NAVIGATE -> WP1
[INFO] [1787159050.642169916] [fsm_executor]: EVENT: TASK_COMPLETED in NAV_199_WP1
[INFO] [1787159050.654721636] [fsm_executor]: TRANSITION: NAV_199_WP1 --[TASK_COMPLETED]--> LAND_200
[INFO] [1787159050.659532323] [fsm_executor]: STATE: LAND_200 | ACTION: LAND
[INFO] [1787159050.740502641] [fsm_executor]: EVENT: TASK_COMPLETED in LAND_200
[INFO] [1787159050.743711427] [fsm_executor]: TRANSITION: LAND_200 --[TASK_COMPLETED]--> COMPLETED
[INFO] [1787159050.745274756] [fsm_executor]: STATE: COMPLETED
[INFO] [1787159050.747217770] [fsm_executor]: FSM mission completed successfully.
