[INFO] [1786331297.436220601] [fsm_executor]: Loading mission: /home/bishal/ros2_ws/install/mission_formalism_evaluation/share/mission_formalism_evaluation/missions/mission_2.yaml
[INFO] [1786331297.442472866] [fsm_executor]: Mission ID: M2
[INFO] [1786331297.442981704] [fsm_executor]: Mission Name: Branch and Return
[INFO] [1786331297.443479754] [fsm_executor]: Mission Items: 13
[INFO] [1786331297.443967336] [fsm_executor]: FSM States: 21
[INFO] [1786331297.444485979] [fsm_executor]: FSM Transitions: 74
[INFO] [1786331297.444941254] [fsm_executor]: TRANSITION: IDLE --[START]--> TAKEOFF_0
[INFO] [1786331297.445407112] [fsm_executor]: STATE: TAKEOFF_0 | ACTION: TAKEOFF
[INFO] [1786331299.446740723] [fsm_executor]: EVENT: TASK_COMPLETED in TAKEOFF_0
[INFO] [1786331299.448686478] [fsm_executor]: TRANSITION: TAKEOFF_0 --[TASK_COMPLETED]--> NAV_1_WP1
[INFO] [1786331299.449784720] [fsm_executor]: STATE: NAV_1_WP1 | ACTION: NAVIGATE -> WP1
[INFO] [1786331301.448104275] [fsm_executor]: EVENT: TASK_COMPLETED in NAV_1_WP1
[INFO] [1786331301.450158062] [fsm_executor]: TRANSITION: NAV_1_WP1 --[TASK_COMPLETED]--> NAV_2_WP2
[INFO] [1786331301.452047009] [fsm_executor]: STATE: NAV_2_WP2 | ACTION: NAVIGATE -> WP2
[INFO] [1786331303.448851633] [fsm_executor]: EVENT: TASK_COMPLETED in NAV_2_WP2
[INFO] [1786331303.451776214] [fsm_executor]: TRANSITION: NAV_2_WP2 --[TASK_COMPLETED]--> NAV_3_WP1
[INFO] [1786331303.455001351] [fsm_executor]: STATE: NAV_3_WP1 | ACTION: NAVIGATE -> WP1
[INFO] [1786331305.448597896] [fsm_executor]: EVENT: TASK_COMPLETED in NAV_3_WP1
[INFO] [1786331305.450464376] [fsm_executor]: TRANSITION: NAV_3_WP1 --[TASK_COMPLETED]--> NAV_4_WP3
[INFO] [1786331305.452450590] [fsm_executor]: STATE: NAV_4_WP3 | ACTION: NAVIGATE -> WP3
[INFO] [1786331307.448968173] [fsm_executor]: EVENT: TASK_COMPLETED in NAV_4_WP3
[INFO] [1786331307.450683686] [fsm_executor]: TRANSITION: NAV_4_WP3 --[TASK_COMPLETED]--> NAV_5_WP1
[INFO] [1786331307.452636813] [fsm_executor]: STATE: NAV_5_WP1 | ACTION: NAVIGATE -> WP1
[INFO] [1786331309.449230256] [fsm_executor]: EVENT: TASK_COMPLETED in NAV_5_WP1
[INFO] [1786331309.451099186] [fsm_executor]: TRANSITION: NAV_5_WP1 --[TASK_COMPLETED]--> NAV_6_WP4
[INFO] [1786331309.453011091] [fsm_executor]: STATE: NAV_6_WP4 | ACTION: NAVIGATE -> WP4
[WARN] [1786331309.456981254] [fsm_executor]: RUNTIME EVENT RECEIVED: WIND_UNSAFE
[INFO] [1786331309.460763377] [fsm_executor]: TRANSITION: NAV_6_WP4 --[WIND_UNSAFE]--> ABORT_MISSION
[INFO] [1786331309.465332563] [fsm_executor]: STATE: ABORT_MISSION | ACTION: ABORT_MISSION
[INFO] [1786331311.448871157] [fsm_executor]: EVENT: ABORT_COMPLETED in ABORT_MISSION
[INFO] [1786331311.451335685] [fsm_executor]: TRANSITION: ABORT_MISSION --[ABORT_COMPLETED]--> RTL
[INFO] [1786331311.453600933] [fsm_executor]: STATE: RTL | ACTION: RETURN_TO_HOME
[INFO] [1786331313.448759039] [fsm_executor]: EVENT: RTL_COMPLETED in RTL
[INFO] [1786331313.451880981] [fsm_executor]: TRANSITION: RTL --[RTL_COMPLETED]--> LAND
[INFO] [1786331313.455115261] [fsm_executor]: STATE: LAND | ACTION: LAND
[INFO] [1786331315.448990958] [fsm_executor]: EVENT: LAND_COMPLETED in LAND
[INFO] [1786331315.451643084] [fsm_executor]: TRANSITION: LAND --[LAND_COMPLETED]--> SAFE_TERMINATED
[INFO] [1786331315.453544395] [fsm_executor]: STATE: SAFE_TERMINATED
[WARN] [1786331315.455397334] [fsm_executor]: FSM mission terminated safely.
[WARN] [1786331315.457091202] [fsm_executor]: Reason: WIND_UNSAFE
