[INFO] [1786332429.036981743] [fsm_executor]: Loading mission: /home/bishal/ros2_ws/install/mission_formalism_evaluation/share/mission_formalism_evaluation/missions/mission_2.yaml
[INFO] [1786332429.042701978] [fsm_executor]: Mission ID: M2
[INFO] [1786332429.043605831] [fsm_executor]: Mission Name: Branch and Return
[INFO] [1786332429.044122555] [fsm_executor]: Mission Items: 13
[INFO] [1786332429.044630010] [fsm_executor]: FSM States: 21
[INFO] [1786332429.045165793] [fsm_executor]: FSM Transitions: 74
[INFO] [1786332429.045633062] [fsm_executor]: TRANSITION: IDLE --[START]--> TAKEOFF_0
[INFO] [1786332429.046096162] [fsm_executor]: STATE: TAKEOFF_0 | ACTION: TAKEOFF
[INFO] [1786332431.053765371] [fsm_executor]: EVENT: TASK_COMPLETED in TAKEOFF_0
[INFO] [1786332431.058513787] [fsm_executor]: TRANSITION: TAKEOFF_0 --[TASK_COMPLETED]--> NAV_1_WP1
[INFO] [1786332431.060609062] [fsm_executor]: STATE: NAV_1_WP1 | ACTION: NAVIGATE -> WP1
[INFO] [1786332433.049766732] [fsm_executor]: EVENT: TASK_COMPLETED in NAV_1_WP1
[INFO] [1786332433.052698100] [fsm_executor]: TRANSITION: NAV_1_WP1 --[TASK_COMPLETED]--> NAV_2_WP2
[INFO] [1786332433.056349226] [fsm_executor]: STATE: NAV_2_WP2 | ACTION: NAVIGATE -> WP2
[INFO] [1786332435.049301233] [fsm_executor]: EVENT: TASK_COMPLETED in NAV_2_WP2
[INFO] [1786332435.052238223] [fsm_executor]: TRANSITION: NAV_2_WP2 --[TASK_COMPLETED]--> NAV_3_WP1
[INFO] [1786332435.055522849] [fsm_executor]: STATE: NAV_3_WP1 | ACTION: NAVIGATE -> WP1
[INFO] [1786332437.049286167] [fsm_executor]: EVENT: TASK_COMPLETED in NAV_3_WP1
[INFO] [1786332437.052222308] [fsm_executor]: TRANSITION: NAV_3_WP1 --[TASK_COMPLETED]--> NAV_4_WP3
[INFO] [1786332437.055511534] [fsm_executor]: STATE: NAV_4_WP3 | ACTION: NAVIGATE -> WP3
[INFO] [1786332439.049811157] [fsm_executor]: EVENT: TASK_COMPLETED in NAV_4_WP3
[INFO] [1786332439.052491382] [fsm_executor]: TRANSITION: NAV_4_WP3 --[TASK_COMPLETED]--> NAV_5_WP1
[INFO] [1786332439.054694273] [fsm_executor]: STATE: NAV_5_WP1 | ACTION: NAVIGATE -> WP1
[INFO] [1786332441.049682172] [fsm_executor]: EVENT: TASK_COMPLETED in NAV_5_WP1
[INFO] [1786332441.051557131] [fsm_executor]: TRANSITION: NAV_5_WP1 --[TASK_COMPLETED]--> NAV_6_WP4
[INFO] [1786332441.053685095] [fsm_executor]: STATE: NAV_6_WP4 | ACTION: NAVIGATE -> WP4
[WARN] [1786332441.059666263] [fsm_executor]: RUNTIME EVENT RECEIVED: WIND_UNSAFE
[INFO] [1786332441.063178375] [fsm_executor]: TRANSITION: NAV_6_WP4 --[WIND_UNSAFE]--> ABORT_MISSION
[INFO] [1786332441.066818859] [fsm_executor]: STATE: ABORT_MISSION | ACTION: ABORT_MISSION
[INFO] [1786332443.049319062] [fsm_executor]: EVENT: ABORT_COMPLETED in ABORT_MISSION
[INFO] [1786332443.051186376] [fsm_executor]: TRANSITION: ABORT_MISSION --[ABORT_COMPLETED]--> RTL
[INFO] [1786332443.053130653] [fsm_executor]: STATE: RTL | ACTION: RETURN_TO_HOME
[INFO] [1786332445.047692264] [fsm_executor]: EVENT: RTL_COMPLETED in RTL
[INFO] [1786332445.049208576] [fsm_executor]: TRANSITION: RTL --[RTL_COMPLETED]--> LAND
[INFO] [1786332445.051253033] [fsm_executor]: STATE: LAND | ACTION: LAND
[INFO] [1786332447.049145295] [fsm_executor]: EVENT: LAND_COMPLETED in LAND
[INFO] [1786332447.050857907] [fsm_executor]: TRANSITION: LAND --[LAND_COMPLETED]--> SAFE_TERMINATED
[INFO] [1786332447.052609404] [fsm_executor]: STATE: SAFE_TERMINATED
[WARN] [1786332447.054859334] [fsm_executor]: FSM mission terminated safely.
[WARN] [1786332447.058060685] [fsm_executor]: Reason: WIND_UNSAFE
