[INFO] [1786333088.246177092] [fsm_executor]: Loading mission: /home/bishal/ros2_ws/install/mission_formalism_evaluation/share/mission_formalism_evaluation/missions/mission_2.yaml
[INFO] [1786333088.251707162] [fsm_executor]: Mission ID: M2
[INFO] [1786333088.252633236] [fsm_executor]: Mission Name: Branch and Return
[INFO] [1786333088.253167131] [fsm_executor]: Mission Items: 13
[INFO] [1786333088.253674534] [fsm_executor]: FSM States: 21
[INFO] [1786333088.254543458] [fsm_executor]: FSM Transitions: 74
[INFO] [1786333088.255021521] [fsm_executor]: TRANSITION: IDLE --[START]--> TAKEOFF_0
[INFO] [1786333088.255793998] [fsm_executor]: STATE: TAKEOFF_0 | ACTION: TAKEOFF
[INFO] [1786333090.259977343] [fsm_executor]: EVENT: TASK_COMPLETED in TAKEOFF_0
[INFO] [1786333090.263512611] [fsm_executor]: TRANSITION: TAKEOFF_0 --[TASK_COMPLETED]--> NAV_1_WP1
[INFO] [1786333090.267118319] [fsm_executor]: STATE: NAV_1_WP1 | ACTION: NAVIGATE -> WP1
[INFO] [1786333092.261474009] [fsm_executor]: EVENT: TASK_COMPLETED in NAV_1_WP1
[INFO] [1786333092.263380290] [fsm_executor]: TRANSITION: NAV_1_WP1 --[TASK_COMPLETED]--> NAV_2_WP2
[INFO] [1786333092.265801840] [fsm_executor]: STATE: NAV_2_WP2 | ACTION: NAVIGATE -> WP2
[INFO] [1786333094.260238737] [fsm_executor]: EVENT: TASK_COMPLETED in NAV_2_WP2
[INFO] [1786333094.268561860] [fsm_executor]: TRANSITION: NAV_2_WP2 --[TASK_COMPLETED]--> NAV_3_WP1
[INFO] [1786333094.271777951] [fsm_executor]: STATE: NAV_3_WP1 | ACTION: NAVIGATE -> WP1
[INFO] [1786333096.258722495] [fsm_executor]: EVENT: TASK_COMPLETED in NAV_3_WP1
[INFO] [1786333096.260541926] [fsm_executor]: TRANSITION: NAV_3_WP1 --[TASK_COMPLETED]--> NAV_4_WP3
[INFO] [1786333096.262559719] [fsm_executor]: STATE: NAV_4_WP3 | ACTION: NAVIGATE -> WP3
[INFO] [1786333098.255876807] [fsm_executor]: EVENT: TASK_COMPLETED in NAV_4_WP3
[INFO] [1786333098.256579920] [fsm_executor]: TRANSITION: NAV_4_WP3 --[TASK_COMPLETED]--> NAV_5_WP1
[INFO] [1786333098.257437341] [fsm_executor]: STATE: NAV_5_WP1 | ACTION: NAVIGATE -> WP1
[INFO] [1786333100.257851869] [fsm_executor]: EVENT: TASK_COMPLETED in NAV_5_WP1
[INFO] [1786333100.259623855] [fsm_executor]: TRANSITION: NAV_5_WP1 --[TASK_COMPLETED]--> NAV_6_WP4
[INFO] [1786333100.262337706] [fsm_executor]: STATE: NAV_6_WP4 | ACTION: NAVIGATE -> WP4
[WARN] [1786333100.267908963] [fsm_executor]: RUNTIME EVENT RECEIVED: WIND_UNSAFE
[INFO] [1786333100.271180122] [fsm_executor]: TRANSITION: NAV_6_WP4 --[WIND_UNSAFE]--> LAND
[INFO] [1786333100.274471647] [fsm_executor]: STATE: LAND | ACTION: LAND
[INFO] [1786333102.258553807] [fsm_executor]: EVENT: LAND_COMPLETED in LAND
[INFO] [1786333102.261262025] [fsm_executor]: TRANSITION: LAND --[LAND_COMPLETED]--> SAFE_TERMINATED
[INFO] [1786333102.263374724] [fsm_executor]: STATE: SAFE_TERMINATED
[WARN] [1786333102.265410500] [fsm_executor]: FSM mission terminated safely.
[WARN] [1786333102.267083105] [fsm_executor]: Reason: WIND_UNSAFE
