[INFO] [1788008137.282663896] [htn_executor]: Loading mission: /home/bishal/ros2_ws/install/mission_formalism_evaluation/share/mission_formalism_evaluation/missions/mission_3.yaml
[INFO] [1788008137.450036070] [htn_executor]: ================================
[INFO] [1788008137.450942214] [htn_executor]: HTN Mission Executor
[INFO] [1788008137.451964376] [htn_executor]: Mode: FINAL_SCENARIO_CAPABLE
[INFO] [1788008137.452674730] [htn_executor]: Model: Totally Ordered State-Based HTN
[INFO] [1788008137.453415548] [htn_executor]: Mission ID: M3
[INFO] [1788008137.454435024] [htn_executor]: Mission Name: Zigzag Navigation
[INFO] [1788008137.455441660] [htn_executor]: Mission Items: 102
[INFO] [1788008137.456463026] [htn_executor]: HTN Primitive Operators: 12
[INFO] [1788008137.457157290] [htn_executor]: HTN Compound Tasks: 4
[INFO] [1788008137.458344922] [htn_executor]: HTN Methods: 16
[INFO] [1788008137.459616547] [htn_executor]: Mission Method Applications: 104
[INFO] [1788008137.460785071] [htn_executor]: Generated Primitive Plan: 102
[INFO] [1788008137.462086871] [htn_executor]: ================================
[INFO] [1788008137.482909292] [htn_executor]: HTN PRIMITIVE RUNNING: takeoff
[INFO] [1788008137.786104629] [htn_executor]: HTN PRIMITIVE SUCCESS: takeoff
[INFO] [1788008137.804354864] [htn_executor]: HTN PRIMITIVE RUNNING: navigate [WP1]
[INFO] [1788008138.006224855] [htn_executor]: HTN PRIMITIVE SUCCESS: navigate [WP1]
[INFO] [1788008138.024302737] [htn_executor]: HTN PRIMITIVE RUNNING: navigate [WP2]
[INFO] [1788008138.226652737] [htn_executor]: HTN PRIMITIVE SUCCESS: navigate [WP2]
[INFO] [1788008138.244687508] [htn_executor]: HTN PRIMITIVE RUNNING: navigate [WP3]
[INFO] [1788008138.447798284] [htn_executor]: HTN PRIMITIVE SUCCESS: navigate [WP3]
[INFO] [1788008138.465347384] [htn_executor]: HTN PRIMITIVE RUNNING: navigate [WP4]
[INFO] [1788008138.664744099] [htn_executor]: HTN PRIMITIVE SUCCESS: navigate [WP4]
[INFO] [1788008138.684718601] [htn_executor]: HTN PRIMITIVE RUNNING: navigate [WP5]
[INFO] [1788008138.886799927] [htn_executor]: HTN PRIMITIVE SUCCESS: navigate [WP5]
[INFO] [1788008138.904529007] [htn_executor]: HTN PRIMITIVE RUNNING: navigate [WP6]
[INFO] [1788008139.104354621] [htn_executor]: HTN PRIMITIVE SUCCESS: navigate [WP6]
[INFO] [1788008139.123830254] [htn_executor]: HTN PRIMITIVE RUNNING: navigate [WP7]
[INFO] [1788008139.325312430] [htn_executor]: HTN PRIMITIVE SUCCESS: navigate [WP7]
[INFO] [1788008139.344592863] [htn_executor]: HTN PRIMITIVE RUNNING: navigate [WP8]
[INFO] [1788008139.545482968] [htn_executor]: HTN PRIMITIVE SUCCESS: navigate [WP8]
[INFO] [1788008139.564655635] [htn_executor]: HTN PRIMITIVE RUNNING: navigate [WP9]
[INFO] [1788008139.765295091] [htn_executor]: HTN PRIMITIVE SUCCESS: navigate [WP9]
[INFO] [1788008139.784233780] [htn_executor]: HTN PRIMITIVE RUNNING: navigate [WP10]
[INFO] [1788008139.985935038] [htn_executor]: HTN PRIMITIVE SUCCESS: navigate [WP10]
[INFO] [1788008140.004521705] [htn_executor]: HTN PRIMITIVE RUNNING: navigate [WP11]
[INFO] [1788008140.205227402] [htn_executor]: HTN PRIMITIVE SUCCESS: navigate [WP11]
[INFO] [1788008140.226145180] [htn_executor]: HTN PRIMITIVE RUNNING: navigate [WP12]
[INFO] [1788008140.426590661] [htn_executor]: HTN PRIMITIVE SUCCESS: navigate [WP12]
[INFO] [1788008140.446072123] [htn_executor]: HTN PRIMITIVE RUNNING: navigate [WP13]
[INFO] [1788008140.646752279] [htn_executor]: HTN PRIMITIVE SUCCESS: navigate [WP13]
[INFO] [1788008140.663522290] [htn_executor]: HTN PRIMITIVE RUNNING: navigate [WP14]
[INFO] [1788008140.866777032] [htn_executor]: HTN PRIMITIVE SUCCESS: navigate [WP14]
[INFO] [1788008140.884953326] [htn_executor]: HTN PRIMITIVE RUNNING: navigate [WP15]
[INFO] [1788008141.086547826] [htn_executor]: HTN PRIMITIVE SUCCESS: navigate [WP15]
[INFO] [1788008141.104462344] [htn_executor]: HTN PRIMITIVE RUNNING: navigate [WP16]
[INFO] [1788008141.306462666] [htn_executor]: HTN PRIMITIVE SUCCESS: navigate [WP16]
[INFO] [1788008141.324559129] [htn_executor]: HTN PRIMITIVE RUNNING: navigate [WP17]
[INFO] [1788008141.526533814] [htn_executor]: HTN PRIMITIVE SUCCESS: navigate [WP17]
[INFO] [1788008141.546251615] [htn_executor]: HTN PRIMITIVE RUNNING: navigate [WP18]
[INFO] [1788008141.745594003] [htn_executor]: HTN PRIMITIVE SUCCESS: navigate [WP18]
[INFO] [1788008141.764594326] [htn_executor]: HTN PRIMITIVE RUNNING: navigate [WP19]
[INFO] [1788008141.966555854] [htn_executor]: HTN PRIMITIVE SUCCESS: navigate [WP19]
[INFO] [1788008141.984854685] [htn_executor]: HTN PRIMITIVE RUNNING: navigate [WP20]
[INFO] [1788008142.186868868] [htn_executor]: HTN PRIMITIVE SUCCESS: navigate [WP20]
[INFO] [1788008142.204502253] [htn_executor]: HTN PRIMITIVE RUNNING: navigate [WP21]
[INFO] [1788008142.406508400] [htn_executor]: HTN PRIMITIVE SUCCESS: navigate [WP21]
[INFO] [1788008142.424540118] [htn_executor]: HTN PRIMITIVE RUNNING: navigate [WP22]
[INFO] [1788008142.625355155] [htn_executor]: HTN PRIMITIVE SUCCESS: navigate [WP22]
[INFO] [1788008142.644574018] [htn_executor]: HTN PRIMITIVE RUNNING: navigate [WP23]
[INFO] [1788008142.847174762] [htn_executor]: HTN PRIMITIVE SUCCESS: navigate [WP23]
[INFO] [1788008142.864766268] [htn_executor]: HTN PRIMITIVE RUNNING: navigate [WP24]
[INFO] [1788008143.063943846] [htn_executor]: HTN PRIMITIVE SUCCESS: navigate [WP24]
[INFO] [1788008143.084498176] [htn_executor]: HTN PRIMITIVE RUNNING: navigate [WP25]
[INFO] [1788008143.283601081] [htn_executor]: HTN PRIMITIVE SUCCESS: navigate [WP25]
[INFO] [1788008143.303211973] [htn_executor]: HTN PRIMITIVE RUNNING: navigate [WP26]
[INFO] [1788008143.505198188] [htn_executor]: HTN PRIMITIVE SUCCESS: navigate [WP26]
[INFO] [1788008143.523658212] [htn_executor]: HTN PRIMITIVE RUNNING: navigate [WP27]
[INFO] [1788008143.724068425] [htn_executor]: HTN PRIMITIVE SUCCESS: navigate [WP27]
[INFO] [1788008143.743742698] [htn_executor]: HTN PRIMITIVE RUNNING: navigate [WP28]
[INFO] [1788008143.946856553] [htn_executor]: HTN PRIMITIVE SUCCESS: navigate [WP28]
[INFO] [1788008143.966644439] [htn_executor]: HTN PRIMITIVE RUNNING: navigate [WP29]
[INFO] [1788008144.163468048] [htn_executor]: HTN PRIMITIVE SUCCESS: navigate [WP29]
[INFO] [1788008144.186071990] [htn_executor]: HTN PRIMITIVE RUNNING: navigate [WP30]
[INFO] [1788008144.383883063] [htn_executor]: HTN PRIMITIVE SUCCESS: navigate [WP30]
[INFO] [1788008144.402871439] [htn_executor]: HTN PRIMITIVE RUNNING: navigate [WP31]
[INFO] [1788008144.605623268] [htn_executor]: HTN PRIMITIVE SUCCESS: navigate [WP31]
[INFO] [1788008144.626779578] [htn_executor]: HTN PRIMITIVE RUNNING: navigate [WP32]
[INFO] [1788008144.823555962] [htn_executor]: HTN PRIMITIVE SUCCESS: navigate [WP32]
[INFO] [1788008144.843217821] [htn_executor]: HTN PRIMITIVE RUNNING: navigate [WP33]
[INFO] [1788008145.043481908] [htn_executor]: HTN PRIMITIVE SUCCESS: navigate [WP33]
[INFO] [1788008145.062895086] [htn_executor]: HTN PRIMITIVE RUNNING: navigate [WP34]
[INFO] [1788008145.263184792] [htn_executor]: HTN PRIMITIVE SUCCESS: navigate [WP34]
[INFO] [1788008145.283625334] [htn_executor]: HTN PRIMITIVE RUNNING: navigate [WP35]
[INFO] [1788008145.488960561] [htn_executor]: HTN PRIMITIVE SUCCESS: navigate [WP35]
[INFO] [1788008145.505137815] [htn_executor]: HTN PRIMITIVE RUNNING: navigate [WP36]
[INFO] [1788008145.707981439] [htn_executor]: HTN PRIMITIVE SUCCESS: navigate [WP36]
[INFO] [1788008145.726452693] [htn_executor]: HTN PRIMITIVE RUNNING: navigate [WP37]
[INFO] [1788008145.925524548] [htn_executor]: HTN PRIMITIVE SUCCESS: navigate [WP37]
[INFO] [1788008145.945240356] [htn_executor]: HTN PRIMITIVE RUNNING: navigate [WP38]
[INFO] [1788008146.145758593] [htn_executor]: HTN PRIMITIVE SUCCESS: navigate [WP38]
[INFO] [1788008146.163482869] [htn_executor]: HTN PRIMITIVE RUNNING: navigate [WP39]
[INFO] [1788008146.367657269] [htn_executor]: HTN PRIMITIVE SUCCESS: navigate [WP39]
[INFO] [1788008146.389160013] [htn_executor]: HTN PRIMITIVE RUNNING: navigate [WP40]
[INFO] [1788008146.588549859] [htn_executor]: HTN PRIMITIVE SUCCESS: navigate [WP40]
[INFO] [1788008146.605534471] [htn_executor]: HTN PRIMITIVE RUNNING: navigate [WP41]
[INFO] [1788008146.806583134] [htn_executor]: HTN PRIMITIVE SUCCESS: navigate [WP41]
[INFO] [1788008146.824649315] [htn_executor]: HTN PRIMITIVE RUNNING: navigate [WP42]
[INFO] [1788008147.029667413] [htn_executor]: HTN PRIMITIVE SUCCESS: navigate [WP42]
[INFO] [1788008147.049217569] [htn_executor]: HTN PRIMITIVE RUNNING: navigate [WP43]
[INFO] [1788008147.247596486] [htn_executor]: HTN PRIMITIVE SUCCESS: navigate [WP43]
[INFO] [1788008147.266348251] [htn_executor]: HTN PRIMITIVE RUNNING: navigate [WP44]
[INFO] [1788008147.466891624] [htn_executor]: HTN PRIMITIVE SUCCESS: navigate [WP44]
[INFO] [1788008147.485200773] [htn_executor]: HTN PRIMITIVE RUNNING: navigate [WP45]
[INFO] [1788008147.686198170] [htn_executor]: HTN PRIMITIVE SUCCESS: navigate [WP45]
[INFO] [1788008147.705249491] [htn_executor]: HTN PRIMITIVE RUNNING: navigate [WP46]
[INFO] [1788008147.906062619] [htn_executor]: HTN PRIMITIVE SUCCESS: navigate [WP46]
[INFO] [1788008147.927308732] [htn_executor]: HTN PRIMITIVE RUNNING: navigate [WP47]
[INFO] [1788008148.126916097] [htn_executor]: HTN PRIMITIVE SUCCESS: navigate [WP47]
[INFO] [1788008148.144157501] [htn_executor]: HTN PRIMITIVE RUNNING: navigate [WP48]
[INFO] [1788008148.344241619] [htn_executor]: HTN PRIMITIVE SUCCESS: navigate [WP48]
[INFO] [1788008148.363234174] [htn_executor]: HTN PRIMITIVE RUNNING: navigate [WP49]
[INFO] [1788008148.566813608] [htn_executor]: HTN PRIMITIVE SUCCESS: navigate [WP49]
[INFO] [1788008148.584739916] [htn_executor]: HTN PRIMITIVE RUNNING: navigate [WP50]
[WARN] [1788008148.588932142] [htn_executor]: RUNTIME EVENT RECEIVED: PROPULSION_FAILURE
[WARN] [1788008148.590960472] [htn_executor]: HTN PAUSED: navigate [WP50]
[WARN] [1788008148.595425592] [htn_executor]: HTN REPLANNING
[WARN] [1788008148.598753544] [htn_executor]: Selected method: m_propulsion_failure
[WARN] [1788008148.602571242] [htn_executor]: Recovery plan: emergency_land -> safe_terminate
[INFO] [1788008148.607659852] [htn_executor]: HTN RECOVERY RUNNING: emergency_land
[INFO] [1788008148.805403519] [htn_executor]: HTN PRIMITIVE SUCCESS: emergency_land
[INFO] [1788008148.824937523] [htn_executor]: HTN RECOVERY RUNNING: safe_terminate
[INFO] [1788008149.029090989] [htn_executor]: HTN PRIMITIVE SUCCESS: safe_terminate
[WARN] [1788008149.033490013] [htn_executor]: ================================
[WARN] [1788008149.036454067] [htn_executor]: MISSION SAFE TERMINATED
[WARN] [1788008149.040077796] [htn_executor]: Reason: PROPULSION_FAILURE
[WARN] [1788008149.044351973] [htn_executor]: ================================
